10:56:59 **** Incremental Build of configuration Debug for project Getting-Started ****
make -j8 all 
arm-none-eabi-gcc "../Core/Src/main.c" -mcpu=cortex-m4 -std=gnu11 -g3 -DDEBUG -DUSE_HAL_DRIVER -DSTM32F401xC -c -I../Core/Inc -I"/home/aizaz/devomech/learning/STM32-FreeRTOS/Getting Started/Getting-Started/FreeRTOS" -I"/home/aizaz/devomech/learning/STM32-FreeRTOS/Getting Started/Getting-Started/FreeRTOS/include" -I"/home/aizaz/devomech/learning/STM32-FreeRTOS/Getting Started/Getting-Started/FreeRTOS/portable/GCC/ARM_CM4F" -I../Drivers/STM32F4xx_HAL_Driver/Inc -I../Drivers/STM32F4xx_HAL_Driver/Inc/Legacy -I../Drivers/CMSIS/Device/ST/STM32F4xx/Include -I../Drivers/CMSIS/Include -O0 -ffunction-sections -fdata-sections -Wall -fstack-usage -fcyclomatic-complexity -MMD -MP -MF"Core/Src/main.d" -MT"Core/Src/main.o" --specs=nano.specs -mfpu=fpv4-sp-d16 -mfloat-abi=hard -mthumb -o "Core/Src/main.o"
arm-none-eabi-gcc -o "Getting-Started.elf" @"objects.list"   -mcpu=cortex-m4 -T"/home/aizaz/devomech/learning/STM32-FreeRTOS/Getting Started/Getting-Started/STM32F401CCUX_FLASH.ld" --specs=nosys.specs -Wl,-Map="Getting-Started.map" -Wl,--gc-sections -static --specs=nano.specs -mfpu=fpv4-sp-d16 -mfloat-abi=hard -mthumb -Wl,--start-group -lc -lm -Wl,--end-group
Finished building target: Getting-Started.elf
 
arm-none-eabi-size  Getting-Started.elf 
arm-none-eabi-objdump -h -S Getting-Started.elf  > "Getting-Started.list"
   text	   data	    bss	    dec	    hex	filename
  20716	    112	  18784	  39612	   9abc	Getting-Started.elf
Finished building: default.size.stdout
 
Finished building: Getting-Started.list
 
11:00:17 **** Incremental Build of configuration Debug for project Getting-Started ****
make -j8 all 
arm-none-eabi-size  Getting-Started.elf 
   text	   data	    bss	    dec	    hex	filename
  20716	    112	  18784	  39612	   9abc	Getting-Started.elf
Finished building: default.size.stdout
 
11:02:23 **** Incremental Build of configuration Debug for project Getting-Started ****
make -j8 all 
arm-none-eabi-size  Getting-Started.elf 
   text	   data	    bss	    dec	    hex	filename
  20716	    112	  18784	  39612	   9abc	Getting-Started.elf
Finished building: default.size.stdout
 
11:05:14 **** Incremental Build of configuration Debug for project Getting-Started ****
make -j8 all 
arm-none-eabi-size  Getting-Started.elf 
   text	   data	    bss	    dec	    hex	filename
  20716	    112	  18784	  39612	   9abc	Getting-Started.elf
Finished building: default.size.stdout
 
11:07:34 **** Incremental Build of configuration Debug for project Getting-Started ****
make -j8 all 
arm-none-eabi-size  Getting-Started.elf 
   text	   data	    bss	    dec	    hex	filename
  20716	    112	  18784	  39612	   9abc	Getting-Started.elf
Finished building: default.size.stdout
 
11:10:38 **** Incremental Build of configuration Debug for project Getting-Started ****
make -j8 all 
arm-none-eabi-gcc "../FreeRTOS/portable/MemMang/heap_4.c" -mcpu=cortex-m4 -std=gnu11 -g3 -DDEBUG -DUSE_HAL_DRIVER -DSTM32F401xC -c -I../Core/Inc -I"/home/aizaz/devomech/learning/STM32-FreeRTOS/Getting Started/Getting-Started/FreeRTOS" -I"/home/aizaz/devomech/learning/STM32-FreeRTOS/Getting Started/Getting-Started/FreeRTOS/include" -I"/home/aizaz/devomech/learning/STM32-FreeRTOS/Getting Started/Getting-Started/FreeRTOS/portable/GCC/ARM_CM4F" -I../Drivers/STM32F4xx_HAL_Driver/Inc -I../Drivers/STM32F4xx_HAL_Driver/Inc/Legacy -I../Drivers/CMSIS/Device/ST/STM32F4xx/Include -I../Drivers/CMSIS/Include -O0 -ffunction-sections -fdata-sections -Wall -fstack-usage -fcyclomatic-complexity -MMD -MP -MF"FreeRTOS/portable/MemMang/heap_4.d" -MT"FreeRTOS/portable/MemMang/heap_4.o" --specs=nano.specs -mfpu=fpv4-sp-d16 -mfloat-abi=hard -mthumb -o "FreeRTOS/portable/MemMang/heap_4.o"
arm-none-eabi-gcc "../FreeRTOS/portable/GCC/ARM_CM4F/port.c" -mcpu=cortex-m4 -std=gnu11 -g3 -DDEBUG -DUSE_HAL_DRIVER -DSTM32F401xC -c -I../Core/Inc -I"/home/aizaz/devomech/learning/STM32-FreeRTOS/Getting Started/Getting-Started/FreeRTOS" -I"/home/aizaz/devomech/learning/STM32-FreeRTOS/Getting Started/Getting-Started/FreeRTOS/include" -I"/home/aizaz/devomech/learning/STM32-FreeRTOS/Getting Started/Getting-Started/FreeRTOS/portable/GCC/ARM_CM4F" -I../Drivers/STM32F4xx_HAL_Driver/Inc -I../Drivers/STM32F4xx_HAL_Driver/Inc/Legacy -I../Drivers/CMSIS/Device/ST/STM32F4xx/Include -I../Drivers/CMSIS/Include -O0 -ffunction-sections -fdata-sections -Wall -fstack-usage -fcyclomatic-complexity -MMD -MP -MF"FreeRTOS/portable/GCC/ARM_CM4F/port.d" -MT"FreeRTOS/portable/GCC/ARM_CM4F/port.o" --specs=nano.specs -mfpu=fpv4-sp-d16 -mfloat-abi=hard -mthumb -o "FreeRTOS/portable/GCC/ARM_CM4F/port.o"
arm-none-eabi-gcc "../FreeRTOS/croutine.c" -mcpu=cortex-m4 -std=gnu11 -g3 -DDEBUG -DUSE_HAL_DRIVER -DSTM32F401xC -c -I../Core/Inc -I"/home/aizaz/devomech/learning/STM32-FreeRTOS/Getting Started/Getting-Started/FreeRTOS" -I"/home/aizaz/devomech/learning/STM32-FreeRTOS/Getting Started/Getting-Started/FreeRTOS/include" -I"/home/aizaz/devomech/learning/STM32-FreeRTOS/Getting Started/Getting-Started/FreeRTOS/portable/GCC/ARM_CM4F" -I../Drivers/STM32F4xx_HAL_Driver/Inc -I../Drivers/STM32F4xx_HAL_Driver/Inc/Legacy -I../Drivers/CMSIS/Device/ST/STM32F4xx/Include -I../Drivers/CMSIS/Include -O0 -ffunction-sections -fdata-sections -Wall -fstack-usage -fcyclomatic-complexity -MMD -MP -MF"FreeRTOS/croutine.d" -MT"FreeRTOS/croutine.o" --specs=nano.specs -mfpu=fpv4-sp-d16 -mfloat-abi=hard -mthumb -o "FreeRTOS/croutine.o"
arm-none-eabi-gcc "../FreeRTOS/event_groups.c" -mcpu=cortex-m4 -std=gnu11 -g3 -DDEBUG -DUSE_HAL_DRIVER -DSTM32F401xC -c -I../Core/Inc -I"/home/aizaz/devomech/learning/STM32-FreeRTOS/Getting Started/Getting-Started/FreeRTOS" -I"/home/aizaz/devomech/learning/STM32-FreeRTOS/Getting Started/Getting-Started/FreeRTOS/include" -I"/home/aizaz/devomech/learning/STM32-FreeRTOS/Getting Started/Getting-Started/FreeRTOS/portable/GCC/ARM_CM4F" -I../Drivers/STM32F4xx_HAL_Driver/Inc -I../Drivers/STM32F4xx_HAL_Driver/Inc/Legacy -I../Drivers/CMSIS/Device/ST/STM32F4xx/Include -I../Drivers/CMSIS/Include -O0 -ffunction-sections -fdata-sections -Wall -fstack-usage -fcyclomatic-complexity -MMD -MP -MF"FreeRTOS/event_groups.d" -MT"FreeRTOS/event_groups.o" --specs=nano.specs -mfpu=fpv4-sp-d16 -mfloat-abi=hard -mthumb -o "FreeRTOS/event_groups.o"
arm-none-eabi-gcc "../FreeRTOS/list.c" -mcpu=cortex-m4 -std=gnu11 -g3 -DDEBUG -DUSE_HAL_DRIVER -DSTM32F401xC -c -I../Core/Inc -I"/home/aizaz/devomech/learning/STM32-FreeRTOS/Getting Started/Getting-Started/FreeRTOS" -I"/home/aizaz/devomech/learning/STM32-FreeRTOS/Getting Started/Getting-Started/FreeRTOS/include" -I"/home/aizaz/devomech/learning/STM32-FreeRTOS/Getting Started/Getting-Started/FreeRTOS/portable/GCC/ARM_CM4F" -I../Drivers/STM32F4xx_HAL_Driver/Inc -I../Drivers/STM32F4xx_HAL_Driver/Inc/Legacy -I../Drivers/CMSIS/Device/ST/STM32F4xx/Include -I../Drivers/CMSIS/Include -O0 -ffunction-sections -fdata-sections -Wall -fstack-usage -fcyclomatic-complexity -MMD -MP -MF"FreeRTOS/list.d" -MT"FreeRTOS/list.o" --specs=nano.specs -mfpu=fpv4-sp-d16 -mfloat-abi=hard -mthumb -o "FreeRTOS/list.o"
arm-none-eabi-gcc "../FreeRTOS/queue.c" -mcpu=cortex-m4 -std=gnu11 -g3 -DDEBUG -DUSE_HAL_DRIVER -DSTM32F401xC -c -I../Core/Inc -I"/home/aizaz/devomech/learning/STM32-FreeRTOS/Getting Started/Getting-Started/FreeRTOS" -I"/home/aizaz/devomech/learning/STM32-FreeRTOS/Getting Started/Getting-Started/FreeRTOS/include" -I"/home/aizaz/devomech/learning/STM32-FreeRTOS/Getting Started/Getting-Started/FreeRTOS/portable/GCC/ARM_CM4F" -I../Drivers/STM32F4xx_HAL_Driver/Inc -I../Drivers/STM32F4xx_HAL_Driver/Inc/Legacy -I../Drivers/CMSIS/Device/ST/STM32F4xx/Include -I../Drivers/CMSIS/Include -O0 -ffunction-sections -fdata-sections -Wall -fstack-usage -fcyclomatic-complexity -MMD -MP -MF"FreeRTOS/queue.d" -MT"FreeRTOS/queue.o" --specs=nano.specs -mfpu=fpv4-sp-d16 -mfloat-abi=hard -mthumb -o "FreeRTOS/queue.o"
arm-none-eabi-gcc "../FreeRTOS/stream_buffer.c" -mcpu=cortex-m4 -std=gnu11 -g3 -DDEBUG -DUSE_HAL_DRIVER -DSTM32F401xC -c -I../Core/Inc -I"/home/aizaz/devomech/learning/STM32-FreeRTOS/Getting Started/Getting-Started/FreeRTOS" -I"/home/aizaz/devomech/learning/STM32-FreeRTOS/Getting Started/Getting-Started/FreeRTOS/include" -I"/home/aizaz/devomech/learning/STM32-FreeRTOS/Getting Started/Getting-Started/FreeRTOS/portable/GCC/ARM_CM4F" -I../Drivers/STM32F4xx_HAL_Driver/Inc -I../Drivers/STM32F4xx_HAL_Driver/Inc/Legacy -I../Drivers/CMSIS/Device/ST/STM32F4xx/Include -I../Drivers/CMSIS/Include -O0 -ffunction-sections -fdata-sections -Wall -fstack-usage -fcyclomatic-complexity -MMD -MP -MF"FreeRTOS/stream_buffer.d" -MT"FreeRTOS/stream_buffer.o" --specs=nano.specs -mfpu=fpv4-sp-d16 -mfloat-abi=hard -mthumb -o "FreeRTOS/stream_buffer.o"
arm-none-eabi-gcc "../FreeRTOS/tasks.c" -mcpu=cortex-m4 -std=gnu11 -g3 -DDEBUG -DUSE_HAL_DRIVER -DSTM32F401xC -c -I../Core/Inc -I"/home/aizaz/devomech/learning/STM32-FreeRTOS/Getting Started/Getting-Started/FreeRTOS" -I"/home/aizaz/devomech/learning/STM32-FreeRTOS/Getting Started/Getting-Started/FreeRTOS/include" -I"/home/aizaz/devomech/learning/STM32-FreeRTOS/Getting Started/Getting-Started/FreeRTOS/portable/GCC/ARM_CM4F" -I../Drivers/STM32F4xx_HAL_Driver/Inc -I../Drivers/STM32F4xx_HAL_Driver/Inc/Legacy -I../Drivers/CMSIS/Device/ST/STM32F4xx/Include -I../Drivers/CMSIS/Include -O0 -ffunction-sections -fdata-sections -Wall -fstack-usage -fcyclomatic-complexity -MMD -MP -MF"FreeRTOS/tasks.d" -MT"FreeRTOS/tasks.o" --specs=nano.specs -mfpu=fpv4-sp-d16 -mfloat-abi=hard -mthumb -o "FreeRTOS/tasks.o"
arm-none-eabi-gcc "../FreeRTOS/timers.c" -mcpu=cortex-m4 -std=gnu11 -g3 -DDEBUG -DUSE_HAL_DRIVER -DSTM32F401xC -c -I../Core/Inc -I"/home/aizaz/devomech/learning/STM32-FreeRTOS/Getting Started/Getting-Started/FreeRTOS" -I"/home/aizaz/devomech/learning/STM32-FreeRTOS/Getting Started/Getting-Started/FreeRTOS/include" -I"/home/aizaz/devomech/learning/STM32-FreeRTOS/Getting Started/Getting-Started/FreeRTOS/portable/GCC/ARM_CM4F" -I../Drivers/STM32F4xx_HAL_Driver/Inc -I../Drivers/STM32F4xx_HAL_Driver/Inc/Legacy -I../Drivers/CMSIS/Device/ST/STM32F4xx/Include -I../Drivers/CMSIS/Include -O0 -ffunction-sections -fdata-sections -Wall -fstack-usage -fcyclomatic-complexity -MMD -MP -MF"FreeRTOS/timers.d" -MT"FreeRTOS/timers.o" --specs=nano.specs -mfpu=fpv4-sp-d16 -mfloat-abi=hard -mthumb -o "FreeRTOS/timers.o"
arm-none-eabi-gcc "../Drivers/STM32F4xx_HAL_Driver/Src/stm32f4xx_hal.c" -mcpu=cortex-m4 -std=gnu11 -g3 -DDEBUG -DUSE_HAL_DRIVER -DSTM32F401xC -c -I../Core/Inc -I"/home/aizaz/devomech/learning/STM32-FreeRTOS/Getting Started/Getting-Started/FreeRTOS" -I"/home/aizaz/devomech/learning/STM32-FreeRTOS/Getting Started/Getting-Started/FreeRTOS/include" -I"/home/aizaz/devomech/learning/STM32-FreeRTOS/Getting Started/Getting-Started/FreeRTOS/portable/GCC/ARM_CM4F" -I../Drivers/STM32F4xx_HAL_Driver/Inc -I../Drivers/STM32F4xx_HAL_Driver/Inc/Legacy -I../Drivers/CMSIS/Device/ST/STM32F4xx/Include -I../Drivers/CMSIS/Include -O0 -ffunction-sections -fdata-sections -Wall -fstack-usage -fcyclomatic-complexity -MMD -MP -MF"Drivers/STM32F4xx_HAL_Driver/Src/stm32f4xx_hal.d" -MT"Drivers/STM32F4xx_HAL_Driver/Src/stm32f4xx_hal.o" --specs=nano.specs -mfpu=fpv4-sp-d16 -mfloat-abi=hard -mthumb -o "Drivers/STM32F4xx_HAL_Driver/Src/stm32f4xx_hal.o"
arm-none-eabi-gcc "../Drivers/STM32F4xx_HAL_Driver/Src/stm32f4xx_hal_cortex.c" -mcpu=cortex-m4 -std=gnu11 -g3 -DDEBUG -DUSE_HAL_DRIVER -DSTM32F401xC -c -I../Core/Inc -I"/home/aizaz/devomech/learning/STM32-FreeRTOS/Getting Started/Getting-Started/FreeRTOS" -I"/home/aizaz/devomech/learning/STM32-FreeRTOS/Getting Started/Getting-Started/FreeRTOS/include" -I"/home/aizaz/devomech/learning/STM32-FreeRTOS/Getting Started/Getting-Started/FreeRTOS/portable/GCC/ARM_CM4F" -I../Drivers/STM32F4xx_HAL_Driver/Inc -I../Drivers/STM32F4xx_HAL_Driver/Inc/Legacy -I../Drivers/CMSIS/Device/ST/STM32F4xx/Include -I../Drivers/CMSIS/Include -O0 -ffunction-sections -fdata-sections -Wall -fstack-usage -fcyclomatic-complexity -MMD -MP -MF"Drivers/STM32F4xx_HAL_Driver/Src/stm32f4xx_hal_cortex.d" -MT"Drivers/STM32F4xx_HAL_Driver/Src/stm32f4xx_hal_cortex.o" --specs=nano.specs -mfpu=fpv4-sp-d16 -mfloat-abi=hard -mthumb -o "Drivers/STM32F4xx_HAL_Driver/Src/stm32f4xx_hal_cortex.o"
arm-none-eabi-gcc "../Drivers/STM32F4xx_HAL_Driver/Src/stm32f4xx_hal_dma.c" -mcpu=cortex-m4 -std=gnu11 -g3 -DDEBUG -DUSE_HAL_DRIVER -DSTM32F401xC -c -I../Core/Inc -I"/home/aizaz/devomech/learning/STM32-FreeRTOS/Getting Started/Getting-Started/FreeRTOS" -I"/home/aizaz/devomech/learning/STM32-FreeRTOS/Getting Started/Getting-Started/FreeRTOS/include" -I"/home/aizaz/devomech/learning/STM32-FreeRTOS/Getting Started/Getting-Started/FreeRTOS/portable/GCC/ARM_CM4F" -I../Drivers/STM32F4xx_HAL_Driver/Inc -I../Drivers/STM32F4xx_HAL_Driver/Inc/Legacy -I../Drivers/CMSIS/Device/ST/STM32F4xx/Include -I../Drivers/CMSIS/Include -O0 -ffunction-sections -fdata-sections -Wall -fstack-usage -fcyclomatic-complexity -MMD -MP -MF"Drivers/STM32F4xx_HAL_Driver/Src/stm32f4xx_hal_dma.d" -MT"Drivers/STM32F4xx_HAL_Driver/Src/stm32f4xx_hal_dma.o" --specs=nano.specs -mfpu=fpv4-sp-d16 -mfloat-abi=hard -mthumb -o "Drivers/STM32F4xx_HAL_Driver/Src/stm32f4xx_hal_dma.o"
arm-none-eabi-gcc "../Drivers/STM32F4xx_HAL_Driver/Src/stm32f4xx_hal_dma_ex.c" -mcpu=cortex-m4 -std=gnu11 -g3 -DDEBUG -DUSE_HAL_DRIVER -DSTM32F401xC -c -I../Core/Inc -I"/home/aizaz/devomech/learning/STM32-FreeRTOS/Getting Started/Getting-Started/FreeRTOS" -I"/home/aizaz/devomech/learning/STM32-FreeRTOS/Getting Started/Getting-Started/FreeRTOS/include" -I"/home/aizaz/devomech/learning/STM32-FreeRTOS/Getting Started/Getting-Started/FreeRTOS/portable/GCC/ARM_CM4F" -I../Drivers/STM32F4xx_HAL_Driver/Inc -I../Drivers/STM32F4xx_HAL_Driver/Inc/Legacy -I../Drivers/CMSIS/Device/ST/STM32F4xx/Include -I../Drivers/CMSIS/Include -O0 -ffunction-sections -fdata-sections -Wall -fstack-usage -fcyclomatic-complexity -MMD -MP -MF"Drivers/STM32F4xx_HAL_Driver/Src/stm32f4xx_hal_dma_ex.d" -MT"Drivers/STM32F4xx_HAL_Driver/Src/stm32f4xx_hal_dma_ex.o" --specs=nano.specs -mfpu=fpv4-sp-d16 -mfloat-abi=hard -mthumb -o "Drivers/STM32F4xx_HAL_Driver/Src/stm32f4xx_hal_dma_ex.o"
arm-none-eabi-gcc "../Drivers/STM32F4xx_HAL_Driver/Src/stm32f4xx_hal_exti.c" -mcpu=cortex-m4 -std=gnu11 -g3 -DDEBUG -DUSE_HAL_DRIVER -DSTM32F401xC -c -I../Core/Inc -I"/home/aizaz/devomech/learning/STM32-FreeRTOS/Getting Started/Getting-Started/FreeRTOS" -I"/home/aizaz/devomech/learning/STM32-FreeRTOS/Getting Started/Getting-Started/FreeRTOS/include" -I"/home/aizaz/devomech/learning/STM32-FreeRTOS/Getting Started/Getting-Started/FreeRTOS/portable/GCC/ARM_CM4F" -I../Drivers/STM32F4xx_HAL_Driver/Inc -I../Drivers/STM32F4xx_HAL_Driver/Inc/Legacy -I../Drivers/CMSIS/Device/ST/STM32F4xx/Include -I../Drivers/CMSIS/Include -O0 -ffunction-sections -fdata-sections -Wall -fstack-usage -fcyclomatic-complexity -MMD -MP -MF"Drivers/STM32F4xx_HAL_Driver/Src/stm32f4xx_hal_exti.d" -MT"Drivers/STM32F4xx_HAL_Driver/Src/stm32f4xx_hal_exti.o" --specs=nano.specs -mfpu=fpv4-sp-d16 -mfloat-abi=hard -mthumb -o "Drivers/STM32F4xx_HAL_Driver/Src/stm32f4xx_hal_exti.o"
arm-none-eabi-gcc "../Drivers/STM32F4xx_HAL_Driver/Src/stm32f4xx_hal_flash.c" -mcpu=cortex-m4 -std=gnu11 -g3 -DDEBUG -DUSE_HAL_DRIVER -DSTM32F401xC -c -I../Core/Inc -I"/home/aizaz/devomech/learning/STM32-FreeRTOS/Getting Started/Getting-Started/FreeRTOS" -I"/home/aizaz/devomech/learning/STM32-FreeRTOS/Getting Started/Getting-Started/FreeRTOS/include" -I"/home/aizaz/devomech/learning/STM32-FreeRTOS/Getting Started/Getting-Started/FreeRTOS/portable/GCC/ARM_CM4F" -I../Drivers/STM32F4xx_HAL_Driver/Inc -I../Drivers/STM32F4xx_HAL_Driver/Inc/Legacy -I../Drivers/CMSIS/Device/ST/STM32F4xx/Include -I../Drivers/CMSIS/Include -O0 -ffunction-sections -fdata-sections -Wall -fstack-usage -fcyclomatic-complexity -MMD -MP -MF"Drivers/STM32F4xx_HAL_Driver/Src/stm32f4xx_hal_flash.d" -MT"Drivers/STM32F4xx_HAL_Driver/Src/stm32f4xx_hal_flash.o" --specs=nano.specs -mfpu=fpv4-sp-d16 -mfloat-abi=hard -mthumb -o "Drivers/STM32F4xx_HAL_Driver/Src/stm32f4xx_hal_flash.o"
arm-none-eabi-gcc "../Drivers/STM32F4xx_HAL_Driver/Src/stm32f4xx_hal_flash_ex.c" -mcpu=cortex-m4 -std=gnu11 -g3 -DDEBUG -DUSE_HAL_DRIVER -DSTM32F401xC -c -I../Core/Inc -I"/home/aizaz/devomech/learning/STM32-FreeRTOS/Getting Started/Getting-Started/FreeRTOS" -I"/home/aizaz/devomech/learning/STM32-FreeRTOS/Getting Started/Getting-Started/FreeRTOS/include" -I"/home/aizaz/devomech/learning/STM32-FreeRTOS/Getting Started/Getting-Started/FreeRTOS/portable/GCC/ARM_CM4F" -I../Drivers/STM32F4xx_HAL_Driver/Inc -I../Drivers/STM32F4xx_HAL_Driver/Inc/Legacy -I../Drivers/CMSIS/Device/ST/STM32F4xx/Include -I../Drivers/CMSIS/Include -O0 -ffunction-sections -fdata-sections -Wall -fstack-usage -fcyclomatic-complexity -MMD -MP -MF"Drivers/STM32F4xx_HAL_Driver/Src/stm32f4xx_hal_flash_ex.d" -MT"Drivers/STM32F4xx_HAL_Driver/Src/stm32f4xx_hal_flash_ex.o" --specs=nano.specs -mfpu=fpv4-sp-d16 -mfloat-abi=hard -mthumb -o "Drivers/STM32F4xx_HAL_Driver/Src/stm32f4xx_hal_flash_ex.o"
arm-none-eabi-gcc "../Drivers/STM32F4xx_HAL_Driver/Src/stm32f4xx_hal_flash_ramfunc.c" -mcpu=cortex-m4 -std=gnu11 -g3 -DDEBUG -DUSE_HAL_DRIVER -DSTM32F401xC -c -I../Core/Inc -I"/home/aizaz/devomech/learning/STM32-FreeRTOS/Getting Started/Getting-Started/FreeRTOS" -I"/home/aizaz/devomech/learning/STM32-FreeRTOS/Getting Started/Getting-Started/FreeRTOS/include" -I"/home/aizaz/devomech/learning/STM32-FreeRTOS/Getting Started/Getting-Started/FreeRTOS/portable/GCC/ARM_CM4F" -I../Drivers/STM32F4xx_HAL_Driver/Inc -I../Drivers/STM32F4xx_HAL_Driver/Inc/Legacy -I../Drivers/CMSIS/Device/ST/STM32F4xx/Include -I../Drivers/CMSIS/Include -O0 -ffunction-sections -fdata-sections -Wall -fstack-usage -fcyclomatic-complexity -MMD -MP -MF"Drivers/STM32F4xx_HAL_Driver/Src/stm32f4xx_hal_flash_ramfunc.d" -MT"Drivers/STM32F4xx_HAL_Driver/Src/stm32f4xx_hal_flash_ramfunc.o" --specs=nano.specs -mfpu=fpv4-sp-d16 -mfloat-abi=hard -mthumb -o "Drivers/STM32F4xx_HAL_Driver/Src/stm32f4xx_hal_flash_ramfunc.o"
arm-none-eabi-gcc "../Drivers/STM32F4xx_HAL_Driver/Src/stm32f4xx_hal_gpio.c" -mcpu=cortex-m4 -std=gnu11 -g3 -DDEBUG -DUSE_HAL_DRIVER -DSTM32F401xC -c -I../Core/Inc -I"/home/aizaz/devomech/learning/STM32-FreeRTOS/Getting Started/Getting-Started/FreeRTOS" -I"/home/aizaz/devomech/learning/STM32-FreeRTOS/Getting Started/Getting-Started/FreeRTOS/include" -I"/home/aizaz/devomech/learning/STM32-FreeRTOS/Getting Started/Getting-Started/FreeRTOS/portable/GCC/ARM_CM4F" -I../Drivers/STM32F4xx_HAL_Driver/Inc -I../Drivers/STM32F4xx_HAL_Driver/Inc/Legacy -I../Drivers/CMSIS/Device/ST/STM32F4xx/Include -I../Drivers/CMSIS/Include -O0 -ffunction-sections -fdata-sections -Wall -fstack-usage -fcyclomatic-complexity -MMD -MP -MF"Drivers/STM32F4xx_HAL_Driver/Src/stm32f4xx_hal_gpio.d" -MT"Drivers/STM32F4xx_HAL_Driver/Src/stm32f4xx_hal_gpio.o" --specs=nano.specs -mfpu=fpv4-sp-d16 -mfloat-abi=hard -mthumb -o "Drivers/STM32F4xx_HAL_Driver/Src/stm32f4xx_hal_gpio.o"
arm-none-eabi-gcc "../Drivers/STM32F4xx_HAL_Driver/Src/stm32f4xx_hal_pwr.c" -mcpu=cortex-m4 -std=gnu11 -g3 -DDEBUG -DUSE_HAL_DRIVER -DSTM32F401xC -c -I../Core/Inc -I"/home/aizaz/devomech/learning/STM32-FreeRTOS/Getting Started/Getting-Started/FreeRTOS" -I"/home/aizaz/devomech/learning/STM32-FreeRTOS/Getting Started/Getting-Started/FreeRTOS/include" -I"/home/aizaz/devomech/learning/STM32-FreeRTOS/Getting Started/Getting-Started/FreeRTOS/portable/GCC/ARM_CM4F" -I../Drivers/STM32F4xx_HAL_Driver/Inc -I../Drivers/STM32F4xx_HAL_Driver/Inc/Legacy -I../Drivers/CMSIS/Device/ST/STM32F4xx/Include -I../Drivers/CMSIS/Include -O0 -ffunction-sections -fdata-sections -Wall -fstack-usage -fcyclomatic-complexity -MMD -MP -MF"Drivers/STM32F4xx_HAL_Driver/Src/stm32f4xx_hal_pwr.d" -MT"Drivers/STM32F4xx_HAL_Driver/Src/stm32f4xx_hal_pwr.o" --specs=nano.specs -mfpu=fpv4-sp-d16 -mfloat-abi=hard -mthumb -o "Drivers/STM32F4xx_HAL_Driver/Src/stm32f4xx_hal_pwr.o"
arm-none-eabi-gcc "../Drivers/STM32F4xx_HAL_Driver/Src/stm32f4xx_hal_pwr_ex.c" -mcpu=cortex-m4 -std=gnu11 -g3 -DDEBUG -DUSE_HAL_DRIVER -DSTM32F401xC -c -I../Core/Inc -I"/home/aizaz/devomech/learning/STM32-FreeRTOS/Getting Started/Getting-Started/FreeRTOS" -I"/home/aizaz/devomech/learning/STM32-FreeRTOS/Getting Started/Getting-Started/FreeRTOS/include" -I"/home/aizaz/devomech/learning/STM32-FreeRTOS/Getting Started/Getting-Started/FreeRTOS/portable/GCC/ARM_CM4F" -I../Drivers/STM32F4xx_HAL_Driver/Inc -I../Drivers/STM32F4xx_HAL_Driver/Inc/Legacy -I../Drivers/CMSIS/Device/ST/STM32F4xx/Include -I../Drivers/CMSIS/Include -O0 -ffunction-sections -fdata-sections -Wall -fstack-usage -fcyclomatic-complexity -MMD -MP -MF"Drivers/STM32F4xx_HAL_Driver/Src/stm32f4xx_hal_pwr_ex.d" -MT"Drivers/STM32F4xx_HAL_Driver/Src/stm32f4xx_hal_pwr_ex.o" --specs=nano.specs -mfpu=fpv4-sp-d16 -mfloat-abi=hard -mthumb -o "Drivers/STM32F4xx_HAL_Driver/Src/stm32f4xx_hal_pwr_ex.o"
arm-none-eabi-gcc "../Drivers/STM32F4xx_HAL_Driver/Src/stm32f4xx_hal_rcc.c" -mcpu=cortex-m4 -std=gnu11 -g3 -DDEBUG -DUSE_HAL_DRIVER -DSTM32F401xC -c -I../Core/Inc -I"/home/aizaz/devomech/learning/STM32-FreeRTOS/Getting Started/Getting-Started/FreeRTOS" -I"/home/aizaz/devomech/learning/STM32-FreeRTOS/Getting Started/Getting-Started/FreeRTOS/include" -I"/home/aizaz/devomech/learning/STM32-FreeRTOS/Getting Started/Getting-Started/FreeRTOS/portable/GCC/ARM_CM4F" -I../Drivers/STM32F4xx_HAL_Driver/Inc -I../Drivers/STM32F4xx_HAL_Driver/Inc/Legacy -I../Drivers/CMSIS/Device/ST/STM32F4xx/Include -I../Drivers/CMSIS/Include -O0 -ffunction-sections -fdata-sections -Wall -fstack-usage -fcyclomatic-complexity -MMD -MP -MF"Drivers/STM32F4xx_HAL_Driver/Src/stm32f4xx_hal_rcc.d" -MT"Drivers/STM32F4xx_HAL_Driver/Src/stm32f4xx_hal_rcc.o" --specs=nano.specs -mfpu=fpv4-sp-d16 -mfloat-abi=hard -mthumb -o "Drivers/STM32F4xx_HAL_Driver/Src/stm32f4xx_hal_rcc.o"
arm-none-eabi-gcc "../Drivers/STM32F4xx_HAL_Driver/Src/stm32f4xx_hal_rcc_ex.c" -mcpu=cortex-m4 -std=gnu11 -g3 -DDEBUG -DUSE_HAL_DRIVER -DSTM32F401xC -c -I../Core/Inc -I"/home/aizaz/devomech/learning/STM32-FreeRTOS/Getting Started/Getting-Started/FreeRTOS" -I"/home/aizaz/devomech/learning/STM32-FreeRTOS/Getting Started/Getting-Started/FreeRTOS/include" -I"/home/aizaz/devomech/learning/STM32-FreeRTOS/Getting Started/Getting-Started/FreeRTOS/portable/GCC/ARM_CM4F" -I../Drivers/STM32F4xx_HAL_Driver/Inc -I../Drivers/STM32F4xx_HAL_Driver/Inc/Legacy -I../Drivers/CMSIS/Device/ST/STM32F4xx/Include -I../Drivers/CMSIS/Include -O0 -ffunction-sections -fdata-sections -Wall -fstack-usage -fcyclomatic-complexity -MMD -MP -MF"Drivers/STM32F4xx_HAL_Driver/Src/stm32f4xx_hal_rcc_ex.d" -MT"Drivers/STM32F4xx_HAL_Driver/Src/stm32f4xx_hal_rcc_ex.o" --specs=nano.specs -mfpu=fpv4-sp-d16 -mfloat-abi=hard -mthumb -o "Drivers/STM32F4xx_HAL_Driver/Src/stm32f4xx_hal_rcc_ex.o"
arm-none-eabi-gcc "../Drivers/STM32F4xx_HAL_Driver/Src/stm32f4xx_hal_tim.c" -mcpu=cortex-m4 -std=gnu11 -g3 -DDEBUG -DUSE_HAL_DRIVER -DSTM32F401xC -c -I../Core/Inc -I"/home/aizaz/devomech/learning/STM32-FreeRTOS/Getting Started/Getting-Started/FreeRTOS" -I"/home/aizaz/devomech/learning/STM32-FreeRTOS/Getting Started/Getting-Started/FreeRTOS/include" -I"/home/aizaz/devomech/learning/STM32-FreeRTOS/Getting Started/Getting-Started/FreeRTOS/portable/GCC/ARM_CM4F" -I../Drivers/STM32F4xx_HAL_Driver/Inc -I../Drivers/STM32F4xx_HAL_Driver/Inc/Legacy -I../Drivers/CMSIS/Device/ST/STM32F4xx/Include -I../Drivers/CMSIS/Include -O0 -ffunction-sections -fdata-sections -Wall -fstack-usage -fcyclomatic-complexity -MMD -MP -MF"Drivers/STM32F4xx_HAL_Driver/Src/stm32f4xx_hal_tim.d" -MT"Drivers/STM32F4xx_HAL_Driver/Src/stm32f4xx_hal_tim.o" --specs=nano.specs -mfpu=fpv4-sp-d16 -mfloat-abi=hard -mthumb -o "Drivers/STM32F4xx_HAL_Driver/Src/stm32f4xx_hal_tim.o"
arm-none-eabi-gcc "../Drivers/STM32F4xx_HAL_Driver/Src/stm32f4xx_hal_tim_ex.c" -mcpu=cortex-m4 -std=gnu11 -g3 -DDEBUG -DUSE_HAL_DRIVER -DSTM32F401xC -c -I../Core/Inc -I"/home/aizaz/devomech/learning/STM32-FreeRTOS/Getting Started/Getting-Started/FreeRTOS" -I"/home/aizaz/devomech/learning/STM32-FreeRTOS/Getting Started/Getting-Started/FreeRTOS/include" -I"/home/aizaz/devomech/learning/STM32-FreeRTOS/Getting Started/Getting-Started/FreeRTOS/portable/GCC/ARM_CM4F" -I../Drivers/STM32F4xx_HAL_Driver/Inc -I../Drivers/STM32F4xx_HAL_Driver/Inc/Legacy -I../Drivers/CMSIS/Device/ST/STM32F4xx/Include -I../Drivers/CMSIS/Include -O0 -ffunction-sections -fdata-sections -Wall -fstack-usage -fcyclomatic-complexity -MMD -MP -MF"Drivers/STM32F4xx_HAL_Driver/Src/stm32f4xx_hal_tim_ex.d" -MT"Drivers/STM32F4xx_HAL_Driver/Src/stm32f4xx_hal_tim_ex.o" --specs=nano.specs -mfpu=fpv4-sp-d16 -mfloat-abi=hard -mthumb -o "Drivers/STM32F4xx_HAL_Driver/Src/stm32f4xx_hal_tim_ex.o"
arm-none-eabi-gcc "../Core/Src/main.c" -mcpu=cortex-m4 -std=gnu11 -g3 -DDEBUG -DUSE_HAL_DRIVER -DSTM32F401xC -c -I../Core/Inc -I"/home/aizaz/devomech/learning/STM32-FreeRTOS/Getting Started/Getting-Started/FreeRTOS" -I"/home/aizaz/devomech/learning/STM32-FreeRTOS/Getting Started/Getting-Started/FreeRTOS/include" -I"/home/aizaz/devomech/learning/STM32-FreeRTOS/Getting Started/Getting-Started/FreeRTOS/portable/GCC/ARM_CM4F" -I../Drivers/STM32F4xx_HAL_Driver/Inc -I../Drivers/STM32F4xx_HAL_Driver/Inc/Legacy -I../Drivers/CMSIS/Device/ST/STM32F4xx/Include -I../Drivers/CMSIS/Include -O0 -ffunction-sections -fdata-sections -Wall -fstack-usage -fcyclomatic-complexity -MMD -MP -MF"Core/Src/main.d" -MT"Core/Src/main.o" --specs=nano.specs -mfpu=fpv4-sp-d16 -mfloat-abi=hard -mthumb -o "Core/Src/main.o"
arm-none-eabi-gcc "../Core/Src/stm32f4xx_hal_msp.c" -mcpu=cortex-m4 -std=gnu11 -g3 -DDEBUG -DUSE_HAL_DRIVER -DSTM32F401xC -c -I../Core/Inc -I"/home/aizaz/devomech/learning/STM32-FreeRTOS/Getting Started/Getting-Started/FreeRTOS" -I"/home/aizaz/devomech/learning/STM32-FreeRTOS/Getting Started/Getting-Started/FreeRTOS/include" -I"/home/aizaz/devomech/learning/STM32-FreeRTOS/Getting Started/Getting-Started/FreeRTOS/portable/GCC/ARM_CM4F" -I../Drivers/STM32F4xx_HAL_Driver/Inc -I../Drivers/STM32F4xx_HAL_Driver/Inc/Legacy -I../Drivers/CMSIS/Device/ST/STM32F4xx/Include -I../Drivers/CMSIS/Include -O0 -ffunction-sections -fdata-sections -Wall -fstack-usage -fcyclomatic-complexity -MMD -MP -MF"Core/Src/stm32f4xx_hal_msp.d" -MT"Core/Src/stm32f4xx_hal_msp.o" --specs=nano.specs -mfpu=fpv4-sp-d16 -mfloat-abi=hard -mthumb -o "Core/Src/stm32f4xx_hal_msp.o"
arm-none-eabi-gcc "../Core/Src/stm32f4xx_hal_timebase_tim.c" -mcpu=cortex-m4 -std=gnu11 -g3 -DDEBUG -DUSE_HAL_DRIVER -DSTM32F401xC -c -I../Core/Inc -I"/home/aizaz/devomech/learning/STM32-FreeRTOS/Getting Started/Getting-Started/FreeRTOS" -I"/home/aizaz/devomech/learning/STM32-FreeRTOS/Getting Started/Getting-Started/FreeRTOS/include" -I"/home/aizaz/devomech/learning/STM32-FreeRTOS/Getting Started/Getting-Started/FreeRTOS/portable/GCC/ARM_CM4F" -I../Drivers/STM32F4xx_HAL_Driver/Inc -I../Drivers/STM32F4xx_HAL_Driver/Inc/Legacy -I../Drivers/CMSIS/Device/ST/STM32F4xx/Include -I../Drivers/CMSIS/Include -O0 -ffunction-sections -fdata-sections -Wall -fstack-usage -fcyclomatic-complexity -MMD -MP -MF"Core/Src/stm32f4xx_hal_timebase_tim.d" -MT"Core/Src/stm32f4xx_hal_timebase_tim.o" --specs=nano.specs -mfpu=fpv4-sp-d16 -mfloat-abi=hard -mthumb -o "Core/Src/stm32f4xx_hal_timebase_tim.o"
arm-none-eabi-gcc "../Core/Src/stm32f4xx_it.c" -mcpu=cortex-m4 -std=gnu11 -g3 -DDEBUG -DUSE_HAL_DRIVER -DSTM32F401xC -c -I../Core/Inc -I"/home/aizaz/devomech/learning/STM32-FreeRTOS/Getting Started/Getting-Started/FreeRTOS" -I"/home/aizaz/devomech/learning/STM32-FreeRTOS/Getting Started/Getting-Started/FreeRTOS/include" -I"/home/aizaz/devomech/learning/STM32-FreeRTOS/Getting Started/Getting-Started/FreeRTOS/portable/GCC/ARM_CM4F" -I../Drivers/STM32F4xx_HAL_Driver/Inc -I../Drivers/STM32F4xx_HAL_Driver/Inc/Legacy -I../Drivers/CMSIS/Device/ST/STM32F4xx/Include -I../Drivers/CMSIS/Include -O0 -ffunction-sections -fdata-sections -Wall -fstack-usage -fcyclomatic-complexity -MMD -MP -MF"Core/Src/stm32f4xx_it.d" -MT"Core/Src/stm32f4xx_it.o" --specs=nano.specs -mfpu=fpv4-sp-d16 -mfloat-abi=hard -mthumb -o "Core/Src/stm32f4xx_it.o"
arm-none-eabi-gcc "../Core/Src/system_stm32f4xx.c" -mcpu=cortex-m4 -std=gnu11 -g3 -DDEBUG -DUSE_HAL_DRIVER -DSTM32F401xC -c -I../Core/Inc -I"/home/aizaz/devomech/learning/STM32-FreeRTOS/Getting Started/Getting-Started/FreeRTOS" -I"/home/aizaz/devomech/learning/STM32-FreeRTOS/Getting Started/Getting-Started/FreeRTOS/include" -I"/home/aizaz/devomech/learning/STM32-FreeRTOS/Getting Started/Getting-Started/FreeRTOS/portable/GCC/ARM_CM4F" -I../Drivers/STM32F4xx_HAL_Driver/Inc -I../Drivers/STM32F4xx_HAL_Driver/Inc/Legacy -I../Drivers/CMSIS/Device/ST/STM32F4xx/Include -I../Drivers/CMSIS/Include -O0 -ffunction-sections -fdata-sections -Wall -fstack-usage -fcyclomatic-complexity -MMD -MP -MF"Core/Src/system_stm32f4xx.d" -MT"Core/Src/system_stm32f4xx.o" --specs=nano.specs -mfpu=fpv4-sp-d16 -mfloat-abi=hard -mthumb -o "Core/Src/system_stm32f4xx.o"
arm-none-eabi-gcc -o "Getting-Started.elf" @"objects.list"   -mcpu=cortex-m4 -T"/home/aizaz/devomech/learning/STM32-FreeRTOS/Getting Started/Getting-Started/STM32F401CCUX_FLASH.ld" --specs=nosys.specs -Wl,-Map="Getting-Started.map" -Wl,--gc-sections -static --specs=nano.specs -mfpu=fpv4-sp-d16 -mfloat-abi=hard -mthumb -Wl,--start-group -lc -lm -Wl,--end-group
Finished building target: Getting-Started.elf
 
arm-none-eabi-size  Getting-Started.elf 
arm-none-eabi-objdump -h -S Getting-Started.elf  > "Getting-Started.list"
   text	   data	    bss	    dec	    hex	filename
  20748	    112	  18784	  39644	   9adc	Getting-Started.elf
Finished building: default.size.stdout
 
Finished building: Getting-Started.list
 
11:11:17 **** Incremental Build of configuration Debug for project Getting-Started ****
make -j8 all 
arm-none-eabi-size  Getting-Started.elf 
   text	   data	    bss	    dec	    hex	filename
  20748	    112	  18784	  39644	   9adc	Getting-Started.elf
Finished building: default.size.stdout
 
11:12:31 **** Incremental Build of configuration Debug for project Getting-Started ****
make -j8 all 
arm-none-eabi-gcc "../Core/Src/main.c" -mcpu=cortex-m4 -std=gnu11 -g3 -DDEBUG -DUSE_HAL_DRIVER -DSTM32F401xC -c -I../Core/Inc -I"/home/aizaz/devomech/learning/STM32-FreeRTOS/Getting Started/Getting-Started/FreeRTOS" -I"/home/aizaz/devomech/learning/STM32-FreeRTOS/Getting Started/Getting-Started/FreeRTOS/include" -I"/home/aizaz/devomech/learning/STM32-FreeRTOS/Getting Started/Getting-Started/FreeRTOS/portable/GCC/ARM_CM4F" -I../Drivers/STM32F4xx_HAL_Driver/Inc -I../Drivers/STM32F4xx_HAL_Driver/Inc/Legacy -I../Drivers/CMSIS/Device/ST/STM32F4xx/Include -I../Drivers/CMSIS/Include -O0 -ffunction-sections -fdata-sections -Wall -fstack-usage -fcyclomatic-complexity -MMD -MP -MF"Core/Src/main.d" -MT"Core/Src/main.o" --specs=nano.specs -mfpu=fpv4-sp-d16 -mfloat-abi=hard -mthumb -o "Core/Src/main.o"
../Core/Src/main.c: In function 'main':
../Core/Src/main.c:108:3: error: 'error' undeclared (first use in this function); did you mean 'perror'?
  108 |   error = xTaskCreate(hello2Func,"Hello 2",200,NULL,0,&Hello2_handler);
      |   ^~~~~
      |   perror
../Core/Src/main.c:108:3: note: each undeclared identifier is reported only once for each function it appears in
make: *** [Core/Src/subdir.mk:34: Core/Src/main.o] Error 1
"make -j8 all" terminated with exit code 2. Build might be incomplete.
11:12:41 **** Incremental Build of configuration Debug for project Getting-Started ****
make -j8 all 
arm-none-eabi-gcc "../Core/Src/main.c" -mcpu=cortex-m4 -std=gnu11 -g3 -DDEBUG -DUSE_HAL_DRIVER -DSTM32F401xC -c -I../Core/Inc -I"/home/aizaz/devomech/learning/STM32-FreeRTOS/Getting Started/Getting-Started/FreeRTOS" -I"/home/aizaz/devomech/learning/STM32-FreeRTOS/Getting Started/Getting-Started/FreeRTOS/include" -I"/home/aizaz/devomech/learning/STM32-FreeRTOS/Getting Started/Getting-Started/FreeRTOS/portable/GCC/ARM_CM4F" -I../Drivers/STM32F4xx_HAL_Driver/Inc -I../Drivers/STM32F4xx_HAL_Driver/Inc/Legacy -I../Drivers/CMSIS/Device/ST/STM32F4xx/Include -I../Drivers/CMSIS/Include -O0 -ffunction-sections -fdata-sections -Wall -fstack-usage -fcyclomatic-complexity -MMD -MP -MF"Core/Src/main.d" -MT"Core/Src/main.o" --specs=nano.specs -mfpu=fpv4-sp-d16 -mfloat-abi=hard -mthumb -o "Core/Src/main.o"
arm-none-eabi-gcc -o "Getting-Started.elf" @"objects.list"   -mcpu=cortex-m4 -T"/home/aizaz/devomech/learning/STM32-FreeRTOS/Getting Started/Getting-Started/STM32F401CCUX_FLASH.ld" --specs=nosys.specs -Wl,-Map="Getting-Started.map" -Wl,--gc-sections -static --specs=nano.specs -mfpu=fpv4-sp-d16 -mfloat-abi=hard -mthumb -Wl,--start-group -lc -lm -Wl,--end-group
Finished building target: Getting-Started.elf
 
arm-none-eabi-size  Getting-Started.elf 
arm-none-eabi-objdump -h -S Getting-Started.elf  > "Getting-Started.list"
   text	   data	    bss	    dec	    hex	filename
  20748	    112	  18784	  39644	   9adc	Getting-Started.elf
Finished building: default.size.stdout
 
Finished building: Getting-Started.list
 
11:13:52 **** Incremental Build of configuration Debug for project Getting-Started ****
make -j8 all 
arm-none-eabi-gcc "../FreeRTOS/portable/MemMang/heap_4.c" -mcpu=cortex-m4 -std=gnu11 -g3 -DDEBUG -DUSE_HAL_DRIVER -DSTM32F401xC -c -I../Core/Inc -I"/home/aizaz/devomech/learning/STM32-FreeRTOS/Getting Started/Getting-Started/FreeRTOS" -I"/home/aizaz/devomech/learning/STM32-FreeRTOS/Getting Started/Getting-Started/FreeRTOS/include" -I"/home/aizaz/devomech/learning/STM32-FreeRTOS/Getting Started/Getting-Started/FreeRTOS/portable/GCC/ARM_CM4F" -I../Drivers/STM32F4xx_HAL_Driver/Inc -I../Drivers/STM32F4xx_HAL_Driver/Inc/Legacy -I../Drivers/CMSIS/Device/ST/STM32F4xx/Include -I../Drivers/CMSIS/Include -O0 -ffunction-sections -fdata-sections -Wall -fstack-usage -fcyclomatic-complexity -MMD -MP -MF"FreeRTOS/portable/MemMang/heap_4.d" -MT"FreeRTOS/portable/MemMang/heap_4.o" --specs=nano.specs -mfpu=fpv4-sp-d16 -mfloat-abi=hard -mthumb -o "FreeRTOS/portable/MemMang/heap_4.o"
arm-none-eabi-gcc "../FreeRTOS/portable/GCC/ARM_CM4F/port.c" -mcpu=cortex-m4 -std=gnu11 -g3 -DDEBUG -DUSE_HAL_DRIVER -DSTM32F401xC -c -I../Core/Inc -I"/home/aizaz/devomech/learning/STM32-FreeRTOS/Getting Started/Getting-Started/FreeRTOS" -I"/home/aizaz/devomech/learning/STM32-FreeRTOS/Getting Started/Getting-Started/FreeRTOS/include" -I"/home/aizaz/devomech/learning/STM32-FreeRTOS/Getting Started/Getting-Started/FreeRTOS/portable/GCC/ARM_CM4F" -I../Drivers/STM32F4xx_HAL_Driver/Inc -I../Drivers/STM32F4xx_HAL_Driver/Inc/Legacy -I../Drivers/CMSIS/Device/ST/STM32F4xx/Include -I../Drivers/CMSIS/Include -O0 -ffunction-sections -fdata-sections -Wall -fstack-usage -fcyclomatic-complexity -MMD -MP -MF"FreeRTOS/portable/GCC/ARM_CM4F/port.d" -MT"FreeRTOS/portable/GCC/ARM_CM4F/port.o" --specs=nano.specs -mfpu=fpv4-sp-d16 -mfloat-abi=hard -mthumb -o "FreeRTOS/portable/GCC/ARM_CM4F/port.o"
arm-none-eabi-gcc "../FreeRTOS/croutine.c" -mcpu=cortex-m4 -std=gnu11 -g3 -DDEBUG -DUSE_HAL_DRIVER -DSTM32F401xC -c -I../Core/Inc -I"/home/aizaz/devomech/learning/STM32-FreeRTOS/Getting Started/Getting-Started/FreeRTOS" -I"/home/aizaz/devomech/learning/STM32-FreeRTOS/Getting Started/Getting-Started/FreeRTOS/include" -I"/home/aizaz/devomech/learning/STM32-FreeRTOS/Getting Started/Getting-Started/FreeRTOS/portable/GCC/ARM_CM4F" -I../Drivers/STM32F4xx_HAL_Driver/Inc -I../Drivers/STM32F4xx_HAL_Driver/Inc/Legacy -I../Drivers/CMSIS/Device/ST/STM32F4xx/Include -I../Drivers/CMSIS/Include -O0 -ffunction-sections -fdata-sections -Wall -fstack-usage -fcyclomatic-complexity -MMD -MP -MF"FreeRTOS/croutine.d" -MT"FreeRTOS/croutine.o" --specs=nano.specs -mfpu=fpv4-sp-d16 -mfloat-abi=hard -mthumb -o "FreeRTOS/croutine.o"
arm-none-eabi-gcc "../FreeRTOS/event_groups.c" -mcpu=cortex-m4 -std=gnu11 -g3 -DDEBUG -DUSE_HAL_DRIVER -DSTM32F401xC -c -I../Core/Inc -I"/home/aizaz/devomech/learning/STM32-FreeRTOS/Getting Started/Getting-Started/FreeRTOS" -I"/home/aizaz/devomech/learning/STM32-FreeRTOS/Getting Started/Getting-Started/FreeRTOS/include" -I"/home/aizaz/devomech/learning/STM32-FreeRTOS/Getting Started/Getting-Started/FreeRTOS/portable/GCC/ARM_CM4F" -I../Drivers/STM32F4xx_HAL_Driver/Inc -I../Drivers/STM32F4xx_HAL_Driver/Inc/Legacy -I../Drivers/CMSIS/Device/ST/STM32F4xx/Include -I../Drivers/CMSIS/Include -O0 -ffunction-sections -fdata-sections -Wall -fstack-usage -fcyclomatic-complexity -MMD -MP -MF"FreeRTOS/event_groups.d" -MT"FreeRTOS/event_groups.o" --specs=nano.specs -mfpu=fpv4-sp-d16 -mfloat-abi=hard -mthumb -o "FreeRTOS/event_groups.o"
arm-none-eabi-gcc "../FreeRTOS/list.c" -mcpu=cortex-m4 -std=gnu11 -g3 -DDEBUG -DUSE_HAL_DRIVER -DSTM32F401xC -c -I../Core/Inc -I"/home/aizaz/devomech/learning/STM32-FreeRTOS/Getting Started/Getting-Started/FreeRTOS" -I"/home/aizaz/devomech/learning/STM32-FreeRTOS/Getting Started/Getting-Started/FreeRTOS/include" -I"/home/aizaz/devomech/learning/STM32-FreeRTOS/Getting Started/Getting-Started/FreeRTOS/portable/GCC/ARM_CM4F" -I../Drivers/STM32F4xx_HAL_Driver/Inc -I../Drivers/STM32F4xx_HAL_Driver/Inc/Legacy -I../Drivers/CMSIS/Device/ST/STM32F4xx/Include -I../Drivers/CMSIS/Include -O0 -ffunction-sections -fdata-sections -Wall -fstack-usage -fcyclomatic-complexity -MMD -MP -MF"FreeRTOS/list.d" -MT"FreeRTOS/list.o" --specs=nano.specs -mfpu=fpv4-sp-d16 -mfloat-abi=hard -mthumb -o "FreeRTOS/list.o"
arm-none-eabi-gcc "../FreeRTOS/queue.c" -mcpu=cortex-m4 -std=gnu11 -g3 -DDEBUG -DUSE_HAL_DRIVER -DSTM32F401xC -c -I../Core/Inc -I"/home/aizaz/devomech/learning/STM32-FreeRTOS/Getting Started/Getting-Started/FreeRTOS" -I"/home/aizaz/devomech/learning/STM32-FreeRTOS/Getting Started/Getting-Started/FreeRTOS/include" -I"/home/aizaz/devomech/learning/STM32-FreeRTOS/Getting Started/Getting-Started/FreeRTOS/portable/GCC/ARM_CM4F" -I../Drivers/STM32F4xx_HAL_Driver/Inc -I../Drivers/STM32F4xx_HAL_Driver/Inc/Legacy -I../Drivers/CMSIS/Device/ST/STM32F4xx/Include -I../Drivers/CMSIS/Include -O0 -ffunction-sections -fdata-sections -Wall -fstack-usage -fcyclomatic-complexity -MMD -MP -MF"FreeRTOS/queue.d" -MT"FreeRTOS/queue.o" --specs=nano.specs -mfpu=fpv4-sp-d16 -mfloat-abi=hard -mthumb -o "FreeRTOS/queue.o"
arm-none-eabi-gcc "../FreeRTOS/stream_buffer.c" -mcpu=cortex-m4 -std=gnu11 -g3 -DDEBUG -DUSE_HAL_DRIVER -DSTM32F401xC -c -I../Core/Inc -I"/home/aizaz/devomech/learning/STM32-FreeRTOS/Getting Started/Getting-Started/FreeRTOS" -I"/home/aizaz/devomech/learning/STM32-FreeRTOS/Getting Started/Getting-Started/FreeRTOS/include" -I"/home/aizaz/devomech/learning/STM32-FreeRTOS/Getting Started/Getting-Started/FreeRTOS/portable/GCC/ARM_CM4F" -I../Drivers/STM32F4xx_HAL_Driver/Inc -I../Drivers/STM32F4xx_HAL_Driver/Inc/Legacy -I../Drivers/CMSIS/Device/ST/STM32F4xx/Include -I../Drivers/CMSIS/Include -O0 -ffunction-sections -fdata-sections -Wall -fstack-usage -fcyclomatic-complexity -MMD -MP -MF"FreeRTOS/stream_buffer.d" -MT"FreeRTOS/stream_buffer.o" --specs=nano.specs -mfpu=fpv4-sp-d16 -mfloat-abi=hard -mthumb -o "FreeRTOS/stream_buffer.o"
arm-none-eabi-gcc "../FreeRTOS/tasks.c" -mcpu=cortex-m4 -std=gnu11 -g3 -DDEBUG -DUSE_HAL_DRIVER -DSTM32F401xC -c -I../Core/Inc -I"/home/aizaz/devomech/learning/STM32-FreeRTOS/Getting Started/Getting-Started/FreeRTOS" -I"/home/aizaz/devomech/learning/STM32-FreeRTOS/Getting Started/Getting-Started/FreeRTOS/include" -I"/home/aizaz/devomech/learning/STM32-FreeRTOS/Getting Started/Getting-Started/FreeRTOS/portable/GCC/ARM_CM4F" -I../Drivers/STM32F4xx_HAL_Driver/Inc -I../Drivers/STM32F4xx_HAL_Driver/Inc/Legacy -I../Drivers/CMSIS/Device/ST/STM32F4xx/Include -I../Drivers/CMSIS/Include -O0 -ffunction-sections -fdata-sections -Wall -fstack-usage -fcyclomatic-complexity -MMD -MP -MF"FreeRTOS/tasks.d" -MT"FreeRTOS/tasks.o" --specs=nano.specs -mfpu=fpv4-sp-d16 -mfloat-abi=hard -mthumb -o "FreeRTOS/tasks.o"
arm-none-eabi-gcc "../FreeRTOS/timers.c" -mcpu=cortex-m4 -std=gnu11 -g3 -DDEBUG -DUSE_HAL_DRIVER -DSTM32F401xC -c -I../Core/Inc -I"/home/aizaz/devomech/learning/STM32-FreeRTOS/Getting Started/Getting-Started/FreeRTOS" -I"/home/aizaz/devomech/learning/STM32-FreeRTOS/Getting Started/Getting-Started/FreeRTOS/include" -I"/home/aizaz/devomech/learning/STM32-FreeRTOS/Getting Started/Getting-Started/FreeRTOS/portable/GCC/ARM_CM4F" -I../Drivers/STM32F4xx_HAL_Driver/Inc -I../Drivers/STM32F4xx_HAL_Driver/Inc/Legacy -I../Drivers/CMSIS/Device/ST/STM32F4xx/Include -I../Drivers/CMSIS/Include -O0 -ffunction-sections -fdata-sections -Wall -fstack-usage -fcyclomatic-complexity -MMD -MP -MF"FreeRTOS/timers.d" -MT"FreeRTOS/timers.o" --specs=nano.specs -mfpu=fpv4-sp-d16 -mfloat-abi=hard -mthumb -o "FreeRTOS/timers.o"
arm-none-eabi-gcc "../Drivers/STM32F4xx_HAL_Driver/Src/stm32f4xx_hal.c" -mcpu=cortex-m4 -std=gnu11 -g3 -DDEBUG -DUSE_HAL_DRIVER -DSTM32F401xC -c -I../Core/Inc -I"/home/aizaz/devomech/learning/STM32-FreeRTOS/Getting Started/Getting-Started/FreeRTOS" -I"/home/aizaz/devomech/learning/STM32-FreeRTOS/Getting Started/Getting-Started/FreeRTOS/include" -I"/home/aizaz/devomech/learning/STM32-FreeRTOS/Getting Started/Getting-Started/FreeRTOS/portable/GCC/ARM_CM4F" -I../Drivers/STM32F4xx_HAL_Driver/Inc -I../Drivers/STM32F4xx_HAL_Driver/Inc/Legacy -I../Drivers/CMSIS/Device/ST/STM32F4xx/Include -I../Drivers/CMSIS/Include -O0 -ffunction-sections -fdata-sections -Wall -fstack-usage -fcyclomatic-complexity -MMD -MP -MF"Drivers/STM32F4xx_HAL_Driver/Src/stm32f4xx_hal.d" -MT"Drivers/STM32F4xx_HAL_Driver/Src/stm32f4xx_hal.o" --specs=nano.specs -mfpu=fpv4-sp-d16 -mfloat-abi=hard -mthumb -o "Drivers/STM32F4xx_HAL_Driver/Src/stm32f4xx_hal.o"
arm-none-eabi-gcc "../Drivers/STM32F4xx_HAL_Driver/Src/stm32f4xx_hal_cortex.c" -mcpu=cortex-m4 -std=gnu11 -g3 -DDEBUG -DUSE_HAL_DRIVER -DSTM32F401xC -c -I../Core/Inc -I"/home/aizaz/devomech/learning/STM32-FreeRTOS/Getting Started/Getting-Started/FreeRTOS" -I"/home/aizaz/devomech/learning/STM32-FreeRTOS/Getting Started/Getting-Started/FreeRTOS/include" -I"/home/aizaz/devomech/learning/STM32-FreeRTOS/Getting Started/Getting-Started/FreeRTOS/portable/GCC/ARM_CM4F" -I../Drivers/STM32F4xx_HAL_Driver/Inc -I../Drivers/STM32F4xx_HAL_Driver/Inc/Legacy -I../Drivers/CMSIS/Device/ST/STM32F4xx/Include -I../Drivers/CMSIS/Include -O0 -ffunction-sections -fdata-sections -Wall -fstack-usage -fcyclomatic-complexity -MMD -MP -MF"Drivers/STM32F4xx_HAL_Driver/Src/stm32f4xx_hal_cortex.d" -MT"Drivers/STM32F4xx_HAL_Driver/Src/stm32f4xx_hal_cortex.o" --specs=nano.specs -mfpu=fpv4-sp-d16 -mfloat-abi=hard -mthumb -o "Drivers/STM32F4xx_HAL_Driver/Src/stm32f4xx_hal_cortex.o"
arm-none-eabi-gcc "../Drivers/STM32F4xx_HAL_Driver/Src/stm32f4xx_hal_dma.c" -mcpu=cortex-m4 -std=gnu11 -g3 -DDEBUG -DUSE_HAL_DRIVER -DSTM32F401xC -c -I../Core/Inc -I"/home/aizaz/devomech/learning/STM32-FreeRTOS/Getting Started/Getting-Started/FreeRTOS" -I"/home/aizaz/devomech/learning/STM32-FreeRTOS/Getting Started/Getting-Started/FreeRTOS/include" -I"/home/aizaz/devomech/learning/STM32-FreeRTOS/Getting Started/Getting-Started/FreeRTOS/portable/GCC/ARM_CM4F" -I../Drivers/STM32F4xx_HAL_Driver/Inc -I../Drivers/STM32F4xx_HAL_Driver/Inc/Legacy -I../Drivers/CMSIS/Device/ST/STM32F4xx/Include -I../Drivers/CMSIS/Include -O0 -ffunction-sections -fdata-sections -Wall -fstack-usage -fcyclomatic-complexity -MMD -MP -MF"Drivers/STM32F4xx_HAL_Driver/Src/stm32f4xx_hal_dma.d" -MT"Drivers/STM32F4xx_HAL_Driver/Src/stm32f4xx_hal_dma.o" --specs=nano.specs -mfpu=fpv4-sp-d16 -mfloat-abi=hard -mthumb -o "Drivers/STM32F4xx_HAL_Driver/Src/stm32f4xx_hal_dma.o"
arm-none-eabi-gcc "../Drivers/STM32F4xx_HAL_Driver/Src/stm32f4xx_hal_dma_ex.c" -mcpu=cortex-m4 -std=gnu11 -g3 -DDEBUG -DUSE_HAL_DRIVER -DSTM32F401xC -c -I../Core/Inc -I"/home/aizaz/devomech/learning/STM32-FreeRTOS/Getting Started/Getting-Started/FreeRTOS" -I"/home/aizaz/devomech/learning/STM32-FreeRTOS/Getting Started/Getting-Started/FreeRTOS/include" -I"/home/aizaz/devomech/learning/STM32-FreeRTOS/Getting Started/Getting-Started/FreeRTOS/portable/GCC/ARM_CM4F" -I../Drivers/STM32F4xx_HAL_Driver/Inc -I../Drivers/STM32F4xx_HAL_Driver/Inc/Legacy -I../Drivers/CMSIS/Device/ST/STM32F4xx/Include -I../Drivers/CMSIS/Include -O0 -ffunction-sections -fdata-sections -Wall -fstack-usage -fcyclomatic-complexity -MMD -MP -MF"Drivers/STM32F4xx_HAL_Driver/Src/stm32f4xx_hal_dma_ex.d" -MT"Drivers/STM32F4xx_HAL_Driver/Src/stm32f4xx_hal_dma_ex.o" --specs=nano.specs -mfpu=fpv4-sp-d16 -mfloat-abi=hard -mthumb -o "Drivers/STM32F4xx_HAL_Driver/Src/stm32f4xx_hal_dma_ex.o"
arm-none-eabi-gcc "../Drivers/STM32F4xx_HAL_Driver/Src/stm32f4xx_hal_exti.c" -mcpu=cortex-m4 -std=gnu11 -g3 -DDEBUG -DUSE_HAL_DRIVER -DSTM32F401xC -c -I../Core/Inc -I"/home/aizaz/devomech/learning/STM32-FreeRTOS/Getting Started/Getting-Started/FreeRTOS" -I"/home/aizaz/devomech/learning/STM32-FreeRTOS/Getting Started/Getting-Started/FreeRTOS/include" -I"/home/aizaz/devomech/learning/STM32-FreeRTOS/Getting Started/Getting-Started/FreeRTOS/portable/GCC/ARM_CM4F" -I../Drivers/STM32F4xx_HAL_Driver/Inc -I../Drivers/STM32F4xx_HAL_Driver/Inc/Legacy -I../Drivers/CMSIS/Device/ST/STM32F4xx/Include -I../Drivers/CMSIS/Include -O0 -ffunction-sections -fdata-sections -Wall -fstack-usage -fcyclomatic-complexity -MMD -MP -MF"Drivers/STM32F4xx_HAL_Driver/Src/stm32f4xx_hal_exti.d" -MT"Drivers/STM32F4xx_HAL_Driver/Src/stm32f4xx_hal_exti.o" --specs=nano.specs -mfpu=fpv4-sp-d16 -mfloat-abi=hard -mthumb -o "Drivers/STM32F4xx_HAL_Driver/Src/stm32f4xx_hal_exti.o"
arm-none-eabi-gcc "../Drivers/STM32F4xx_HAL_Driver/Src/stm32f4xx_hal_flash.c" -mcpu=cortex-m4 -std=gnu11 -g3 -DDEBUG -DUSE_HAL_DRIVER -DSTM32F401xC -c -I../Core/Inc -I"/home/aizaz/devomech/learning/STM32-FreeRTOS/Getting Started/Getting-Started/FreeRTOS" -I"/home/aizaz/devomech/learning/STM32-FreeRTOS/Getting Started/Getting-Started/FreeRTOS/include" -I"/home/aizaz/devomech/learning/STM32-FreeRTOS/Getting Started/Getting-Started/FreeRTOS/portable/GCC/ARM_CM4F" -I../Drivers/STM32F4xx_HAL_Driver/Inc -I../Drivers/STM32F4xx_HAL_Driver/Inc/Legacy -I../Drivers/CMSIS/Device/ST/STM32F4xx/Include -I../Drivers/CMSIS/Include -O0 -ffunction-sections -fdata-sections -Wall -fstack-usage -fcyclomatic-complexity -MMD -MP -MF"Drivers/STM32F4xx_HAL_Driver/Src/stm32f4xx_hal_flash.d" -MT"Drivers/STM32F4xx_HAL_Driver/Src/stm32f4xx_hal_flash.o" --specs=nano.specs -mfpu=fpv4-sp-d16 -mfloat-abi=hard -mthumb -o "Drivers/STM32F4xx_HAL_Driver/Src/stm32f4xx_hal_flash.o"
arm-none-eabi-gcc "../Drivers/STM32F4xx_HAL_Driver/Src/stm32f4xx_hal_flash_ex.c" -mcpu=cortex-m4 -std=gnu11 -g3 -DDEBUG -DUSE_HAL_DRIVER -DSTM32F401xC -c -I../Core/Inc -I"/home/aizaz/devomech/learning/STM32-FreeRTOS/Getting Started/Getting-Started/FreeRTOS" -I"/home/aizaz/devomech/learning/STM32-FreeRTOS/Getting Started/Getting-Started/FreeRTOS/include" -I"/home/aizaz/devomech/learning/STM32-FreeRTOS/Getting Started/Getting-Started/FreeRTOS/portable/GCC/ARM_CM4F" -I../Drivers/STM32F4xx_HAL_Driver/Inc -I../Drivers/STM32F4xx_HAL_Driver/Inc/Legacy -I../Drivers/CMSIS/Device/ST/STM32F4xx/Include -I../Drivers/CMSIS/Include -O0 -ffunction-sections -fdata-sections -Wall -fstack-usage -fcyclomatic-complexity -MMD -MP -MF"Drivers/STM32F4xx_HAL_Driver/Src/stm32f4xx_hal_flash_ex.d" -MT"Drivers/STM32F4xx_HAL_Driver/Src/stm32f4xx_hal_flash_ex.o" --specs=nano.specs -mfpu=fpv4-sp-d16 -mfloat-abi=hard -mthumb -o "Drivers/STM32F4xx_HAL_Driver/Src/stm32f4xx_hal_flash_ex.o"
arm-none-eabi-gcc "../Drivers/STM32F4xx_HAL_Driver/Src/stm32f4xx_hal_flash_ramfunc.c" -mcpu=cortex-m4 -std=gnu11 -g3 -DDEBUG -DUSE_HAL_DRIVER -DSTM32F401xC -c -I../Core/Inc -I"/home/aizaz/devomech/learning/STM32-FreeRTOS/Getting Started/Getting-Started/FreeRTOS" -I"/home/aizaz/devomech/learning/STM32-FreeRTOS/Getting Started/Getting-Started/FreeRTOS/include" -I"/home/aizaz/devomech/learning/STM32-FreeRTOS/Getting Started/Getting-Started/FreeRTOS/portable/GCC/ARM_CM4F" -I../Drivers/STM32F4xx_HAL_Driver/Inc -I../Drivers/STM32F4xx_HAL_Driver/Inc/Legacy -I../Drivers/CMSIS/Device/ST/STM32F4xx/Include -I../Drivers/CMSIS/Include -O0 -ffunction-sections -fdata-sections -Wall -fstack-usage -fcyclomatic-complexity -MMD -MP -MF"Drivers/STM32F4xx_HAL_Driver/Src/stm32f4xx_hal_flash_ramfunc.d" -MT"Drivers/STM32F4xx_HAL_Driver/Src/stm32f4xx_hal_flash_ramfunc.o" --specs=nano.specs -mfpu=fpv4-sp-d16 -mfloat-abi=hard -mthumb -o "Drivers/STM32F4xx_HAL_Driver/Src/stm32f4xx_hal_flash_ramfunc.o"
arm-none-eabi-gcc "../Drivers/STM32F4xx_HAL_Driver/Src/stm32f4xx_hal_gpio.c" -mcpu=cortex-m4 -std=gnu11 -g3 -DDEBUG -DUSE_HAL_DRIVER -DSTM32F401xC -c -I../Core/Inc -I"/home/aizaz/devomech/learning/STM32-FreeRTOS/Getting Started/Getting-Started/FreeRTOS" -I"/home/aizaz/devomech/learning/STM32-FreeRTOS/Getting Started/Getting-Started/FreeRTOS/include" -I"/home/aizaz/devomech/learning/STM32-FreeRTOS/Getting Started/Getting-Started/FreeRTOS/portable/GCC/ARM_CM4F" -I../Drivers/STM32F4xx_HAL_Driver/Inc -I../Drivers/STM32F4xx_HAL_Driver/Inc/Legacy -I../Drivers/CMSIS/Device/ST/STM32F4xx/Include -I../Drivers/CMSIS/Include -O0 -ffunction-sections -fdata-sections -Wall -fstack-usage -fcyclomatic-complexity -MMD -MP -MF"Drivers/STM32F4xx_HAL_Driver/Src/stm32f4xx_hal_gpio.d" -MT"Drivers/STM32F4xx_HAL_Driver/Src/stm32f4xx_hal_gpio.o" --specs=nano.specs -mfpu=fpv4-sp-d16 -mfloat-abi=hard -mthumb -o "Drivers/STM32F4xx_HAL_Driver/Src/stm32f4xx_hal_gpio.o"
arm-none-eabi-gcc "../Drivers/STM32F4xx_HAL_Driver/Src/stm32f4xx_hal_pwr.c" -mcpu=cortex-m4 -std=gnu11 -g3 -DDEBUG -DUSE_HAL_DRIVER -DSTM32F401xC -c -I../Core/Inc -I"/home/aizaz/devomech/learning/STM32-FreeRTOS/Getting Started/Getting-Started/FreeRTOS" -I"/home/aizaz/devomech/learning/STM32-FreeRTOS/Getting Started/Getting-Started/FreeRTOS/include" -I"/home/aizaz/devomech/learning/STM32-FreeRTOS/Getting Started/Getting-Started/FreeRTOS/portable/GCC/ARM_CM4F" -I../Drivers/STM32F4xx_HAL_Driver/Inc -I../Drivers/STM32F4xx_HAL_Driver/Inc/Legacy -I../Drivers/CMSIS/Device/ST/STM32F4xx/Include -I../Drivers/CMSIS/Include -O0 -ffunction-sections -fdata-sections -Wall -fstack-usage -fcyclomatic-complexity -MMD -MP -MF"Drivers/STM32F4xx_HAL_Driver/Src/stm32f4xx_hal_pwr.d" -MT"Drivers/STM32F4xx_HAL_Driver/Src/stm32f4xx_hal_pwr.o" --specs=nano.specs -mfpu=fpv4-sp-d16 -mfloat-abi=hard -mthumb -o "Drivers/STM32F4xx_HAL_Driver/Src/stm32f4xx_hal_pwr.o"
arm-none-eabi-gcc "../Drivers/STM32F4xx_HAL_Driver/Src/stm32f4xx_hal_pwr_ex.c" -mcpu=cortex-m4 -std=gnu11 -g3 -DDEBUG -DUSE_HAL_DRIVER -DSTM32F401xC -c -I../Core/Inc -I"/home/aizaz/devomech/learning/STM32-FreeRTOS/Getting Started/Getting-Started/FreeRTOS" -I"/home/aizaz/devomech/learning/STM32-FreeRTOS/Getting Started/Getting-Started/FreeRTOS/include" -I"/home/aizaz/devomech/learning/STM32-FreeRTOS/Getting Started/Getting-Started/FreeRTOS/portable/GCC/ARM_CM4F" -I../Drivers/STM32F4xx_HAL_Driver/Inc -I../Drivers/STM32F4xx_HAL_Driver/Inc/Legacy -I../Drivers/CMSIS/Device/ST/STM32F4xx/Include -I../Drivers/CMSIS/Include -O0 -ffunction-sections -fdata-sections -Wall -fstack-usage -fcyclomatic-complexity -MMD -MP -MF"Drivers/STM32F4xx_HAL_Driver/Src/stm32f4xx_hal_pwr_ex.d" -MT"Drivers/STM32F4xx_HAL_Driver/Src/stm32f4xx_hal_pwr_ex.o" --specs=nano.specs -mfpu=fpv4-sp-d16 -mfloat-abi=hard -mthumb -o "Drivers/STM32F4xx_HAL_Driver/Src/stm32f4xx_hal_pwr_ex.o"
arm-none-eabi-gcc "../Drivers/STM32F4xx_HAL_Driver/Src/stm32f4xx_hal_rcc.c" -mcpu=cortex-m4 -std=gnu11 -g3 -DDEBUG -DUSE_HAL_DRIVER -DSTM32F401xC -c -I../Core/Inc -I"/home/aizaz/devomech/learning/STM32-FreeRTOS/Getting Started/Getting-Started/FreeRTOS" -I"/home/aizaz/devomech/learning/STM32-FreeRTOS/Getting Started/Getting-Started/FreeRTOS/include" -I"/home/aizaz/devomech/learning/STM32-FreeRTOS/Getting Started/Getting-Started/FreeRTOS/portable/GCC/ARM_CM4F" -I../Drivers/STM32F4xx_HAL_Driver/Inc -I../Drivers/STM32F4xx_HAL_Driver/Inc/Legacy -I../Drivers/CMSIS/Device/ST/STM32F4xx/Include -I../Drivers/CMSIS/Include -O0 -ffunction-sections -fdata-sections -Wall -fstack-usage -fcyclomatic-complexity -MMD -MP -MF"Drivers/STM32F4xx_HAL_Driver/Src/stm32f4xx_hal_rcc.d" -MT"Drivers/STM32F4xx_HAL_Driver/Src/stm32f4xx_hal_rcc.o" --specs=nano.specs -mfpu=fpv4-sp-d16 -mfloat-abi=hard -mthumb -o "Drivers/STM32F4xx_HAL_Driver/Src/stm32f4xx_hal_rcc.o"
arm-none-eabi-gcc "../Drivers/STM32F4xx_HAL_Driver/Src/stm32f4xx_hal_rcc_ex.c" -mcpu=cortex-m4 -std=gnu11 -g3 -DDEBUG -DUSE_HAL_DRIVER -DSTM32F401xC -c -I../Core/Inc -I"/home/aizaz/devomech/learning/STM32-FreeRTOS/Getting Started/Getting-Started/FreeRTOS" -I"/home/aizaz/devomech/learning/STM32-FreeRTOS/Getting Started/Getting-Started/FreeRTOS/include" -I"/home/aizaz/devomech/learning/STM32-FreeRTOS/Getting Started/Getting-Started/FreeRTOS/portable/GCC/ARM_CM4F" -I../Drivers/STM32F4xx_HAL_Driver/Inc -I../Drivers/STM32F4xx_HAL_Driver/Inc/Legacy -I../Drivers/CMSIS/Device/ST/STM32F4xx/Include -I../Drivers/CMSIS/Include -O0 -ffunction-sections -fdata-sections -Wall -fstack-usage -fcyclomatic-complexity -MMD -MP -MF"Drivers/STM32F4xx_HAL_Driver/Src/stm32f4xx_hal_rcc_ex.d" -MT"Drivers/STM32F4xx_HAL_Driver/Src/stm32f4xx_hal_rcc_ex.o" --specs=nano.specs -mfpu=fpv4-sp-d16 -mfloat-abi=hard -mthumb -o "Drivers/STM32F4xx_HAL_Driver/Src/stm32f4xx_hal_rcc_ex.o"
arm-none-eabi-gcc "../Drivers/STM32F4xx_HAL_Driver/Src/stm32f4xx_hal_tim.c" -mcpu=cortex-m4 -std=gnu11 -g3 -DDEBUG -DUSE_HAL_DRIVER -DSTM32F401xC -c -I../Core/Inc -I"/home/aizaz/devomech/learning/STM32-FreeRTOS/Getting Started/Getting-Started/FreeRTOS" -I"/home/aizaz/devomech/learning/STM32-FreeRTOS/Getting Started/Getting-Started/FreeRTOS/include" -I"/home/aizaz/devomech/learning/STM32-FreeRTOS/Getting Started/Getting-Started/FreeRTOS/portable/GCC/ARM_CM4F" -I../Drivers/STM32F4xx_HAL_Driver/Inc -I../Drivers/STM32F4xx_HAL_Driver/Inc/Legacy -I../Drivers/CMSIS/Device/ST/STM32F4xx/Include -I../Drivers/CMSIS/Include -O0 -ffunction-sections -fdata-sections -Wall -fstack-usage -fcyclomatic-complexity -MMD -MP -MF"Drivers/STM32F4xx_HAL_Driver/Src/stm32f4xx_hal_tim.d" -MT"Drivers/STM32F4xx_HAL_Driver/Src/stm32f4xx_hal_tim.o" --specs=nano.specs -mfpu=fpv4-sp-d16 -mfloat-abi=hard -mthumb -o "Drivers/STM32F4xx_HAL_Driver/Src/stm32f4xx_hal_tim.o"
arm-none-eabi-gcc "../Drivers/STM32F4xx_HAL_Driver/Src/stm32f4xx_hal_tim_ex.c" -mcpu=cortex-m4 -std=gnu11 -g3 -DDEBUG -DUSE_HAL_DRIVER -DSTM32F401xC -c -I../Core/Inc -I"/home/aizaz/devomech/learning/STM32-FreeRTOS/Getting Started/Getting-Started/FreeRTOS" -I"/home/aizaz/devomech/learning/STM32-FreeRTOS/Getting Started/Getting-Started/FreeRTOS/include" -I"/home/aizaz/devomech/learning/STM32-FreeRTOS/Getting Started/Getting-Started/FreeRTOS/portable/GCC/ARM_CM4F" -I../Drivers/STM32F4xx_HAL_Driver/Inc -I../Drivers/STM32F4xx_HAL_Driver/Inc/Legacy -I../Drivers/CMSIS/Device/ST/STM32F4xx/Include -I../Drivers/CMSIS/Include -O0 -ffunction-sections -fdata-sections -Wall -fstack-usage -fcyclomatic-complexity -MMD -MP -MF"Drivers/STM32F4xx_HAL_Driver/Src/stm32f4xx_hal_tim_ex.d" -MT"Drivers/STM32F4xx_HAL_Driver/Src/stm32f4xx_hal_tim_ex.o" --specs=nano.specs -mfpu=fpv4-sp-d16 -mfloat-abi=hard -mthumb -o "Drivers/STM32F4xx_HAL_Driver/Src/stm32f4xx_hal_tim_ex.o"
arm-none-eabi-gcc "../Core/Src/main.c" -mcpu=cortex-m4 -std=gnu11 -g3 -DDEBUG -DUSE_HAL_DRIVER -DSTM32F401xC -c -I../Core/Inc -I"/home/aizaz/devomech/learning/STM32-FreeRTOS/Getting Started/Getting-Started/FreeRTOS" -I"/home/aizaz/devomech/learning/STM32-FreeRTOS/Getting Started/Getting-Started/FreeRTOS/include" -I"/home/aizaz/devomech/learning/STM32-FreeRTOS/Getting Started/Getting-Started/FreeRTOS/portable/GCC/ARM_CM4F" -I../Drivers/STM32F4xx_HAL_Driver/Inc -I../Drivers/STM32F4xx_HAL_Driver/Inc/Legacy -I../Drivers/CMSIS/Device/ST/STM32F4xx/Include -I../Drivers/CMSIS/Include -O0 -ffunction-sections -fdata-sections -Wall -fstack-usage -fcyclomatic-complexity -MMD -MP -MF"Core/Src/main.d" -MT"Core/Src/main.o" --specs=nano.specs -mfpu=fpv4-sp-d16 -mfloat-abi=hard -mthumb -o "Core/Src/main.o"
arm-none-eabi-gcc "../Core/Src/stm32f4xx_hal_msp.c" -mcpu=cortex-m4 -std=gnu11 -g3 -DDEBUG -DUSE_HAL_DRIVER -DSTM32F401xC -c -I../Core/Inc -I"/home/aizaz/devomech/learning/STM32-FreeRTOS/Getting Started/Getting-Started/FreeRTOS" -I"/home/aizaz/devomech/learning/STM32-FreeRTOS/Getting Started/Getting-Started/FreeRTOS/include" -I"/home/aizaz/devomech/learning/STM32-FreeRTOS/Getting Started/Getting-Started/FreeRTOS/portable/GCC/ARM_CM4F" -I../Drivers/STM32F4xx_HAL_Driver/Inc -I../Drivers/STM32F4xx_HAL_Driver/Inc/Legacy -I../Drivers/CMSIS/Device/ST/STM32F4xx/Include -I../Drivers/CMSIS/Include -O0 -ffunction-sections -fdata-sections -Wall -fstack-usage -fcyclomatic-complexity -MMD -MP -MF"Core/Src/stm32f4xx_hal_msp.d" -MT"Core/Src/stm32f4xx_hal_msp.o" --specs=nano.specs -mfpu=fpv4-sp-d16 -mfloat-abi=hard -mthumb -o "Core/Src/stm32f4xx_hal_msp.o"
arm-none-eabi-gcc "../Core/Src/stm32f4xx_hal_timebase_tim.c" -mcpu=cortex-m4 -std=gnu11 -g3 -DDEBUG -DUSE_HAL_DRIVER -DSTM32F401xC -c -I../Core/Inc -I"/home/aizaz/devomech/learning/STM32-FreeRTOS/Getting Started/Getting-Started/FreeRTOS" -I"/home/aizaz/devomech/learning/STM32-FreeRTOS/Getting Started/Getting-Started/FreeRTOS/include" -I"/home/aizaz/devomech/learning/STM32-FreeRTOS/Getting Started/Getting-Started/FreeRTOS/portable/GCC/ARM_CM4F" -I../Drivers/STM32F4xx_HAL_Driver/Inc -I../Drivers/STM32F4xx_HAL_Driver/Inc/Legacy -I../Drivers/CMSIS/Device/ST/STM32F4xx/Include -I../Drivers/CMSIS/Include -O0 -ffunction-sections -fdata-sections -Wall -fstack-usage -fcyclomatic-complexity -MMD -MP -MF"Core/Src/stm32f4xx_hal_timebase_tim.d" -MT"Core/Src/stm32f4xx_hal_timebase_tim.o" --specs=nano.specs -mfpu=fpv4-sp-d16 -mfloat-abi=hard -mthumb -o "Core/Src/stm32f4xx_hal_timebase_tim.o"
arm-none-eabi-gcc "../Core/Src/stm32f4xx_it.c" -mcpu=cortex-m4 -std=gnu11 -g3 -DDEBUG -DUSE_HAL_DRIVER -DSTM32F401xC -c -I../Core/Inc -I"/home/aizaz/devomech/learning/STM32-FreeRTOS/Getting Started/Getting-Started/FreeRTOS" -I"/home/aizaz/devomech/learning/STM32-FreeRTOS/Getting Started/Getting-Started/FreeRTOS/include" -I"/home/aizaz/devomech/learning/STM32-FreeRTOS/Getting Started/Getting-Started/FreeRTOS/portable/GCC/ARM_CM4F" -I../Drivers/STM32F4xx_HAL_Driver/Inc -I../Drivers/STM32F4xx_HAL_Driver/Inc/Legacy -I../Drivers/CMSIS/Device/ST/STM32F4xx/Include -I../Drivers/CMSIS/Include -O0 -ffunction-sections -fdata-sections -Wall -fstack-usage -fcyclomatic-complexity -MMD -MP -MF"Core/Src/stm32f4xx_it.d" -MT"Core/Src/stm32f4xx_it.o" --specs=nano.specs -mfpu=fpv4-sp-d16 -mfloat-abi=hard -mthumb -o "Core/Src/stm32f4xx_it.o"
arm-none-eabi-gcc "../Core/Src/system_stm32f4xx.c" -mcpu=cortex-m4 -std=gnu11 -g3 -DDEBUG -DUSE_HAL_DRIVER -DSTM32F401xC -c -I../Core/Inc -I"/home/aizaz/devomech/learning/STM32-FreeRTOS/Getting Started/Getting-Started/FreeRTOS" -I"/home/aizaz/devomech/learning/STM32-FreeRTOS/Getting Started/Getting-Started/FreeRTOS/include" -I"/home/aizaz/devomech/learning/STM32-FreeRTOS/Getting Started/Getting-Started/FreeRTOS/portable/GCC/ARM_CM4F" -I../Drivers/STM32F4xx_HAL_Driver/Inc -I../Drivers/STM32F4xx_HAL_Driver/Inc/Legacy -I../Drivers/CMSIS/Device/ST/STM32F4xx/Include -I../Drivers/CMSIS/Include -O0 -ffunction-sections -fdata-sections -Wall -fstack-usage -fcyclomatic-complexity -MMD -MP -MF"Core/Src/system_stm32f4xx.d" -MT"Core/Src/system_stm32f4xx.o" --specs=nano.specs -mfpu=fpv4-sp-d16 -mfloat-abi=hard -mthumb -o "Core/Src/system_stm32f4xx.o"
arm-none-eabi-gcc -o "Getting-Started.elf" @"objects.list"   -mcpu=cortex-m4 -T"/home/aizaz/devomech/learning/STM32-FreeRTOS/Getting Started/Getting-Started/STM32F401CCUX_FLASH.ld" --specs=nosys.specs -Wl,-Map="Getting-Started.map" -Wl,--gc-sections -static --specs=nano.specs -mfpu=fpv4-sp-d16 -mfloat-abi=hard -mthumb -Wl,--start-group -lc -lm -Wl,--end-group
Finished building target: Getting-Started.elf
 
arm-none-eabi-size  Getting-Started.elf 
arm-none-eabi-objdump -h -S Getting-Started.elf  > "Getting-Started.list"
   text	   data	    bss	    dec	    hex	filename
  20716	    112	  18784	  39612	   9abc	Getting-Started.elf
Finished building: default.size.stdout
 
Finished building: Getting-Started.list
 
11:15:40 **** Incremental Build of configuration Debug for project Getting-Started ****
make -j8 all 
arm-none-eabi-size  Getting-Started.elf 
   text	   data	    bss	    dec	    hex	filename
  20716	    112	  18784	  39612	   9abc	Getting-Started.elf
Finished building: default.size.stdout
 
