Archive member included to satisfy reference by file (symbol)

/opt/st/stm32cubeide_1.16.1/plugins/com.st.stm32cube.ide.mcu.externaltools.gnu-tools-for-stm32.12.3.rel1.linux64_1.0.200.202406132123/tools/bin/../lib/gcc/arm-none-eabi/12.3.1/../../../../arm-none-eabi/lib/thumb/v7e-m+fp/hard/libc_nano.a(libc_a-exit.o)
                              /opt/st/stm32cubeide_1.16.1/plugins/com.st.stm32cube.ide.mcu.externaltools.gnu-tools-for-stm32.12.3.rel1.linux64_1.0.200.202406132123/tools/bin/../lib/gcc/arm-none-eabi/12.3.1/../../../../arm-none-eabi/lib/thumb/v7e-m+fp/hard/crt0.o (exit)
/opt/st/stm32cubeide_1.16.1/plugins/com.st.stm32cube.ide.mcu.externaltools.gnu-tools-for-stm32.12.3.rel1.linux64_1.0.200.202406132123/tools/bin/../lib/gcc/arm-none-eabi/12.3.1/../../../../arm-none-eabi/lib/thumb/v7e-m+fp/hard/libc_nano.a(libc_a-findfp.o)
                              /opt/st/stm32cubeide_1.16.1/plugins/com.st.stm32cube.ide.mcu.externaltools.gnu-tools-for-stm32.12.3.rel1.linux64_1.0.200.202406132123/tools/bin/../lib/gcc/arm-none-eabi/12.3.1/../../../../arm-none-eabi/lib/thumb/v7e-m+fp/hard/libc_nano.a(libc_a-exit.o) (__stdio_exit_handler)
/opt/st/stm32cubeide_1.16.1/plugins/com.st.stm32cube.ide.mcu.externaltools.gnu-tools-for-stm32.12.3.rel1.linux64_1.0.200.202406132123/tools/bin/../lib/gcc/arm-none-eabi/12.3.1/../../../../arm-none-eabi/lib/thumb/v7e-m+fp/hard/libc_nano.a(libc_a-fwalk.o)
                              /opt/st/stm32cubeide_1.16.1/plugins/com.st.stm32cube.ide.mcu.externaltools.gnu-tools-for-stm32.12.3.rel1.linux64_1.0.200.202406132123/tools/bin/../lib/gcc/arm-none-eabi/12.3.1/../../../../arm-none-eabi/lib/thumb/v7e-m+fp/hard/libc_nano.a(libc_a-findfp.o) (_fwalk_sglue)
/opt/st/stm32cubeide_1.16.1/plugins/com.st.stm32cube.ide.mcu.externaltools.gnu-tools-for-stm32.12.3.rel1.linux64_1.0.200.202406132123/tools/bin/../lib/gcc/arm-none-eabi/12.3.1/../../../../arm-none-eabi/lib/thumb/v7e-m+fp/hard/libc_nano.a(libc_a-printf.o)
                              ./Core/Src/main.o (printf)
/opt/st/stm32cubeide_1.16.1/plugins/com.st.stm32cube.ide.mcu.externaltools.gnu-tools-for-stm32.12.3.rel1.linux64_1.0.200.202406132123/tools/bin/../lib/gcc/arm-none-eabi/12.3.1/../../../../arm-none-eabi/lib/thumb/v7e-m+fp/hard/libc_nano.a(libc_a-stdio.o)
                              /opt/st/stm32cubeide_1.16.1/plugins/com.st.stm32cube.ide.mcu.externaltools.gnu-tools-for-stm32.12.3.rel1.linux64_1.0.200.202406132123/tools/bin/../lib/gcc/arm-none-eabi/12.3.1/../../../../arm-none-eabi/lib/thumb/v7e-m+fp/hard/libc_nano.a(libc_a-findfp.o) (__sread)
/opt/st/stm32cubeide_1.16.1/plugins/com.st.stm32cube.ide.mcu.externaltools.gnu-tools-for-stm32.12.3.rel1.linux64_1.0.200.202406132123/tools/bin/../lib/gcc/arm-none-eabi/12.3.1/../../../../arm-none-eabi/lib/thumb/v7e-m+fp/hard/libc_nano.a(libc_a-memcmp.o)
                              ./FreeRTOS/tasks.o (memcmp)
/opt/st/stm32cubeide_1.16.1/plugins/com.st.stm32cube.ide.mcu.externaltools.gnu-tools-for-stm32.12.3.rel1.linux64_1.0.200.202406132123/tools/bin/../lib/gcc/arm-none-eabi/12.3.1/../../../../arm-none-eabi/lib/thumb/v7e-m+fp/hard/libc_nano.a(libc_a-memset.o)
                              /opt/st/stm32cubeide_1.16.1/plugins/com.st.stm32cube.ide.mcu.externaltools.gnu-tools-for-stm32.12.3.rel1.linux64_1.0.200.202406132123/tools/bin/../lib/gcc/arm-none-eabi/12.3.1/../../../../arm-none-eabi/lib/thumb/v7e-m+fp/hard/crt0.o (memset)
/opt/st/stm32cubeide_1.16.1/plugins/com.st.stm32cube.ide.mcu.externaltools.gnu-tools-for-stm32.12.3.rel1.linux64_1.0.200.202406132123/tools/bin/../lib/gcc/arm-none-eabi/12.3.1/../../../../arm-none-eabi/lib/thumb/v7e-m+fp/hard/libc_nano.a(libc_a-closer.o)
                              /opt/st/stm32cubeide_1.16.1/plugins/com.st.stm32cube.ide.mcu.externaltools.gnu-tools-for-stm32.12.3.rel1.linux64_1.0.200.202406132123/tools/bin/../lib/gcc/arm-none-eabi/12.3.1/../../../../arm-none-eabi/lib/thumb/v7e-m+fp/hard/libc_nano.a(libc_a-stdio.o) (_close_r)
/opt/st/stm32cubeide_1.16.1/plugins/com.st.stm32cube.ide.mcu.externaltools.gnu-tools-for-stm32.12.3.rel1.linux64_1.0.200.202406132123/tools/bin/../lib/gcc/arm-none-eabi/12.3.1/../../../../arm-none-eabi/lib/thumb/v7e-m+fp/hard/libc_nano.a(libc_a-reent.o)
                              /opt/st/stm32cubeide_1.16.1/plugins/com.st.stm32cube.ide.mcu.externaltools.gnu-tools-for-stm32.12.3.rel1.linux64_1.0.200.202406132123/tools/bin/../lib/gcc/arm-none-eabi/12.3.1/../../../../arm-none-eabi/lib/thumb/v7e-m+fp/hard/libc_nano.a(libc_a-closer.o) (errno)
/opt/st/stm32cubeide_1.16.1/plugins/com.st.stm32cube.ide.mcu.externaltools.gnu-tools-for-stm32.12.3.rel1.linux64_1.0.200.202406132123/tools/bin/../lib/gcc/arm-none-eabi/12.3.1/../../../../arm-none-eabi/lib/thumb/v7e-m+fp/hard/libc_nano.a(libc_a-impure.o)
[...]
Memory Configuration

Name             Origin             Length             Attributes
RAM              0x20000000         0x00010000         xrw
FLASH            0x08000000         0x00040000         xr
*default*        0x00000000         0xffffffff

Linker script and memory map

LOAD /opt/st/stm32cubeide_1.16.1/plugins/com.st.stm32cube.ide.mcu.externaltools.gnu-tools-for-stm32.12.3.rel1.linux64_1.0.200.202406132123/tools/bin/../lib/gcc/arm-none-eabi/12.3.1/thumb/v7e-m+fp/hard/crti.o
LOAD /opt/st/stm32cubeide_1.16.1/plugins/com.st.stm32cube.ide.mcu.externaltools.gnu-tools-for-stm32.12.3.rel1.linux64_1.0.200.202406132123/tools/bin/../lib/gcc/arm-none-eabi/12.3.1/thumb/v7e-m+fp/hard/crtbegin.o
LOAD /opt/st/stm32cubeide_1.16.1/plugins/com.st.stm32cube.ide.mcu.externaltools.gnu-tools-for-stm32.12.3.rel1.linux64_1.0.200.202406132123/tools/bin/../lib/gcc/arm-none-eabi/12.3.1/../../../../arm-none-eabi/lib/thumb/v7e-m+fp/hard/crt0.o
LOAD ./Core/Src/main.o
LOAD ./Core/Src/stm32f4xx_hal_msp.o
LOAD ./Core/Src/stm32f4xx_hal_timebase_tim.o
LOAD ./Core/Src/stm32f4xx_it.o
LOAD ./Core/Src/syscalls.o
LOAD ./Core/Src/system_stm32f4xx.o
LOAD ./Core/Startup/startup_stm32f401ccux.o
LOAD ./Drivers/STM32F4xx_HAL_Driver/Src/stm32f4xx_hal.o
LOAD ./Drivers/STM32F4xx_HAL_Driver/Src/stm32f4xx_hal_cortex.o
LOAD ./Drivers/STM32F4xx_HAL_Driver/Src/stm32f4xx_hal_dma.o
LOAD ./Drivers/STM32F4xx_HAL_Driver/Src/stm32f4xx_hal_dma_ex.o
LOAD ./Drivers/STM32F4xx_HAL_Driver/Src/stm32f4xx_hal_exti.o
LOAD ./Drivers/STM32F4xx_HAL_Driver/Src/stm32f4xx_hal_flash.o
LOAD ./Drivers/STM32F4xx_HAL_Driver/Src/stm32f4xx_hal_flash_ex.o
LOAD ./Drivers/STM32F4xx_HAL_Driver/Src/stm32f4xx_hal_flash_ramfunc.o
LOAD ./Drivers/STM32F4xx_HAL_Driver/Src/stm32f4xx_hal_gpio.o
LOAD ./Drivers/STM32F4xx_HAL_Driver/Src/stm32f4xx_hal_pwr.o
LOAD ./Drivers/STM32F4xx_HAL_Driver/Src/stm32f4xx_hal_pwr_ex.o
LOAD ./Drivers/STM32F4xx_HAL_Driver/Src/stm32f4xx_hal_rcc.o
LOAD ./Drivers/STM32F4xx_HAL_Driver/Src/stm32f4xx_hal_rcc_ex.o
LOAD ./Drivers/STM32F4xx_HAL_Driver/Src/stm32f4xx_hal_tim.o
LOAD ./Drivers/STM32F4xx_HAL_Driver/Src/stm32f4xx_hal_tim_ex.o
LOAD ./FreeRTOS/croutine.o
LOAD ./FreeRTOS/event_groups.o
LOAD ./FreeRTOS/list.o
LOAD ./FreeRTOS/queue.o
LOAD ./FreeRTOS/stream_buffer.o
LOAD ./FreeRTOS/tasks.o
LOAD ./FreeRTOS/timers.o
LOAD ./FreeRTOS/portable/GCC/ARM_CM4F/port.o
LOAD ./FreeRTOS/portable/MemMang/heap_4.o
LOAD ./SEGGER/Config/SEGGER_SYSVIEW_Config_FreeRTOS.o
LOAD ./SEGGER/OS/SEGGER_SYSVIEW_FreeRTOS.o
LOAD ./SEGGER/SEGGER/SEGGER_RTT.o
LOAD ./SEGGER/SEGGER/SEGGER_RTT_ASM_ARMv7M.o
LOAD ./SEGGER/SEGGER/SEGGER_RTT_printf.o
LOAD ./SEGGER/SEGGER/SEGGER_SYSVIEW.o
LOAD ./SEGGER/SEGGER/Syscalls/SEGGER_RTT_Syscalls_GCC.o
START GROUP
LOAD /opt/st/stm32cubeide_1.16.1/plugins/com.st.stm32cube.ide.mcu.externaltools.gnu-tools-for-stm32.12.3.rel1.linux64_1.0.200.202406132123/tools/bin/../lib/gcc/arm-none-eabi/12.3.1/../../../../arm-none-eabi/lib/thumb/v7e-m+fp/hard/libc_nano.a
LOAD /opt/st/stm32cubeide_1.16.1/plugins/com.st.stm32cube.ide.mcu.externaltools.gnu-tools-for-stm32.12.3.rel1.linux64_1.0.200.202406132123/tools/bin/../lib/gcc/arm-none-eabi/12.3.1/../../../../arm-none-eabi/lib/thumb/v7e-m+fp/hard/libm.a
END GROUP
START GROUP
LOAD /opt/st/stm32cubeide_1.16.1/plugins/com.st.stm32cube.ide.mcu.externaltools.gnu-tools-for-stm32.12.3.rel1.linux64_1.0.200.202406132123/tools/bin/../lib/gcc/arm-none-eabi/12.3.1/thumb/v7e-m+fp/hard/libgcc.a
LOAD /opt/st/stm32cubeide_1.16.1/plugins/com.st.stm32cube.ide.mcu.externaltools.gnu-tools-for-stm32.12.3.rel1.linux64_1.0.200.202406132123/tools/bin/../lib/gcc/arm-none-eabi/12.3.1/../../../../arm-none-eabi/lib/thumb/v7e-m+fp/hard/libc_nano.a
END GROUP
START GROUP
LOAD /opt/st/stm32cubeide_1.16.1/plugins/com.st.stm32cube.ide.mcu.externaltools.gnu-tools-for-stm32.12.3.rel1.linux64_1.0.200.202406132123/tools/bin/../lib/gcc/arm-none-eabi/12.3.1/thumb/v7e-m+fp/hard/libgcc.a
LOAD /opt/st/stm32cubeide_1.16.1/plugins/com.st.stm32cube.ide.mcu.externaltools.gnu-tools-for-stm32.12.3.rel1.linux64_1.0.200.202406132123/tools/bin/../lib/gcc/arm-none-eabi/12.3.1/../../../../arm-none-eabi/lib/thumb/v7e-m+fp/hard/libc_nano.a
LOAD /opt/st/stm32cubeide_1.16.1/plugins/com.st.stm32cube.ide.mcu.externaltools.gnu-tools-for-stm32.12.3.rel1.linux64_1.0.200.202406132123/tools/bin/../lib/gcc/arm-none-eabi/12.3.1/../../../../arm-none-eabi/lib/thumb/v7e-m+fp/hard/libnosys.a
END GROUP
START GROUP
LOAD /opt/st/stm32cubeide_1.16.1/plugins/com.st.stm32cube.ide.mcu.externaltools.gnu-tools-for-stm32.12.3.rel1.linux64_1.0.200.202406132123/tools/bin/../lib/gcc/arm-none-eabi/12.3.1/thumb/v7e-m+fp/hard/libgcc.a
LOAD /opt/st/stm32cubeide_1.16.1/plugins/com.st.stm32cube.ide.mcu.externaltools.gnu-tools-for-stm32.12.3.rel1.linux64_1.0.200.202406132123/tools/bin/../lib/gcc/arm-none-eabi/12.3.1/../../../../arm-none-eabi/lib/thumb/v7e-m+fp/hard/libc_nano.a
LOAD /opt/st/stm32cubeide_1.16.1/plugins/com.st.stm32cube.ide.mcu.externaltools.gnu-tools-for-stm32.12.3.rel1.linux64_1.0.200.202406132123/tools/bin/../lib/gcc/arm-none-eabi/12.3.1/../../../../arm-none-eabi/lib/thumb/v7e-m+fp/hard/libnosys.a
END GROUP
LOAD /opt/st/stm32cubeide_1.16.1/plugins/com.st.stm32cube.ide.mcu.externaltools.gnu-tools-for-stm32.12.3.rel1.linux64_1.0.200.202406132123/tools/bin/../lib/gcc/arm-none-eabi/12.3.1/thumb/v7e-m+fp/hard/crtend.o
LOAD /opt/st/stm32cubeide_1.16.1/plugins/com.st.stm32cube.ide.mcu.externaltools.gnu-tools-for-stm32.12.3.rel1.linux64_1.0.200.202406132123/tools/bin/../lib/gcc/arm-none-eabi/12.3.1/thumb/v7e-m+fp/hard/crtn.o
                0x20010000                        _estack = (ORIGIN (RAM) + LENGTH (RAM))
                0x00000200                        _Min_Heap_Size = 0x200
                0x00000400                        _Min_Stack_Size = 0x400

.isr_vector     0x08000000      0x194
                0x08000000                        . = ALIGN (0x4)
 *(.isr_vector)
 .isr_vector    0x08000000      0x194 ./Core/Startup/startup_stm32f401ccux.o
                0x08000000                g_pfnVectors
                0x08000194                        . = ALIGN (0x4)

.text           0x080001a0     0x5758
                0x080001a0                        . = ALIGN (0x4)
 *(.text)
 .text          0x080001a0       0x40 /opt/st/stm32cubeide_1.16.1/plugins/com.st.stm32cube.ide.mcu.externaltools.gnu-tools-for-stm32.12.3.rel1.linux64_1.0.200.202406132123/tools/bin/../lib/gcc/arm-none-eabi/12.3.1/thumb/v7e-m+fp/hard/crtbegin.o
 .text          0x080001e0       0x94 ./SEGGER/SEGGER/SEGGER_RTT_ASM_ARMv7M.o
                0x080001e0                SEGGER_RTT_ASM_WriteSkipNoLock
 *fill*         0x08000274        0xc 
 .text          0x08000280       0xa0 /opt/st/stm32cubeide_1.16.1/plugins/com.st.stm32cube.ide.mcu.externaltools.gnu-tools-for-stm32.12.3.rel1.linux64_1.0.200.202406132123/tools/bin/../lib/gcc/arm-none-eabi/12.3.1/../../../../arm-none-eabi/lib/thumb/v7e-m+fp/hard/libc_nano.a(libc_a-memchr.o)
                0x08000280                memchr
 .text          0x08000320       0x30 /opt/st/stm32cubeide_1.16.1/plugins/com.st.stm32cube.ide.mcu.externaltools.gnu-tools-for-stm32.12.3.rel1.linux64_1.0.200.202406132123/tools/bin/../lib/gcc/arm-none-eabi/12.3.1/thumb/v7e-m+fp/hard/libgcc.a(_aeabi_uldivmod.o)
                0x08000320                __aeabi_uldivmod
 .text          0x08000350      0x2bc /opt/st/stm32cubeide_1.16.1/plugins/com.st.stm32cube.ide.mcu.externaltools.gnu-tools-for-stm32.12.3.rel1.linux64_1.0.200.202406132123/tools/bin/../lib/gcc/arm-none-eabi/12.3.1/thumb/v7e-m+fp/hard/libgcc.a(_udivmoddi4.o)
                0x08000350                __udivmoddi4
 .text          0x0800060c        0x4 /opt/st/stm32cubeide_1.16.1/plugins/com.st.stm32cube.ide.mcu.externaltools.gnu-tools-for-stm32.12.3.rel1.linux64_1.0.200.202406132123/tools/bin/../lib/gcc/arm-none-eabi/12.3.1/thumb/v7e-m+fp/hard/libgcc.a(_dvmd_tls.o)
                0x0800060c                __aeabi_ldiv0
                0x0800060c                __aeabi_idiv0
 *(.text*)
 .text.main     0x08000610       0xb4 ./Core/Src/main.o
                0x08000610                main
 .text.SystemClock_Config
                0x080006c4       0xc0 ./Core/Src/main.o
                0x080006c4                SystemClock_Config
 .text.MX_GPIO_Init
                0x08000784       0x6c ./Core/Src/main.o
 .text.hello1Func
                0x080007f0       0x20 ./Core/Src/main.o
 .text.hello2Func
                0x08000810       0x20 ./Core/Src/main.o
 .text.HAL_TIM_PeriodElapsedCallback
                0x08000830       0x24 ./Core/Src/main.o
                0x08000830                HAL_TIM_PeriodElapsedCallback
 .text.Error_Handler
                0x08000854        0xc ./Core/Src/main.o
                0x08000854                Error_Handler
 .text.HAL_MspInit
                0x08000860       0x50 ./Core/Src/stm32f4xx_hal_msp.o
                0x08000860                HAL_MspInit
 .text.HAL_InitTick
                0x080008b0       0xf8 ./Core/Src/stm32f4xx_hal_timebase_tim.o
                0x080008b0                HAL_InitTick
 .text.NMI_Handler
                0x080009a8        0x8 ./Core/Src/stm32f4xx_it.o
                0x080009a8                NMI_Handler
 .text.HardFault_Handler
                0x080009b0        0x8 ./Core/Src/stm32f4xx_it.o
                0x080009b0                HardFault_Handler
 .text.MemManage_Handler
                0x080009b8        0x8 ./Core/Src/stm32f4xx_it.o
                0x080009b8                MemManage_Handler
 .text.BusFault_Handler
                0x080009c0        0x8 ./Core/Src/stm32f4xx_it.o
                0x080009c0                BusFault_Handler
 .text.UsageFault_Handler
                0x080009c8        0x8 ./Core/Src/stm32f4xx_it.o
                0x080009c8                UsageFault_Handler
 .text.DebugMon_Handler
                0x080009d0        0xe ./Core/Src/stm32f4xx_it.o
                0x080009d0                DebugMon_Handler
 *fill*         0x080009de        0x2 
 .text.TIM5_IRQHandler
                0x080009e0       0x14 ./Core/Src/stm32f4xx_it.o
                0x080009e0                TIM5_IRQHandler
 .text._read    0x080009f4       0x3a ./Core/Src/syscalls.o
                0x080009f4                _read
 .text._close   0x08000a2e       0x18 ./Core/Src/syscalls.o
                0x08000a2e                _close
 .text._fstat   0x08000a46       0x20 ./Core/Src/syscalls.o
                0x08000a46                _fstat
 .text._isatty  0x08000a66       0x16 ./Core/Src/syscalls.o
                0x08000a66                _isatty
 .text._lseek   0x08000a7c       0x1a ./Core/Src/syscalls.o
                0x08000a7c                _lseek
 *fill*         0x08000a96        0x2 
 .text.SystemInit
                0x08000a98       0x24 ./Core/Src/system_stm32f4xx.o
                0x08000a98                SystemInit
 .text.Reset_Handler
                0x08000abc       0x50 ./Core/Startup/startup_stm32f401ccux.o
                0x08000abc                Reset_Handler
 .text.Default_Handler
                0x08000b0c        0x2 ./Core/Startup/startup_stm32f401ccux.o
                0x08000b0c                RTC_Alarm_IRQHandler
                0x08000b0c                EXTI2_IRQHandler
                0x08000b0c                SPI4_IRQHandler
                0x08000b0c                TIM1_CC_IRQHandler
                0x08000b0c                DMA2_Stream5_IRQHandler
                0x08000b0c                DMA1_Stream5_IRQHandler
                0x08000b0c                PVD_IRQHandler
                0x08000b0c                SDIO_IRQHandler
                0x08000b0c                TAMP_STAMP_IRQHandler
                0x08000b0c                EXTI3_IRQHandler
                0x08000b0c                TIM1_UP_TIM10_IRQHandler
                0x08000b0c                I2C3_ER_IRQHandler
                0x08000b0c                EXTI0_IRQHandler
                0x08000b0c                I2C2_EV_IRQHandler
                0x08000b0c                DMA1_Stream2_IRQHandler
                0x08000b0c                FPU_IRQHandler
                0x08000b0c                DMA2_Stream2_IRQHandler
                0x08000b0c                SPI1_IRQHandler
                0x08000b0c                TIM1_BRK_TIM9_IRQHandler
                0x08000b0c                DMA2_Stream3_IRQHandler
                0x08000b0c                USART6_IRQHandler
                0x08000b0c                DMA2_Stream0_IRQHandler
                0x08000b0c                TIM4_IRQHandler
                0x08000b0c                I2C1_EV_IRQHandler
                0x08000b0c                DMA1_Stream6_IRQHandler
                0x08000b0c                DMA1_Stream1_IRQHandler
                0x08000b0c                TIM3_IRQHandler
                0x08000b0c                RCC_IRQHandler
                0x08000b0c                Default_Handler
                0x08000b0c                EXTI15_10_IRQHandler
                0x08000b0c                ADC_IRQHandler
                0x08000b0c                DMA1_Stream7_IRQHandler
                0x08000b0c                DMA2_Stream7_IRQHandler
                0x08000b0c                I2C3_EV_IRQHandler
                0x08000b0c                EXTI9_5_IRQHandler
                0x08000b0c                RTC_WKUP_IRQHandler
                0x08000b0c                SPI2_IRQHandler
                0x08000b0c                DMA1_Stream0_IRQHandler
                0x08000b0c                EXTI4_IRQHandler
                0x08000b0c                WWDG_IRQHandler
                0x08000b0c                TIM2_IRQHandler
                0x08000b0c                OTG_FS_WKUP_IRQHandler
                0x08000b0c                TIM1_TRG_COM_TIM11_IRQHandler
                0x08000b0c                EXTI1_IRQHandler
                0x08000b0c                USART2_IRQHandler
                0x08000b0c                I2C2_ER_IRQHandler
                0x08000b0c                DMA2_Stream1_IRQHandler
                0x08000b0c                FLASH_IRQHandler
                0x08000b0c                DMA2_Stream4_IRQHandler
                0x08000b0c                USART1_IRQHandler
                0x08000b0c                OTG_FS_IRQHandler
                0x08000b0c                SPI3_IRQHandler
                0x08000b0c                DMA1_Stream4_IRQHandler
                0x08000b0c                I2C1_ER_IRQHandler
                0x08000b0c                DMA2_Stream6_IRQHandler
                0x08000b0c                DMA1_Stream3_IRQHandler
 *fill*         0x08000b0e        0x2 
 .text.HAL_Init
                0x08000b10       0x44 ./Drivers/STM32F4xx_HAL_Driver/Src/stm32f4xx_hal.o
                0x08000b10                HAL_Init
 .text.HAL_IncTick
                0x08000b54       0x28 ./Drivers/STM32F4xx_HAL_Driver/Src/stm32f4xx_hal.o
                0x08000b54                HAL_IncTick
 .text.HAL_GetTick
                0x08000b7c       0x18 ./Drivers/STM32F4xx_HAL_Driver/Src/stm32f4xx_hal.o
                0x08000b7c                HAL_GetTick
 .text.__NVIC_SetPriorityGrouping
                0x08000b94       0x48 ./Drivers/STM32F4xx_HAL_Driver/Src/stm32f4xx_hal_cortex.o
 .text.__NVIC_GetPriorityGrouping
                0x08000bdc       0x1c ./Drivers/STM32F4xx_HAL_Driver/Src/stm32f4xx_hal_cortex.o
 .text.__NVIC_EnableIRQ
                0x08000bf8       0x3c ./Drivers/STM32F4xx_HAL_Driver/Src/stm32f4xx_hal_cortex.o
 .text.__NVIC_SetPriority
                0x08000c34       0x54 ./Drivers/STM32F4xx_HAL_Driver/Src/stm32f4xx_hal_cortex.o
 .text.NVIC_EncodePriority
                0x08000c88       0x66 ./Drivers/STM32F4xx_HAL_Driver/Src/stm32f4xx_hal_cortex.o
 .text.HAL_NVIC_SetPriorityGrouping
                0x08000cee       0x16 ./Drivers/STM32F4xx_HAL_Driver/Src/stm32f4xx_hal_cortex.o
                0x08000cee                HAL_NVIC_SetPriorityGrouping
 .text.HAL_NVIC_SetPriority
                0x08000d04       0x38 ./Drivers/STM32F4xx_HAL_Driver/Src/stm32f4xx_hal_cortex.o
                0x08000d04                HAL_NVIC_SetPriority
 .text.HAL_NVIC_EnableIRQ
                0x08000d3c       0x1c ./Drivers/STM32F4xx_HAL_Driver/Src/stm32f4xx_hal_cortex.o
                0x08000d3c                HAL_NVIC_EnableIRQ
 .text.HAL_RCC_OscConfig
                0x08000d58      0x4f0 ./Drivers/STM32F4xx_HAL_Driver/Src/stm32f4xx_hal_rcc.o
                0x08000d58                HAL_RCC_OscConfig
 .text.HAL_RCC_ClockConfig
                0x08001248      0x1cc ./Drivers/STM32F4xx_HAL_Driver/Src/stm32f4xx_hal_rcc.o
                0x08001248                HAL_RCC_ClockConfig
 .text.HAL_RCC_GetSysClockFreq
                0x08001414      0x18c ./Drivers/STM32F4xx_HAL_Driver/Src/stm32f4xx_hal_rcc.o
                0x08001414                HAL_RCC_GetSysClockFreq
 .text.HAL_RCC_GetHCLKFreq
                0x080015a0       0x18 ./Drivers/STM32F4xx_HAL_Driver/Src/stm32f4xx_hal_rcc.o
                0x080015a0                HAL_RCC_GetHCLKFreq
 .text.HAL_RCC_GetPCLK1Freq
                0x080015b8       0x28 ./Drivers/STM32F4xx_HAL_Driver/Src/stm32f4xx_hal_rcc.o
                0x080015b8                HAL_RCC_GetPCLK1Freq
 .text.HAL_RCC_GetClockConfig
                0x080015e0       0x64 ./Drivers/STM32F4xx_HAL_Driver/Src/stm32f4xx_hal_rcc.o
                0x080015e0                HAL_RCC_GetClockConfig
 .text.HAL_TIM_Base_Init
                0x08001644       0x9e ./Drivers/STM32F4xx_HAL_Driver/Src/stm32f4xx_hal_tim.o
                0x08001644                HAL_TIM_Base_Init
 .text.HAL_TIM_Base_MspInit
                0x080016e2       0x14 ./Drivers/STM32F4xx_HAL_Driver/Src/stm32f4xx_hal_tim.o
                0x080016e2                HAL_TIM_Base_MspInit
 *fill*         0x080016f6        0x2 
 .text.HAL_TIM_Base_Start_IT
                0x080016f8       0xc4 ./Drivers/STM32F4xx_HAL_Driver/Src/stm32f4xx_hal_tim.o
                0x080016f8                HAL_TIM_Base_Start_IT
 .text.HAL_TIM_IRQHandler
                0x080017bc      0x1e0 ./Drivers/STM32F4xx_HAL_Driver/Src/stm32f4xx_hal_tim.o
                0x080017bc                HAL_TIM_IRQHandler
 .text.HAL_TIM_OC_DelayElapsedCallback
                0x0800199c       0x14 ./Drivers/STM32F4xx_HAL_Driver/Src/stm32f4xx_hal_tim.o
                0x0800199c                HAL_TIM_OC_DelayElapsedCallback
 .text.HAL_TIM_IC_CaptureCallback
                0x080019b0       0x14 ./Drivers/STM32F4xx_HAL_Driver/Src/stm32f4xx_hal_tim.o
                0x080019b0                HAL_TIM_IC_CaptureCallback
 .text.HAL_TIM_PWM_PulseFinishedCallback
                0x080019c4       0x14 ./Drivers/STM32F4xx_HAL_Driver/Src/stm32f4xx_hal_tim.o
                0x080019c4                HAL_TIM_PWM_PulseFinishedCallback
 .text.HAL_TIM_TriggerCallback
                0x080019d8       0x14 ./Drivers/STM32F4xx_HAL_Driver/Src/stm32f4xx_hal_tim.o
                0x080019d8                HAL_TIM_TriggerCallback
 .text.TIM_Base_SetConfig
                0x080019ec      0x118 ./Drivers/STM32F4xx_HAL_Driver/Src/stm32f4xx_hal_tim.o
                0x080019ec                TIM_Base_SetConfig
 .text.HAL_TIMEx_CommutCallback
                0x08001b04       0x14 ./Drivers/STM32F4xx_HAL_Driver/Src/stm32f4xx_hal_tim_ex.o
                0x08001b04                HAL_TIMEx_CommutCallback
 .text.HAL_TIMEx_BreakCallback
                0x08001b18       0x14 ./Drivers/STM32F4xx_HAL_Driver/Src/stm32f4xx_hal_tim_ex.o
                0x08001b18                HAL_TIMEx_BreakCallback
 .text.vListInitialise
                0x08001b2c       0x40 ./FreeRTOS/list.o
                0x08001b2c                vListInitialise
 .text.vListInitialiseItem
                0x08001b6c       0x1a ./FreeRTOS/list.o
                0x08001b6c                vListInitialiseItem
 .text.uxListRemove
                0x08001b86       0x54 ./FreeRTOS/list.o
                0x08001b86                uxListRemove
 .text.xTaskCreate
                0x08001bda       0x8c ./FreeRTOS/tasks.o
                0x08001bda                xTaskCreate
 .text.prvInitialiseNewTask
                0x08001c66      0x120 ./FreeRTOS/tasks.o
 *fill*         0x08001d86        0x2 
 .text.prvAddNewTaskToReadyList
                0x08001d88      0x168 ./FreeRTOS/tasks.o
 .text.vTaskStartScheduler
                0x08001ef0       0xc4 ./FreeRTOS/tasks.o
                0x08001ef0                vTaskStartScheduler
 .text.vTaskSuspendAll
                0x08001fb4       0x1c ./FreeRTOS/tasks.o
                0x08001fb4                vTaskSuspendAll
 .text.xTaskResumeAll
                0x08001fd0      0x200 ./FreeRTOS/tasks.o
                0x08001fd0                xTaskResumeAll
 .text.xTaskGetTickCountFromISR
                0x080021d0       0x24 ./FreeRTOS/tasks.o
                0x080021d0                xTaskGetTickCountFromISR
 .text.xTaskIncrementTick
                0x080021f4      0x238 ./FreeRTOS/tasks.o
                0x080021f4                xTaskIncrementTick
 .text.vTaskSwitchContext
                0x0800242c       0xe0 ./FreeRTOS/tasks.o
                0x0800242c                vTaskSwitchContext
 .text.prvIdleTask
                0x0800250c       0x30 ./FreeRTOS/tasks.o
 .text.prvInitialiseTaskLists
                0x0800253c       0x80 ./FreeRTOS/tasks.o
 .text.prvCheckTasksWaitingTermination
                0x080025bc       0x5c ./FreeRTOS/tasks.o
 .text.prvDeleteTCB
                0x08002618       0x20 ./FreeRTOS/tasks.o
 .text.prvResetNextTaskUnblockTime
                0x08002638       0x38 ./FreeRTOS/tasks.o
 .text.pxPortInitialiseStack
                0x08002670       0x68 ./FreeRTOS/portable/GCC/ARM_CM4F/port.o
                0x08002670                pxPortInitialiseStack
 .text.prvTaskExitError
                0x080026d8       0x5c ./FreeRTOS/portable/GCC/ARM_CM4F/port.o
 *fill*         0x08002734        0xc 
 .text.SVC_Handler
                0x08002740       0x28 ./FreeRTOS/portable/GCC/ARM_CM4F/port.o
                0x08002740                SVC_Handler
 .text.prvPortStartFirstTask
                0x08002768       0x2c ./FreeRTOS/portable/GCC/ARM_CM4F/port.o
 .text.xPortStartScheduler
                0x08002794      0x148 ./FreeRTOS/portable/GCC/ARM_CM4F/port.o
                0x08002794                xPortStartScheduler
 .text.vInitPrioGroupValue
                0x080028dc      0x100 ./FreeRTOS/portable/GCC/ARM_CM4F/port.o
                0x080028dc                vInitPrioGroupValue
 .text.vPortEnterCritical
                0x080029dc       0x64 ./FreeRTOS/portable/GCC/ARM_CM4F/port.o
                0x080029dc                vPortEnterCritical
 .text.vPortExitCritical
                0x08002a40       0x54 ./FreeRTOS/portable/GCC/ARM_CM4F/port.o
                0x08002a40                vPortExitCritical
 *fill*         0x08002a94        0xc 
 .text.PendSV_Handler
                0x08002aa0       0x68 ./FreeRTOS/portable/GCC/ARM_CM4F/port.o
                0x08002aa0                PendSV_Handler
 .text.SysTick_Handler
                0x08002b08       0x54 ./FreeRTOS/portable/GCC/ARM_CM4F/port.o
                0x08002b08                SysTick_Handler
 .text.vPortSetupTimerInterrupt
                0x08002b5c       0x48 ./FreeRTOS/portable/GCC/ARM_CM4F/port.o
                0x08002b5c                vPortSetupTimerInterrupt
 .text.vPortEnableVFP
                0x08002ba4       0x18 ./FreeRTOS/portable/GCC/ARM_CM4F/port.o
 .text.vPortValidateInterruptPriority
                0x08002bbc       0x84 ./FreeRTOS/portable/GCC/ARM_CM4F/port.o
                0x08002bbc                vPortValidateInterruptPriority
 .text.pvPortMalloc
                0x08002c40      0x178 ./FreeRTOS/portable/MemMang/heap_4.o
                0x08002c40                pvPortMalloc
 .text.vPortFree
                0x08002db8       0xbc ./FreeRTOS/portable/MemMang/heap_4.o
                0x08002db8                vPortFree
 .text.prvHeapInit
                0x08002e74       0xb8 ./FreeRTOS/portable/MemMang/heap_4.o
 .text.prvInsertBlockIntoFreeList
                0x08002f2c       0xb4 ./FreeRTOS/portable/MemMang/heap_4.o
 .text._cbSendSystemDesc
                0x08002fe0       0x1c ./SEGGER/Config/SEGGER_SYSVIEW_Config_FreeRTOS.o
 .text.SEGGER_SYSVIEW_Conf
                0x08002ffc       0x2c ./SEGGER/Config/SEGGER_SYSVIEW_Config_FreeRTOS.o
                0x08002ffc                SEGGER_SYSVIEW_Conf
 .text._cbSendTaskList
                0x08003028       0x90 ./SEGGER/OS/SEGGER_SYSVIEW_FreeRTOS.o
 .text._cbGetTime
                0x080030b8       0x86 ./SEGGER/OS/SEGGER_SYSVIEW_FreeRTOS.o
 *fill*         0x0800313e        0x2 
 .text.SYSVIEW_AddTask
                0x08003140       0xd0 ./SEGGER/OS/SEGGER_SYSVIEW_FreeRTOS.o
                0x08003140                SYSVIEW_AddTask
 .text.SYSVIEW_SendTaskInfo
                0x08003210       0x42 ./SEGGER/OS/SEGGER_SYSVIEW_FreeRTOS.o
                0x08003210                SYSVIEW_SendTaskInfo
 *fill*         0x08003252        0x2 
 .text._DoInit  0x08003254       0xb4 ./SEGGER/SEGGER/SEGGER_RTT.o
 .text._WriteBlocking
                0x08003308       0xba ./SEGGER/SEGGER/SEGGER_RTT.o
 .text._WriteNoCheck
                0x080033c2       0x90 ./SEGGER/SEGGER/SEGGER_RTT.o
 .text._GetAvailWriteSpace
                0x08003452       0x46 ./SEGGER/SEGGER/SEGGER_RTT.o
 .text.SEGGER_RTT_ReadNoLock
                0x08003498      0x10c ./SEGGER/SEGGER/SEGGER_RTT.o
                0x08003498                SEGGER_RTT_ReadNoLock
 .text.SEGGER_RTT_WriteNoLock
                0x080035a4       0xa0 ./SEGGER/SEGGER/SEGGER_RTT.o
                0x080035a4                SEGGER_RTT_WriteNoLock
 .text.SEGGER_RTT_Write
                0x08003644       0x4c ./SEGGER/SEGGER/SEGGER_RTT.o
                0x08003644                SEGGER_RTT_Write
 .text.SEGGER_RTT_AllocUpBuffer
                0x08003690      0x108 ./SEGGER/SEGGER/SEGGER_RTT.o
                0x08003690                SEGGER_RTT_AllocUpBuffer
 .text.SEGGER_RTT_ConfigDownBuffer
                0x08003798       0x98 ./SEGGER/SEGGER/SEGGER_RTT.o
                0x08003798                SEGGER_RTT_ConfigDownBuffer
 .text._EncodeStr
                0x08003830       0x72 ./SEGGER/SEGGER/SEGGER_SYSVIEW.o
 .text._PreparePacket
                0x080038a2       0x18 ./SEGGER/SEGGER/SEGGER_SYSVIEW.o
 *fill*         0x080038ba        0x2 
 .text._HandleIncomingPacket
                0x080038bc       0xdc ./SEGGER/SEGGER/SEGGER_SYSVIEW.o
 .text._TrySendOverflowPacket
                0x08003998       0xe4 ./SEGGER/SEGGER/SEGGER_SYSVIEW.o
 .text._SendPacket
                0x08003a7c      0x2dc ./SEGGER/SEGGER/SEGGER_SYSVIEW.o
 .text.SEGGER_SYSVIEW_Init
                0x08003d58       0x88 ./SEGGER/SEGGER/SEGGER_SYSVIEW.o
                0x08003d58                SEGGER_SYSVIEW_Init
 .text.SEGGER_SYSVIEW_SetRAMBase
                0x08003de0       0x20 ./SEGGER/SEGGER/SEGGER_SYSVIEW.o
                0x08003de0                SEGGER_SYSVIEW_SetRAMBase
 .text.SEGGER_SYSVIEW_RecordVoid
                0x08003e00       0x3c ./SEGGER/SEGGER/SEGGER_SYSVIEW.o
                0x08003e00                SEGGER_SYSVIEW_RecordVoid
 .text.SEGGER_SYSVIEW_RecordU32
                0x08003e3c       0x78 ./SEGGER/SEGGER/SEGGER_SYSVIEW.o
                0x08003e3c                SEGGER_SYSVIEW_RecordU32
 .text.SEGGER_SYSVIEW_RecordU32x2
                0x08003eb4       0xb4 ./SEGGER/SEGGER/SEGGER_SYSVIEW.o
                0x08003eb4                SEGGER_SYSVIEW_RecordU32x2
 .text.SEGGER_SYSVIEW_Start
                0x08003f68      0x174 ./SEGGER/SEGGER/SEGGER_SYSVIEW.o
                0x08003f68                SEGGER_SYSVIEW_Start
 .text.SEGGER_SYSVIEW_Stop
                0x080040dc       0x4c ./SEGGER/SEGGER/SEGGER_SYSVIEW.o
                0x080040dc                SEGGER_SYSVIEW_Stop
 .text.SEGGER_SYSVIEW_GetSysDesc
                0x08004128      0x134 ./SEGGER/SEGGER/SEGGER_SYSVIEW.o
                0x08004128                SEGGER_SYSVIEW_GetSysDesc
 .text.SEGGER_SYSVIEW_SendTaskInfo
                0x0800425c      0x1c8 ./SEGGER/SEGGER/SEGGER_SYSVIEW.o
                0x0800425c                SEGGER_SYSVIEW_SendTaskInfo
 .text.SEGGER_SYSVIEW_SendTaskList
                0x08004424       0x28 ./SEGGER/SEGGER/SEGGER_SYSVIEW.o
                0x08004424                SEGGER_SYSVIEW_SendTaskList
 .text.SEGGER_SYSVIEW_SendSysDesc
                0x0800444c       0x48 ./SEGGER/SEGGER/SEGGER_SYSVIEW.o
                0x0800444c                SEGGER_SYSVIEW_SendSysDesc
 .text.SEGGER_SYSVIEW_RecordSystime
                0x08004494       0x64 ./SEGGER/SEGGER/SEGGER_SYSVIEW.o
                0x08004494                SEGGER_SYSVIEW_RecordSystime
 .text.SEGGER_SYSVIEW_RecordEnterISR
                0x080044f8       0x84 ./SEGGER/SEGGER/SEGGER_SYSVIEW.o
                0x080044f8                SEGGER_SYSVIEW_RecordEnterISR
 .text.SEGGER_SYSVIEW_RecordExitISR
                0x0800457c       0x38 ./SEGGER/SEGGER/SEGGER_SYSVIEW.o
                0x0800457c                SEGGER_SYSVIEW_RecordExitISR
 .text.SEGGER_SYSVIEW_RecordExitISRToScheduler
                0x080045b4       0x38 ./SEGGER/SEGGER/SEGGER_SYSVIEW.o
                0x080045b4                SEGGER_SYSVIEW_RecordExitISRToScheduler
 .text.SEGGER_SYSVIEW_OnIdle
                0x080045ec       0x38 ./SEGGER/SEGGER/SEGGER_SYSVIEW.o
                0x080045ec                SEGGER_SYSVIEW_OnIdle
 .text.SEGGER_SYSVIEW_OnTaskCreate
                0x08004624       0x84 ./SEGGER/SEGGER/SEGGER_SYSVIEW.o
                0x08004624                SEGGER_SYSVIEW_OnTaskCreate
 .text.SEGGER_SYSVIEW_OnTaskStartExec
                0x080046a8       0x84 ./SEGGER/SEGGER/SEGGER_SYSVIEW.o
                0x080046a8                SEGGER_SYSVIEW_OnTaskStartExec
 .text.SEGGER_SYSVIEW_OnTaskStartReady
                0x0800472c       0x84 ./SEGGER/SEGGER/SEGGER_SYSVIEW.o
                0x0800472c                SEGGER_SYSVIEW_OnTaskStartReady
 .text.SEGGER_SYSVIEW_SendModule
                0x080047b0      0x114 ./SEGGER/SEGGER/SEGGER_SYSVIEW.o
                0x080047b0                SEGGER_SYSVIEW_SendModule
 .text.SEGGER_SYSVIEW_SendModuleDescription
                0x080048c4       0x3c ./SEGGER/SEGGER/SEGGER_SYSVIEW.o
                0x080048c4                SEGGER_SYSVIEW_SendModuleDescription
 .text.SEGGER_SYSVIEW_SendNumModules
                0x08004900       0x7c ./SEGGER/SEGGER/SEGGER_SYSVIEW.o
                0x08004900                SEGGER_SYSVIEW_SendNumModules
 .text.SEGGER_SYSVIEW_Warn
                0x0800497c       0xb8 ./SEGGER/SEGGER/SEGGER_SYSVIEW.o
                0x0800497c                SEGGER_SYSVIEW_Warn
 .text._write_r
                0x08004a34       0x22 ./SEGGER/SEGGER/Syscalls/SEGGER_RTT_Syscalls_GCC.o
                0x08004a34                _write_r
 *fill*         0x08004a56        0x2 
 .text.std      0x08004a58       0x6c /opt/st/stm32cubeide_1.16.1/plugins/com.st.stm32cube.ide.mcu.externaltools.gnu-tools-for-stm32.12.3.rel1.linux64_1.0.200.202406132123/tools/bin/../lib/gcc/arm-none-eabi/12.3.1/../../../../arm-none-eabi/lib/thumb/v7e-m+fp/hard/libc_nano.a(libc_a-findfp.o)
 .text.stdio_exit_handler
                0x08004ac4       0x18 /opt/st/stm32cubeide_1.16.1/plugins/com.st.stm32cube.ide.mcu.externaltools.gnu-tools-for-stm32.12.3.rel1.linux64_1.0.200.202406132123/tools/bin/../lib/gcc/arm-none-eabi/12.3.1/../../../../arm-none-eabi/lib/thumb/v7e-m+fp/hard/libc_nano.a(libc_a-findfp.o)
 .text.cleanup_stdio
                0x08004adc       0x40 /opt/st/stm32cubeide_1.16.1/plugins/com.st.stm32cube.ide.mcu.externaltools.gnu-tools-for-stm32.12.3.rel1.linux64_1.0.200.202406132123/tools/bin/../lib/gcc/arm-none-eabi/12.3.1/../../../../arm-none-eabi/lib/thumb/v7e-m+fp/hard/libc_nano.a(libc_a-findfp.o)
 .text.global_stdio_init.part.0
                0x08004b1c       0x3c /opt/st/stm32cubeide_1.16.1/plugins/com.st.stm32cube.ide.mcu.externaltools.gnu-tools-for-stm32.12.3.rel1.linux64_1.0.200.202406132123/tools/bin/../lib/gcc/arm-none-eabi/12.3.1/../../../../arm-none-eabi/lib/thumb/v7e-m+fp/hard/libc_nano.a(libc_a-findfp.o)
 .text.__sfp_lock_acquire
                0x08004b58        0xc /opt/st/stm32cubeide_1.16.1/plugins/com.st.stm32cube.ide.mcu.externaltools.gnu-tools-for-stm32.12.3.rel1.linux64_1.0.200.202406132123/tools/bin/../lib/gcc/arm-none-eabi/12.3.1/../../../../arm-none-eabi/lib/thumb/v7e-m+fp/hard/libc_nano.a(libc_a-findfp.o)
                0x08004b58                __sfp_lock_acquire
 .text.__sfp_lock_release
                0x08004b64        0xc /opt/st/stm32cubeide_1.16.1/plugins/com.st.stm32cube.ide.mcu.externaltools.gnu-tools-for-stm32.12.3.rel1.linux64_1.0.200.202406132123/tools/bin/../lib/gcc/arm-none-eabi/12.3.1/../../../../arm-none-eabi/lib/thumb/v7e-m+fp/hard/libc_nano.a(libc_a-findfp.o)
                0x08004b64                __sfp_lock_release
 .text.__sinit  0x08004b70       0x30 /opt/st/stm32cubeide_1.16.1/plugins/com.st.stm32cube.ide.mcu.externaltools.gnu-tools-for-stm32.12.3.rel1.linux64_1.0.200.202406132123/tools/bin/../lib/gcc/arm-none-eabi/12.3.1/../../../../arm-none-eabi/lib/thumb/v7e-m+fp/hard/libc_nano.a(libc_a-findfp.o)
                0x08004b70                __sinit
 .text._fwalk_sglue
                0x08004ba0       0x3c /opt/st/stm32cubeide_1.16.1/plugins/com.st.stm32cube.ide.mcu.externaltools.gnu-tools-for-stm32.12.3.rel1.linux64_1.0.200.202406132123/tools/bin/../lib/gcc/arm-none-eabi/12.3.1/../../../../arm-none-eabi/lib/thumb/v7e-m+fp/hard/libc_nano.a(libc_a-fwalk.o)
                0x08004ba0                _fwalk_sglue
 .text.printf   0x08004bdc       0x24 /opt/st/stm32cubeide_1.16.1/plugins/com.st.stm32cube.ide.mcu.externaltools.gnu-tools-for-stm32.12.3.rel1.linux64_1.0.200.202406132123/tools/bin/../lib/gcc/arm-none-eabi/12.3.1/../../../../arm-none-eabi/lib/thumb/v7e-m+fp/hard/libc_nano.a(libc_a-printf.o)
                0x08004bdc                printf
                0x08004bdc                iprintf
 .text.__sread  0x08004c00       0x22 /opt/st/stm32cubeide_1.16.1/plugins/com.st.stm32cube.ide.mcu.externaltools.gnu-tools-for-stm32.12.3.rel1.linux64_1.0.200.202406132123/tools/bin/../lib/gcc/arm-none-eabi/12.3.1/../../../../arm-none-eabi/lib/thumb/v7e-m+fp/hard/libc_nano.a(libc_a-stdio.o)
                0x08004c00                __sread
 .text.__swrite
                0x08004c22       0x38 /opt/st/stm32cubeide_1.16.1/plugins/com.st.stm32cube.ide.mcu.externaltools.gnu-tools-for-stm32.12.3.rel1.linux64_1.0.200.202406132123/tools/bin/../lib/gcc/arm-none-eabi/12.3.1/../../../../arm-none-eabi/lib/thumb/v7e-m+fp/hard/libc_nano.a(libc_a-stdio.o)
                0x08004c22                __swrite
 .text.__sseek  0x08004c5a       0x24 /opt/st/stm32cubeide_1.16.1/plugins/com.st.stm32cube.ide.mcu.externaltools.gnu-tools-for-stm32.12.3.rel1.linux64_1.0.200.202406132123/tools/bin/../lib/gcc/arm-none-eabi/12.3.1/../../../../arm-none-eabi/lib/thumb/v7e-m+fp/hard/libc_nano.a(libc_a-stdio.o)
                0x08004c5a                __sseek
 .text.__sclose
                0x08004c7e        0x8 /opt/st/stm32cubeide_1.16.1/plugins/com.st.stm32cube.ide.mcu.externaltools.gnu-tools-for-stm32.12.3.rel1.linux64_1.0.200.202406132123/tools/bin/../lib/gcc/arm-none-eabi/12.3.1/../../../../arm-none-eabi/lib/thumb/v7e-m+fp/hard/libc_nano.a(libc_a-stdio.o)
                0x08004c7e                __sclose
 .text.memcmp   0x08004c86       0x20 /opt/st/stm32cubeide_1.16.1/plugins/com.st.stm32cube.ide.mcu.externaltools.gnu-tools-for-stm32.12.3.rel1.linux64_1.0.200.202406132123/tools/bin/../lib/gcc/arm-none-eabi/12.3.1/../../../../arm-none-eabi/lib/thumb/v7e-m+fp/hard/libc_nano.a(libc_a-memcmp.o)
                0x08004c86                memcmp
 .text.memset   0x08004ca6       0x10 /opt/st/stm32cubeide_1.16.1/plugins/com.st.stm32cube.ide.mcu.externaltools.gnu-tools-for-stm32.12.3.rel1.linux64_1.0.200.202406132123/tools/bin/../lib/gcc/arm-none-eabi/12.3.1/../../../../arm-none-eabi/lib/thumb/v7e-m+fp/hard/libc_nano.a(libc_a-memset.o)
                0x08004ca6                memset
 *fill*         0x08004cb6        0x2 
 .text._close_r
                0x08004cb8       0x20 /opt/st/stm32cubeide_1.16.1/plugins/com.st.stm32cube.ide.mcu.externaltools.gnu-tools-for-stm32.12.3.rel1.linux64_1.0.200.202406132123/tools/bin/../lib/gcc/arm-none-eabi/12.3.1/../../../../arm-none-eabi/lib/thumb/v7e-m+fp/hard/libc_nano.a(libc_a-closer.o)
                0x08004cb8                _close_r
 .text._lseek_r
                0x08004cd8       0x24 /opt/st/stm32cubeide_1.16.1/plugins/com.st.stm32cube.ide.mcu.externaltools.gnu-tools-for-stm32.12.3.rel1.linux64_1.0.200.202406132123/tools/bin/../lib/gcc/arm-none-eabi/12.3.1/../../../../arm-none-eabi/lib/thumb/v7e-m+fp/hard/libc_nano.a(libc_a-lseekr.o)
                0x08004cd8                _lseek_r
 .text._read_r  0x08004cfc       0x24 /opt/st/stm32cubeide_1.16.1/plugins/com.st.stm32cube.ide.mcu.externaltools.gnu-tools-for-stm32.12.3.rel1.linux64_1.0.200.202406132123/tools/bin/../lib/gcc/arm-none-eabi/12.3.1/../../../../arm-none-eabi/lib/thumb/v7e-m+fp/hard/libc_nano.a(libc_a-readr.o)
                0x08004cfc                _read_r
 .text.__libc_init_array
                0x08004d20       0x48 /opt/st/stm32cubeide_1.16.1/plugins/com.st.stm32cube.ide.mcu.externaltools.gnu-tools-for-stm32.12.3.rel1.linux64_1.0.200.202406132123/tools/bin/../lib/gcc/arm-none-eabi/12.3.1/../../../../arm-none-eabi/lib/thumb/v7e-m+fp/hard/libc_nano.a(libc_a-init.o)
                0x08004d20                __libc_init_array
 .text.__retarget_lock_init_recursive
                0x08004d68        0x2 /opt/st/stm32cubeide_1.16.1/plugins/com.st.stm32cube.ide.mcu.externaltools.gnu-tools-for-stm32.12.3.rel1.linux64_1.0.200.202406132123/tools/bin/../lib/gcc/arm-none-eabi/12.3.1/../../../../arm-none-eabi/lib/thumb/v7e-m+fp/hard/libc_nano.a(libc_a-lock.o)
                0x08004d68                __retarget_lock_init_recursive
 .text.__retarget_lock_acquire_recursive
                0x08004d6a        0x2 /opt/st/stm32cubeide_1.16.1/plugins/com.st.stm32cube.ide.mcu.externaltools.gnu-tools-for-stm32.12.3.rel1.linux64_1.0.200.202406132123/tools/bin/../lib/gcc/arm-none-eabi/12.3.1/../../../../arm-none-eabi/lib/thumb/v7e-m+fp/hard/libc_nano.a(libc_a-lock.o)
                0x08004d6a                __retarget_lock_acquire_recursive
 .text.__retarget_lock_release_recursive
                0x08004d6c        0x2 /opt/st/stm32cubeide_1.16.1/plugins/com.st.stm32cube.ide.mcu.externaltools.gnu-tools-for-stm32.12.3.rel1.linux64_1.0.200.202406132123/tools/bin/../lib/gcc/arm-none-eabi/12.3.1/../../../../arm-none-eabi/lib/thumb/v7e-m+fp/hard/libc_nano.a(libc_a-lock.o)
                0x08004d6c                __retarget_lock_release_recursive
 .text.memcpy   0x08004d6e       0x1c /opt/st/stm32cubeide_1.16.1/plugins/com.st.stm32cube.ide.mcu.externaltools.gnu-tools-for-stm32.12.3.rel1.linux64_1.0.200.202406132123/tools/bin/../lib/gcc/arm-none-eabi/12.3.1/../../../../arm-none-eabi/lib/thumb/v7e-m+fp/hard/libc_nano.a(libc_a-memcpy-stub.o)
                0x08004d6e                memcpy
 *fill*         0x08004d8a        0x2 
 .text._free_r  0x08004d8c       0x94 /opt/st/stm32cubeide_1.16.1/plugins/com.st.stm32cube.ide.mcu.externaltools.gnu-tools-for-stm32.12.3.rel1.linux64_1.0.200.202406132123/tools/bin/../lib/gcc/arm-none-eabi/12.3.1/../../../../arm-none-eabi/lib/thumb/v7e-m+fp/hard/libc_nano.a(libc_a-freer.o)
                0x08004d8c                _free_r
 .text.sbrk_aligned
                0x08004e20       0x44 /opt/st/stm32cubeide_1.16.1/plugins/com.st.stm32cube.ide.mcu.externaltools.gnu-tools-for-stm32.12.3.rel1.linux64_1.0.200.202406132123/tools/bin/../lib/gcc/arm-none-eabi/12.3.1/../../../../arm-none-eabi/lib/thumb/v7e-m+fp/hard/libc_nano.a(libc_a-mallocr.o)
 .text._malloc_r
                0x08004e64      0x100 /opt/st/stm32cubeide_1.16.1/plugins/com.st.stm32cube.ide.mcu.externaltools.gnu-tools-for-stm32.12.3.rel1.linux64_1.0.200.202406132123/tools/bin/../lib/gcc/arm-none-eabi/12.3.1/../../../../arm-none-eabi/lib/thumb/v7e-m+fp/hard/libc_nano.a(libc_a-mallocr.o)
                0x08004e64                _malloc_r
 .text.__malloc_lock
                0x08004f64        0xc /opt/st/stm32cubeide_1.16.1/plugins/com.st.stm32cube.ide.mcu.externaltools.gnu-tools-for-stm32.12.3.rel1.linux64_1.0.200.202406132123/tools/bin/../lib/gcc/arm-none-eabi/12.3.1/../../../../arm-none-eabi/lib/thumb/v7e-m+fp/hard/libc_nano.a(libc_a-mlock.o)
                0x08004f64                __malloc_lock
 .text.__malloc_unlock
                0x08004f70        0xc /opt/st/stm32cubeide_1.16.1/plugins/com.st.stm32cube.ide.mcu.externaltools.gnu-tools-for-stm32.12.3.rel1.linux64_1.0.200.202406132123/tools/bin/../lib/gcc/arm-none-eabi/12.3.1/../../../../arm-none-eabi/lib/thumb/v7e-m+fp/hard/libc_nano.a(libc_a-mlock.o)
                0x08004f70                __malloc_unlock
 .text.__sfputc_r
                0x08004f7c       0x2e /opt/st/stm32cubeide_1.16.1/plugins/com.st.stm32cube.ide.mcu.externaltools.gnu-tools-for-stm32.12.3.rel1.linux64_1.0.200.202406132123/tools/bin/../lib/gcc/arm-none-eabi/12.3.1/../../../../arm-none-eabi/lib/thumb/v7e-m+fp/hard/libc_nano.a(libc_a-nano-vfprintf.o)
 .text.__sfputs_r
                0x08004faa       0x24 /opt/st/stm32cubeide_1.16.1/plugins/com.st.stm32cube.ide.mcu.externaltools.gnu-tools-for-stm32.12.3.rel1.linux64_1.0.200.202406132123/tools/bin/../lib/gcc/arm-none-eabi/12.3.1/../../../../arm-none-eabi/lib/thumb/v7e-m+fp/hard/libc_nano.a(libc_a-nano-vfprintf.o)
                0x08004faa                __sfputs_r
 *fill*         0x08004fce        0x2 
 .text._vfprintf_r
                0x08004fd0      0x230 /opt/st/stm32cubeide_1.16.1/plugins/com.st.stm32cube.ide.mcu.externaltools.gnu-tools-for-stm32.12.3.rel1.linux64_1.0.200.202406132123/tools/bin/../lib/gcc/arm-none-eabi/12.3.1/../../../../arm-none-eabi/lib/thumb/v7e-m+fp/hard/libc_nano.a(libc_a-nano-vfprintf.o)
                0x08004fd0                _vfiprintf_r
                0x08004fd0                _vfprintf_r
 .text._printf_common
                0x08005200       0xda /opt/st/stm32cubeide_1.16.1/plugins/com.st.stm32cube.ide.mcu.externaltools.gnu-tools-for-stm32.12.3.rel1.linux64_1.0.200.202406132123/tools/bin/../lib/gcc/arm-none-eabi/12.3.1/../../../../arm-none-eabi/lib/thumb/v7e-m+fp/hard/libc_nano.a(libc_a-nano-vfprintf_i.o)
                0x08005200                _printf_common
 *fill*         0x080052da        0x2 
 .text._printf_i
                0x080052dc      0x240 /opt/st/stm32cubeide_1.16.1/plugins/com.st.stm32cube.ide.mcu.externaltools.gnu-tools-for-stm32.12.3.rel1.linux64_1.0.200.202406132123/tools/bin/../lib/gcc/arm-none-eabi/12.3.1/../../../../arm-none-eabi/lib/thumb/v7e-m+fp/hard/libc_nano.a(libc_a-nano-vfprintf_i.o)
                0x080052dc                _printf_i
 .text.__sflush_r
                0x0800551c      0x108 /opt/st/stm32cubeide_1.16.1/plugins/com.st.stm32cube.ide.mcu.externaltools.gnu-tools-for-stm32.12.3.rel1.linux64_1.0.200.202406132123/tools/bin/../lib/gcc/arm-none-eabi/12.3.1/../../../../arm-none-eabi/lib/thumb/v7e-m+fp/hard/libc_nano.a(libc_a-fflush.o)
                0x0800551c                __sflush_r
 .text._fflush_r
                0x08005624       0x50 /opt/st/stm32cubeide_1.16.1/plugins/com.st.stm32cube.ide.mcu.externaltools.gnu-tools-for-stm32.12.3.rel1.linux64_1.0.200.202406132123/tools/bin/../lib/gcc/arm-none-eabi/12.3.1/../../../../arm-none-eabi/lib/thumb/v7e-m+fp/hard/libc_nano.a(libc_a-fflush.o)
                0x08005624                _fflush_r
 .text.__swbuf_r
                0x08005674       0x7c /opt/st/stm32cubeide_1.16.1/plugins/com.st.stm32cube.ide.mcu.externaltools.gnu-tools-for-stm32.12.3.rel1.linux64_1.0.200.202406132123/tools/bin/../lib/gcc/arm-none-eabi/12.3.1/../../../../arm-none-eabi/lib/thumb/v7e-m+fp/hard/libc_nano.a(libc_a-wbuf.o)
                0x08005674                __swbuf_r
 .text.__swsetup_r
                0x080056f0       0xac /opt/st/stm32cubeide_1.16.1/plugins/com.st.stm32cube.ide.mcu.externaltools.gnu-tools-for-stm32.12.3.rel1.linux64_1.0.200.202406132123/tools/bin/../lib/gcc/arm-none-eabi/12.3.1/../../../../arm-none-eabi/lib/thumb/v7e-m+fp/hard/libc_nano.a(libc_a-wsetup.o)
                0x080056f0                __swsetup_r
 .text._sbrk_r  0x0800579c       0x20 /opt/st/stm32cubeide_1.16.1/plugins/com.st.stm32cube.ide.mcu.externaltools.gnu-tools-for-stm32.12.3.rel1.linux64_1.0.200.202406132123/tools/bin/../lib/gcc/arm-none-eabi/12.3.1/../../../../arm-none-eabi/lib/thumb/v7e-m+fp/hard/libc_nano.a(libc_a-sbrkr.o)
                0x0800579c                _sbrk_r
 .text.__swhatbuf_r
                0x080057bc       0x4c /opt/st/stm32cubeide_1.16.1/plugins/com.st.stm32cube.ide.mcu.externaltools.gnu-tools-for-stm32.12.3.rel1.linux64_1.0.200.202406132123/tools/bin/../lib/gcc/arm-none-eabi/12.3.1/../../../../arm-none-eabi/lib/thumb/v7e-m+fp/hard/libc_nano.a(libc_a-makebuf.o)
                0x080057bc                __swhatbuf_r
 .text.__smakebuf_r
                0x08005808       0x78 /opt/st/stm32cubeide_1.16.1/plugins/com.st.stm32cube.ide.mcu.externaltools.gnu-tools-for-stm32.12.3.rel1.linux64_1.0.200.202406132123/tools/bin/../lib/gcc/arm-none-eabi/12.3.1/../../../../arm-none-eabi/lib/thumb/v7e-m+fp/hard/libc_nano.a(libc_a-makebuf.o)
                0x08005808                __smakebuf_r
 .text._fstat_r
                0x08005880       0x24 /opt/st/stm32cubeide_1.16.1/plugins/com.st.stm32cube.ide.mcu.externaltools.gnu-tools-for-stm32.12.3.rel1.linux64_1.0.200.202406132123/tools/bin/../lib/gcc/arm-none-eabi/12.3.1/../../../../arm-none-eabi/lib/thumb/v7e-m+fp/hard/libc_nano.a(libc_a-fstatr.o)
                0x08005880                _fstat_r
 .text._isatty_r
                0x080058a4       0x20 /opt/st/stm32cubeide_1.16.1/plugins/com.st.stm32cube.ide.mcu.externaltools.gnu-tools-for-stm32.12.3.rel1.linux64_1.0.200.202406132123/tools/bin/../lib/gcc/arm-none-eabi/12.3.1/../../../../arm-none-eabi/lib/thumb/v7e-m+fp/hard/libc_nano.a(libc_a-isattyr.o)
                0x080058a4                _isatty_r
 .text._sbrk    0x080058c4       0x1c /opt/st/stm32cubeide_1.16.1/plugins/com.st.stm32cube.ide.mcu.externaltools.gnu-tools-for-stm32.12.3.rel1.linux64_1.0.200.202406132123/tools/bin/../lib/gcc/arm-none-eabi/12.3.1/../../../../arm-none-eabi/lib/thumb/v7e-m+fp/hard/libnosys.a(sbrk.o)
                0x080058c4                _sbrk
 *(.glue_7)
 .glue_7        0x080058e0        0x0 linker stubs
 *(.glue_7t)
 .glue_7t       0x080058e0        0x0 linker stubs
 *(.eh_frame)
 .eh_frame      0x080058e0        0x0 /opt/st/stm32cubeide_1.16.1/plugins/com.st.stm32cube.ide.mcu.externaltools.gnu-tools-for-stm32.12.3.rel1.linux64_1.0.200.202406132123/tools/bin/../lib/gcc/arm-none-eabi/12.3.1/thumb/v7e-m+fp/hard/crtbegin.o
 *(.init)
 .init          0x080058e0        0x4 /opt/st/stm32cubeide_1.16.1/plugins/com.st.stm32cube.ide.mcu.externaltools.gnu-tools-for-stm32.12.3.rel1.linux64_1.0.200.202406132123/tools/bin/../lib/gcc/arm-none-eabi/12.3.1/thumb/v7e-m+fp/hard/crti.o
                0x080058e0                _init
 .init          0x080058e4        0x8 /opt/st/stm32cubeide_1.16.1/plugins/com.st.stm32cube.ide.mcu.externaltools.gnu-tools-for-stm32.12.3.rel1.linux64_1.0.200.202406132123/tools/bin/../lib/gcc/arm-none-eabi/12.3.1/thumb/v7e-m+fp/hard/crtn.o
 *(.fini)
 .fini          0x080058ec        0x4 /opt/st/stm32cubeide_1.16.1/plugins/com.st.stm32cube.ide.mcu.externaltools.gnu-tools-for-stm32.12.3.rel1.linux64_1.0.200.202406132123/tools/bin/../lib/gcc/arm-none-eabi/12.3.1/thumb/v7e-m+fp/hard/crti.o
                0x080058ec                _fini
 .fini          0x080058f0        0x8 /opt/st/stm32cubeide_1.16.1/plugins/com.st.stm32cube.ide.mcu.externaltools.gnu-tools-for-stm32.12.3.rel1.linux64_1.0.200.202406132123/tools/bin/../lib/gcc/arm-none-eabi/12.3.1/thumb/v7e-m+fp/hard/crtn.o
                0x080058f8                        . = ALIGN (0x4)
                0x080058f8                        _etext = .

.vfp11_veneer   0x080058f8        0x0
 .vfp11_veneer  0x080058f8        0x0 linker stubs

.v4_bx          0x080058f8        0x0
 .v4_bx         0x080058f8        0x0 linker stubs

.iplt           0x080058f8        0x0
 .iplt          0x080058f8        0x0 /opt/st/stm32cubeide_1.16.1/plugins/com.st.stm32cube.ide.mcu.externaltools.gnu-tools-for-stm32.12.3.rel1.linux64_1.0.200.202406132123/tools/bin/../lib/gcc/arm-none-eabi/12.3.1/thumb/v7e-m+fp/hard/crtbegin.o

.rodata         0x080058f8      0x16c
                0x080058f8                        . = ALIGN (0x4)
 *(.rodata)
 .rodata        0x080058f8       0x29 ./Core/Src/main.o
 *fill*         0x08005921        0x3 
 .rodata        0x08005924        0x5 ./FreeRTOS/tasks.o
 *fill*         0x08005929        0x3 
 .rodata        0x0800592c       0x4d ./SEGGER/Config/SEGGER_SYSVIEW_Config_FreeRTOS.o
 *fill*         0x08005979        0x3 
 .rodata        0x0800597c       0x58 ./SEGGER/OS/SEGGER_SYSVIEW_FreeRTOS.o
 .rodata        0x080059d4        0x9 ./SEGGER/SEGGER/SEGGER_RTT.o
 *fill*         0x080059dd        0x3 
 .rodata        0x080059e0       0x10 ./SEGGER/SEGGER/SEGGER_SYSVIEW.o
 *(.rodata*)
 .rodata.AHBPrescTable
                0x080059f0       0x10 ./Core/Src/system_stm32f4xx.o
                0x080059f0                AHBPrescTable
 .rodata.APBPrescTable
                0x08005a00        0x8 ./Core/Src/system_stm32f4xx.o
                0x08005a00                APBPrescTable
 .rodata.SYSVIEW_X_OS_TraceAPI
                0x08005a08        0x8 ./SEGGER/OS/SEGGER_SYSVIEW_FreeRTOS.o
                0x08005a08                SYSVIEW_X_OS_TraceAPI
 .rodata._aInitStr.0
                0x08005a10       0x11 ./SEGGER/SEGGER/SEGGER_RTT.o
 *fill*         0x08005a21        0x3 
 .rodata._abSync
                0x08005a24        0xa ./SEGGER/SEGGER/SEGGER_SYSVIEW.o
 .rodata._vfprintf_r.str1.1
                0x08005a2e       0x11 /opt/st/stm32cubeide_1.16.1/plugins/com.st.stm32cube.ide.mcu.externaltools.gnu-tools-for-stm32.12.3.rel1.linux64_1.0.200.202406132123/tools/bin/../lib/gcc/arm-none-eabi/12.3.1/../../../../arm-none-eabi/lib/thumb/v7e-m+fp/hard/libc_nano.a(libc_a-nano-vfprintf.o)
 .rodata._printf_i.str1.1
                0x08005a3f       0x22 /opt/st/stm32cubeide_1.16.1/plugins/com.st.stm32cube.ide.mcu.externaltools.gnu-tools-for-stm32.12.3.rel1.linux64_1.0.200.202406132123/tools/bin/../lib/gcc/arm-none-eabi/12.3.1/../../../../arm-none-eabi/lib/thumb/v7e-m+fp/hard/libc_nano.a(libc_a-nano-vfprintf_i.o)
                0x08005a64                        . = ALIGN (0x4)
 *fill*         0x08005a61        0x3 

.ARM.extab      0x08005a64        0x0
                0x08005a64                        . = ALIGN (0x4)
 *(.ARM.extab* .gnu.linkonce.armextab.*)
                0x08005a64                        . = ALIGN (0x4)

.ARM            0x08005a64        0x8
                0x08005a64                        . = ALIGN (0x4)
                0x08005a64                        __exidx_start = .
 *(.ARM.exidx*)
 .ARM.exidx     0x08005a64        0x8 /opt/st/stm32cubeide_1.16.1/plugins/com.st.stm32cube.ide.mcu.externaltools.gnu-tools-for-stm32.12.3.rel1.linux64_1.0.200.202406132123/tools/bin/../lib/gcc/arm-none-eabi/12.3.1/../../../../arm-none-eabi/lib/thumb/v7e-m+fp/hard/libc_nano.a(libc_a-memchr.o)
 .ARM.exidx     0x08005a6c        0x0 /opt/st/stm32cubeide_1.16.1/plugins/com.st.stm32cube.ide.mcu.externaltools.gnu-tools-for-stm32.12.3.rel1.linux64_1.0.200.202406132123/tools/bin/../lib/gcc/arm-none-eabi/12.3.1/thumb/v7e-m+fp/hard/libgcc.a(_udivmoddi4.o)
                                  0x8 (size before relaxing)
                0x08005a6c                        __exidx_end = .
                0x08005a6c                        . = ALIGN (0x4)

.preinit_array  0x08005a6c        0x0
                0x08005a6c                        . = ALIGN (0x4)
                0x08005a6c                        PROVIDE (__preinit_array_start = .)
 *(.preinit_array*)
                0x08005a6c                        PROVIDE (__preinit_array_end = .)
                0x08005a6c                        . = ALIGN (0x4)

.init_array     0x08005a6c        0x4
                0x08005a6c                        . = ALIGN (0x4)
                0x08005a6c                        PROVIDE (__init_array_start = .)
 *(SORT_BY_NAME(.init_array.*))
 *(.init_array*)
 .init_array    0x08005a6c        0x4 /opt/st/stm32cubeide_1.16.1/plugins/com.st.stm32cube.ide.mcu.externaltools.gnu-tools-for-stm32.12.3.rel1.linux64_1.0.200.202406132123/tools/bin/../lib/gcc/arm-none-eabi/12.3.1/thumb/v7e-m+fp/hard/crtbegin.o
                0x08005a70                        PROVIDE (__init_array_end = .)
                0x08005a70                        . = ALIGN (0x4)

.fini_array     0x08005a70        0x4
                0x08005a70                        . = ALIGN (0x4)
                [!provide]                        PROVIDE (__fini_array_start = .)
 *(SORT_BY_NAME(.fini_array.*))
 *(.fini_array*)
 .fini_array    0x08005a70        0x4 /opt/st/stm32cubeide_1.16.1/plugins/com.st.stm32cube.ide.mcu.externaltools.gnu-tools-for-stm32.12.3.rel1.linux64_1.0.200.202406132123/tools/bin/../lib/gcc/arm-none-eabi/12.3.1/thumb/v7e-m+fp/hard/crtbegin.o
                [!provide]                        PROVIDE (__fini_array_end = .)
                0x08005a74                        . = ALIGN (0x4)
                0x08005a74                        _sidata = LOADADDR (.data)

.rel.dyn        0x08005a74        0x0
 .rel.iplt      0x08005a74        0x0 /opt/st/stm32cubeide_1.16.1/plugins/com.st.stm32cube.ide.mcu.externaltools.gnu-tools-for-stm32.12.3.rel1.linux64_1.0.200.202406132123/tools/bin/../lib/gcc/arm-none-eabi/12.3.1/thumb/v7e-m+fp/hard/crtbegin.o

.data           0x20000000       0x70 load address 0x08005a74
                0x20000000                        . = ALIGN (0x4)
                0x20000000                        _sdata = .
 *(.data)
 *(.data*)
 .data.SystemCoreClock
                0x20000000        0x4 ./Core/Src/system_stm32f4xx.o
                0x20000000                SystemCoreClock
 .data.uwTickPrio
                0x20000004        0x4 ./Drivers/STM32F4xx_HAL_Driver/Src/stm32f4xx_hal.o
                0x20000004                uwTickPrio
 .data.uwTickFreq
                0x20000008        0x1 ./Drivers/STM32F4xx_HAL_Driver/Src/stm32f4xx_hal.o
                0x20000008                uwTickFreq
 *fill*         0x20000009        0x3 
 .data.uxTopUsedPriority
                0x2000000c        0x4 ./FreeRTOS/tasks.o
                0x2000000c                uxTopUsedPriority
 .data.uxCriticalNesting
                0x20000010        0x4 ./FreeRTOS/portable/GCC/ARM_CM4F/port.o
 .data.__sglue  0x20000014        0xc /opt/st/stm32cubeide_1.16.1/plugins/com.st.stm32cube.ide.mcu.externaltools.gnu-tools-for-stm32.12.3.rel1.linux64_1.0.200.202406132123/tools/bin/../lib/gcc/arm-none-eabi/12.3.1/../../../../arm-none-eabi/lib/thumb/v7e-m+fp/hard/libc_nano.a(libc_a-findfp.o)
                0x20000014                __sglue
 .data._impure_ptr
                0x20000020        0x4 /opt/st/stm32cubeide_1.16.1/plugins/com.st.stm32cube.ide.mcu.externaltools.gnu-tools-for-stm32.12.3.rel1.linux64_1.0.200.202406132123/tools/bin/../lib/gcc/arm-none-eabi/12.3.1/../../../../arm-none-eabi/lib/thumb/v7e-m+fp/hard/libc_nano.a(libc_a-impure.o)
                0x20000020                _impure_ptr
 .data._impure_data
                0x20000024       0x4c /opt/st/stm32cubeide_1.16.1/plugins/com.st.stm32cube.ide.mcu.externaltools.gnu-tools-for-stm32.12.3.rel1.linux64_1.0.200.202406132123/tools/bin/../lib/gcc/arm-none-eabi/12.3.1/../../../../arm-none-eabi/lib/thumb/v7e-m+fp/hard/libc_nano.a(libc_a-impure.o)
                0x20000024                _impure_data
 *(.RamFunc)
 *(.RamFunc*)
                0x20000070                        . = ALIGN (0x4)
                0x20000070                        _edata = .

.igot.plt       0x20000070        0x0 load address 0x08005ae4
 .igot.plt      0x20000070        0x0 /opt/st/stm32cubeide_1.16.1/plugins/com.st.stm32cube.ide.mcu.externaltools.gnu-tools-for-stm32.12.3.rel1.linux64_1.0.200.202406132123/tools/bin/../lib/gcc/arm-none-eabi/12.3.1/thumb/v7e-m+fp/hard/crtbegin.o
                0x20000070                        . = ALIGN (0x4)

.bss            0x20000070     0x9960 load address 0x08005ae4
                0x20000070                        _sbss = .
                0x20000070                        __bss_start__ = _sbss
 *(.bss)
 .bss           0x20000070       0x1c /opt/st/stm32cubeide_1.16.1/plugins/com.st.stm32cube.ide.mcu.externaltools.gnu-tools-for-stm32.12.3.rel1.linux64_1.0.200.202406132123/tools/bin/../lib/gcc/arm-none-eabi/12.3.1/thumb/v7e-m+fp/hard/crtbegin.o
 *(.bss*)
 .bss.Hello1_handler
                0x2000008c        0x4 ./Core/Src/main.o
                0x2000008c                Hello1_handler
 .bss.Hello2_handler
                0x20000090        0x4 ./Core/Src/main.o
                0x20000090                Hello2_handler
 .bss.htim5     0x20000094       0x48 ./Core/Src/stm32f4xx_hal_timebase_tim.o
                0x20000094                htim5
 .bss.uwTick    0x200000dc        0x4 ./Drivers/STM32F4xx_HAL_Driver/Src/stm32f4xx_hal.o
                0x200000dc                uwTick
 .bss.pxCurrentTCB
                0x200000e0        0x4 ./FreeRTOS/tasks.o
                0x200000e0                pxCurrentTCB
 .bss.pxReadyTasksLists
                0x200000e4       0x64 ./FreeRTOS/tasks.o
 .bss.xDelayedTaskList1
                0x20000148       0x14 ./FreeRTOS/tasks.o
 .bss.xDelayedTaskList2
                0x2000015c       0x14 ./FreeRTOS/tasks.o
 .bss.pxDelayedTaskList
                0x20000170        0x4 ./FreeRTOS/tasks.o
 .bss.pxOverflowDelayedTaskList
                0x20000174        0x4 ./FreeRTOS/tasks.o
 .bss.xPendingReadyList
                0x20000178       0x14 ./FreeRTOS/tasks.o
 .bss.xTasksWaitingTermination
                0x2000018c       0x14 ./FreeRTOS/tasks.o
 .bss.uxDeletedTasksWaitingCleanUp
                0x200001a0        0x4 ./FreeRTOS/tasks.o
 .bss.xSuspendedTaskList
                0x200001a4       0x14 ./FreeRTOS/tasks.o
 .bss.uxCurrentNumberOfTasks
                0x200001b8        0x4 ./FreeRTOS/tasks.o
 .bss.xTickCount
                0x200001bc        0x4 ./FreeRTOS/tasks.o
 .bss.uxTopReadyPriority
                0x200001c0        0x4 ./FreeRTOS/tasks.o
 .bss.xSchedulerRunning
                0x200001c4        0x4 ./FreeRTOS/tasks.o
 .bss.xPendedTicks
                0x200001c8        0x4 ./FreeRTOS/tasks.o
 .bss.xYieldPending
                0x200001cc        0x4 ./FreeRTOS/tasks.o
 .bss.xNumOfOverflows
                0x200001d0        0x4 ./FreeRTOS/tasks.o
 .bss.uxTaskNumber
                0x200001d4        0x4 ./FreeRTOS/tasks.o
 .bss.xNextTaskUnblockTime
                0x200001d8        0x4 ./FreeRTOS/tasks.o
 .bss.xIdleTaskHandle
                0x200001dc        0x4 ./FreeRTOS/tasks.o
 .bss.uxSchedulerSuspended
                0x200001e0        0x4 ./FreeRTOS/tasks.o
 .bss.ucMaxSysCallPriority
                0x200001e4        0x1 ./FreeRTOS/portable/GCC/ARM_CM4F/port.o
 *fill*         0x200001e5        0x3 
 .bss.ulMaxPRIGROUPValue
                0x200001e8        0x4 ./FreeRTOS/portable/GCC/ARM_CM4F/port.o
 .bss.ucHeap    0x200001ec     0x8000 ./FreeRTOS/portable/MemMang/heap_4.o
 .bss.xStart    0x200081ec        0x8 ./FreeRTOS/portable/MemMang/heap_4.o
 .bss.pxEnd     0x200081f4        0x4 ./FreeRTOS/portable/MemMang/heap_4.o
 .bss.xFreeBytesRemaining
                0x200081f8        0x4 ./FreeRTOS/portable/MemMang/heap_4.o
 .bss.xMinimumEverFreeBytesRemaining
                0x200081fc        0x4 ./FreeRTOS/portable/MemMang/heap_4.o
 .bss.xNumberOfSuccessfulAllocations
                0x20008200        0x4 ./FreeRTOS/portable/MemMang/heap_4.o
 .bss.xNumberOfSuccessfulFrees
                0x20008204        0x4 ./FreeRTOS/portable/MemMang/heap_4.o
 .bss._aTasks   0x20008208       0xa0 ./SEGGER/OS/SEGGER_SYSVIEW_FreeRTOS.o
 .bss._NumTasks
                0x200082a8        0x4 ./SEGGER/OS/SEGGER_SYSVIEW_FreeRTOS.o
 .bss._SEGGER_RTT
                0x200082ac       0xa8 ./SEGGER/SEGGER/SEGGER_RTT.o
                0x200082ac                _SEGGER_RTT
 .bss._acUpBuffer
                0x20008354      0x400 ./SEGGER/SEGGER/SEGGER_RTT.o
 .bss._acDownBuffer
                0x20008754       0x10 ./SEGGER/SEGGER/SEGGER_RTT.o
 .bss._UpBuffer
                0x20008764     0x1000 ./SEGGER/SEGGER/SEGGER_SYSVIEW.o
 .bss._DownBuffer
                0x20009764        0x8 ./SEGGER/SEGGER/SEGGER_SYSVIEW.o
 .bss._SYSVIEW_Globals
                0x2000976c       0x28 ./SEGGER/SEGGER/SEGGER_SYSVIEW.o
 .bss._pFirstModule
                0x20009794        0x4 ./SEGGER/SEGGER/SEGGER_SYSVIEW.o
 .bss._NumModules
                0x20009798        0x1 ./SEGGER/SEGGER/SEGGER_SYSVIEW.o
 *fill*         0x20009799        0x3 
 .bss._aPacket  0x2000979c       0xe3 ./SEGGER/SEGGER/SEGGER_SYSVIEW.o
 *fill*         0x2000987f        0x1 
 .bss.__sf      0x20009880      0x138 /opt/st/stm32cubeide_1.16.1/plugins/com.st.stm32cube.ide.mcu.externaltools.gnu-tools-for-stm32.12.3.rel1.linux64_1.0.200.202406132123/tools/bin/../lib/gcc/arm-none-eabi/12.3.1/../../../../arm-none-eabi/lib/thumb/v7e-m+fp/hard/libc_nano.a(libc_a-findfp.o)
                0x20009880                __sf
 .bss.__stdio_exit_handler
                0x200099b8        0x4 /opt/st/stm32cubeide_1.16.1/plugins/com.st.stm32cube.ide.mcu.externaltools.gnu-tools-for-stm32.12.3.rel1.linux64_1.0.200.202406132123/tools/bin/../lib/gcc/arm-none-eabi/12.3.1/../../../../arm-none-eabi/lib/thumb/v7e-m+fp/hard/libc_nano.a(libc_a-findfp.o)
                0x200099b8                __stdio_exit_handler
 .bss.errno     0x200099bc        0x4 /opt/st/stm32cubeide_1.16.1/plugins/com.st.stm32cube.ide.mcu.externaltools.gnu-tools-for-stm32.12.3.rel1.linux64_1.0.200.202406132123/tools/bin/../lib/gcc/arm-none-eabi/12.3.1/../../../../arm-none-eabi/lib/thumb/v7e-m+fp/hard/libc_nano.a(libc_a-reent.o)
                0x200099bc                errno
 .bss.__lock___malloc_recursive_mutex
                0x200099c0        0x1 /opt/st/stm32cubeide_1.16.1/plugins/com.st.stm32cube.ide.mcu.externaltools.gnu-tools-for-stm32.12.3.rel1.linux64_1.0.200.202406132123/tools/bin/../lib/gcc/arm-none-eabi/12.3.1/../../../../arm-none-eabi/lib/thumb/v7e-m+fp/hard/libc_nano.a(libc_a-lock.o)
                0x200099c0                __lock___malloc_recursive_mutex
 .bss.__lock___sfp_recursive_mutex
                0x200099c1        0x1 /opt/st/stm32cubeide_1.16.1/plugins/com.st.stm32cube.ide.mcu.externaltools.gnu-tools-for-stm32.12.3.rel1.linux64_1.0.200.202406132123/tools/bin/../lib/gcc/arm-none-eabi/12.3.1/../../../../arm-none-eabi/lib/thumb/v7e-m+fp/hard/libc_nano.a(libc_a-lock.o)
                0x200099c1                __lock___sfp_recursive_mutex
 *fill*         0x200099c2        0x2 
 .bss.__malloc_sbrk_start
                0x200099c4        0x4 /opt/st/stm32cubeide_1.16.1/plugins/com.st.stm32cube.ide.mcu.externaltools.gnu-tools-for-stm32.12.3.rel1.linux64_1.0.200.202406132123/tools/bin/../lib/gcc/arm-none-eabi/12.3.1/../../../../arm-none-eabi/lib/thumb/v7e-m+fp/hard/libc_nano.a(libc_a-mallocr.o)
                0x200099c4                __malloc_sbrk_start
 .bss.__malloc_free_list
                0x200099c8        0x4 /opt/st/stm32cubeide_1.16.1/plugins/com.st.stm32cube.ide.mcu.externaltools.gnu-tools-for-stm32.12.3.rel1.linux64_1.0.200.202406132123/tools/bin/../lib/gcc/arm-none-eabi/12.3.1/../../../../arm-none-eabi/lib/thumb/v7e-m+fp/hard/libc_nano.a(libc_a-mallocr.o)
                0x200099c8                __malloc_free_list
 .bss.heap_end.0
                0x200099cc        0x4 /opt/st/stm32cubeide_1.16.1/plugins/com.st.stm32cube.ide.mcu.externaltools.gnu-tools-for-stm32.12.3.rel1.linux64_1.0.200.202406132123/tools/bin/../lib/gcc/arm-none-eabi/12.3.1/../../../../arm-none-eabi/lib/thumb/v7e-m+fp/hard/libnosys.a(sbrk.o)
 *(COMMON)
                0x200099d0                        . = ALIGN (0x4)
                0x200099d0                        _ebss = .
                0x200099d0                        __bss_end__ = _ebss

._user_heap_stack
                0x200099d0      0x600 load address 0x08005ae4
                0x200099d0                        . = ALIGN (0x8)
                0x200099d0                        PROVIDE (end = .)
                [!provide]                        PROVIDE (_end = .)
                0x20009bd0                        . = (. + _Min_Heap_Size)
 *fill*         0x200099d0      0x200 
                0x20009fd0                        . = (. + _Min_Stack_Size)
 *fill*         0x20009bd0      0x400 
                0x20009fd0                        . = ALIGN (0x8)

/DISCARD/
 libc.a(*)
 libm.a(*)
 libgcc.a(*)

.ARM.attributes
                0x00000000       0x30
 *(.ARM.attributes)
 .ARM.attributes
                0x00000000       0x22 /opt/st/stm32cubeide_1.16.1/plugins/com.st.stm32cube.ide.mcu.externaltools.gnu-tools-for-stm32.12.3.rel1.linux64_1.0.200.202406132123/tools/bin/../lib/gcc/arm-none-eabi/12.3.1/thumb/v7e-m+fp/hard/crti.o
 .ARM.attributes
                0x00000022       0x34 /opt/st/stm32cubeide_1.16.1/plugins/com.st.stm32cube.ide.mcu.externaltools.gnu-tools-for-stm32.12.3.rel1.linux64_1.0.200.202406132123/tools/bin/../lib/gcc/arm-none-eabi/12.3.1/thumb/v7e-m+fp/hard/crtbegin.o
 .ARM.attributes
                0x00000056       0x34 ./Core/Src/main.o
 .ARM.attributes
                0x0000008a       0x34 ./Core/Src/stm32f4xx_hal_msp.o
 .ARM.attributes
                0x000000be       0x34 ./Core/Src/stm32f4xx_hal_timebase_tim.o
 .ARM.attributes
                0x000000f2       0x34 ./Core/Src/stm32f4xx_it.o
 .ARM.attributes
                0x00000126       0x34 ./Core/Src/syscalls.o
 .ARM.attributes
                0x0000015a       0x34 ./Core/Src/system_stm32f4xx.o
 .ARM.attributes
                0x0000018e       0x21 ./Core/Startup/startup_stm32f401ccux.o
 .ARM.attributes
                0x000001af       0x34 ./Drivers/STM32F4xx_HAL_Driver/Src/stm32f4xx_hal.o
 .ARM.attributes
                0x000001e3       0x34 ./Drivers/STM32F4xx_HAL_Driver/Src/stm32f4xx_hal_cortex.o
 .ARM.attributes
                0x00000217       0x34 ./Drivers/STM32F4xx_HAL_Driver/Src/stm32f4xx_hal_rcc.o
 .ARM.attributes
                0x0000024b       0x34 ./Drivers/STM32F4xx_HAL_Driver/Src/stm32f4xx_hal_tim.o
 .ARM.attributes
                0x0000027f       0x34 ./Drivers/STM32F4xx_HAL_Driver/Src/stm32f4xx_hal_tim_ex.o
 .ARM.attributes
                0x000002b3       0x34 ./FreeRTOS/list.o
 .ARM.attributes
                0x000002e7       0x34 ./FreeRTOS/tasks.o
 .ARM.attributes
                0x0000031b       0x34 ./FreeRTOS/portable/GCC/ARM_CM4F/port.o
 .ARM.attributes
                0x0000034f       0x34 ./FreeRTOS/portable/MemMang/heap_4.o
 .ARM.attributes
                0x00000383       0x34 ./SEGGER/Config/SEGGER_SYSVIEW_Config_FreeRTOS.o
 .ARM.attributes
                0x000003b7       0x34 ./SEGGER/OS/SEGGER_SYSVIEW_FreeRTOS.o
 .ARM.attributes
                0x000003eb       0x34 ./SEGGER/SEGGER/SEGGER_RTT.o
 .ARM.attributes
                0x0000041f       0x20 ./SEGGER/SEGGER/SEGGER_RTT_ASM_ARMv7M.o
 .ARM.attributes
                0x0000043f       0x34 ./SEGGER/SEGGER/SEGGER_SYSVIEW.o
 .ARM.attributes
                0x00000473       0x34 ./SEGGER/SEGGER/Syscalls/SEGGER_RTT_Syscalls_GCC.o
 .ARM.attributes
                0x000004a7       0x34 /opt/st/stm32cubeide_1.16.1/plugins/com.st.stm32cube.ide.mcu.externaltools.gnu-tools-for-stm32.12.3.rel1.linux64_1.0.200.202406132123/tools/bin/../lib/gcc/arm-none-eabi/12.3.1/../../../../arm-none-eabi/lib/thumb/v7e-m+fp/hard/libc_nano.a(libc_a-findfp.o)
 .ARM.attributes
                0x000004db       0x34 /opt/st/stm32cubeide_1.16.1/plugins/com.st.stm32cube.ide.mcu.externaltools.gnu-tools-for-stm32.12.3.rel1.linux64_1.0.200.202406132123/tools/bin/../lib/gcc/arm-none-eabi/12.3.1/../../../../arm-none-eabi/lib/thumb/v7e-m+fp/hard/libc_nano.a(libc_a-fwalk.o)
 .ARM.attributes
                0x0000050f       0x34 /opt/st/stm32cubeide_1.16.1/plugins/com.st.stm32cube.ide.mcu.externaltools.gnu-tools-for-stm32.12.3.rel1.linux64_1.0.200.202406132123/tools/bin/../lib/gcc/arm-none-eabi/12.3.1/../../../../arm-none-eabi/lib/thumb/v7e-m+fp/hard/libc_nano.a(libc_a-printf.o)
 .ARM.attributes
                0x00000543       0x34 /opt/st/stm32cubeide_1.16.1/plugins/com.st.stm32cube.ide.mcu.externaltools.gnu-tools-for-stm32.12.3.rel1.linux64_1.0.200.202406132123/tools/bin/../lib/gcc/arm-none-eabi/12.3.1/../../../../arm-none-eabi/lib/thumb/v7e-m+fp/hard/libc_nano.a(libc_a-stdio.o)
 .ARM.attributes
                0x00000577       0x34 /opt/st/stm32cubeide_1.16.1/plugins/com.st.stm32cube.ide.mcu.externaltools.gnu-tools-for-stm32.12.3.rel1.linux64_1.0.200.202406132123/tools/bin/../lib/gcc/arm-none-eabi/12.3.1/../../../../arm-none-eabi/lib/thumb/v7e-m+fp/hard/libc_nano.a(libc_a-memcmp.o)
 .ARM.attributes
                0x000005ab       0x34 /opt/st/stm32cubeide_1.16.1/plugins/com.st.stm32cube.ide.mcu.externaltools.gnu-tools-for-stm32.12.3.rel1.linux64_1.0.200.202406132123/tools/bin/../lib/gcc/arm-none-eabi/12.3.1/../../../../arm-none-eabi/lib/thumb/v7e-m+fp/hard/libc_nano.a(libc_a-memset.o)
 .ARM.attributes
                0x000005df       0x34 /opt/st/stm32cubeide_1.16.1/plugins/com.st.stm32cube.ide.mcu.externaltools.gnu-tools-for-stm32.12.3.rel1.linux64_1.0.200.202406132123/tools/bin/../lib/gcc/arm-none-eabi/12.3.1/../../../../arm-none-eabi/lib/thumb/v7e-m+fp/hard/libc_nano.a(libc_a-closer.o)
 .ARM.attributes
                0x00000613       0x34 /opt/st/stm32cubeide_1.16.1/plugins/com.st.stm32cube.ide.mcu.externaltools.gnu-tools-for-stm32.12.3.rel1.linux64_1.0.200.202406132123/tools/bin/../lib/gcc/arm-none-eabi/12.3.1/../../../../arm-none-eabi/lib/thumb/v7e-m+fp/hard/libc_nano.a(libc_a-reent.o)
 .ARM.attributes
                0x00000647       0x34 /opt/st/stm32cubeide_1.16.1/plugins/com.st.stm32cube.ide.mcu.externaltools.gnu-tools-for-stm32.12.3.rel1.linux64_1.0.200.202406132123/tools/bin/../lib/gcc/arm-none-eabi/12.3.1/../../../../arm-none-eabi/lib/thumb/v7e-m+fp/hard/libc_nano.a(libc_a-impure.o)
 .ARM.attributes
                0x0000067b       0x34 /opt/st/stm32cubeide_1.16.1/plugins/com.st.stm32cube.ide.mcu.externaltools.gnu-tools-for-stm32.12.3.rel1.linux64_1.0.200.202406132123/tools/bin/../lib/gcc/arm-none-eabi/12.3.1/../../../../arm-none-eabi/lib/thumb/v7e-m+fp/hard/libc_nano.a(libc_a-lseekr.o)
 .ARM.attributes
                0x000006af       0x34 /opt/st/stm32cubeide_1.16.1/plugins/com.st.stm32cube.ide.mcu.externaltools.gnu-tools-for-stm32.12.3.rel1.linux64_1.0.200.202406132123/tools/bin/../lib/gcc/arm-none-eabi/12.3.1/../../../../arm-none-eabi/lib/thumb/v7e-m+fp/hard/libc_nano.a(libc_a-readr.o)
 .ARM.attributes
                0x000006e3       0x34 /opt/st/stm32cubeide_1.16.1/plugins/com.st.stm32cube.ide.mcu.externaltools.gnu-tools-for-stm32.12.3.rel1.linux64_1.0.200.202406132123/tools/bin/../lib/gcc/arm-none-eabi/12.3.1/../../../../arm-none-eabi/lib/thumb/v7e-m+fp/hard/libc_nano.a(libc_a-init.o)
 .ARM.attributes
                0x00000717       0x34 /opt/st/stm32cubeide_1.16.1/plugins/com.st.stm32cube.ide.mcu.externaltools.gnu-tools-for-stm32.12.3.rel1.linux64_1.0.200.202406132123/tools/bin/../lib/gcc/arm-none-eabi/12.3.1/../../../../arm-none-eabi/lib/thumb/v7e-m+fp/hard/libc_nano.a(libc_a-lock.o)
 .ARM.attributes
                0x0000074b       0x34 /opt/st/stm32cubeide_1.16.1/plugins/com.st.stm32cube.ide.mcu.externaltools.gnu-tools-for-stm32.12.3.rel1.linux64_1.0.200.202406132123/tools/bin/../lib/gcc/arm-none-eabi/12.3.1/../../../../arm-none-eabi/lib/thumb/v7e-m+fp/hard/libc_nano.a(libc_a-memcpy-stub.o)
 .ARM.attributes
                0x0000077f       0x34 /opt/st/stm32cubeide_1.16.1/plugins/com.st.stm32cube.ide.mcu.externaltools.gnu-tools-for-stm32.12.3.rel1.linux64_1.0.200.202406132123/tools/bin/../lib/gcc/arm-none-eabi/12.3.1/../../../../arm-none-eabi/lib/thumb/v7e-m+fp/hard/libc_nano.a(libc_a-freer.o)
 .ARM.attributes
                0x000007b3       0x34 /opt/st/stm32cubeide_1.16.1/plugins/com.st.stm32cube.ide.mcu.externaltools.gnu-tools-for-stm32.12.3.rel1.linux64_1.0.200.202406132123/tools/bin/../lib/gcc/arm-none-eabi/12.3.1/../../../../arm-none-eabi/lib/thumb/v7e-m+fp/hard/libc_nano.a(libc_a-mallocr.o)
 .ARM.attributes
                0x000007e7       0x34 /opt/st/stm32cubeide_1.16.1/plugins/com.st.stm32cube.ide.mcu.externaltools.gnu-tools-for-stm32.12.3.rel1.linux64_1.0.200.202406132123/tools/bin/../lib/gcc/arm-none-eabi/12.3.1/../../../../arm-none-eabi/lib/thumb/v7e-m+fp/hard/libc_nano.a(libc_a-mlock.o)
 .ARM.attributes
                0x0000081b       0x34 /opt/st/stm32cubeide_1.16.1/plugins/com.st.stm32cube.ide.mcu.externaltools.gnu-tools-for-stm32.12.3.rel1.linux64_1.0.200.202406132123/tools/bin/../lib/gcc/arm-none-eabi/12.3.1/../../../../arm-none-eabi/lib/thumb/v7e-m+fp/hard/libc_nano.a(libc_a-nano-vfprintf.o)
 .ARM.attributes
                0x0000084f       0x34 /opt/st/stm32cubeide_1.16.1/plugins/com.st.stm32cube.ide.mcu.externaltools.gnu-tools-for-stm32.12.3.rel1.linux64_1.0.200.202406132123/tools/bin/../lib/gcc/arm-none-eabi/12.3.1/../../../../arm-none-eabi/lib/thumb/v7e-m+fp/hard/libc_nano.a(libc_a-nano-vfprintf_i.o)
 .ARM.attributes
                0x00000883       0x34 /opt/st/stm32cubeide_1.16.1/plugins/com.st.stm32cube.ide.mcu.externaltools.gnu-tools-for-stm32.12.3.rel1.linux64_1.0.200.202406132123/tools/bin/../lib/gcc/arm-none-eabi/12.3.1/../../../../arm-none-eabi/lib/thumb/v7e-m+fp/hard/libc_nano.a(libc_a-fflush.o)
 .ARM.attributes
                0x000008b7       0x34 /opt/st/stm32cubeide_1.16.1/plugins/com.st.stm32cube.ide.mcu.externaltools.gnu-tools-for-stm32.12.3.rel1.linux64_1.0.200.202406132123/tools/bin/../lib/gcc/arm-none-eabi/12.3.1/../../../../arm-none-eabi/lib/thumb/v7e-m+fp/hard/libc_nano.a(libc_a-wbuf.o)
 .ARM.attributes
                0x000008eb       0x34 /opt/st/stm32cubeide_1.16.1/plugins/com.st.stm32cube.ide.mcu.externaltools.gnu-tools-for-stm32.12.3.rel1.linux64_1.0.200.202406132123/tools/bin/../lib/gcc/arm-none-eabi/12.3.1/../../../../arm-none-eabi/lib/thumb/v7e-m+fp/hard/libc_nano.a(libc_a-wsetup.o)
 .ARM.attributes
                0x0000091f       0x34 /opt/st/stm32cubeide_1.16.1/plugins/com.st.stm32cube.ide.mcu.externaltools.gnu-tools-for-stm32.12.3.rel1.linux64_1.0.200.202406132123/tools/bin/../lib/gcc/arm-none-eabi/12.3.1/../../../../arm-none-eabi/lib/thumb/v7e-m+fp/hard/libc_nano.a(libc_a-sbrkr.o)
 .ARM.attributes
                0x00000953       0x1c /opt/st/stm32cubeide_1.16.1/plugins/com.st.stm32cube.ide.mcu.externaltools.gnu-tools-for-stm32.12.3.rel1.linux64_1.0.200.202406132123/tools/bin/../lib/gcc/arm-none-eabi/12.3.1/../../../../arm-none-eabi/lib/thumb/v7e-m+fp/hard/libc_nano.a(libc_a-memchr.o)
 .ARM.attributes
                0x0000096f       0x34 /opt/st/stm32cubeide_1.16.1/plugins/com.st.stm32cube.ide.mcu.externaltools.gnu-tools-for-stm32.12.3.rel1.linux64_1.0.200.202406132123/tools/bin/../lib/gcc/arm-none-eabi/12.3.1/../../../../arm-none-eabi/lib/thumb/v7e-m+fp/hard/libc_nano.a(libc_a-makebuf.o)
 .ARM.attributes
                0x000009a3       0x34 /opt/st/stm32cubeide_1.16.1/plugins/com.st.stm32cube.ide.mcu.externaltools.gnu-tools-for-stm32.12.3.rel1.linux64_1.0.200.202406132123/tools/bin/../lib/gcc/arm-none-eabi/12.3.1/../../../../arm-none-eabi/lib/thumb/v7e-m+fp/hard/libc_nano.a(libc_a-fstatr.o)
 .ARM.attributes
                0x000009d7       0x34 /opt/st/stm32cubeide_1.16.1/plugins/com.st.stm32cube.ide.mcu.externaltools.gnu-tools-for-stm32.12.3.rel1.linux64_1.0.200.202406132123/tools/bin/../lib/gcc/arm-none-eabi/12.3.1/../../../../arm-none-eabi/lib/thumb/v7e-m+fp/hard/libc_nano.a(libc_a-isattyr.o)
 .ARM.attributes
                0x00000a0b       0x22 /opt/st/stm32cubeide_1.16.1/plugins/com.st.stm32cube.ide.mcu.externaltools.gnu-tools-for-stm32.12.3.rel1.linux64_1.0.200.202406132123/tools/bin/../lib/gcc/arm-none-eabi/12.3.1/thumb/v7e-m+fp/hard/libgcc.a(_aeabi_uldivmod.o)
 .ARM.attributes
                0x00000a2d       0x34 /opt/st/stm32cubeide_1.16.1/plugins/com.st.stm32cube.ide.mcu.externaltools.gnu-tools-for-stm32.12.3.rel1.linux64_1.0.200.202406132123/tools/bin/../lib/gcc/arm-none-eabi/12.3.1/thumb/v7e-m+fp/hard/libgcc.a(_udivmoddi4.o)
 .ARM.attributes
                0x00000a61       0x22 /opt/st/stm32cubeide_1.16.1/plugins/com.st.stm32cube.ide.mcu.externaltools.gnu-tools-for-stm32.12.3.rel1.linux64_1.0.200.202406132123/tools/bin/../lib/gcc/arm-none-eabi/12.3.1/thumb/v7e-m+fp/hard/libgcc.a(_dvmd_tls.o)
 .ARM.attributes
                0x00000a83       0x34 /opt/st/stm32cubeide_1.16.1/plugins/com.st.stm32cube.ide.mcu.externaltools.gnu-tools-for-stm32.12.3.rel1.linux64_1.0.200.202406132123/tools/bin/../lib/gcc/arm-none-eabi/12.3.1/../../../../arm-none-eabi/lib/thumb/v7e-m+fp/hard/libnosys.a(sbrk.o)
 .ARM.attributes
                0x00000ab7       0x22 /opt/st/stm32cubeide_1.16.1/plugins/com.st.stm32cube.ide.mcu.externaltools.gnu-tools-for-stm32.12.3.rel1.linux64_1.0.200.202406132123/tools/bin/../lib/gcc/arm-none-eabi/12.3.1/thumb/v7e-m+fp/hard/crtn.o
OUTPUT(SeggerSystemView.elf elf32-littlearm)
LOAD linker stubs
LOAD /opt/st/stm32cubeide_1.16.1/plugins/com.st.stm32cube.ide.mcu.externaltools.gnu-tools-for-stm32.12.3.rel1.linux64_1.0.200.202406132123/tools/bin/../lib/gcc/arm-none-eabi/12.3.1/../../../../arm-none-eabi/lib/thumb/v7e-m+fp/hard/libc.a
LOAD /opt/st/stm32cubeide_1.16.1/plugins/com.st.stm32cube.ide.mcu.externaltools.gnu-tools-for-stm32.12.3.rel1.linux64_1.0.200.202406132123/tools/bin/../lib/gcc/arm-none-eabi/12.3.1/../../../../arm-none-eabi/lib/thumb/v7e-m+fp/hard/libm.a
LOAD /opt/st/stm32cubeide_1.16.1/plugins/com.st.stm32cube.ide.mcu.externaltools.gnu-tools-for-stm32.12.3.rel1.linux64_1.0.200.202406132123/tools/bin/../lib/gcc/arm-none-eabi/12.3.1/thumb/v7e-m+fp/hard/libgcc.a

.debug_info     0x00000000    0x12363
 .debug_info    0x00000000      0xd05 ./Core/Src/main.o
 .debug_info    0x00000d05      0x2a7 ./Core/Src/stm32f4xx_hal_msp.o
 .debug_info    0x00000fac      0xb7d ./Core/Src/stm32f4xx_hal_timebase_tim.o
 .debug_info    0x00001b29      0x6a4 ./Core/Src/stm32f4xx_it.o
 .debug_info    0x000021cd      0x6d1 ./Core/Src/syscalls.o
 .debug_info    0x0000289e      0x53e ./Core/Src/system_stm32f4xx.o
 .debug_info    0x00002ddc       0x30 ./Core/Startup/startup_stm32f401ccux.o
 .debug_info    0x00002e0c      0x8bb ./Drivers/STM32F4xx_HAL_Driver/Src/stm32f4xx_hal.o
 .debug_info    0x000036c7      0xcf6 ./Drivers/STM32F4xx_HAL_Driver/Src/stm32f4xx_hal_cortex.o
 .debug_info    0x000043bd      0x8f1 ./Drivers/STM32F4xx_HAL_Driver/Src/stm32f4xx_hal_rcc.o
 .debug_info    0x00004cae     0x2996 ./Drivers/STM32F4xx_HAL_Driver/Src/stm32f4xx_hal_tim.o
 .debug_info    0x00007644     0x14d4 ./Drivers/STM32F4xx_HAL_Driver/Src/stm32f4xx_hal_tim_ex.o
 .debug_info    0x00008b18      0x2b6 ./FreeRTOS/list.o
 .debug_info    0x00008dce     0x2538 ./FreeRTOS/tasks.o
 .debug_info    0x0000b306      0x5a4 ./FreeRTOS/portable/GCC/ARM_CM4F/port.o
 .debug_info    0x0000b8aa      0x528 ./FreeRTOS/portable/MemMang/heap_4.o
 .debug_info    0x0000bdd2      0x17f ./SEGGER/Config/SEGGER_SYSVIEW_Config_FreeRTOS.o
 .debug_info    0x0000bf51      0x426 ./SEGGER/OS/SEGGER_SYSVIEW_FreeRTOS.o
 .debug_info    0x0000c377     0x14d5 ./SEGGER/SEGGER/SEGGER_RTT.o
 .debug_info    0x0000d84c       0x25 ./SEGGER/SEGGER/SEGGER_RTT_ASM_ARMv7M.o
 .debug_info    0x0000d871     0x434a ./SEGGER/SEGGER/SEGGER_SYSVIEW.o
 .debug_info    0x00011bbb      0x7a8 ./SEGGER/SEGGER/Syscalls/SEGGER_RTT_Syscalls_GCC.o

.debug_abbrev   0x00000000     0x2afd
 .debug_abbrev  0x00000000      0x30b ./Core/Src/main.o
 .debug_abbrev  0x0000030b       0xeb ./Core/Src/stm32f4xx_hal_msp.o
 .debug_abbrev  0x000003f6      0x207 ./Core/Src/stm32f4xx_hal_timebase_tim.o
 .debug_abbrev  0x000005fd      0x190 ./Core/Src/stm32f4xx_it.o
 .debug_abbrev  0x0000078d      0x1b1 ./Core/Src/syscalls.o
 .debug_abbrev  0x0000093e      0x11a ./Core/Src/system_stm32f4xx.o
 .debug_abbrev  0x00000a58       0x24 ./Core/Startup/startup_stm32f401ccux.o
 .debug_abbrev  0x00000a7c      0x24b ./Drivers/STM32F4xx_HAL_Driver/Src/stm32f4xx_hal.o
 .debug_abbrev  0x00000cc7      0x31d ./Drivers/STM32F4xx_HAL_Driver/Src/stm32f4xx_hal_cortex.o
 .debug_abbrev  0x00000fe4      0x2b6 ./Drivers/STM32F4xx_HAL_Driver/Src/stm32f4xx_hal_rcc.o
 .debug_abbrev  0x0000129a      0x28b ./Drivers/STM32F4xx_HAL_Driver/Src/stm32f4xx_hal_tim.o
 .debug_abbrev  0x00001525      0x296 ./Drivers/STM32F4xx_HAL_Driver/Src/stm32f4xx_hal_tim_ex.o
 .debug_abbrev  0x000017bb       0xf5 ./FreeRTOS/list.o
 .debug_abbrev  0x000018b0      0x3c0 ./FreeRTOS/tasks.o
 .debug_abbrev  0x00001c70      0x25a ./FreeRTOS/portable/GCC/ARM_CM4F/port.o
 .debug_abbrev  0x00001eca      0x256 ./FreeRTOS/portable/MemMang/heap_4.o
 .debug_abbrev  0x00002120       0xef ./SEGGER/Config/SEGGER_SYSVIEW_Config_FreeRTOS.o
 .debug_abbrev  0x0000220f      0x1c0 ./SEGGER/OS/SEGGER_SYSVIEW_FreeRTOS.o
 .debug_abbrev  0x000023cf      0x230 ./SEGGER/SEGGER/SEGGER_RTT.o
 .debug_abbrev  0x000025ff       0x14 ./SEGGER/SEGGER/SEGGER_RTT_ASM_ARMv7M.o
 .debug_abbrev  0x00002613      0x340 ./SEGGER/SEGGER/SEGGER_SYSVIEW.o
 .debug_abbrev  0x00002953      0x1aa ./SEGGER/SEGGER/Syscalls/SEGGER_RTT_Syscalls_GCC.o

.debug_aranges  0x00000000     0x11d8
 .debug_aranges
                0x00000000       0x50 ./Core/Src/main.o
 .debug_aranges
                0x00000050       0x20 ./Core/Src/stm32f4xx_hal_msp.o
 .debug_aranges
                0x00000070       0x30 ./Core/Src/stm32f4xx_hal_timebase_tim.o
 .debug_aranges
                0x000000a0       0x50 ./Core/Src/stm32f4xx_it.o
 .debug_aranges
                0x000000f0       0xb0 ./Core/Src/syscalls.o
 .debug_aranges
                0x000001a0       0x28 ./Core/Src/system_stm32f4xx.o
 .debug_aranges
                0x000001c8       0x28 ./Core/Startup/startup_stm32f401ccux.o
 .debug_aranges
                0x000001f0       0xf0 ./Drivers/STM32F4xx_HAL_Driver/Src/stm32f4xx_hal.o
 .debug_aranges
                0x000002e0      0x130 ./Drivers/STM32F4xx_HAL_Driver/Src/stm32f4xx_hal_cortex.o
 .debug_aranges
                0x00000410       0x88 ./Drivers/STM32F4xx_HAL_Driver/Src/stm32f4xx_hal_rcc.o
 .debug_aranges
                0x00000498      0x3d0 ./Drivers/STM32F4xx_HAL_Driver/Src/stm32f4xx_hal_tim.o
 .debug_aranges
                0x00000868      0x168 ./Drivers/STM32F4xx_HAL_Driver/Src/stm32f4xx_hal_tim_ex.o
 .debug_aranges
                0x000009d0       0x40 ./FreeRTOS/list.o
 .debug_aranges
                0x00000a10      0x1f0 ./FreeRTOS/tasks.o
 .debug_aranges
                0x00000c00       0x88 ./FreeRTOS/portable/GCC/ARM_CM4F/port.o
 .debug_aranges
                0x00000c88       0x60 ./FreeRTOS/portable/MemMang/heap_4.o
 .debug_aranges
                0x00000ce8       0x28 ./SEGGER/Config/SEGGER_SYSVIEW_Config_FreeRTOS.o
 .debug_aranges
                0x00000d10       0x48 ./SEGGER/OS/SEGGER_SYSVIEW_FreeRTOS.o
 .debug_aranges
                0x00000d58      0x138 ./SEGGER/SEGGER/SEGGER_RTT.o
 .debug_aranges
                0x00000e90       0x20 ./SEGGER/SEGGER/SEGGER_RTT_ASM_ARMv7M.o
 .debug_aranges
                0x00000eb0      0x300 ./SEGGER/SEGGER/SEGGER_SYSVIEW.o
 .debug_aranges
                0x000011b0       0x28 ./SEGGER/SEGGER/Syscalls/SEGGER_RTT_Syscalls_GCC.o

.debug_rnglists
                0x00000000      0xdb3
 .debug_rnglists
                0x00000000       0x39 ./Core/Src/main.o
 .debug_rnglists
                0x00000039       0x13 ./Core/Src/stm32f4xx_hal_msp.o
 .debug_rnglists
                0x0000004c       0x20 ./Core/Src/stm32f4xx_hal_timebase_tim.o
 .debug_rnglists
                0x0000006c       0x37 ./Core/Src/stm32f4xx_it.o
 .debug_rnglists
                0x000000a3       0x7f ./Core/Src/syscalls.o
 .debug_rnglists
                0x00000122       0x1a ./Core/Src/system_stm32f4xx.o
 .debug_rnglists
                0x0000013c       0x19 ./Core/Startup/startup_stm32f401ccux.o
 .debug_rnglists
                0x00000155       0xaf ./Drivers/STM32F4xx_HAL_Driver/Src/stm32f4xx_hal.o
 .debug_rnglists
                0x00000204       0xe0 ./Drivers/STM32F4xx_HAL_Driver/Src/stm32f4xx_hal_cortex.o
 .debug_rnglists
                0x000002e4       0x66 ./Drivers/STM32F4xx_HAL_Driver/Src/stm32f4xx_hal_rcc.o
 .debug_rnglists
                0x0000034a      0x31a ./Drivers/STM32F4xx_HAL_Driver/Src/stm32f4xx_hal_tim.o
 .debug_rnglists
                0x00000664      0x125 ./Drivers/STM32F4xx_HAL_Driver/Src/stm32f4xx_hal_tim_ex.o
 .debug_rnglists
                0x00000789       0x2b ./FreeRTOS/list.o
 .debug_rnglists
                0x000007b4      0x18e ./FreeRTOS/tasks.o
 .debug_rnglists
                0x00000942       0x64 ./FreeRTOS/portable/GCC/ARM_CM4F/port.o
 .debug_rnglists
                0x000009a6       0x48 ./FreeRTOS/portable/MemMang/heap_4.o
 .debug_rnglists
                0x000009ee       0x19 ./SEGGER/Config/SEGGER_SYSVIEW_Config_FreeRTOS.o
 .debug_rnglists
                0x00000a07       0x36 ./SEGGER/OS/SEGGER_SYSVIEW_FreeRTOS.o
 .debug_rnglists
                0x00000a3d       0xf5 ./SEGGER/SEGGER/SEGGER_RTT.o
 .debug_rnglists
                0x00000b32      0x268 ./SEGGER/SEGGER/SEGGER_SYSVIEW.o
 .debug_rnglists
                0x00000d9a       0x19 ./SEGGER/SEGGER/Syscalls/SEGGER_RTT_Syscalls_GCC.o

.debug_macro    0x00000000    0x19122
 .debug_macro   0x00000000      0x385 ./Core/Src/main.o
 .debug_macro   0x00000385      0xab4 ./Core/Src/main.o
 .debug_macro   0x00000e39      0x295 ./Core/Src/main.o
 .debug_macro   0x000010ce       0x2e ./Core/Src/main.o
 .debug_macro   0x000010fc       0x28 ./Core/Src/main.o
 .debug_macro   0x00001124       0x22 ./Core/Src/main.o
 .debug_macro   0x00001146       0x8e ./Core/Src/main.o
 .debug_macro   0x000011d4       0x51 ./Core/Src/main.o
 .debug_macro   0x00001225      0x103 ./Core/Src/main.o
 .debug_macro   0x00001328       0x6a ./Core/Src/main.o
 .debug_macro   0x00001392      0x1df ./Core/Src/main.o
 .debug_macro   0x00001571       0x1c ./Core/Src/main.o
 .debug_macro   0x0000158d       0x22 ./Core/Src/main.o
 .debug_macro   0x000015af       0xfb ./Core/Src/main.o
 .debug_macro   0x000016aa     0x1011 ./Core/Src/main.o
 .debug_macro   0x000026bb      0x11f ./Core/Src/main.o
 .debug_macro   0x000027da     0xb86c ./Core/Src/main.o
 .debug_macro   0x0000e046       0x6d ./Core/Src/main.o
 .debug_macro   0x0000e0b3     0x369a ./Core/Src/main.o
 .debug_macro   0x0001174d      0x189 ./Core/Src/main.o
 .debug_macro   0x000118d6       0x5c ./Core/Src/main.o
 .debug_macro   0x00011932      0x416 ./Core/Src/main.o
 .debug_macro   0x00011d48      0x9e9 ./Core/Src/main.o
 .debug_macro   0x00012731      0x115 ./Core/Src/main.o
 .debug_macro   0x00012846       0xf8 ./Core/Src/main.o
 .debug_macro   0x0001293e       0xa5 ./Core/Src/main.o
 .debug_macro   0x000129e3      0x15f ./Core/Src/main.o
 .debug_macro   0x00012b42      0x287 ./Core/Src/main.o
 .debug_macro   0x00012dc9       0x5f ./Core/Src/main.o
 .debug_macro   0x00012e28      0x236 ./Core/Src/main.o
 .debug_macro   0x0001305e      0x132 ./Core/Src/main.o
 .debug_macro   0x00013190      0x23a ./Core/Src/main.o
 .debug_macro   0x000133ca       0x2e ./Core/Src/main.o
 .debug_macro   0x000133f8      0x127 ./Core/Src/main.o
 .debug_macro   0x0001351f       0x85 ./Core/Src/main.o
 .debug_macro   0x000135a4       0x89 ./Core/Src/main.o
 .debug_macro   0x0001362d      0x8ed ./Core/Src/main.o
 .debug_macro   0x00013f1a       0x47 ./Core/Src/main.o
 .debug_macro   0x00013f61      0x126 ./Core/Src/main.o
 .debug_macro   0x00014087       0x61 ./Core/Src/main.o
 .debug_macro   0x000140e8       0x2a ./Core/Src/main.o
 .debug_macro   0x00014112       0x43 ./Core/Src/main.o
 .debug_macro   0x00014155       0x34 ./Core/Src/main.o
 .debug_macro   0x00014189       0x16 ./Core/Src/main.o
 .debug_macro   0x0001419f       0x35 ./Core/Src/main.o
 .debug_macro   0x000141d4      0x369 ./Core/Src/main.o
 .debug_macro   0x0001453d       0x10 ./Core/Src/main.o
 .debug_macro   0x0001454d       0x16 ./Core/Src/main.o
 .debug_macro   0x00014563       0x43 ./Core/Src/main.o
 .debug_macro   0x000145a6       0x34 ./Core/Src/main.o
 .debug_macro   0x000145da       0x10 ./Core/Src/main.o
 .debug_macro   0x000145ea       0x58 ./Core/Src/main.o
 .debug_macro   0x00014642       0x8e ./Core/Src/main.o
 .debug_macro   0x000146d0       0x1c ./Core/Src/main.o
 .debug_macro   0x000146ec      0x177 ./Core/Src/main.o
 .debug_macro   0x00014863       0x16 ./Core/Src/main.o
 .debug_macro   0x00014879       0x16 ./Core/Src/main.o
 .debug_macro   0x0001488f      0x146 ./Core/Src/main.o
 .debug_macro   0x000149d5      0x126 ./Core/Src/main.o
 .debug_macro   0x00014afb       0x4c ./Core/Src/main.o
 .debug_macro   0x00014b47       0x46 ./Core/Src/main.o
 .debug_macro   0x00014b8d       0x64 ./Core/Src/main.o
 .debug_macro   0x00014bf1       0x49 ./Core/Src/main.o
 .debug_macro   0x00014c3a       0xd1 ./Core/Src/main.o
 .debug_macro   0x00014d0b      0x234 ./Core/Src/main.o
 .debug_macro   0x00014f3f      0x458 ./Core/Src/main.o
 .debug_macro   0x00015397      0x15a ./Core/Src/main.o
 .debug_macro   0x000154f1       0xea ./Core/Src/main.o
 .debug_macro   0x000155db       0x28 ./Core/Src/main.o
 .debug_macro   0x00015603       0x1f ./Core/Src/main.o
 .debug_macro   0x00015622       0x12 ./Core/Src/main.o
 .debug_macro   0x00015634      0x3f2 ./Core/Src/main.o
 .debug_macro   0x00015a26       0xc3 ./Core/Src/main.o
 .debug_macro   0x00015ae9      0x120 ./Core/Src/main.o
 .debug_macro   0x00015c09      0x28f ./Core/Src/stm32f4xx_hal_msp.o
 .debug_macro   0x00015e98       0x58 ./Core/Src/stm32f4xx_hal_msp.o
 .debug_macro   0x00015ef0      0x1c4 ./Core/Src/stm32f4xx_hal_timebase_tim.o
 .debug_macro   0x000160b4      0x1d8 ./Core/Src/stm32f4xx_it.o
 .debug_macro   0x0001628c      0x286 ./Core/Src/syscalls.o
 .debug_macro   0x00016512       0x5b ./Core/Src/syscalls.o
 .debug_macro   0x0001656d       0x94 ./Core/Src/syscalls.o
 .debug_macro   0x00016601       0x57 ./Core/Src/syscalls.o
 .debug_macro   0x00016658       0x10 ./Core/Src/syscalls.o
 .debug_macro   0x00016668       0x10 ./Core/Src/syscalls.o
 .debug_macro   0x00016678       0x10 ./Core/Src/syscalls.o
 .debug_macro   0x00016688       0x10 ./Core/Src/syscalls.o
 .debug_macro   0x00016698       0x1c ./Core/Src/syscalls.o
 .debug_macro   0x000166b4       0x52 ./Core/Src/syscalls.o
 .debug_macro   0x00016706       0x22 ./Core/Src/syscalls.o
 .debug_macro   0x00016728       0x10 ./Core/Src/syscalls.o
 .debug_macro   0x00016738       0x52 ./Core/Src/syscalls.o
 .debug_macro   0x0001678a       0xcf ./Core/Src/syscalls.o
 .debug_macro   0x00016859       0x1c ./Core/Src/syscalls.o
 .debug_macro   0x00016875       0x3d ./Core/Src/syscalls.o
 .debug_macro   0x000168b2       0x35 ./Core/Src/syscalls.o
 .debug_macro   0x000168e7      0x12c ./Core/Src/syscalls.o
 .debug_macro   0x00016a13       0x16 ./Core/Src/syscalls.o
 .debug_macro   0x00016a29       0x16 ./Core/Src/syscalls.o
 .debug_macro   0x00016a3f       0x29 ./Core/Src/syscalls.o
 .debug_macro   0x00016a68       0x10 ./Core/Src/syscalls.o
 .debug_macro   0x00016a78      0x242 ./Core/Src/syscalls.o
 .debug_macro   0x00016cba       0x1c ./Core/Src/syscalls.o
 .debug_macro   0x00016cd6       0x10 ./Core/Src/syscalls.o
 .debug_macro   0x00016ce6      0x18a ./Core/Src/syscalls.o
 .debug_macro   0x00016e70       0x16 ./Core/Src/syscalls.o
 .debug_macro   0x00016e86       0xce ./Core/Src/syscalls.o
 .debug_macro   0x00016f54      0x1c4 ./Core/Src/system_stm32f4xx.o
 .debug_macro   0x00017118      0x224 ./Drivers/STM32F4xx_HAL_Driver/Src/stm32f4xx_hal.o
 .debug_macro   0x0001733c      0x1c4 ./Drivers/STM32F4xx_HAL_Driver/Src/stm32f4xx_hal_cortex.o
 .debug_macro   0x00017500      0x1e8 ./Drivers/STM32F4xx_HAL_Driver/Src/stm32f4xx_hal_rcc.o
 .debug_macro   0x000176e8      0x1c5 ./Drivers/STM32F4xx_HAL_Driver/Src/stm32f4xx_hal_tim.o
 .debug_macro   0x000178ad      0x1c4 ./Drivers/STM32F4xx_HAL_Driver/Src/stm32f4xx_hal_tim_ex.o
 .debug_macro   0x00017a71      0x20a ./FreeRTOS/list.o
 .debug_macro   0x00017c7b      0x2f0 ./FreeRTOS/tasks.o
 .debug_macro   0x00017f6b       0x17 ./FreeRTOS/tasks.o
 .debug_macro   0x00017f82      0x219 ./FreeRTOS/portable/GCC/ARM_CM4F/port.o
 .debug_macro   0x0001819b      0x28b ./FreeRTOS/portable/MemMang/heap_4.o
 .debug_macro   0x00018426      0x14d ./SEGGER/Config/SEGGER_SYSVIEW_Config_FreeRTOS.o
 .debug_macro   0x00018573      0x219 ./SEGGER/OS/SEGGER_SYSVIEW_FreeRTOS.o
 .debug_macro   0x0001878c      0x1e9 ./SEGGER/SEGGER/SEGGER_RTT.o
 .debug_macro   0x00018975       0x35 ./SEGGER/SEGGER/SEGGER_RTT.o
 .debug_macro   0x000189aa      0x138 ./SEGGER/SEGGER/SEGGER_RTT.o
 .debug_macro   0x00018ae2      0x252 ./SEGGER/SEGGER/SEGGER_SYSVIEW.o
 .debug_macro   0x00018d34      0x234 ./SEGGER/SEGGER/SEGGER_SYSVIEW.o
 .debug_macro   0x00018f68       0x3b ./SEGGER/SEGGER/SEGGER_SYSVIEW.o
 .debug_macro   0x00018fa3      0x16f ./SEGGER/SEGGER/Syscalls/SEGGER_RTT_Syscalls_GCC.o
 .debug_macro   0x00019112       0x10 ./SEGGER/SEGGER/Syscalls/SEGGER_RTT_Syscalls_GCC.o

.debug_line     0x00000000    0x1317d
 .debug_line    0x00000000      0xc48 ./Core/Src/main.o
 .debug_line    0x00000c48      0x9e3 ./Core/Src/stm32f4xx_hal_msp.o
 .debug_line    0x0000162b      0x6f7 ./Core/Src/stm32f4xx_hal_timebase_tim.o
 .debug_line    0x00001d22      0x718 ./Core/Src/stm32f4xx_it.o
 .debug_line    0x0000243a      0x822 ./Core/Src/syscalls.o
 .debug_line    0x00002c5c      0x700 ./Core/Src/system_stm32f4xx.o
 .debug_line    0x0000335c       0x7a ./Core/Startup/startup_stm32f401ccux.o
 .debug_line    0x000033d6      0x969 ./Drivers/STM32F4xx_HAL_Driver/Src/stm32f4xx_hal.o
 .debug_line    0x00003d3f      0xc5b ./Drivers/STM32F4xx_HAL_Driver/Src/stm32f4xx_hal_cortex.o
 .debug_line    0x0000499a      0xcf2 ./Drivers/STM32F4xx_HAL_Driver/Src/stm32f4xx_hal_rcc.o
 .debug_line    0x0000568c     0x34e7 ./Drivers/STM32F4xx_HAL_Driver/Src/stm32f4xx_hal_tim.o
 .debug_line    0x00008b73     0x18fa ./Drivers/STM32F4xx_HAL_Driver/Src/stm32f4xx_hal_tim_ex.o
 .debug_line    0x0000a46d      0x95e ./FreeRTOS/list.o
 .debug_line    0x0000adcb     0x1fde ./FreeRTOS/tasks.o
 .debug_line    0x0000cda9      0xae9 ./FreeRTOS/portable/GCC/ARM_CM4F/port.o
 .debug_line    0x0000d892      0xbdf ./FreeRTOS/portable/MemMang/heap_4.o
 .debug_line    0x0000e471      0x743 ./SEGGER/Config/SEGGER_SYSVIEW_Config_FreeRTOS.o
 .debug_line    0x0000ebb4      0xa31 ./SEGGER/OS/SEGGER_SYSVIEW_FreeRTOS.o
 .debug_line    0x0000f5e5      0xeb1 ./SEGGER/SEGGER/SEGGER_RTT.o
 .debug_line    0x00010496       0x86 ./SEGGER/SEGGER/SEGGER_RTT_ASM_ARMv7M.o
 .debug_line    0x0001051c     0x2680 ./SEGGER/SEGGER/SEGGER_SYSVIEW.o
 .debug_line    0x00012b9c      0x5e1 ./SEGGER/SEGGER/Syscalls/SEGGER_RTT_Syscalls_GCC.o
