Archive member included to satisfy reference by file (symbol)

/opt/st/stm32cubeide_1.16.1/plugins/com.st.stm32cube.ide.mcu.externaltools.gnu-tools-for-stm32.12.3.rel1.linux64_1.0.200.202406132123/tools/bin/../lib/gcc/arm-none-eabi/12.3.1/../../../../arm-none-eabi/lib/thumb/v7e-m+fp/hard/libc_nano.a(libc_a-exit.o)
                              /opt/st/stm32cubeide_1.16.1/plugins/com.st.stm32cube.ide.mcu.externaltools.gnu-tools-for-stm32.12.3.rel1.linux64_1.0.200.202406132123/tools/bin/../lib/gcc/arm-none-eabi/12.3.1/../../../../arm-none-eabi/lib/thumb/v7e-m+fp/hard/crt0.o (exit)
/opt/st/stm32cubeide_1.16.1/plugins/com.st.stm32cube.ide.mcu.externaltools.gnu-tools-for-stm32.12.3.rel1.linux64_1.0.200.202406132123/tools/bin/../lib/gcc/arm-none-eabi/12.3.1/../../../../arm-none-eabi/lib/thumb/v7e-m+fp/hard/libc_nano.a(libc_a-findfp.o)
                              /opt/st/stm32cubeide_1.16.1/plugins/com.st.stm32cube.ide.mcu.externaltools.gnu-tools-for-stm32.12.3.rel1.linux64_1.0.200.202406132123/tools/bin/../lib/gcc/arm-none-eabi/12.3.1/../../../../arm-none-eabi/lib/thumb/v7e-m+fp/hard/libc_nano.a(libc_a-exit.o) (__stdio_exit_handler)
/opt/st/stm32cubeide_1.16.1/plugins/com.st.stm32cube.ide.mcu.externaltools.gnu-tools-for-stm32.12.3.rel1.linux64_1.0.200.202406132123/tools/bin/../lib/gcc/arm-none-eabi/12.3.1/../../../../arm-none-eabi/lib/thumb/v7e-m+fp/hard/libc_nano.a(libc_a-fwalk.o)
                              /opt/st/stm32cubeide_1.16.1/plugins/com.st.stm32cube.ide.mcu.externaltools.gnu-tools-for-stm32.12.3.rel1.linux64_1.0.200.202406132123/tools/bin/../lib/gcc/arm-none-eabi/12.3.1/../../../../arm-none-eabi/lib/thumb/v7e-m+fp/hard/libc_nano.a(libc_a-findfp.o) (_fwalk_sglue)
/opt/st/stm32cubeide_1.16.1/plugins/com.st.stm32cube.ide.mcu.externaltools.gnu-tools-for-stm32.12.3.rel1.linux64_1.0.200.202406132123/tools/bin/../lib/gcc/arm-none-eabi/12.3.1/../../../../arm-none-eabi/lib/thumb/v7e-m+fp/hard/libc_nano.a(libc_a-printf.o)
                              ./Core/Src/main.o (printf)
/opt/st/stm32cubeide_1.16.1/plugins/com.st.stm32cube.ide.mcu.externaltools.gnu-tools-for-stm32.12.3.rel1.linux64_1.0.200.202406132123/tools/bin/../lib/gcc/arm-none-eabi/12.3.1/../../../../arm-none-eabi/lib/thumb/v7e-m+fp/hard/libc_nano.a(libc_a-stdio.o)
                              /opt/st/stm32cubeide_1.16.1/plugins/com.st.stm32cube.ide.mcu.externaltools.gnu-tools-for-stm32.12.3.rel1.linux64_1.0.200.202406132123/tools/bin/../lib/gcc/arm-none-eabi/12.3.1/../../../../arm-none-eabi/lib/thumb/v7e-m+fp/hard/libc_nano.a(libc_a-findfp.o) (__sread)
/opt/st/stm32cubeide_1.16.1/plugins/com.st.stm32cube.ide.mcu.externaltools.gnu-tools-for-stm32.12.3.rel1.linux64_1.0.200.202406132123/tools/bin/../lib/gcc/arm-none-eabi/12.3.1/../../../../arm-none-eabi/lib/thumb/v7e-m+fp/hard/libc_nano.a(libc_a-memset.o)
                              /opt/st/stm32cubeide_1.16.1/plugins/com.st.stm32cube.ide.mcu.externaltools.gnu-tools-for-stm32.12.3.rel1.linux64_1.0.200.202406132123/tools/bin/../lib/gcc/arm-none-eabi/12.3.1/../../../../arm-none-eabi/lib/thumb/v7e-m+fp/hard/crt0.o (memset)
/opt/st/stm32cubeide_1.16.1/plugins/com.st.stm32cube.ide.mcu.externaltools.gnu-tools-for-stm32.12.3.rel1.linux64_1.0.200.202406132123/tools/bin/../lib/gcc/arm-none-eabi/12.3.1/../../../../arm-none-eabi/lib/thumb/v7e-m+fp/hard/libc_nano.a(libc_a-closer.o)
                              /opt/st/stm32cubeide_1.16.1/plugins/com.st.stm32cube.ide.mcu.externaltools.gnu-tools-for-stm32.12.3.rel1.linux64_1.0.200.202406132123/tools/bin/../lib/gcc/arm-none-eabi/12.3.1/../../../../arm-none-eabi/lib/thumb/v7e-m+fp/hard/libc_nano.a(libc_a-stdio.o) (_close_r)
/opt/st/stm32cubeide_1.16.1/plugins/com.st.stm32cube.ide.mcu.externaltools.gnu-tools-for-stm32.12.3.rel1.linux64_1.0.200.202406132123/tools/bin/../lib/gcc/arm-none-eabi/12.3.1/../../../../arm-none-eabi/lib/thumb/v7e-m+fp/hard/libc_nano.a(libc_a-reent.o)
                              /opt/st/stm32cubeide_1.16.1/plugins/com.st.stm32cube.ide.mcu.externaltools.gnu-tools-for-stm32.12.3.rel1.linux64_1.0.200.202406132123/tools/bin/../lib/gcc/arm-none-eabi/12.3.1/../../../../arm-none-eabi/lib/thumb/v7e-m+fp/hard/libc_nano.a(libc_a-closer.o) (errno)
/opt/st/stm32cubeide_1.16.1/plugins/com.st.stm32cube.ide.mcu.externaltools.gnu-tools-for-stm32.12.3.rel1.linux64_1.0.200.202406132123/tools/bin/../lib/gcc/arm-none-eabi/12.3.1/../../../../arm-none-eabi/lib/thumb/v7e-m+fp/hard/libc_nano.a(libc_a-impure.o)
                              /opt/st/stm32cubeide_1.16.1/plugins/com.st.stm32cube.ide.mcu.externaltools.gnu-tools-for-stm32.12.3.rel1.linux64_1.0.200.202406132123/tools/bin/../lib/gcc/arm-none-eabi/12.3.1/../../../../arm-none-eabi/lib/thumb/v7e-m+fp/hard/libc_nano.a(libc_a-printf.o) (_impure_ptr)
/opt/st/stm32cubeide_1.16.1/plugins/com.st.stm32cube.ide.mcu.externaltools.gnu-tools-for-stm32.12.3.rel1.linux64_1.0.200.202406132123/tools/bin/../lib/gcc/arm-none-eabi/12.3.1/../../../../arm-none-eabi/lib/thumb/v7e-m+fp/hard/libc_nano.a(libc_a-lseekr.o)
[...]
Memory Configuration

Name             Origin             Length             Attributes
RAM              0x20000000         0x00010000         xrw
FLASH            0x08000000         0x00040000         xr
*default*        0x00000000         0xffffffff

Linker script and memory map

LOAD /opt/st/stm32cubeide_1.16.1/plugins/com.st.stm32cube.ide.mcu.externaltools.gnu-tools-for-stm32.12.3.rel1.linux64_1.0.200.202406132123/tools/bin/../lib/gcc/arm-none-eabi/12.3.1/thumb/v7e-m+fp/hard/crti.o
LOAD /opt/st/stm32cubeide_1.16.1/plugins/com.st.stm32cube.ide.mcu.externaltools.gnu-tools-for-stm32.12.3.rel1.linux64_1.0.200.202406132123/tools/bin/../lib/gcc/arm-none-eabi/12.3.1/thumb/v7e-m+fp/hard/crtbegin.o
LOAD /opt/st/stm32cubeide_1.16.1/plugins/com.st.stm32cube.ide.mcu.externaltools.gnu-tools-for-stm32.12.3.rel1.linux64_1.0.200.202406132123/tools/bin/../lib/gcc/arm-none-eabi/12.3.1/../../../../arm-none-eabi/lib/thumb/v7e-m+fp/hard/crt0.o
LOAD ./Core/Src/main.o
LOAD ./Core/Src/stm32f4xx_hal_msp.o
LOAD ./Core/Src/stm32f4xx_hal_timebase_tim.o
LOAD ./Core/Src/stm32f4xx_it.o
LOAD ./Core/Src/syscalls.o
LOAD ./Core/Src/system_stm32f4xx.o
LOAD ./Core/Startup/startup_stm32f401ccux.o
LOAD ./Drivers/STM32F4xx_HAL_Driver/Src/stm32f4xx_hal.o
LOAD ./Drivers/STM32F4xx_HAL_Driver/Src/stm32f4xx_hal_cortex.o
LOAD ./Drivers/STM32F4xx_HAL_Driver/Src/stm32f4xx_hal_dma.o
LOAD ./Drivers/STM32F4xx_HAL_Driver/Src/stm32f4xx_hal_dma_ex.o
LOAD ./Drivers/STM32F4xx_HAL_Driver/Src/stm32f4xx_hal_exti.o
LOAD ./Drivers/STM32F4xx_HAL_Driver/Src/stm32f4xx_hal_flash.o
LOAD ./Drivers/STM32F4xx_HAL_Driver/Src/stm32f4xx_hal_flash_ex.o
LOAD ./Drivers/STM32F4xx_HAL_Driver/Src/stm32f4xx_hal_flash_ramfunc.o
LOAD ./Drivers/STM32F4xx_HAL_Driver/Src/stm32f4xx_hal_gpio.o
LOAD ./Drivers/STM32F4xx_HAL_Driver/Src/stm32f4xx_hal_pwr.o
LOAD ./Drivers/STM32F4xx_HAL_Driver/Src/stm32f4xx_hal_pwr_ex.o
LOAD ./Drivers/STM32F4xx_HAL_Driver/Src/stm32f4xx_hal_rcc.o
LOAD ./Drivers/STM32F4xx_HAL_Driver/Src/stm32f4xx_hal_rcc_ex.o
LOAD ./Drivers/STM32F4xx_HAL_Driver/Src/stm32f4xx_hal_tim.o
LOAD ./Drivers/STM32F4xx_HAL_Driver/Src/stm32f4xx_hal_tim_ex.o
LOAD ./FreeRTOS/croutine.o
LOAD ./FreeRTOS/event_groups.o
LOAD ./FreeRTOS/list.o
LOAD ./FreeRTOS/queue.o
LOAD ./FreeRTOS/stream_buffer.o
LOAD ./FreeRTOS/tasks.o
LOAD ./FreeRTOS/timers.o
LOAD ./FreeRTOS/portable/GCC/ARM_CM4F/port.o
LOAD ./FreeRTOS/portable/MemMang/heap_4.o
START GROUP
LOAD /opt/st/stm32cubeide_1.16.1/plugins/com.st.stm32cube.ide.mcu.externaltools.gnu-tools-for-stm32.12.3.rel1.linux64_1.0.200.202406132123/tools/bin/../lib/gcc/arm-none-eabi/12.3.1/../../../../arm-none-eabi/lib/thumb/v7e-m+fp/hard/libc_nano.a
LOAD /opt/st/stm32cubeide_1.16.1/plugins/com.st.stm32cube.ide.mcu.externaltools.gnu-tools-for-stm32.12.3.rel1.linux64_1.0.200.202406132123/tools/bin/../lib/gcc/arm-none-eabi/12.3.1/../../../../arm-none-eabi/lib/thumb/v7e-m+fp/hard/libm.a
END GROUP
START GROUP
LOAD /opt/st/stm32cubeide_1.16.1/plugins/com.st.stm32cube.ide.mcu.externaltools.gnu-tools-for-stm32.12.3.rel1.linux64_1.0.200.202406132123/tools/bin/../lib/gcc/arm-none-eabi/12.3.1/thumb/v7e-m+fp/hard/libgcc.a
LOAD /opt/st/stm32cubeide_1.16.1/plugins/com.st.stm32cube.ide.mcu.externaltools.gnu-tools-for-stm32.12.3.rel1.linux64_1.0.200.202406132123/tools/bin/../lib/gcc/arm-none-eabi/12.3.1/../../../../arm-none-eabi/lib/thumb/v7e-m+fp/hard/libc_nano.a
END GROUP
START GROUP
LOAD /opt/st/stm32cubeide_1.16.1/plugins/com.st.stm32cube.ide.mcu.externaltools.gnu-tools-for-stm32.12.3.rel1.linux64_1.0.200.202406132123/tools/bin/../lib/gcc/arm-none-eabi/12.3.1/thumb/v7e-m+fp/hard/libgcc.a
LOAD /opt/st/stm32cubeide_1.16.1/plugins/com.st.stm32cube.ide.mcu.externaltools.gnu-tools-for-stm32.12.3.rel1.linux64_1.0.200.202406132123/tools/bin/../lib/gcc/arm-none-eabi/12.3.1/../../../../arm-none-eabi/lib/thumb/v7e-m+fp/hard/libc_nano.a
LOAD /opt/st/stm32cubeide_1.16.1/plugins/com.st.stm32cube.ide.mcu.externaltools.gnu-tools-for-stm32.12.3.rel1.linux64_1.0.200.202406132123/tools/bin/../lib/gcc/arm-none-eabi/12.3.1/../../../../arm-none-eabi/lib/thumb/v7e-m+fp/hard/libnosys.a
END GROUP
START GROUP
LOAD /opt/st/stm32cubeide_1.16.1/plugins/com.st.stm32cube.ide.mcu.externaltools.gnu-tools-for-stm32.12.3.rel1.linux64_1.0.200.202406132123/tools/bin/../lib/gcc/arm-none-eabi/12.3.1/thumb/v7e-m+fp/hard/libgcc.a
LOAD /opt/st/stm32cubeide_1.16.1/plugins/com.st.stm32cube.ide.mcu.externaltools.gnu-tools-for-stm32.12.3.rel1.linux64_1.0.200.202406132123/tools/bin/../lib/gcc/arm-none-eabi/12.3.1/../../../../arm-none-eabi/lib/thumb/v7e-m+fp/hard/libc_nano.a
LOAD /opt/st/stm32cubeide_1.16.1/plugins/com.st.stm32cube.ide.mcu.externaltools.gnu-tools-for-stm32.12.3.rel1.linux64_1.0.200.202406132123/tools/bin/../lib/gcc/arm-none-eabi/12.3.1/../../../../arm-none-eabi/lib/thumb/v7e-m+fp/hard/libnosys.a
END GROUP
LOAD /opt/st/stm32cubeide_1.16.1/plugins/com.st.stm32cube.ide.mcu.externaltools.gnu-tools-for-stm32.12.3.rel1.linux64_1.0.200.202406132123/tools/bin/../lib/gcc/arm-none-eabi/12.3.1/thumb/v7e-m+fp/hard/crtend.o
LOAD /opt/st/stm32cubeide_1.16.1/plugins/com.st.stm32cube.ide.mcu.externaltools.gnu-tools-for-stm32.12.3.rel1.linux64_1.0.200.202406132123/tools/bin/../lib/gcc/arm-none-eabi/12.3.1/thumb/v7e-m+fp/hard/crtn.o
                0x20010000                        _estack = (ORIGIN (RAM) + LENGTH (RAM))
                0x00000200                        _Min_Heap_Size = 0x200
                0x00000400                        _Min_Stack_Size = 0x400

.isr_vector     0x08000000      0x194
                0x08000000                        . = ALIGN (0x4)
 *(.isr_vector)
 .isr_vector    0x08000000      0x194 ./Core/Startup/startup_stm32f401ccux.o
                0x08000000                g_pfnVectors
                0x08000194                        . = ALIGN (0x4)

.text           0x080001a0     0x4eb8
                0x080001a0                        . = ALIGN (0x4)
 *(.text)
 .text          0x080001a0       0x40 /opt/st/stm32cubeide_1.16.1/plugins/com.st.stm32cube.ide.mcu.externaltools.gnu-tools-for-stm32.12.3.rel1.linux64_1.0.200.202406132123/tools/bin/../lib/gcc/arm-none-eabi/12.3.1/thumb/v7e-m+fp/hard/crtbegin.o
 .text          0x080001e0       0xa0 /opt/st/stm32cubeide_1.16.1/plugins/com.st.stm32cube.ide.mcu.externaltools.gnu-tools-for-stm32.12.3.rel1.linux64_1.0.200.202406132123/tools/bin/../lib/gcc/arm-none-eabi/12.3.1/../../../../arm-none-eabi/lib/thumb/v7e-m+fp/hard/libc_nano.a(libc_a-memchr.o)
                0x080001e0                memchr
 .text          0x08000280       0x30 /opt/st/stm32cubeide_1.16.1/plugins/com.st.stm32cube.ide.mcu.externaltools.gnu-tools-for-stm32.12.3.rel1.linux64_1.0.200.202406132123/tools/bin/../lib/gcc/arm-none-eabi/12.3.1/thumb/v7e-m+fp/hard/libgcc.a(_aeabi_uldivmod.o)
                0x08000280                __aeabi_uldivmod
 .text          0x080002b0      0x2bc /opt/st/stm32cubeide_1.16.1/plugins/com.st.stm32cube.ide.mcu.externaltools.gnu-tools-for-stm32.12.3.rel1.linux64_1.0.200.202406132123/tools/bin/../lib/gcc/arm-none-eabi/12.3.1/thumb/v7e-m+fp/hard/libgcc.a(_udivmoddi4.o)
                0x080002b0                __udivmoddi4
 .text          0x0800056c        0x4 /opt/st/stm32cubeide_1.16.1/plugins/com.st.stm32cube.ide.mcu.externaltools.gnu-tools-for-stm32.12.3.rel1.linux64_1.0.200.202406132123/tools/bin/../lib/gcc/arm-none-eabi/12.3.1/thumb/v7e-m+fp/hard/libgcc.a(_dvmd_tls.o)
                0x0800056c                __aeabi_ldiv0
                0x0800056c                __aeabi_idiv0
 *(.text*)
 .text.main     0x08000570       0x94 ./Core/Src/main.o
                0x08000570                main
 .text.SystemClock_Config
                0x08000604       0xbc ./Core/Src/main.o
                0x08000604                SystemClock_Config
 .text.MX_GPIO_Init
                0x080006c0       0x50 ./Core/Src/main.o
 .text.hello1Func
                0x08000710       0x20 ./Core/Src/main.o
 .text.hello2Func
                0x08000730       0x20 ./Core/Src/main.o
 .text.HAL_TIM_PeriodElapsedCallback
                0x08000750       0x24 ./Core/Src/main.o
                0x08000750                HAL_TIM_PeriodElapsedCallback
 .text.Error_Handler
                0x08000774        0xc ./Core/Src/main.o
                0x08000774                Error_Handler
 .text.HAL_MspInit
                0x08000780       0x50 ./Core/Src/stm32f4xx_hal_msp.o
                0x08000780                HAL_MspInit
 .text.HAL_InitTick
                0x080007d0       0xe4 ./Core/Src/stm32f4xx_hal_timebase_tim.o
                0x080007d0                HAL_InitTick
 .text.NMI_Handler
                0x080008b4        0x8 ./Core/Src/stm32f4xx_it.o
                0x080008b4                NMI_Handler
 .text.HardFault_Handler
                0x080008bc        0x8 ./Core/Src/stm32f4xx_it.o
                0x080008bc                HardFault_Handler
 .text.MemManage_Handler
                0x080008c4        0x8 ./Core/Src/stm32f4xx_it.o
                0x080008c4                MemManage_Handler
 .text.BusFault_Handler
                0x080008cc        0x8 ./Core/Src/stm32f4xx_it.o
                0x080008cc                BusFault_Handler
 .text.UsageFault_Handler
                0x080008d4        0x8 ./Core/Src/stm32f4xx_it.o
                0x080008d4                UsageFault_Handler
 .text.DebugMon_Handler
                0x080008dc        0xe ./Core/Src/stm32f4xx_it.o
                0x080008dc                DebugMon_Handler
 *fill*         0x080008ea        0x2 
 .text.TIM1_BRK_TIM9_IRQHandler
                0x080008ec       0x14 ./Core/Src/stm32f4xx_it.o
                0x080008ec                TIM1_BRK_TIM9_IRQHandler
 .text.ITM_SendChar
                0x08000900       0x50 ./Core/Src/syscalls.o
                0x08000900                ITM_SendChar
 .text._read    0x08000950       0x3a ./Core/Src/syscalls.o
                0x08000950                _read
 .text._write   0x0800098a       0x38 ./Core/Src/syscalls.o
                0x0800098a                _write
 .text._close   0x080009c2       0x18 ./Core/Src/syscalls.o
                0x080009c2                _close
 .text._fstat   0x080009da       0x20 ./Core/Src/syscalls.o
                0x080009da                _fstat
 .text._isatty  0x080009fa       0x16 ./Core/Src/syscalls.o
                0x080009fa                _isatty
 .text._lseek   0x08000a10       0x1a ./Core/Src/syscalls.o
                0x08000a10                _lseek
 *fill*         0x08000a2a        0x2 
 .text.SystemInit
                0x08000a2c       0x24 ./Core/Src/system_stm32f4xx.o
                0x08000a2c                SystemInit
 .text.Reset_Handler
                0x08000a50       0x50 ./Core/Startup/startup_stm32f401ccux.o
                0x08000a50                Reset_Handler
 .text.Default_Handler
                0x08000aa0        0x2 ./Core/Startup/startup_stm32f401ccux.o
                0x08000aa0                RTC_Alarm_IRQHandler
                0x08000aa0                EXTI2_IRQHandler
                0x08000aa0                SPI4_IRQHandler
                0x08000aa0                TIM1_CC_IRQHandler
                0x08000aa0                DMA2_Stream5_IRQHandler
                0x08000aa0                DMA1_Stream5_IRQHandler
                0x08000aa0                PVD_IRQHandler
                0x08000aa0                SDIO_IRQHandler
                0x08000aa0                TAMP_STAMP_IRQHandler
                0x08000aa0                EXTI3_IRQHandler
                0x08000aa0                TIM1_UP_TIM10_IRQHandler
                0x08000aa0                I2C3_ER_IRQHandler
                0x08000aa0                EXTI0_IRQHandler
                0x08000aa0                I2C2_EV_IRQHandler
                0x08000aa0                DMA1_Stream2_IRQHandler
                0x08000aa0                FPU_IRQHandler
                0x08000aa0                DMA2_Stream2_IRQHandler
                0x08000aa0                SPI1_IRQHandler
                0x08000aa0                DMA2_Stream3_IRQHandler
                0x08000aa0                USART6_IRQHandler
                0x08000aa0                DMA2_Stream0_IRQHandler
                0x08000aa0                TIM4_IRQHandler
                0x08000aa0                I2C1_EV_IRQHandler
                0x08000aa0                DMA1_Stream6_IRQHandler
                0x08000aa0                DMA1_Stream1_IRQHandler
                0x08000aa0                TIM3_IRQHandler
                0x08000aa0                RCC_IRQHandler
                0x08000aa0                Default_Handler
                0x08000aa0                EXTI15_10_IRQHandler
                0x08000aa0                ADC_IRQHandler
                0x08000aa0                DMA1_Stream7_IRQHandler
                0x08000aa0                TIM5_IRQHandler
                0x08000aa0                DMA2_Stream7_IRQHandler
                0x08000aa0                I2C3_EV_IRQHandler
                0x08000aa0                EXTI9_5_IRQHandler
                0x08000aa0                RTC_WKUP_IRQHandler
                0x08000aa0                SPI2_IRQHandler
                0x08000aa0                DMA1_Stream0_IRQHandler
                0x08000aa0                EXTI4_IRQHandler
                0x08000aa0                WWDG_IRQHandler
                0x08000aa0                TIM2_IRQHandler
                0x08000aa0                OTG_FS_WKUP_IRQHandler
                0x08000aa0                TIM1_TRG_COM_TIM11_IRQHandler
                0x08000aa0                EXTI1_IRQHandler
                0x08000aa0                USART2_IRQHandler
                0x08000aa0                I2C2_ER_IRQHandler
                0x08000aa0                DMA2_Stream1_IRQHandler
                0x08000aa0                FLASH_IRQHandler
                0x08000aa0                DMA2_Stream4_IRQHandler
                0x08000aa0                USART1_IRQHandler
                0x08000aa0                OTG_FS_IRQHandler
                0x08000aa0                SPI3_IRQHandler
                0x08000aa0                DMA1_Stream4_IRQHandler
                0x08000aa0                I2C1_ER_IRQHandler
                0x08000aa0                DMA2_Stream6_IRQHandler
                0x08000aa0                DMA1_Stream3_IRQHandler
 *fill*         0x08000aa2        0x2 
 .text.HAL_Init
                0x08000aa4       0x44 ./Drivers/STM32F4xx_HAL_Driver/Src/stm32f4xx_hal.o
                0x08000aa4                HAL_Init
 .text.HAL_IncTick
                0x08000ae8       0x28 ./Drivers/STM32F4xx_HAL_Driver/Src/stm32f4xx_hal.o
                0x08000ae8                HAL_IncTick
 .text.HAL_GetTick
                0x08000b10       0x18 ./Drivers/STM32F4xx_HAL_Driver/Src/stm32f4xx_hal.o
                0x08000b10                HAL_GetTick
 .text.__NVIC_SetPriorityGrouping
                0x08000b28       0x48 ./Drivers/STM32F4xx_HAL_Driver/Src/stm32f4xx_hal_cortex.o
 .text.__NVIC_GetPriorityGrouping
                0x08000b70       0x1c ./Drivers/STM32F4xx_HAL_Driver/Src/stm32f4xx_hal_cortex.o
 .text.__NVIC_EnableIRQ
                0x08000b8c       0x3c ./Drivers/STM32F4xx_HAL_Driver/Src/stm32f4xx_hal_cortex.o
 .text.__NVIC_SetPriority
                0x08000bc8       0x54 ./Drivers/STM32F4xx_HAL_Driver/Src/stm32f4xx_hal_cortex.o
 .text.NVIC_EncodePriority
                0x08000c1c       0x66 ./Drivers/STM32F4xx_HAL_Driver/Src/stm32f4xx_hal_cortex.o
 .text.HAL_NVIC_SetPriorityGrouping
                0x08000c82       0x16 ./Drivers/STM32F4xx_HAL_Driver/Src/stm32f4xx_hal_cortex.o
                0x08000c82                HAL_NVIC_SetPriorityGrouping
 .text.HAL_NVIC_SetPriority
                0x08000c98       0x38 ./Drivers/STM32F4xx_HAL_Driver/Src/stm32f4xx_hal_cortex.o
                0x08000c98                HAL_NVIC_SetPriority
 .text.HAL_NVIC_EnableIRQ
                0x08000cd0       0x1c ./Drivers/STM32F4xx_HAL_Driver/Src/stm32f4xx_hal_cortex.o
                0x08000cd0                HAL_NVIC_EnableIRQ
 .text.HAL_RCC_OscConfig
                0x08000cec      0x4f0 ./Drivers/STM32F4xx_HAL_Driver/Src/stm32f4xx_hal_rcc.o
                0x08000cec                HAL_RCC_OscConfig
 .text.HAL_RCC_ClockConfig
                0x080011dc      0x1cc ./Drivers/STM32F4xx_HAL_Driver/Src/stm32f4xx_hal_rcc.o
                0x080011dc                HAL_RCC_ClockConfig
 .text.HAL_RCC_GetSysClockFreq
                0x080013a8      0x18c ./Drivers/STM32F4xx_HAL_Driver/Src/stm32f4xx_hal_rcc.o
                0x080013a8                HAL_RCC_GetSysClockFreq
 .text.HAL_RCC_GetHCLKFreq
                0x08001534       0x18 ./Drivers/STM32F4xx_HAL_Driver/Src/stm32f4xx_hal_rcc.o
                0x08001534                HAL_RCC_GetHCLKFreq
 .text.HAL_RCC_GetPCLK2Freq
                0x0800154c       0x28 ./Drivers/STM32F4xx_HAL_Driver/Src/stm32f4xx_hal_rcc.o
                0x0800154c                HAL_RCC_GetPCLK2Freq
 .text.HAL_RCC_GetClockConfig
                0x08001574       0x64 ./Drivers/STM32F4xx_HAL_Driver/Src/stm32f4xx_hal_rcc.o
                0x08001574                HAL_RCC_GetClockConfig
 .text.HAL_TIM_Base_Init
                0x080015d8       0x9e ./Drivers/STM32F4xx_HAL_Driver/Src/stm32f4xx_hal_tim.o
                0x080015d8                HAL_TIM_Base_Init
 .text.HAL_TIM_Base_MspInit
                0x08001676       0x14 ./Drivers/STM32F4xx_HAL_Driver/Src/stm32f4xx_hal_tim.o
                0x08001676                HAL_TIM_Base_MspInit
 *fill*         0x0800168a        0x2 
 .text.HAL_TIM_Base_Start_IT
                0x0800168c       0xc4 ./Drivers/STM32F4xx_HAL_Driver/Src/stm32f4xx_hal_tim.o
                0x0800168c                HAL_TIM_Base_Start_IT
 .text.HAL_TIM_IRQHandler
                0x08001750      0x1e0 ./Drivers/STM32F4xx_HAL_Driver/Src/stm32f4xx_hal_tim.o
                0x08001750                HAL_TIM_IRQHandler
 .text.HAL_TIM_OC_DelayElapsedCallback
                0x08001930       0x14 ./Drivers/STM32F4xx_HAL_Driver/Src/stm32f4xx_hal_tim.o
                0x08001930                HAL_TIM_OC_DelayElapsedCallback
 .text.HAL_TIM_IC_CaptureCallback
                0x08001944       0x14 ./Drivers/STM32F4xx_HAL_Driver/Src/stm32f4xx_hal_tim.o
                0x08001944                HAL_TIM_IC_CaptureCallback
 .text.HAL_TIM_PWM_PulseFinishedCallback
                0x08001958       0x14 ./Drivers/STM32F4xx_HAL_Driver/Src/stm32f4xx_hal_tim.o
                0x08001958                HAL_TIM_PWM_PulseFinishedCallback
 .text.HAL_TIM_TriggerCallback
                0x0800196c       0x14 ./Drivers/STM32F4xx_HAL_Driver/Src/stm32f4xx_hal_tim.o
                0x0800196c                HAL_TIM_TriggerCallback
 .text.TIM_Base_SetConfig
                0x08001980      0x118 ./Drivers/STM32F4xx_HAL_Driver/Src/stm32f4xx_hal_tim.o
                0x08001980                TIM_Base_SetConfig
 .text.HAL_TIMEx_CommutCallback
                0x08001a98       0x14 ./Drivers/STM32F4xx_HAL_Driver/Src/stm32f4xx_hal_tim_ex.o
                0x08001a98                HAL_TIMEx_CommutCallback
 .text.HAL_TIMEx_BreakCallback
                0x08001aac       0x14 ./Drivers/STM32F4xx_HAL_Driver/Src/stm32f4xx_hal_tim_ex.o
                0x08001aac                HAL_TIMEx_BreakCallback
 .text.vListInitialise
                0x08001ac0       0x40 ./FreeRTOS/list.o
                0x08001ac0                vListInitialise
 .text.vListInitialiseItem
                0x08001b00       0x1a ./FreeRTOS/list.o
                0x08001b00                vListInitialiseItem
 .text.vListInsertEnd
                0x08001b1a       0x48 ./FreeRTOS/list.o
                0x08001b1a                vListInsertEnd
 .text.vListInsert
                0x08001b62       0x72 ./FreeRTOS/list.o
                0x08001b62                vListInsert
 .text.uxListRemove
                0x08001bd4       0x54 ./FreeRTOS/list.o
                0x08001bd4                uxListRemove
 .text.xQueueGenericReset
                0x08001c28       0xd4 ./FreeRTOS/queue.o
                0x08001c28                xQueueGenericReset
 .text.xQueueGenericCreate
                0x08001cfc       0xc4 ./FreeRTOS/queue.o
                0x08001cfc                xQueueGenericCreate
 .text.prvInitialiseNewQueue
                0x08001dc0       0x46 ./FreeRTOS/queue.o
 *fill*         0x08001e06        0x2 
 .text.xQueueGenericSend
                0x08001e08      0x204 ./FreeRTOS/queue.o
                0x08001e08                xQueueGenericSend
 .text.xQueueGenericSendFromISR
                0x0800200c      0x15c ./FreeRTOS/queue.o
                0x0800200c                xQueueGenericSendFromISR
 .text.xQueueReceive
                0x08002168      0x1c4 ./FreeRTOS/queue.o
                0x08002168                xQueueReceive
 .text.prvCopyDataToQueue
                0x0800232c       0xd4 ./FreeRTOS/queue.o
 .text.prvCopyDataFromQueue
                0x08002400       0x4c ./FreeRTOS/queue.o
 .text.prvUnlockQueue
                0x0800244c       0xa4 ./FreeRTOS/queue.o
 .text.prvIsQueueEmpty
                0x080024f0       0x2c ./FreeRTOS/queue.o
 .text.prvIsQueueFull
                0x0800251c       0x30 ./FreeRTOS/queue.o
 .text.vQueueAddToRegistry
                0x0800254c       0x54 ./FreeRTOS/queue.o
                0x0800254c                vQueueAddToRegistry
 .text.vQueueWaitForMessageRestricted
                0x080025a0       0x68 ./FreeRTOS/queue.o
                0x080025a0                vQueueWaitForMessageRestricted
 .text.xTaskCreate
                0x08002608       0x82 ./FreeRTOS/tasks.o
                0x08002608                xTaskCreate
 .text.prvInitialiseNewTask
                0x0800268a      0x12e ./FreeRTOS/tasks.o
 .text.prvAddNewTaskToReadyList
                0x080027b8       0xdc ./FreeRTOS/tasks.o
 .text.vTaskStartScheduler
                0x08002894       0xa4 ./FreeRTOS/tasks.o
                0x08002894                vTaskStartScheduler
 .text.vTaskSuspendAll
                0x08002938       0x1c ./FreeRTOS/tasks.o
                0x08002938                vTaskSuspendAll
 .text.xTaskResumeAll
                0x08002954      0x13c ./FreeRTOS/tasks.o
                0x08002954                xTaskResumeAll
 .text.xTaskGetTickCount
                0x08002a90       0x20 ./FreeRTOS/tasks.o
                0x08002a90                xTaskGetTickCount
 .text.xTaskIncrementTick
                0x08002ab0      0x174 ./FreeRTOS/tasks.o
                0x08002ab0                xTaskIncrementTick
 .text.vTaskSwitchContext
                0x08002c24       0xb8 ./FreeRTOS/tasks.o
                0x08002c24                vTaskSwitchContext
 .text.vTaskPlaceOnEventList
                0x08002cdc       0x4c ./FreeRTOS/tasks.o
                0x08002cdc                vTaskPlaceOnEventList
 .text.vTaskPlaceOnEventListRestricted
                0x08002d28       0x58 ./FreeRTOS/tasks.o
                0x08002d28                vTaskPlaceOnEventListRestricted
 .text.xTaskRemoveFromEventList
                0x08002d80       0xc8 ./FreeRTOS/tasks.o
                0x08002d80                xTaskRemoveFromEventList
 .text.vTaskInternalSetTimeOutState
                0x08002e48       0x2c ./FreeRTOS/tasks.o
                0x08002e48                vTaskInternalSetTimeOutState
 .text.xTaskCheckForTimeOut
                0x08002e74       0xd0 ./FreeRTOS/tasks.o
                0x08002e74                xTaskCheckForTimeOut
 .text.vTaskMissedYield
                0x08002f44       0x18 ./FreeRTOS/tasks.o
                0x08002f44                vTaskMissedYield
 .text.prvIdleTask
                0x08002f5c       0x30 ./FreeRTOS/tasks.o
 .text.prvInitialiseTaskLists
                0x08002f8c       0x80 ./FreeRTOS/tasks.o
 .text.prvCheckTasksWaitingTermination
                0x0800300c       0x5c ./FreeRTOS/tasks.o
 .text.prvDeleteTCB
                0x08003068       0x20 ./FreeRTOS/tasks.o
 .text.prvResetNextTaskUnblockTime
                0x08003088       0x38 ./FreeRTOS/tasks.o
 .text.xTaskGetSchedulerState
                0x080030c0       0x3c ./FreeRTOS/tasks.o
                0x080030c0                xTaskGetSchedulerState
 .text.xTaskPriorityDisinherit
                0x080030fc       0xf8 ./FreeRTOS/tasks.o
                0x080030fc                xTaskPriorityDisinherit
 .text.prvAddCurrentTaskToDelayedList
                0x080031f4       0xcc ./FreeRTOS/tasks.o
 .text.xTimerCreateTimerTask
                0x080032c0       0x68 ./FreeRTOS/timers.o
                0x080032c0                xTimerCreateTimerTask
 .text.xTimerGenericCommand
                0x08003328       0x9c ./FreeRTOS/timers.o
                0x08003328                xTimerGenericCommand
 .text.prvProcessExpiredTimer
                0x080033c4       0x9c ./FreeRTOS/timers.o
 .text.prvTimerTask
                0x08003460       0x26 ./FreeRTOS/timers.o
 *fill*         0x08003486        0x2 
 .text.prvProcessTimerOrBlockTask
                0x08003488       0x9c ./FreeRTOS/timers.o
 .text.prvGetNextExpireTime
                0x08003524       0x48 ./FreeRTOS/timers.o
 .text.prvSampleTimeNow
                0x0800356c       0x40 ./FreeRTOS/timers.o
 .text.prvInsertTimerInActiveList
                0x080035ac       0x84 ./FreeRTOS/timers.o
 .text.prvProcessReceivedCommands
                0x08003630      0x194 ./FreeRTOS/timers.o
 .text.prvSwitchTimerLists
                0x080037c4       0xcc ./FreeRTOS/timers.o
 .text.prvCheckForValidListAndQueue
                0x08003890       0x6c ./FreeRTOS/timers.o
 .text.pxPortInitialiseStack
                0x080038fc       0x68 ./FreeRTOS/portable/GCC/ARM_CM4F/port.o
                0x080038fc                pxPortInitialiseStack
 .text.prvTaskExitError
                0x08003964       0x5c ./FreeRTOS/portable/GCC/ARM_CM4F/port.o
 .text.SVC_Handler
                0x080039c0       0x28 ./FreeRTOS/portable/GCC/ARM_CM4F/port.o
                0x080039c0                SVC_Handler
 .text.prvPortStartFirstTask
                0x080039e8       0x2c ./FreeRTOS/portable/GCC/ARM_CM4F/port.o
 .text.xPortStartScheduler
                0x08003a14      0x148 ./FreeRTOS/portable/GCC/ARM_CM4F/port.o
                0x08003a14                xPortStartScheduler
 .text.vPortEnterCritical
                0x08003b5c       0x64 ./FreeRTOS/portable/GCC/ARM_CM4F/port.o
                0x08003b5c                vPortEnterCritical
 .text.vPortExitCritical
                0x08003bc0       0x54 ./FreeRTOS/portable/GCC/ARM_CM4F/port.o
                0x08003bc0                vPortExitCritical
 *fill*         0x08003c14        0xc 
 .text.PendSV_Handler
                0x08003c20       0x68 ./FreeRTOS/portable/GCC/ARM_CM4F/port.o
                0x08003c20                PendSV_Handler
 .text.SysTick_Handler
                0x08003c88       0x44 ./FreeRTOS/portable/GCC/ARM_CM4F/port.o
                0x08003c88                SysTick_Handler
 .text.vPortSetupTimerInterrupt
                0x08003ccc       0x48 ./FreeRTOS/portable/GCC/ARM_CM4F/port.o
                0x08003ccc                vPortSetupTimerInterrupt
 .text.vPortEnableVFP
                0x08003d14       0x18 ./FreeRTOS/portable/GCC/ARM_CM4F/port.o
 .text.vPortValidateInterruptPriority
                0x08003d2c       0x84 ./FreeRTOS/portable/GCC/ARM_CM4F/port.o
                0x08003d2c                vPortValidateInterruptPriority
 .text.pvPortMalloc
                0x08003db0      0x1c4 ./FreeRTOS/portable/MemMang/heap_4.o
                0x08003db0                pvPortMalloc
 .text.vPortFree
                0x08003f74       0xc8 ./FreeRTOS/portable/MemMang/heap_4.o
                0x08003f74                vPortFree
 .text.prvHeapInit
                0x0800403c       0xc4 ./FreeRTOS/portable/MemMang/heap_4.o
 .text.prvInsertBlockIntoFreeList
                0x08004100       0xb4 ./FreeRTOS/portable/MemMang/heap_4.o
 .text.std      0x080041b4       0x6c /opt/st/stm32cubeide_1.16.1/plugins/com.st.stm32cube.ide.mcu.externaltools.gnu-tools-for-stm32.12.3.rel1.linux64_1.0.200.202406132123/tools/bin/../lib/gcc/arm-none-eabi/12.3.1/../../../../arm-none-eabi/lib/thumb/v7e-m+fp/hard/libc_nano.a(libc_a-findfp.o)
 .text.stdio_exit_handler
                0x08004220       0x18 /opt/st/stm32cubeide_1.16.1/plugins/com.st.stm32cube.ide.mcu.externaltools.gnu-tools-for-stm32.12.3.rel1.linux64_1.0.200.202406132123/tools/bin/../lib/gcc/arm-none-eabi/12.3.1/../../../../arm-none-eabi/lib/thumb/v7e-m+fp/hard/libc_nano.a(libc_a-findfp.o)
 .text.cleanup_stdio
                0x08004238       0x40 /opt/st/stm32cubeide_1.16.1/plugins/com.st.stm32cube.ide.mcu.externaltools.gnu-tools-for-stm32.12.3.rel1.linux64_1.0.200.202406132123/tools/bin/../lib/gcc/arm-none-eabi/12.3.1/../../../../arm-none-eabi/lib/thumb/v7e-m+fp/hard/libc_nano.a(libc_a-findfp.o)
 .text.global_stdio_init.part.0
                0x08004278       0x3c /opt/st/stm32cubeide_1.16.1/plugins/com.st.stm32cube.ide.mcu.externaltools.gnu-tools-for-stm32.12.3.rel1.linux64_1.0.200.202406132123/tools/bin/../lib/gcc/arm-none-eabi/12.3.1/../../../../arm-none-eabi/lib/thumb/v7e-m+fp/hard/libc_nano.a(libc_a-findfp.o)
 .text.__sfp_lock_acquire
                0x080042b4        0xc /opt/st/stm32cubeide_1.16.1/plugins/com.st.stm32cube.ide.mcu.externaltools.gnu-tools-for-stm32.12.3.rel1.linux64_1.0.200.202406132123/tools/bin/../lib/gcc/arm-none-eabi/12.3.1/../../../../arm-none-eabi/lib/thumb/v7e-m+fp/hard/libc_nano.a(libc_a-findfp.o)
                0x080042b4                __sfp_lock_acquire
 .text.__sfp_lock_release
                0x080042c0        0xc /opt/st/stm32cubeide_1.16.1/plugins/com.st.stm32cube.ide.mcu.externaltools.gnu-tools-for-stm32.12.3.rel1.linux64_1.0.200.202406132123/tools/bin/../lib/gcc/arm-none-eabi/12.3.1/../../../../arm-none-eabi/lib/thumb/v7e-m+fp/hard/libc_nano.a(libc_a-findfp.o)
                0x080042c0                __sfp_lock_release
 .text.__sinit  0x080042cc       0x30 /opt/st/stm32cubeide_1.16.1/plugins/com.st.stm32cube.ide.mcu.externaltools.gnu-tools-for-stm32.12.3.rel1.linux64_1.0.200.202406132123/tools/bin/../lib/gcc/arm-none-eabi/12.3.1/../../../../arm-none-eabi/lib/thumb/v7e-m+fp/hard/libc_nano.a(libc_a-findfp.o)
                0x080042cc                __sinit
 .text._fwalk_sglue
                0x080042fc       0x3c /opt/st/stm32cubeide_1.16.1/plugins/com.st.stm32cube.ide.mcu.externaltools.gnu-tools-for-stm32.12.3.rel1.linux64_1.0.200.202406132123/tools/bin/../lib/gcc/arm-none-eabi/12.3.1/../../../../arm-none-eabi/lib/thumb/v7e-m+fp/hard/libc_nano.a(libc_a-fwalk.o)
                0x080042fc                _fwalk_sglue
 .text.printf   0x08004338       0x24 /opt/st/stm32cubeide_1.16.1/plugins/com.st.stm32cube.ide.mcu.externaltools.gnu-tools-for-stm32.12.3.rel1.linux64_1.0.200.202406132123/tools/bin/../lib/gcc/arm-none-eabi/12.3.1/../../../../arm-none-eabi/lib/thumb/v7e-m+fp/hard/libc_nano.a(libc_a-printf.o)
                0x08004338                printf
                0x08004338                iprintf
 .text.__sread  0x0800435c       0x22 /opt/st/stm32cubeide_1.16.1/plugins/com.st.stm32cube.ide.mcu.externaltools.gnu-tools-for-stm32.12.3.rel1.linux64_1.0.200.202406132123/tools/bin/../lib/gcc/arm-none-eabi/12.3.1/../../../../arm-none-eabi/lib/thumb/v7e-m+fp/hard/libc_nano.a(libc_a-stdio.o)
                0x0800435c                __sread
 .text.__swrite
                0x0800437e       0x38 /opt/st/stm32cubeide_1.16.1/plugins/com.st.stm32cube.ide.mcu.externaltools.gnu-tools-for-stm32.12.3.rel1.linux64_1.0.200.202406132123/tools/bin/../lib/gcc/arm-none-eabi/12.3.1/../../../../arm-none-eabi/lib/thumb/v7e-m+fp/hard/libc_nano.a(libc_a-stdio.o)
                0x0800437e                __swrite
 .text.__sseek  0x080043b6       0x24 /opt/st/stm32cubeide_1.16.1/plugins/com.st.stm32cube.ide.mcu.externaltools.gnu-tools-for-stm32.12.3.rel1.linux64_1.0.200.202406132123/tools/bin/../lib/gcc/arm-none-eabi/12.3.1/../../../../arm-none-eabi/lib/thumb/v7e-m+fp/hard/libc_nano.a(libc_a-stdio.o)
                0x080043b6                __sseek
 .text.__sclose
                0x080043da        0x8 /opt/st/stm32cubeide_1.16.1/plugins/com.st.stm32cube.ide.mcu.externaltools.gnu-tools-for-stm32.12.3.rel1.linux64_1.0.200.202406132123/tools/bin/../lib/gcc/arm-none-eabi/12.3.1/../../../../arm-none-eabi/lib/thumb/v7e-m+fp/hard/libc_nano.a(libc_a-stdio.o)
                0x080043da                __sclose
 .text.memset   0x080043e2       0x10 /opt/st/stm32cubeide_1.16.1/plugins/com.st.stm32cube.ide.mcu.externaltools.gnu-tools-for-stm32.12.3.rel1.linux64_1.0.200.202406132123/tools/bin/../lib/gcc/arm-none-eabi/12.3.1/../../../../arm-none-eabi/lib/thumb/v7e-m+fp/hard/libc_nano.a(libc_a-memset.o)
                0x080043e2                memset
 *fill*         0x080043f2        0x2 
 .text._close_r
                0x080043f4       0x20 /opt/st/stm32cubeide_1.16.1/plugins/com.st.stm32cube.ide.mcu.externaltools.gnu-tools-for-stm32.12.3.rel1.linux64_1.0.200.202406132123/tools/bin/../lib/gcc/arm-none-eabi/12.3.1/../../../../arm-none-eabi/lib/thumb/v7e-m+fp/hard/libc_nano.a(libc_a-closer.o)
                0x080043f4                _close_r
 .text._lseek_r
                0x08004414       0x24 /opt/st/stm32cubeide_1.16.1/plugins/com.st.stm32cube.ide.mcu.externaltools.gnu-tools-for-stm32.12.3.rel1.linux64_1.0.200.202406132123/tools/bin/../lib/gcc/arm-none-eabi/12.3.1/../../../../arm-none-eabi/lib/thumb/v7e-m+fp/hard/libc_nano.a(libc_a-lseekr.o)
                0x08004414                _lseek_r
 .text._read_r  0x08004438       0x24 /opt/st/stm32cubeide_1.16.1/plugins/com.st.stm32cube.ide.mcu.externaltools.gnu-tools-for-stm32.12.3.rel1.linux64_1.0.200.202406132123/tools/bin/../lib/gcc/arm-none-eabi/12.3.1/../../../../arm-none-eabi/lib/thumb/v7e-m+fp/hard/libc_nano.a(libc_a-readr.o)
                0x08004438                _read_r
 .text._write_r
                0x0800445c       0x24 /opt/st/stm32cubeide_1.16.1/plugins/com.st.stm32cube.ide.mcu.externaltools.gnu-tools-for-stm32.12.3.rel1.linux64_1.0.200.202406132123/tools/bin/../lib/gcc/arm-none-eabi/12.3.1/../../../../arm-none-eabi/lib/thumb/v7e-m+fp/hard/libc_nano.a(libc_a-writer.o)
                0x0800445c                _write_r
 .text.__libc_init_array
                0x08004480       0x48 /opt/st/stm32cubeide_1.16.1/plugins/com.st.stm32cube.ide.mcu.externaltools.gnu-tools-for-stm32.12.3.rel1.linux64_1.0.200.202406132123/tools/bin/../lib/gcc/arm-none-eabi/12.3.1/../../../../arm-none-eabi/lib/thumb/v7e-m+fp/hard/libc_nano.a(libc_a-init.o)
                0x08004480                __libc_init_array
 .text.__retarget_lock_init_recursive
                0x080044c8        0x2 /opt/st/stm32cubeide_1.16.1/plugins/com.st.stm32cube.ide.mcu.externaltools.gnu-tools-for-stm32.12.3.rel1.linux64_1.0.200.202406132123/tools/bin/../lib/gcc/arm-none-eabi/12.3.1/../../../../arm-none-eabi/lib/thumb/v7e-m+fp/hard/libc_nano.a(libc_a-lock.o)
                0x080044c8                __retarget_lock_init_recursive
 .text.__retarget_lock_acquire_recursive
                0x080044ca        0x2 /opt/st/stm32cubeide_1.16.1/plugins/com.st.stm32cube.ide.mcu.externaltools.gnu-tools-for-stm32.12.3.rel1.linux64_1.0.200.202406132123/tools/bin/../lib/gcc/arm-none-eabi/12.3.1/../../../../arm-none-eabi/lib/thumb/v7e-m+fp/hard/libc_nano.a(libc_a-lock.o)
                0x080044ca                __retarget_lock_acquire_recursive
 .text.__retarget_lock_release_recursive
                0x080044cc        0x2 /opt/st/stm32cubeide_1.16.1/plugins/com.st.stm32cube.ide.mcu.externaltools.gnu-tools-for-stm32.12.3.rel1.linux64_1.0.200.202406132123/tools/bin/../lib/gcc/arm-none-eabi/12.3.1/../../../../arm-none-eabi/lib/thumb/v7e-m+fp/hard/libc_nano.a(libc_a-lock.o)
                0x080044cc                __retarget_lock_release_recursive
 .text.memcpy   0x080044ce       0x1c /opt/st/stm32cubeide_1.16.1/plugins/com.st.stm32cube.ide.mcu.externaltools.gnu-tools-for-stm32.12.3.rel1.linux64_1.0.200.202406132123/tools/bin/../lib/gcc/arm-none-eabi/12.3.1/../../../../arm-none-eabi/lib/thumb/v7e-m+fp/hard/libc_nano.a(libc_a-memcpy-stub.o)
                0x080044ce                memcpy
 *fill*         0x080044ea        0x2 
 .text._free_r  0x080044ec       0x94 /opt/st/stm32cubeide_1.16.1/plugins/com.st.stm32cube.ide.mcu.externaltools.gnu-tools-for-stm32.12.3.rel1.linux64_1.0.200.202406132123/tools/bin/../lib/gcc/arm-none-eabi/12.3.1/../../../../arm-none-eabi/lib/thumb/v7e-m+fp/hard/libc_nano.a(libc_a-freer.o)
                0x080044ec                _free_r
 .text.sbrk_aligned
                0x08004580       0x44 /opt/st/stm32cubeide_1.16.1/plugins/com.st.stm32cube.ide.mcu.externaltools.gnu-tools-for-stm32.12.3.rel1.linux64_1.0.200.202406132123/tools/bin/../lib/gcc/arm-none-eabi/12.3.1/../../../../arm-none-eabi/lib/thumb/v7e-m+fp/hard/libc_nano.a(libc_a-mallocr.o)
 .text._malloc_r
                0x080045c4      0x100 /opt/st/stm32cubeide_1.16.1/plugins/com.st.stm32cube.ide.mcu.externaltools.gnu-tools-for-stm32.12.3.rel1.linux64_1.0.200.202406132123/tools/bin/../lib/gcc/arm-none-eabi/12.3.1/../../../../arm-none-eabi/lib/thumb/v7e-m+fp/hard/libc_nano.a(libc_a-mallocr.o)
                0x080045c4                _malloc_r
 .text.__malloc_lock
                0x080046c4        0xc /opt/st/stm32cubeide_1.16.1/plugins/com.st.stm32cube.ide.mcu.externaltools.gnu-tools-for-stm32.12.3.rel1.linux64_1.0.200.202406132123/tools/bin/../lib/gcc/arm-none-eabi/12.3.1/../../../../arm-none-eabi/lib/thumb/v7e-m+fp/hard/libc_nano.a(libc_a-mlock.o)
                0x080046c4                __malloc_lock
 .text.__malloc_unlock
                0x080046d0        0xc /opt/st/stm32cubeide_1.16.1/plugins/com.st.stm32cube.ide.mcu.externaltools.gnu-tools-for-stm32.12.3.rel1.linux64_1.0.200.202406132123/tools/bin/../lib/gcc/arm-none-eabi/12.3.1/../../../../arm-none-eabi/lib/thumb/v7e-m+fp/hard/libc_nano.a(libc_a-mlock.o)
                0x080046d0                __malloc_unlock
 .text.__sfputc_r
                0x080046dc       0x2e /opt/st/stm32cubeide_1.16.1/plugins/com.st.stm32cube.ide.mcu.externaltools.gnu-tools-for-stm32.12.3.rel1.linux64_1.0.200.202406132123/tools/bin/../lib/gcc/arm-none-eabi/12.3.1/../../../../arm-none-eabi/lib/thumb/v7e-m+fp/hard/libc_nano.a(libc_a-nano-vfprintf.o)
 .text.__sfputs_r
                0x0800470a       0x24 /opt/st/stm32cubeide_1.16.1/plugins/com.st.stm32cube.ide.mcu.externaltools.gnu-tools-for-stm32.12.3.rel1.linux64_1.0.200.202406132123/tools/bin/../lib/gcc/arm-none-eabi/12.3.1/../../../../arm-none-eabi/lib/thumb/v7e-m+fp/hard/libc_nano.a(libc_a-nano-vfprintf.o)
                0x0800470a                __sfputs_r
 *fill*         0x0800472e        0x2 
 .text._vfprintf_r
                0x08004730      0x230 /opt/st/stm32cubeide_1.16.1/plugins/com.st.stm32cube.ide.mcu.externaltools.gnu-tools-for-stm32.12.3.rel1.linux64_1.0.200.202406132123/tools/bin/../lib/gcc/arm-none-eabi/12.3.1/../../../../arm-none-eabi/lib/thumb/v7e-m+fp/hard/libc_nano.a(libc_a-nano-vfprintf.o)
                0x08004730                _vfiprintf_r
                0x08004730                _vfprintf_r
 .text._printf_common
                0x08004960       0xda /opt/st/stm32cubeide_1.16.1/plugins/com.st.stm32cube.ide.mcu.externaltools.gnu-tools-for-stm32.12.3.rel1.linux64_1.0.200.202406132123/tools/bin/../lib/gcc/arm-none-eabi/12.3.1/../../../../arm-none-eabi/lib/thumb/v7e-m+fp/hard/libc_nano.a(libc_a-nano-vfprintf_i.o)
                0x08004960                _printf_common
 *fill*         0x08004a3a        0x2 
 .text._printf_i
                0x08004a3c      0x240 /opt/st/stm32cubeide_1.16.1/plugins/com.st.stm32cube.ide.mcu.externaltools.gnu-tools-for-stm32.12.3.rel1.linux64_1.0.200.202406132123/tools/bin/../lib/gcc/arm-none-eabi/12.3.1/../../../../arm-none-eabi/lib/thumb/v7e-m+fp/hard/libc_nano.a(libc_a-nano-vfprintf_i.o)
                0x08004a3c                _printf_i
 .text.__sflush_r
                0x08004c7c      0x108 /opt/st/stm32cubeide_1.16.1/plugins/com.st.stm32cube.ide.mcu.externaltools.gnu-tools-for-stm32.12.3.rel1.linux64_1.0.200.202406132123/tools/bin/../lib/gcc/arm-none-eabi/12.3.1/../../../../arm-none-eabi/lib/thumb/v7e-m+fp/hard/libc_nano.a(libc_a-fflush.o)
                0x08004c7c                __sflush_r
 .text._fflush_r
                0x08004d84       0x50 /opt/st/stm32cubeide_1.16.1/plugins/com.st.stm32cube.ide.mcu.externaltools.gnu-tools-for-stm32.12.3.rel1.linux64_1.0.200.202406132123/tools/bin/../lib/gcc/arm-none-eabi/12.3.1/../../../../arm-none-eabi/lib/thumb/v7e-m+fp/hard/libc_nano.a(libc_a-fflush.o)
                0x08004d84                _fflush_r
 .text.__swbuf_r
                0x08004dd4       0x7c /opt/st/stm32cubeide_1.16.1/plugins/com.st.stm32cube.ide.mcu.externaltools.gnu-tools-for-stm32.12.3.rel1.linux64_1.0.200.202406132123/tools/bin/../lib/gcc/arm-none-eabi/12.3.1/../../../../arm-none-eabi/lib/thumb/v7e-m+fp/hard/libc_nano.a(libc_a-wbuf.o)
                0x08004dd4                __swbuf_r
 .text.__swsetup_r
                0x08004e50       0xac /opt/st/stm32cubeide_1.16.1/plugins/com.st.stm32cube.ide.mcu.externaltools.gnu-tools-for-stm32.12.3.rel1.linux64_1.0.200.202406132123/tools/bin/../lib/gcc/arm-none-eabi/12.3.1/../../../../arm-none-eabi/lib/thumb/v7e-m+fp/hard/libc_nano.a(libc_a-wsetup.o)
                0x08004e50                __swsetup_r
 .text._sbrk_r  0x08004efc       0x20 /opt/st/stm32cubeide_1.16.1/plugins/com.st.stm32cube.ide.mcu.externaltools.gnu-tools-for-stm32.12.3.rel1.linux64_1.0.200.202406132123/tools/bin/../lib/gcc/arm-none-eabi/12.3.1/../../../../arm-none-eabi/lib/thumb/v7e-m+fp/hard/libc_nano.a(libc_a-sbrkr.o)
                0x08004efc                _sbrk_r
 .text.__swhatbuf_r
                0x08004f1c       0x4c /opt/st/stm32cubeide_1.16.1/plugins/com.st.stm32cube.ide.mcu.externaltools.gnu-tools-for-stm32.12.3.rel1.linux64_1.0.200.202406132123/tools/bin/../lib/gcc/arm-none-eabi/12.3.1/../../../../arm-none-eabi/lib/thumb/v7e-m+fp/hard/libc_nano.a(libc_a-makebuf.o)
                0x08004f1c                __swhatbuf_r
 .text.__smakebuf_r
                0x08004f68       0x78 /opt/st/stm32cubeide_1.16.1/plugins/com.st.stm32cube.ide.mcu.externaltools.gnu-tools-for-stm32.12.3.rel1.linux64_1.0.200.202406132123/tools/bin/../lib/gcc/arm-none-eabi/12.3.1/../../../../arm-none-eabi/lib/thumb/v7e-m+fp/hard/libc_nano.a(libc_a-makebuf.o)
                0x08004f68                __smakebuf_r
 .text._fstat_r
                0x08004fe0       0x24 /opt/st/stm32cubeide_1.16.1/plugins/com.st.stm32cube.ide.mcu.externaltools.gnu-tools-for-stm32.12.3.rel1.linux64_1.0.200.202406132123/tools/bin/../lib/gcc/arm-none-eabi/12.3.1/../../../../arm-none-eabi/lib/thumb/v7e-m+fp/hard/libc_nano.a(libc_a-fstatr.o)
                0x08004fe0                _fstat_r
 .text._isatty_r
                0x08005004       0x20 /opt/st/stm32cubeide_1.16.1/plugins/com.st.stm32cube.ide.mcu.externaltools.gnu-tools-for-stm32.12.3.rel1.linux64_1.0.200.202406132123/tools/bin/../lib/gcc/arm-none-eabi/12.3.1/../../../../arm-none-eabi/lib/thumb/v7e-m+fp/hard/libc_nano.a(libc_a-isattyr.o)
                0x08005004                _isatty_r
 .text._sbrk    0x08005024       0x1c /opt/st/stm32cubeide_1.16.1/plugins/com.st.stm32cube.ide.mcu.externaltools.gnu-tools-for-stm32.12.3.rel1.linux64_1.0.200.202406132123/tools/bin/../lib/gcc/arm-none-eabi/12.3.1/../../../../arm-none-eabi/lib/thumb/v7e-m+fp/hard/libnosys.a(sbrk.o)
                0x08005024                _sbrk
 *(.glue_7)
 .glue_7        0x08005040        0x0 linker stubs
 *(.glue_7t)
 .glue_7t       0x08005040        0x0 linker stubs
 *(.eh_frame)
 .eh_frame      0x08005040        0x0 /opt/st/stm32cubeide_1.16.1/plugins/com.st.stm32cube.ide.mcu.externaltools.gnu-tools-for-stm32.12.3.rel1.linux64_1.0.200.202406132123/tools/bin/../lib/gcc/arm-none-eabi/12.3.1/thumb/v7e-m+fp/hard/crtbegin.o
 *(.init)
 .init          0x08005040        0x4 /opt/st/stm32cubeide_1.16.1/plugins/com.st.stm32cube.ide.mcu.externaltools.gnu-tools-for-stm32.12.3.rel1.linux64_1.0.200.202406132123/tools/bin/../lib/gcc/arm-none-eabi/12.3.1/thumb/v7e-m+fp/hard/crti.o
                0x08005040                _init
 .init          0x08005044        0x8 /opt/st/stm32cubeide_1.16.1/plugins/com.st.stm32cube.ide.mcu.externaltools.gnu-tools-for-stm32.12.3.rel1.linux64_1.0.200.202406132123/tools/bin/../lib/gcc/arm-none-eabi/12.3.1/thumb/v7e-m+fp/hard/crtn.o
 *(.fini)
 .fini          0x0800504c        0x4 /opt/st/stm32cubeide_1.16.1/plugins/com.st.stm32cube.ide.mcu.externaltools.gnu-tools-for-stm32.12.3.rel1.linux64_1.0.200.202406132123/tools/bin/../lib/gcc/arm-none-eabi/12.3.1/thumb/v7e-m+fp/hard/crti.o
                0x0800504c                _fini
 .fini          0x08005050        0x8 /opt/st/stm32cubeide_1.16.1/plugins/com.st.stm32cube.ide.mcu.externaltools.gnu-tools-for-stm32.12.3.rel1.linux64_1.0.200.202406132123/tools/bin/../lib/gcc/arm-none-eabi/12.3.1/thumb/v7e-m+fp/hard/crtn.o
                0x08005058                        . = ALIGN (0x4)
                0x08005058                        _etext = .

.vfp11_veneer   0x08005058        0x0
 .vfp11_veneer  0x08005058        0x0 linker stubs

.v4_bx          0x08005058        0x0
 .v4_bx         0x08005058        0x0 linker stubs

.iplt           0x08005058        0x0
 .iplt          0x08005058        0x0 /opt/st/stm32cubeide_1.16.1/plugins/com.st.stm32cube.ide.mcu.externaltools.gnu-tools-for-stm32.12.3.rel1.linux64_1.0.200.202406132123/tools/bin/../lib/gcc/arm-none-eabi/12.3.1/thumb/v7e-m+fp/hard/crtbegin.o

.rodata         0x08005058       0x90
                0x08005058                        . = ALIGN (0x4)
 *(.rodata)
 .rodata        0x08005058       0x29 ./Core/Src/main.o
 *fill*         0x08005081        0x3 
 .rodata        0x08005084        0x5 ./FreeRTOS/tasks.o
 *fill*         0x08005089        0x3 
 .rodata        0x0800508c        0xd ./FreeRTOS/timers.o
 *(.rodata*)
 *fill*         0x08005099        0x3 
 .rodata.AHBPrescTable
                0x0800509c       0x10 ./Core/Src/system_stm32f4xx.o
                0x0800509c                AHBPrescTable
 .rodata.APBPrescTable
                0x080050ac        0x8 ./Core/Src/system_stm32f4xx.o
                0x080050ac                APBPrescTable
 .rodata._vfprintf_r.str1.1
                0x080050b4       0x11 /opt/st/stm32cubeide_1.16.1/plugins/com.st.stm32cube.ide.mcu.externaltools.gnu-tools-for-stm32.12.3.rel1.linux64_1.0.200.202406132123/tools/bin/../lib/gcc/arm-none-eabi/12.3.1/../../../../arm-none-eabi/lib/thumb/v7e-m+fp/hard/libc_nano.a(libc_a-nano-vfprintf.o)
 .rodata._printf_i.str1.1
                0x080050c5       0x22 /opt/st/stm32cubeide_1.16.1/plugins/com.st.stm32cube.ide.mcu.externaltools.gnu-tools-for-stm32.12.3.rel1.linux64_1.0.200.202406132123/tools/bin/../lib/gcc/arm-none-eabi/12.3.1/../../../../arm-none-eabi/lib/thumb/v7e-m+fp/hard/libc_nano.a(libc_a-nano-vfprintf_i.o)
                0x080050e8                        . = ALIGN (0x4)
 *fill*         0x080050e7        0x1 

.ARM.extab      0x080050e8        0x0
                0x080050e8                        . = ALIGN (0x4)
 *(.ARM.extab* .gnu.linkonce.armextab.*)
                0x080050e8                        . = ALIGN (0x4)

.ARM            0x080050e8        0x8
                0x080050e8                        . = ALIGN (0x4)
                0x080050e8                        __exidx_start = .
 *(.ARM.exidx*)
 .ARM.exidx     0x080050e8        0x8 /opt/st/stm32cubeide_1.16.1/plugins/com.st.stm32cube.ide.mcu.externaltools.gnu-tools-for-stm32.12.3.rel1.linux64_1.0.200.202406132123/tools/bin/../lib/gcc/arm-none-eabi/12.3.1/../../../../arm-none-eabi/lib/thumb/v7e-m+fp/hard/libc_nano.a(libc_a-memchr.o)
 .ARM.exidx     0x080050f0        0x0 /opt/st/stm32cubeide_1.16.1/plugins/com.st.stm32cube.ide.mcu.externaltools.gnu-tools-for-stm32.12.3.rel1.linux64_1.0.200.202406132123/tools/bin/../lib/gcc/arm-none-eabi/12.3.1/thumb/v7e-m+fp/hard/libgcc.a(_udivmoddi4.o)
                                  0x8 (size before relaxing)
                0x080050f0                        __exidx_end = .
                0x080050f0                        . = ALIGN (0x4)

.preinit_array  0x080050f0        0x0
                0x080050f0                        . = ALIGN (0x4)
                0x080050f0                        PROVIDE (__preinit_array_start = .)
 *(.preinit_array*)
                0x080050f0                        PROVIDE (__preinit_array_end = .)
                0x080050f0                        . = ALIGN (0x4)

.init_array     0x080050f0        0x4
                0x080050f0                        . = ALIGN (0x4)
                0x080050f0                        PROVIDE (__init_array_start = .)
 *(SORT_BY_NAME(.init_array.*))
 *(.init_array*)
 .init_array    0x080050f0        0x4 /opt/st/stm32cubeide_1.16.1/plugins/com.st.stm32cube.ide.mcu.externaltools.gnu-tools-for-stm32.12.3.rel1.linux64_1.0.200.202406132123/tools/bin/../lib/gcc/arm-none-eabi/12.3.1/thumb/v7e-m+fp/hard/crtbegin.o
                0x080050f4                        PROVIDE (__init_array_end = .)
                0x080050f4                        . = ALIGN (0x4)

.fini_array     0x080050f4        0x4
                0x080050f4                        . = ALIGN (0x4)
                [!provide]                        PROVIDE (__fini_array_start = .)
 *(SORT_BY_NAME(.fini_array.*))
 *(.fini_array*)
 .fini_array    0x080050f4        0x4 /opt/st/stm32cubeide_1.16.1/plugins/com.st.stm32cube.ide.mcu.externaltools.gnu-tools-for-stm32.12.3.rel1.linux64_1.0.200.202406132123/tools/bin/../lib/gcc/arm-none-eabi/12.3.1/thumb/v7e-m+fp/hard/crtbegin.o
                [!provide]                        PROVIDE (__fini_array_end = .)
                0x080050f8                        . = ALIGN (0x4)
                0x080050f8                        _sidata = LOADADDR (.data)

.rel.dyn        0x080050f8        0x0
 .rel.iplt      0x080050f8        0x0 /opt/st/stm32cubeide_1.16.1/plugins/com.st.stm32cube.ide.mcu.externaltools.gnu-tools-for-stm32.12.3.rel1.linux64_1.0.200.202406132123/tools/bin/../lib/gcc/arm-none-eabi/12.3.1/thumb/v7e-m+fp/hard/crtbegin.o

.data           0x20000000       0x70 load address 0x080050f8
                0x20000000                        . = ALIGN (0x4)
                0x20000000                        _sdata = .
 *(.data)
 *(.data*)
 .data.SystemCoreClock
                0x20000000        0x4 ./Core/Src/system_stm32f4xx.o
                0x20000000                SystemCoreClock
 .data.uwTickPrio
                0x20000004        0x4 ./Drivers/STM32F4xx_HAL_Driver/Src/stm32f4xx_hal.o
                0x20000004                uwTickPrio
 .data.uwTickFreq
                0x20000008        0x1 ./Drivers/STM32F4xx_HAL_Driver/Src/stm32f4xx_hal.o
                0x20000008                uwTickFreq
 *fill*         0x20000009        0x3 
 .data.uxTopUsedPriority
                0x2000000c        0x4 ./FreeRTOS/tasks.o
                0x2000000c                uxTopUsedPriority
 .data.uxCriticalNesting
                0x20000010        0x4 ./FreeRTOS/portable/GCC/ARM_CM4F/port.o
 .data.__sglue  0x20000014        0xc /opt/st/stm32cubeide_1.16.1/plugins/com.st.stm32cube.ide.mcu.externaltools.gnu-tools-for-stm32.12.3.rel1.linux64_1.0.200.202406132123/tools/bin/../lib/gcc/arm-none-eabi/12.3.1/../../../../arm-none-eabi/lib/thumb/v7e-m+fp/hard/libc_nano.a(libc_a-findfp.o)
                0x20000014                __sglue
 .data._impure_ptr
                0x20000020        0x4 /opt/st/stm32cubeide_1.16.1/plugins/com.st.stm32cube.ide.mcu.externaltools.gnu-tools-for-stm32.12.3.rel1.linux64_1.0.200.202406132123/tools/bin/../lib/gcc/arm-none-eabi/12.3.1/../../../../arm-none-eabi/lib/thumb/v7e-m+fp/hard/libc_nano.a(libc_a-impure.o)
                0x20000020                _impure_ptr
 .data._impure_data
                0x20000024       0x4c /opt/st/stm32cubeide_1.16.1/plugins/com.st.stm32cube.ide.mcu.externaltools.gnu-tools-for-stm32.12.3.rel1.linux64_1.0.200.202406132123/tools/bin/../lib/gcc/arm-none-eabi/12.3.1/../../../../arm-none-eabi/lib/thumb/v7e-m+fp/hard/libc_nano.a(libc_a-impure.o)
                0x20000024                _impure_data
 *(.RamFunc)
 *(.RamFunc*)
                0x20000070                        . = ALIGN (0x4)
                0x20000070                        _edata = .

.igot.plt       0x20000070        0x0 load address 0x08005168
 .igot.plt      0x20000070        0x0 /opt/st/stm32cubeide_1.16.1/plugins/com.st.stm32cube.ide.mcu.externaltools.gnu-tools-for-stm32.12.3.rel1.linux64_1.0.200.202406132123/tools/bin/../lib/gcc/arm-none-eabi/12.3.1/thumb/v7e-m+fp/hard/crtbegin.o
                0x20000070                        . = ALIGN (0x4)

.bss            0x20000070     0x4360 load address 0x08005168
                0x20000070                        _sbss = .
                0x20000070                        __bss_start__ = _sbss
 *(.bss)
 .bss           0x20000070       0x1c /opt/st/stm32cubeide_1.16.1/plugins/com.st.stm32cube.ide.mcu.externaltools.gnu-tools-for-stm32.12.3.rel1.linux64_1.0.200.202406132123/tools/bin/../lib/gcc/arm-none-eabi/12.3.1/thumb/v7e-m+fp/hard/crtbegin.o
 *(.bss*)
 .bss.htim9     0x2000008c       0x48 ./Core/Src/stm32f4xx_hal_timebase_tim.o
                0x2000008c                htim9
 .bss.uwTick    0x200000d4        0x4 ./Drivers/STM32F4xx_HAL_Driver/Src/stm32f4xx_hal.o
                0x200000d4                uwTick
 .bss.xQueueRegistry
                0x200000d8       0x40 ./FreeRTOS/queue.o
                0x200000d8                xQueueRegistry
 .bss.pxCurrentTCB
                0x20000118        0x4 ./FreeRTOS/tasks.o
                0x20000118                pxCurrentTCB
 .bss.pxReadyTasksLists
                0x2000011c       0x64 ./FreeRTOS/tasks.o
 .bss.xDelayedTaskList1
                0x20000180       0x14 ./FreeRTOS/tasks.o
 .bss.xDelayedTaskList2
                0x20000194       0x14 ./FreeRTOS/tasks.o
 .bss.pxDelayedTaskList
                0x200001a8        0x4 ./FreeRTOS/tasks.o
 .bss.pxOverflowDelayedTaskList
                0x200001ac        0x4 ./FreeRTOS/tasks.o
 .bss.xPendingReadyList
                0x200001b0       0x14 ./FreeRTOS/tasks.o
 .bss.xTasksWaitingTermination
                0x200001c4       0x14 ./FreeRTOS/tasks.o
 .bss.uxDeletedTasksWaitingCleanUp
                0x200001d8        0x4 ./FreeRTOS/tasks.o
 .bss.xSuspendedTaskList
                0x200001dc       0x14 ./FreeRTOS/tasks.o
 .bss.uxCurrentNumberOfTasks
                0x200001f0        0x4 ./FreeRTOS/tasks.o
 .bss.xTickCount
                0x200001f4        0x4 ./FreeRTOS/tasks.o
 .bss.uxTopReadyPriority
                0x200001f8        0x4 ./FreeRTOS/tasks.o
 .bss.xSchedulerRunning
                0x200001fc        0x4 ./FreeRTOS/tasks.o
 .bss.xPendedTicks
                0x20000200        0x4 ./FreeRTOS/tasks.o
 .bss.xYieldPending
                0x20000204        0x4 ./FreeRTOS/tasks.o
 .bss.xNumOfOverflows
                0x20000208        0x4 ./FreeRTOS/tasks.o
 .bss.uxTaskNumber
                0x2000020c        0x4 ./FreeRTOS/tasks.o
 .bss.xNextTaskUnblockTime
                0x20000210        0x4 ./FreeRTOS/tasks.o
 .bss.xIdleTaskHandle
                0x20000214        0x4 ./FreeRTOS/tasks.o
 .bss.uxSchedulerSuspended
                0x20000218        0x4 ./FreeRTOS/tasks.o
 .bss.xActiveTimerList1
                0x2000021c       0x14 ./FreeRTOS/timers.o
 .bss.xActiveTimerList2
                0x20000230       0x14 ./FreeRTOS/timers.o
 .bss.pxCurrentTimerList
                0x20000244        0x4 ./FreeRTOS/timers.o
 .bss.pxOverflowTimerList
                0x20000248        0x4 ./FreeRTOS/timers.o
 .bss.xTimerQueue
                0x2000024c        0x4 ./FreeRTOS/timers.o
 .bss.xTimerTaskHandle
                0x20000250        0x4 ./FreeRTOS/timers.o
 .bss.xLastTime.0
                0x20000254        0x4 ./FreeRTOS/timers.o
 .bss.ucMaxSysCallPriority
                0x20000258        0x1 ./FreeRTOS/portable/GCC/ARM_CM4F/port.o
 *fill*         0x20000259        0x3 
 .bss.ulMaxPRIGROUPValue
                0x2000025c        0x4 ./FreeRTOS/portable/GCC/ARM_CM4F/port.o
 .bss.ucHeap    0x20000260     0x4000 ./FreeRTOS/portable/MemMang/heap_4.o
 .bss.xStart    0x20004260        0x8 ./FreeRTOS/portable/MemMang/heap_4.o
 .bss.pxEnd     0x20004268        0x4 ./FreeRTOS/portable/MemMang/heap_4.o
 .bss.xFreeBytesRemaining
                0x2000426c        0x4 ./FreeRTOS/portable/MemMang/heap_4.o
 .bss.xMinimumEverFreeBytesRemaining
                0x20004270        0x4 ./FreeRTOS/portable/MemMang/heap_4.o
 .bss.xNumberOfSuccessfulAllocations
                0x20004274        0x4 ./FreeRTOS/portable/MemMang/heap_4.o
 .bss.xNumberOfSuccessfulFrees
                0x20004278        0x4 ./FreeRTOS/portable/MemMang/heap_4.o
 .bss.xBlockAllocatedBit
                0x2000427c        0x4 ./FreeRTOS/portable/MemMang/heap_4.o
 .bss.__sf      0x20004280      0x138 /opt/st/stm32cubeide_1.16.1/plugins/com.st.stm32cube.ide.mcu.externaltools.gnu-tools-for-stm32.12.3.rel1.linux64_1.0.200.202406132123/tools/bin/../lib/gcc/arm-none-eabi/12.3.1/../../../../arm-none-eabi/lib/thumb/v7e-m+fp/hard/libc_nano.a(libc_a-findfp.o)
                0x20004280                __sf
 .bss.__stdio_exit_handler
                0x200043b8        0x4 /opt/st/stm32cubeide_1.16.1/plugins/com.st.stm32cube.ide.mcu.externaltools.gnu-tools-for-stm32.12.3.rel1.linux64_1.0.200.202406132123/tools/bin/../lib/gcc/arm-none-eabi/12.3.1/../../../../arm-none-eabi/lib/thumb/v7e-m+fp/hard/libc_nano.a(libc_a-findfp.o)
                0x200043b8                __stdio_exit_handler
 .bss.errno     0x200043bc        0x4 /opt/st/stm32cubeide_1.16.1/plugins/com.st.stm32cube.ide.mcu.externaltools.gnu-tools-for-stm32.12.3.rel1.linux64_1.0.200.202406132123/tools/bin/../lib/gcc/arm-none-eabi/12.3.1/../../../../arm-none-eabi/lib/thumb/v7e-m+fp/hard/libc_nano.a(libc_a-reent.o)
                0x200043bc                errno
 .bss.__lock___malloc_recursive_mutex
                0x200043c0        0x1 /opt/st/stm32cubeide_1.16.1/plugins/com.st.stm32cube.ide.mcu.externaltools.gnu-tools-for-stm32.12.3.rel1.linux64_1.0.200.202406132123/tools/bin/../lib/gcc/arm-none-eabi/12.3.1/../../../../arm-none-eabi/lib/thumb/v7e-m+fp/hard/libc_nano.a(libc_a-lock.o)
                0x200043c0                __lock___malloc_recursive_mutex
 .bss.__lock___sfp_recursive_mutex
                0x200043c1        0x1 /opt/st/stm32cubeide_1.16.1/plugins/com.st.stm32cube.ide.mcu.externaltools.gnu-tools-for-stm32.12.3.rel1.linux64_1.0.200.202406132123/tools/bin/../lib/gcc/arm-none-eabi/12.3.1/../../../../arm-none-eabi/lib/thumb/v7e-m+fp/hard/libc_nano.a(libc_a-lock.o)
                0x200043c1                __lock___sfp_recursive_mutex
 *fill*         0x200043c2        0x2 
 .bss.__malloc_sbrk_start
                0x200043c4        0x4 /opt/st/stm32cubeide_1.16.1/plugins/com.st.stm32cube.ide.mcu.externaltools.gnu-tools-for-stm32.12.3.rel1.linux64_1.0.200.202406132123/tools/bin/../lib/gcc/arm-none-eabi/12.3.1/../../../../arm-none-eabi/lib/thumb/v7e-m+fp/hard/libc_nano.a(libc_a-mallocr.o)
                0x200043c4                __malloc_sbrk_start
 .bss.__malloc_free_list
                0x200043c8        0x4 /opt/st/stm32cubeide_1.16.1/plugins/com.st.stm32cube.ide.mcu.externaltools.gnu-tools-for-stm32.12.3.rel1.linux64_1.0.200.202406132123/tools/bin/../lib/gcc/arm-none-eabi/12.3.1/../../../../arm-none-eabi/lib/thumb/v7e-m+fp/hard/libc_nano.a(libc_a-mallocr.o)
                0x200043c8                __malloc_free_list
 .bss.heap_end.0
                0x200043cc        0x4 /opt/st/stm32cubeide_1.16.1/plugins/com.st.stm32cube.ide.mcu.externaltools.gnu-tools-for-stm32.12.3.rel1.linux64_1.0.200.202406132123/tools/bin/../lib/gcc/arm-none-eabi/12.3.1/../../../../arm-none-eabi/lib/thumb/v7e-m+fp/hard/libnosys.a(sbrk.o)
 *(COMMON)
                0x200043d0                        . = ALIGN (0x4)
                0x200043d0                        _ebss = .
                0x200043d0                        __bss_end__ = _ebss

._user_heap_stack
                0x200043d0      0x600 load address 0x08005168
                0x200043d0                        . = ALIGN (0x8)
                0x200043d0                        PROVIDE (end = .)
                [!provide]                        PROVIDE (_end = .)
                0x200045d0                        . = (. + _Min_Heap_Size)
 *fill*         0x200043d0      0x200 
                0x200049d0                        . = (. + _Min_Stack_Size)
 *fill*         0x200045d0      0x400 
                0x200049d0                        . = ALIGN (0x8)

/DISCARD/
 libc.a(*)
 libm.a(*)
 libgcc.a(*)

.ARM.attributes
                0x00000000       0x30
 *(.ARM.attributes)
 .ARM.attributes
                0x00000000       0x22 /opt/st/stm32cubeide_1.16.1/plugins/com.st.stm32cube.ide.mcu.externaltools.gnu-tools-for-stm32.12.3.rel1.linux64_1.0.200.202406132123/tools/bin/../lib/gcc/arm-none-eabi/12.3.1/thumb/v7e-m+fp/hard/crti.o
 .ARM.attributes
                0x00000022       0x34 /opt/st/stm32cubeide_1.16.1/plugins/com.st.stm32cube.ide.mcu.externaltools.gnu-tools-for-stm32.12.3.rel1.linux64_1.0.200.202406132123/tools/bin/../lib/gcc/arm-none-eabi/12.3.1/thumb/v7e-m+fp/hard/crtbegin.o
 .ARM.attributes
                0x00000056       0x34 ./Core/Src/main.o
 .ARM.attributes
                0x0000008a       0x34 ./Core/Src/stm32f4xx_hal_msp.o
 .ARM.attributes
                0x000000be       0x34 ./Core/Src/stm32f4xx_hal_timebase_tim.o
 .ARM.attributes
                0x000000f2       0x34 ./Core/Src/stm32f4xx_it.o
 .ARM.attributes
                0x00000126       0x34 ./Core/Src/syscalls.o
 .ARM.attributes
                0x0000015a       0x34 ./Core/Src/system_stm32f4xx.o
 .ARM.attributes
                0x0000018e       0x21 ./Core/Startup/startup_stm32f401ccux.o
 .ARM.attributes
                0x000001af       0x34 ./Drivers/STM32F4xx_HAL_Driver/Src/stm32f4xx_hal.o
 .ARM.attributes
                0x000001e3       0x34 ./Drivers/STM32F4xx_HAL_Driver/Src/stm32f4xx_hal_cortex.o
 .ARM.attributes
                0x00000217       0x34 ./Drivers/STM32F4xx_HAL_Driver/Src/stm32f4xx_hal_rcc.o
 .ARM.attributes
                0x0000024b       0x34 ./Drivers/STM32F4xx_HAL_Driver/Src/stm32f4xx_hal_tim.o
 .ARM.attributes
                0x0000027f       0x34 ./Drivers/STM32F4xx_HAL_Driver/Src/stm32f4xx_hal_tim_ex.o
 .ARM.attributes
                0x000002b3       0x34 ./FreeRTOS/list.o
 .ARM.attributes
                0x000002e7       0x34 ./FreeRTOS/queue.o
 .ARM.attributes
                0x0000031b       0x34 ./FreeRTOS/tasks.o
 .ARM.attributes
                0x0000034f       0x34 ./FreeRTOS/timers.o
 .ARM.attributes
                0x00000383       0x34 ./FreeRTOS/portable/GCC/ARM_CM4F/port.o
 .ARM.attributes
                0x000003b7       0x34 ./FreeRTOS/portable/MemMang/heap_4.o
 .ARM.attributes
                0x000003eb       0x34 /opt/st/stm32cubeide_1.16.1/plugins/com.st.stm32cube.ide.mcu.externaltools.gnu-tools-for-stm32.12.3.rel1.linux64_1.0.200.202406132123/tools/bin/../lib/gcc/arm-none-eabi/12.3.1/../../../../arm-none-eabi/lib/thumb/v7e-m+fp/hard/libc_nano.a(libc_a-findfp.o)
 .ARM.attributes
                0x0000041f       0x34 /opt/st/stm32cubeide_1.16.1/plugins/com.st.stm32cube.ide.mcu.externaltools.gnu-tools-for-stm32.12.3.rel1.linux64_1.0.200.202406132123/tools/bin/../lib/gcc/arm-none-eabi/12.3.1/../../../../arm-none-eabi/lib/thumb/v7e-m+fp/hard/libc_nano.a(libc_a-fwalk.o)
 .ARM.attributes
                0x00000453       0x34 /opt/st/stm32cubeide_1.16.1/plugins/com.st.stm32cube.ide.mcu.externaltools.gnu-tools-for-stm32.12.3.rel1.linux64_1.0.200.202406132123/tools/bin/../lib/gcc/arm-none-eabi/12.3.1/../../../../arm-none-eabi/lib/thumb/v7e-m+fp/hard/libc_nano.a(libc_a-printf.o)
 .ARM.attributes
                0x00000487       0x34 /opt/st/stm32cubeide_1.16.1/plugins/com.st.stm32cube.ide.mcu.externaltools.gnu-tools-for-stm32.12.3.rel1.linux64_1.0.200.202406132123/tools/bin/../lib/gcc/arm-none-eabi/12.3.1/../../../../arm-none-eabi/lib/thumb/v7e-m+fp/hard/libc_nano.a(libc_a-stdio.o)
 .ARM.attributes
                0x000004bb       0x34 /opt/st/stm32cubeide_1.16.1/plugins/com.st.stm32cube.ide.mcu.externaltools.gnu-tools-for-stm32.12.3.rel1.linux64_1.0.200.202406132123/tools/bin/../lib/gcc/arm-none-eabi/12.3.1/../../../../arm-none-eabi/lib/thumb/v7e-m+fp/hard/libc_nano.a(libc_a-memset.o)
 .ARM.attributes
                0x000004ef       0x34 /opt/st/stm32cubeide_1.16.1/plugins/com.st.stm32cube.ide.mcu.externaltools.gnu-tools-for-stm32.12.3.rel1.linux64_1.0.200.202406132123/tools/bin/../lib/gcc/arm-none-eabi/12.3.1/../../../../arm-none-eabi/lib/thumb/v7e-m+fp/hard/libc_nano.a(libc_a-closer.o)
 .ARM.attributes
                0x00000523       0x34 /opt/st/stm32cubeide_1.16.1/plugins/com.st.stm32cube.ide.mcu.externaltools.gnu-tools-for-stm32.12.3.rel1.linux64_1.0.200.202406132123/tools/bin/../lib/gcc/arm-none-eabi/12.3.1/../../../../arm-none-eabi/lib/thumb/v7e-m+fp/hard/libc_nano.a(libc_a-reent.o)
 .ARM.attributes
                0x00000557       0x34 /opt/st/stm32cubeide_1.16.1/plugins/com.st.stm32cube.ide.mcu.externaltools.gnu-tools-for-stm32.12.3.rel1.linux64_1.0.200.202406132123/tools/bin/../lib/gcc/arm-none-eabi/12.3.1/../../../../arm-none-eabi/lib/thumb/v7e-m+fp/hard/libc_nano.a(libc_a-impure.o)
 .ARM.attributes
                0x0000058b       0x34 /opt/st/stm32cubeide_1.16.1/plugins/com.st.stm32cube.ide.mcu.externaltools.gnu-tools-for-stm32.12.3.rel1.linux64_1.0.200.202406132123/tools/bin/../lib/gcc/arm-none-eabi/12.3.1/../../../../arm-none-eabi/lib/thumb/v7e-m+fp/hard/libc_nano.a(libc_a-lseekr.o)
 .ARM.attributes
                0x000005bf       0x34 /opt/st/stm32cubeide_1.16.1/plugins/com.st.stm32cube.ide.mcu.externaltools.gnu-tools-for-stm32.12.3.rel1.linux64_1.0.200.202406132123/tools/bin/../lib/gcc/arm-none-eabi/12.3.1/../../../../arm-none-eabi/lib/thumb/v7e-m+fp/hard/libc_nano.a(libc_a-readr.o)
 .ARM.attributes
                0x000005f3       0x34 /opt/st/stm32cubeide_1.16.1/plugins/com.st.stm32cube.ide.mcu.externaltools.gnu-tools-for-stm32.12.3.rel1.linux64_1.0.200.202406132123/tools/bin/../lib/gcc/arm-none-eabi/12.3.1/../../../../arm-none-eabi/lib/thumb/v7e-m+fp/hard/libc_nano.a(libc_a-writer.o)
 .ARM.attributes
                0x00000627       0x34 /opt/st/stm32cubeide_1.16.1/plugins/com.st.stm32cube.ide.mcu.externaltools.gnu-tools-for-stm32.12.3.rel1.linux64_1.0.200.202406132123/tools/bin/../lib/gcc/arm-none-eabi/12.3.1/../../../../arm-none-eabi/lib/thumb/v7e-m+fp/hard/libc_nano.a(libc_a-init.o)
 .ARM.attributes
                0x0000065b       0x34 /opt/st/stm32cubeide_1.16.1/plugins/com.st.stm32cube.ide.mcu.externaltools.gnu-tools-for-stm32.12.3.rel1.linux64_1.0.200.202406132123/tools/bin/../lib/gcc/arm-none-eabi/12.3.1/../../../../arm-none-eabi/lib/thumb/v7e-m+fp/hard/libc_nano.a(libc_a-lock.o)
 .ARM.attributes
                0x0000068f       0x34 /opt/st/stm32cubeide_1.16.1/plugins/com.st.stm32cube.ide.mcu.externaltools.gnu-tools-for-stm32.12.3.rel1.linux64_1.0.200.202406132123/tools/bin/../lib/gcc/arm-none-eabi/12.3.1/../../../../arm-none-eabi/lib/thumb/v7e-m+fp/hard/libc_nano.a(libc_a-memcpy-stub.o)
 .ARM.attributes
                0x000006c3       0x34 /opt/st/stm32cubeide_1.16.1/plugins/com.st.stm32cube.ide.mcu.externaltools.gnu-tools-for-stm32.12.3.rel1.linux64_1.0.200.202406132123/tools/bin/../lib/gcc/arm-none-eabi/12.3.1/../../../../arm-none-eabi/lib/thumb/v7e-m+fp/hard/libc_nano.a(libc_a-freer.o)
 .ARM.attributes
                0x000006f7       0x34 /opt/st/stm32cubeide_1.16.1/plugins/com.st.stm32cube.ide.mcu.externaltools.gnu-tools-for-stm32.12.3.rel1.linux64_1.0.200.202406132123/tools/bin/../lib/gcc/arm-none-eabi/12.3.1/../../../../arm-none-eabi/lib/thumb/v7e-m+fp/hard/libc_nano.a(libc_a-mallocr.o)
 .ARM.attributes
                0x0000072b       0x34 /opt/st/stm32cubeide_1.16.1/plugins/com.st.stm32cube.ide.mcu.externaltools.gnu-tools-for-stm32.12.3.rel1.linux64_1.0.200.202406132123/tools/bin/../lib/gcc/arm-none-eabi/12.3.1/../../../../arm-none-eabi/lib/thumb/v7e-m+fp/hard/libc_nano.a(libc_a-mlock.o)
 .ARM.attributes
                0x0000075f       0x34 /opt/st/stm32cubeide_1.16.1/plugins/com.st.stm32cube.ide.mcu.externaltools.gnu-tools-for-stm32.12.3.rel1.linux64_1.0.200.202406132123/tools/bin/../lib/gcc/arm-none-eabi/12.3.1/../../../../arm-none-eabi/lib/thumb/v7e-m+fp/hard/libc_nano.a(libc_a-nano-vfprintf.o)
 .ARM.attributes
                0x00000793       0x34 /opt/st/stm32cubeide_1.16.1/plugins/com.st.stm32cube.ide.mcu.externaltools.gnu-tools-for-stm32.12.3.rel1.linux64_1.0.200.202406132123/tools/bin/../lib/gcc/arm-none-eabi/12.3.1/../../../../arm-none-eabi/lib/thumb/v7e-m+fp/hard/libc_nano.a(libc_a-nano-vfprintf_i.o)
 .ARM.attributes
                0x000007c7       0x34 /opt/st/stm32cubeide_1.16.1/plugins/com.st.stm32cube.ide.mcu.externaltools.gnu-tools-for-stm32.12.3.rel1.linux64_1.0.200.202406132123/tools/bin/../lib/gcc/arm-none-eabi/12.3.1/../../../../arm-none-eabi/lib/thumb/v7e-m+fp/hard/libc_nano.a(libc_a-fflush.o)
 .ARM.attributes
                0x000007fb       0x34 /opt/st/stm32cubeide_1.16.1/plugins/com.st.stm32cube.ide.mcu.externaltools.gnu-tools-for-stm32.12.3.rel1.linux64_1.0.200.202406132123/tools/bin/../lib/gcc/arm-none-eabi/12.3.1/../../../../arm-none-eabi/lib/thumb/v7e-m+fp/hard/libc_nano.a(libc_a-wbuf.o)
 .ARM.attributes
                0x0000082f       0x34 /opt/st/stm32cubeide_1.16.1/plugins/com.st.stm32cube.ide.mcu.externaltools.gnu-tools-for-stm32.12.3.rel1.linux64_1.0.200.202406132123/tools/bin/../lib/gcc/arm-none-eabi/12.3.1/../../../../arm-none-eabi/lib/thumb/v7e-m+fp/hard/libc_nano.a(libc_a-wsetup.o)
 .ARM.attributes
                0x00000863       0x34 /opt/st/stm32cubeide_1.16.1/plugins/com.st.stm32cube.ide.mcu.externaltools.gnu-tools-for-stm32.12.3.rel1.linux64_1.0.200.202406132123/tools/bin/../lib/gcc/arm-none-eabi/12.3.1/../../../../arm-none-eabi/lib/thumb/v7e-m+fp/hard/libc_nano.a(libc_a-sbrkr.o)
 .ARM.attributes
                0x00000897       0x1c /opt/st/stm32cubeide_1.16.1/plugins/com.st.stm32cube.ide.mcu.externaltools.gnu-tools-for-stm32.12.3.rel1.linux64_1.0.200.202406132123/tools/bin/../lib/gcc/arm-none-eabi/12.3.1/../../../../arm-none-eabi/lib/thumb/v7e-m+fp/hard/libc_nano.a(libc_a-memchr.o)
 .ARM.attributes
                0x000008b3       0x34 /opt/st/stm32cubeide_1.16.1/plugins/com.st.stm32cube.ide.mcu.externaltools.gnu-tools-for-stm32.12.3.rel1.linux64_1.0.200.202406132123/tools/bin/../lib/gcc/arm-none-eabi/12.3.1/../../../../arm-none-eabi/lib/thumb/v7e-m+fp/hard/libc_nano.a(libc_a-makebuf.o)
 .ARM.attributes
                0x000008e7       0x34 /opt/st/stm32cubeide_1.16.1/plugins/com.st.stm32cube.ide.mcu.externaltools.gnu-tools-for-stm32.12.3.rel1.linux64_1.0.200.202406132123/tools/bin/../lib/gcc/arm-none-eabi/12.3.1/../../../../arm-none-eabi/lib/thumb/v7e-m+fp/hard/libc_nano.a(libc_a-fstatr.o)
 .ARM.attributes
                0x0000091b       0x34 /opt/st/stm32cubeide_1.16.1/plugins/com.st.stm32cube.ide.mcu.externaltools.gnu-tools-for-stm32.12.3.rel1.linux64_1.0.200.202406132123/tools/bin/../lib/gcc/arm-none-eabi/12.3.1/../../../../arm-none-eabi/lib/thumb/v7e-m+fp/hard/libc_nano.a(libc_a-isattyr.o)
 .ARM.attributes
                0x0000094f       0x22 /opt/st/stm32cubeide_1.16.1/plugins/com.st.stm32cube.ide.mcu.externaltools.gnu-tools-for-stm32.12.3.rel1.linux64_1.0.200.202406132123/tools/bin/../lib/gcc/arm-none-eabi/12.3.1/thumb/v7e-m+fp/hard/libgcc.a(_aeabi_uldivmod.o)
 .ARM.attributes
                0x00000971       0x34 /opt/st/stm32cubeide_1.16.1/plugins/com.st.stm32cube.ide.mcu.externaltools.gnu-tools-for-stm32.12.3.rel1.linux64_1.0.200.202406132123/tools/bin/../lib/gcc/arm-none-eabi/12.3.1/thumb/v7e-m+fp/hard/libgcc.a(_udivmoddi4.o)
 .ARM.attributes
                0x000009a5       0x22 /opt/st/stm32cubeide_1.16.1/plugins/com.st.stm32cube.ide.mcu.externaltools.gnu-tools-for-stm32.12.3.rel1.linux64_1.0.200.202406132123/tools/bin/../lib/gcc/arm-none-eabi/12.3.1/thumb/v7e-m+fp/hard/libgcc.a(_dvmd_tls.o)
 .ARM.attributes
                0x000009c7       0x34 /opt/st/stm32cubeide_1.16.1/plugins/com.st.stm32cube.ide.mcu.externaltools.gnu-tools-for-stm32.12.3.rel1.linux64_1.0.200.202406132123/tools/bin/../lib/gcc/arm-none-eabi/12.3.1/../../../../arm-none-eabi/lib/thumb/v7e-m+fp/hard/libnosys.a(sbrk.o)
 .ARM.attributes
                0x000009fb       0x22 /opt/st/stm32cubeide_1.16.1/plugins/com.st.stm32cube.ide.mcu.externaltools.gnu-tools-for-stm32.12.3.rel1.linux64_1.0.200.202406132123/tools/bin/../lib/gcc/arm-none-eabi/12.3.1/thumb/v7e-m+fp/hard/crtn.o
OUTPUT(Getting-Started.elf elf32-littlearm)
LOAD linker stubs
LOAD /opt/st/stm32cubeide_1.16.1/plugins/com.st.stm32cube.ide.mcu.externaltools.gnu-tools-for-stm32.12.3.rel1.linux64_1.0.200.202406132123/tools/bin/../lib/gcc/arm-none-eabi/12.3.1/../../../../arm-none-eabi/lib/thumb/v7e-m+fp/hard/libc.a
LOAD /opt/st/stm32cubeide_1.16.1/plugins/com.st.stm32cube.ide.mcu.externaltools.gnu-tools-for-stm32.12.3.rel1.linux64_1.0.200.202406132123/tools/bin/../lib/gcc/arm-none-eabi/12.3.1/../../../../arm-none-eabi/lib/thumb/v7e-m+fp/hard/libm.a
LOAD /opt/st/stm32cubeide_1.16.1/plugins/com.st.stm32cube.ide.mcu.externaltools.gnu-tools-for-stm32.12.3.rel1.linux64_1.0.200.202406132123/tools/bin/../lib/gcc/arm-none-eabi/12.3.1/thumb/v7e-m+fp/hard/libgcc.a

.debug_info     0x00000000     0xddb1
 .debug_info    0x00000000      0xccf ./Core/Src/main.o
 .debug_info    0x00000ccf      0x291 ./Core/Src/stm32f4xx_hal_msp.o
 .debug_info    0x00000f60      0xb6f ./Core/Src/stm32f4xx_hal_timebase_tim.o
 .debug_info    0x00001acf      0x6a4 ./Core/Src/stm32f4xx_it.o
 .debug_info    0x00002173      0x6d1 ./Core/Src/syscalls.o
 .debug_info    0x00002844      0x53e ./Core/Src/system_stm32f4xx.o
 .debug_info    0x00002d82       0x30 ./Core/Startup/startup_stm32f401ccux.o
 .debug_info    0x00002db2      0x8bb ./Drivers/STM32F4xx_HAL_Driver/Src/stm32f4xx_hal.o
 .debug_info    0x0000366d      0xcf6 ./Drivers/STM32F4xx_HAL_Driver/Src/stm32f4xx_hal_cortex.o
 .debug_info    0x00004363      0x8f1 ./Drivers/STM32F4xx_HAL_Driver/Src/stm32f4xx_hal_rcc.o
 .debug_info    0x00004c54     0x2996 ./Drivers/STM32F4xx_HAL_Driver/Src/stm32f4xx_hal_tim.o
 .debug_info    0x000075ea     0x14d4 ./Drivers/STM32F4xx_HAL_Driver/Src/stm32f4xx_hal_tim_ex.o
 .debug_info    0x00008abe      0x2af ./FreeRTOS/list.o
 .debug_info    0x00008d6d     0x17d9 ./FreeRTOS/queue.o
 .debug_info    0x0000a546     0x206a ./FreeRTOS/tasks.o
 .debug_info    0x0000c5b0      0xe4d ./FreeRTOS/timers.o
 .debug_info    0x0000d3fd      0x4e1 ./FreeRTOS/portable/GCC/ARM_CM4F/port.o
 .debug_info    0x0000d8de      0x4d3 ./FreeRTOS/portable/MemMang/heap_4.o

.debug_abbrev   0x00000000     0x267e
 .debug_abbrev  0x00000000      0x2f5 ./Core/Src/main.o
 .debug_abbrev  0x000002f5       0xd8 ./Core/Src/stm32f4xx_hal_msp.o
 .debug_abbrev  0x000003cd      0x207 ./Core/Src/stm32f4xx_hal_timebase_tim.o
 .debug_abbrev  0x000005d4      0x190 ./Core/Src/stm32f4xx_it.o
 .debug_abbrev  0x00000764      0x1b1 ./Core/Src/syscalls.o
 .debug_abbrev  0x00000915      0x11a ./Core/Src/system_stm32f4xx.o
 .debug_abbrev  0x00000a2f       0x24 ./Core/Startup/startup_stm32f401ccux.o
 .debug_abbrev  0x00000a53      0x24b ./Drivers/STM32F4xx_HAL_Driver/Src/stm32f4xx_hal.o
 .debug_abbrev  0x00000c9e      0x31d ./Drivers/STM32F4xx_HAL_Driver/Src/stm32f4xx_hal_cortex.o
 .debug_abbrev  0x00000fbb      0x2b6 ./Drivers/STM32F4xx_HAL_Driver/Src/stm32f4xx_hal_rcc.o
 .debug_abbrev  0x00001271      0x28b ./Drivers/STM32F4xx_HAL_Driver/Src/stm32f4xx_hal_tim.o
 .debug_abbrev  0x000014fc      0x296 ./Drivers/STM32F4xx_HAL_Driver/Src/stm32f4xx_hal_tim_ex.o
 .debug_abbrev  0x00001792       0xf5 ./FreeRTOS/list.o
 .debug_abbrev  0x00001887      0x323 ./FreeRTOS/queue.o
 .debug_abbrev  0x00001baa      0x37e ./FreeRTOS/tasks.o
 .debug_abbrev  0x00001f28      0x2de ./FreeRTOS/timers.o
 .debug_abbrev  0x00002206      0x25a ./FreeRTOS/portable/GCC/ARM_CM4F/port.o
 .debug_abbrev  0x00002460      0x21e ./FreeRTOS/portable/MemMang/heap_4.o

.debug_aranges  0x00000000      0xee8
 .debug_aranges
                0x00000000       0x50 ./Core/Src/main.o
 .debug_aranges
                0x00000050       0x20 ./Core/Src/stm32f4xx_hal_msp.o
 .debug_aranges
                0x00000070       0x30 ./Core/Src/stm32f4xx_hal_timebase_tim.o
 .debug_aranges
                0x000000a0       0x50 ./Core/Src/stm32f4xx_it.o
 .debug_aranges
                0x000000f0       0xb0 ./Core/Src/syscalls.o
 .debug_aranges
                0x000001a0       0x28 ./Core/Src/system_stm32f4xx.o
 .debug_aranges
                0x000001c8       0x28 ./Core/Startup/startup_stm32f401ccux.o
 .debug_aranges
                0x000001f0       0xf0 ./Drivers/STM32F4xx_HAL_Driver/Src/stm32f4xx_hal.o
 .debug_aranges
                0x000002e0      0x130 ./Drivers/STM32F4xx_HAL_Driver/Src/stm32f4xx_hal_cortex.o
 .debug_aranges
                0x00000410       0x88 ./Drivers/STM32F4xx_HAL_Driver/Src/stm32f4xx_hal_rcc.o
 .debug_aranges
                0x00000498      0x3d0 ./Drivers/STM32F4xx_HAL_Driver/Src/stm32f4xx_hal_tim.o
 .debug_aranges
                0x00000868      0x168 ./Drivers/STM32F4xx_HAL_Driver/Src/stm32f4xx_hal_tim_ex.o
 .debug_aranges
                0x000009d0       0x40 ./FreeRTOS/list.o
 .debug_aranges
                0x00000a10      0x130 ./FreeRTOS/queue.o
 .debug_aranges
                0x00000b40      0x1f8 ./FreeRTOS/tasks.o
 .debug_aranges
                0x00000d38       0xd8 ./FreeRTOS/timers.o
 .debug_aranges
                0x00000e10       0x80 ./FreeRTOS/portable/GCC/ARM_CM4F/port.o
 .debug_aranges
                0x00000e90       0x58 ./FreeRTOS/portable/MemMang/heap_4.o

.debug_rnglists
                0x00000000      0xb74
 .debug_rnglists
                0x00000000       0x39 ./Core/Src/main.o
 .debug_rnglists
                0x00000039       0x13 ./Core/Src/stm32f4xx_hal_msp.o
 .debug_rnglists
                0x0000004c       0x20 ./Core/Src/stm32f4xx_hal_timebase_tim.o
 .debug_rnglists
                0x0000006c       0x37 ./Core/Src/stm32f4xx_it.o
 .debug_rnglists
                0x000000a3       0x7f ./Core/Src/syscalls.o
 .debug_rnglists
                0x00000122       0x1a ./Core/Src/system_stm32f4xx.o
 .debug_rnglists
                0x0000013c       0x19 ./Core/Startup/startup_stm32f401ccux.o
 .debug_rnglists
                0x00000155       0xaf ./Drivers/STM32F4xx_HAL_Driver/Src/stm32f4xx_hal.o
 .debug_rnglists
                0x00000204       0xe0 ./Drivers/STM32F4xx_HAL_Driver/Src/stm32f4xx_hal_cortex.o
 .debug_rnglists
                0x000002e4       0x66 ./Drivers/STM32F4xx_HAL_Driver/Src/stm32f4xx_hal_rcc.o
 .debug_rnglists
                0x0000034a      0x31a ./Drivers/STM32F4xx_HAL_Driver/Src/stm32f4xx_hal_tim.o
 .debug_rnglists
                0x00000664      0x125 ./Drivers/STM32F4xx_HAL_Driver/Src/stm32f4xx_hal_tim_ex.o
 .debug_rnglists
                0x00000789       0x2b ./FreeRTOS/list.o
 .debug_rnglists
                0x000007b4       0xeb ./FreeRTOS/queue.o
 .debug_rnglists
                0x0000089f      0x193 ./FreeRTOS/tasks.o
 .debug_rnglists
                0x00000a32       0xa3 ./FreeRTOS/timers.o
 .debug_rnglists
                0x00000ad5       0x5d ./FreeRTOS/portable/GCC/ARM_CM4F/port.o
 .debug_rnglists
                0x00000b32       0x42 ./FreeRTOS/portable/MemMang/heap_4.o

.debug_macro    0x00000000    0x17e13
 .debug_macro   0x00000000      0x318 ./Core/Src/main.o
 .debug_macro   0x00000318      0xab4 ./Core/Src/main.o
 .debug_macro   0x00000dcc      0x295 ./Core/Src/main.o
 .debug_macro   0x00001061       0x2e ./Core/Src/main.o
 .debug_macro   0x0000108f       0x28 ./Core/Src/main.o
 .debug_macro   0x000010b7       0x22 ./Core/Src/main.o
 .debug_macro   0x000010d9       0x8e ./Core/Src/main.o
 .debug_macro   0x00001167       0x51 ./Core/Src/main.o
 .debug_macro   0x000011b8      0x103 ./Core/Src/main.o
 .debug_macro   0x000012bb       0x6a ./Core/Src/main.o
 .debug_macro   0x00001325      0x1df ./Core/Src/main.o
 .debug_macro   0x00001504       0x1c ./Core/Src/main.o
 .debug_macro   0x00001520       0x22 ./Core/Src/main.o
 .debug_macro   0x00001542       0xfb ./Core/Src/main.o
 .debug_macro   0x0000163d     0x1011 ./Core/Src/main.o
 .debug_macro   0x0000264e      0x11f ./Core/Src/main.o
 .debug_macro   0x0000276d     0xb86c ./Core/Src/main.o
 .debug_macro   0x0000dfd9       0x6d ./Core/Src/main.o
 .debug_macro   0x0000e046     0x369a ./Core/Src/main.o
 .debug_macro   0x000116e0      0x189 ./Core/Src/main.o
 .debug_macro   0x00011869       0x5c ./Core/Src/main.o
 .debug_macro   0x000118c5      0x416 ./Core/Src/main.o
 .debug_macro   0x00011cdb      0x9e9 ./Core/Src/main.o
 .debug_macro   0x000126c4      0x115 ./Core/Src/main.o
 .debug_macro   0x000127d9       0xf8 ./Core/Src/main.o
 .debug_macro   0x000128d1       0xa5 ./Core/Src/main.o
 .debug_macro   0x00012976      0x15f ./Core/Src/main.o
 .debug_macro   0x00012ad5      0x287 ./Core/Src/main.o
 .debug_macro   0x00012d5c       0x5f ./Core/Src/main.o
 .debug_macro   0x00012dbb      0x236 ./Core/Src/main.o
 .debug_macro   0x00012ff1      0x132 ./Core/Src/main.o
 .debug_macro   0x00013123      0x23a ./Core/Src/main.o
 .debug_macro   0x0001335d       0x2e ./Core/Src/main.o
 .debug_macro   0x0001338b      0x127 ./Core/Src/main.o
 .debug_macro   0x000134b2       0x85 ./Core/Src/main.o
 .debug_macro   0x00013537       0x89 ./Core/Src/main.o
 .debug_macro   0x000135c0      0x8ed ./Core/Src/main.o
 .debug_macro   0x00013ead       0x47 ./Core/Src/main.o
 .debug_macro   0x00013ef4      0x126 ./Core/Src/main.o
 .debug_macro   0x0001401a      0x106 ./Core/Src/main.o
 .debug_macro   0x00014120      0x15a ./Core/Src/main.o
 .debug_macro   0x0001427a       0xea ./Core/Src/main.o
 .debug_macro   0x00014364       0x1c ./Core/Src/main.o
 .debug_macro   0x00014380       0x26 ./Core/Src/main.o
 .debug_macro   0x000143a6      0x4f6 ./Core/Src/main.o
 .debug_macro   0x0001489c       0xb5 ./Core/Src/main.o
 .debug_macro   0x00014951      0x120 ./Core/Src/main.o
 .debug_macro   0x00014a71       0x61 ./Core/Src/main.o
 .debug_macro   0x00014ad2       0x2a ./Core/Src/main.o
 .debug_macro   0x00014afc       0x43 ./Core/Src/main.o
 .debug_macro   0x00014b3f       0x34 ./Core/Src/main.o
 .debug_macro   0x00014b73       0x16 ./Core/Src/main.o
 .debug_macro   0x00014b89       0x35 ./Core/Src/main.o
 .debug_macro   0x00014bbe      0x369 ./Core/Src/main.o
 .debug_macro   0x00014f27       0x10 ./Core/Src/main.o
 .debug_macro   0x00014f37       0x16 ./Core/Src/main.o
 .debug_macro   0x00014f4d       0x43 ./Core/Src/main.o
 .debug_macro   0x00014f90       0x34 ./Core/Src/main.o
 .debug_macro   0x00014fc4       0x10 ./Core/Src/main.o
 .debug_macro   0x00014fd4       0x58 ./Core/Src/main.o
 .debug_macro   0x0001502c       0x8e ./Core/Src/main.o
 .debug_macro   0x000150ba       0x1c ./Core/Src/main.o
 .debug_macro   0x000150d6      0x177 ./Core/Src/main.o
 .debug_macro   0x0001524d       0x16 ./Core/Src/main.o
 .debug_macro   0x00015263       0x16 ./Core/Src/main.o
 .debug_macro   0x00015279      0x146 ./Core/Src/main.o
 .debug_macro   0x000153bf      0x1ce ./Core/Src/stm32f4xx_hal_msp.o
 .debug_macro   0x0001558d      0x1c4 ./Core/Src/stm32f4xx_hal_timebase_tim.o
 .debug_macro   0x00015751      0x1d8 ./Core/Src/stm32f4xx_it.o
 .debug_macro   0x00015929      0x286 ./Core/Src/syscalls.o
 .debug_macro   0x00015baf       0x5b ./Core/Src/syscalls.o
 .debug_macro   0x00015c0a       0x94 ./Core/Src/syscalls.o
 .debug_macro   0x00015c9e       0x57 ./Core/Src/syscalls.o
 .debug_macro   0x00015cf5       0x10 ./Core/Src/syscalls.o
 .debug_macro   0x00015d05       0x10 ./Core/Src/syscalls.o
 .debug_macro   0x00015d15       0x10 ./Core/Src/syscalls.o
 .debug_macro   0x00015d25       0x10 ./Core/Src/syscalls.o
 .debug_macro   0x00015d35       0x1c ./Core/Src/syscalls.o
 .debug_macro   0x00015d51       0x52 ./Core/Src/syscalls.o
 .debug_macro   0x00015da3       0x22 ./Core/Src/syscalls.o
 .debug_macro   0x00015dc5       0x10 ./Core/Src/syscalls.o
 .debug_macro   0x00015dd5       0x52 ./Core/Src/syscalls.o
 .debug_macro   0x00015e27       0xcf ./Core/Src/syscalls.o
 .debug_macro   0x00015ef6       0x1c ./Core/Src/syscalls.o
 .debug_macro   0x00015f12       0x3d ./Core/Src/syscalls.o
 .debug_macro   0x00015f4f       0x35 ./Core/Src/syscalls.o
 .debug_macro   0x00015f84      0x12c ./Core/Src/syscalls.o
 .debug_macro   0x000160b0       0x16 ./Core/Src/syscalls.o
 .debug_macro   0x000160c6       0x16 ./Core/Src/syscalls.o
 .debug_macro   0x000160dc       0x29 ./Core/Src/syscalls.o
 .debug_macro   0x00016105       0x10 ./Core/Src/syscalls.o
 .debug_macro   0x00016115      0x242 ./Core/Src/syscalls.o
 .debug_macro   0x00016357       0x1c ./Core/Src/syscalls.o
 .debug_macro   0x00016373       0x10 ./Core/Src/syscalls.o
 .debug_macro   0x00016383      0x18a ./Core/Src/syscalls.o
 .debug_macro   0x0001650d       0x16 ./Core/Src/syscalls.o
 .debug_macro   0x00016523       0xce ./Core/Src/syscalls.o
 .debug_macro   0x000165f1      0x1c4 ./Core/Src/system_stm32f4xx.o
 .debug_macro   0x000167b5      0x224 ./Drivers/STM32F4xx_HAL_Driver/Src/stm32f4xx_hal.o
 .debug_macro   0x000169d9      0x1c4 ./Drivers/STM32F4xx_HAL_Driver/Src/stm32f4xx_hal_cortex.o
 .debug_macro   0x00016b9d      0x1e8 ./Drivers/STM32F4xx_HAL_Driver/Src/stm32f4xx_hal_rcc.o
 .debug_macro   0x00016d85      0x1c5 ./Drivers/STM32F4xx_HAL_Driver/Src/stm32f4xx_hal_tim.o
 .debug_macro   0x00016f4a      0x1c4 ./Drivers/STM32F4xx_HAL_Driver/Src/stm32f4xx_hal_tim_ex.o
 .debug_macro   0x0001710e      0x1a3 ./FreeRTOS/list.o
 .debug_macro   0x000172b1      0x22c ./FreeRTOS/queue.o
 .debug_macro   0x000174dd       0x16 ./FreeRTOS/queue.o
 .debug_macro   0x000174f3       0x20 ./FreeRTOS/queue.o
 .debug_macro   0x00017513       0x80 ./FreeRTOS/queue.o
 .debug_macro   0x00017593      0x289 ./FreeRTOS/tasks.o
 .debug_macro   0x0001781c       0x10 ./FreeRTOS/tasks.o
 .debug_macro   0x0001782c      0x1ec ./FreeRTOS/timers.o
 .debug_macro   0x00017a18       0x97 ./FreeRTOS/timers.o
 .debug_macro   0x00017aaf      0x1a6 ./FreeRTOS/portable/GCC/ARM_CM4F/port.o
 .debug_macro   0x00017c55      0x1be ./FreeRTOS/portable/MemMang/heap_4.o

.debug_line     0x00000000     0xf979
 .debug_line    0x00000000      0xa80 ./Core/Src/main.o
 .debug_line    0x00000a80      0x67c ./Core/Src/stm32f4xx_hal_msp.o
 .debug_line    0x000010fc      0x6e9 ./Core/Src/stm32f4xx_hal_timebase_tim.o
 .debug_line    0x000017e5      0x718 ./Core/Src/stm32f4xx_it.o
 .debug_line    0x00001efd      0x822 ./Core/Src/syscalls.o
 .debug_line    0x0000271f      0x700 ./Core/Src/system_stm32f4xx.o
 .debug_line    0x00002e1f       0x7a ./Core/Startup/startup_stm32f401ccux.o
 .debug_line    0x00002e99      0x969 ./Drivers/STM32F4xx_HAL_Driver/Src/stm32f4xx_hal.o
 .debug_line    0x00003802      0xc5b ./Drivers/STM32F4xx_HAL_Driver/Src/stm32f4xx_hal_cortex.o
 .debug_line    0x0000445d      0xcf2 ./Drivers/STM32F4xx_HAL_Driver/Src/stm32f4xx_hal_rcc.o
 .debug_line    0x0000514f     0x34e7 ./Drivers/STM32F4xx_HAL_Driver/Src/stm32f4xx_hal_tim.o
 .debug_line    0x00008636     0x18fa ./Drivers/STM32F4xx_HAL_Driver/Src/stm32f4xx_hal_tim_ex.o
 .debug_line    0x00009f30      0x793 ./FreeRTOS/list.o
 .debug_line    0x0000a6c3     0x163c ./FreeRTOS/queue.o
 .debug_line    0x0000bcff     0x1d02 ./FreeRTOS/tasks.o
 .debug_line    0x0000da01      0xd14 ./FreeRTOS/timers.o
 .debug_line    0x0000e715      0x885 ./FreeRTOS/portable/GCC/ARM_CM4F/port.o
 .debug_line    0x0000ef9a      0x9df ./FreeRTOS/portable/MemMang/heap_4.o

.debug_str      0x00000000    0x94fc9
 .debug_str     0x00000000    0x8cca2 ./Core/Src/main.o
                              0x8d018 (size before relaxing)
 .debug_str     0x0008cca2       0x2c ./Core/Src/stm32f4xx_hal_msp.o
                              0x845e0 (size before relaxing)
 .debug_str     0x0008ccce      0x4ab ./Core/Src/stm32f4xx_hal_timebase_tim.o
                              0x85015 (size before relaxing)
 .debug_str     0x0008d179       0xbe ./Core/Src/stm32f4xx_it.o
                              0x84a84 (size before relaxing)
 .debug_str     0x0008d237     0x1fd6 ./Core/Src/syscalls.o
                               0x997a (size before relaxing)
 .debug_str     0x0008f20d       0xdb ./Core/Src/system_stm32f4xx.o
                              0x84690 (size before relaxing)
 .debug_str     0x0008f2e8       0x44 ./Core/Startup/startup_stm32f401ccux.o
                                 0x97 (size before relaxing)
 .debug_str     0x0008f32c      0x5ce ./Drivers/STM32F4xx_HAL_Driver/Src/stm32f4xx_hal.o
                              0x850b2 (size before relaxing)
 .debug_str     0x0008f8fa      0x37f ./Drivers/STM32F4xx_HAL_Driver/Src/stm32f4xx_hal_cortex.o
                              0x84e1c (size before relaxing)
 .debug_str     0x0008fc79      0x273 ./Drivers/STM32F4xx_HAL_Driver/Src/stm32f4xx_hal_rcc.o
                              0x84ac4 (size before relaxing)
 .debug_str     0x0008feec      0xe79 ./Drivers/STM32F4xx_HAL_Driver/Src/stm32f4xx_hal_tim.o
                              0x85a08 (size before relaxing)
 .debug_str     0x00090d65      0x503 ./Drivers/STM32F4xx_HAL_Driver/Src/stm32f4xx_hal_tim_ex.o
                              0x85214 (size before relaxing)
 .debug_str     0x00091268      0x178 ./FreeRTOS/list.o
                               0xacf9 (size before relaxing)
 .debug_str     0x000913e0     0x11e0 ./FreeRTOS/queue.o
                               0xd184 (size before relaxing)
 .debug_str     0x000925c0     0x1aac ./FreeRTOS/tasks.o
                               0xddd8 (size before relaxing)
 .debug_str     0x0009406c      0x4fc ./FreeRTOS/timers.o
                               0xd518 (size before relaxing)
 .debug_str     0x00094568      0x75c ./FreeRTOS/portable/GCC/ARM_CM4F/port.o
                               0x94bd (size before relaxing)
 .debug_str     0x00094cc4      0x305 ./FreeRTOS/portable/MemMang/heap_4.o
                               0xc1c2 (size before relaxing)

.comment        0x00000000       0x43
 .comment       0x00000000       0x43 ./Core/Src/main.o
                                 0x44 (size before relaxing)
 .comment       0x00000043       0x44 ./Core/Src/stm32f4xx_hal_msp.o
 .comment       0x00000043       0x44 ./Core/Src/stm32f4xx_hal_timebase_tim.o
 .comment       0x00000043       0x44 ./Core/Src/stm32f4xx_it.o
 .comment       0x00000043       0x44 ./Core/Src/syscalls.o
 .comment       0x00000043       0x44 ./Core/Src/system_stm32f4xx.o
 .comment       0x00000043       0x44 ./Drivers/STM32F4xx_HAL_Driver/Src/stm32f4xx_hal.o
 .comment       0x00000043       0x44 ./Drivers/STM32F4xx_HAL_Driver/Src/stm32f4xx_hal_cortex.o
 .comment       0x00000043       0x44 ./Drivers/STM32F4xx_HAL_Driver/Src/stm32f4xx_hal_rcc.o
 .comment       0x00000043       0x44 ./Drivers/STM32F4xx_HAL_Driver/Src/stm32f4xx_hal_tim.o
 .comment       0x00000043       0x44 ./Drivers/STM32F4xx_HAL_Driver/Src/stm32f4xx_hal_tim_ex.o
 .comment       0x00000043       0x44 ./FreeRTOS/list.o
 .comment       0x00000043       0x44 ./FreeRTOS/queue.o
 .comment       0x00000043       0x44 ./FreeRTOS/tasks.o
 .comment       0x00000043       0x44 ./FreeRTOS/timers.o
 .comment       0x00000043       0x44 ./FreeRTOS/portable/GCC/ARM_CM4F/port.o
 .comment       0x00000043       0x44 ./FreeRTOS/portable/MemMang/heap_4.o

.debug_frame    0x00000000     0x4550
 .debug_frame   0x00000000       0xf8 ./Core/Src/main.o
 .debug_frame   0x000000f8       0x38 ./Core/Src/stm32f4xx_hal_msp.o
 .debug_frame   0x00000130       0x74 ./Core/Src/stm32f4xx_hal_timebase_tim.o
 .debug_frame   0x000001a4       0xc4 ./Core/Src/stm32f4xx_it.o
 .debug_frame   0x00000268      0x2d4 ./Core/Src/syscalls.o
 .debug_frame   0x0000053c       0x58 ./Core/Src/system_stm32f4xx.o
 .debug_frame   0x00000594      0x374 ./Drivers/STM32F4xx_HAL_Driver/Src/stm32f4xx_hal.o
 .debug_frame   0x00000908      0x508 ./Drivers/STM32F4xx_HAL_Driver/Src/stm32f4xx_hal_cortex.o
 .debug_frame   0x00000e10      0x1f4 ./Drivers/STM32F4xx_HAL_Driver/Src/stm32f4xx_hal_rcc.o
 .debug_frame   0x00001004     0x11b8 ./Drivers/STM32F4xx_HAL_Driver/Src/stm32f4xx_hal_tim.o
 .debug_frame   0x000021bc      0x638 ./Drivers/STM32F4xx_HAL_Driver/Src/stm32f4xx_hal_tim_ex.o
 .debug_frame   0x000027f4       0xd8 ./FreeRTOS/list.o
 .debug_frame   0x000028cc      0x534 ./FreeRTOS/queue.o
 .debug_frame   0x00002e00      0x894 ./FreeRTOS/tasks.o
 .debug_frame   0x00003694      0x38c ./FreeRTOS/timers.o
 .debug_frame   0x00003a20      0x1a8 ./FreeRTOS/portable/GCC/ARM_CM4F/port.o
 .debug_frame   0x00003bc8      0x12c ./FreeRTOS/portable/MemMang/heap_4.o
 .debug_frame   0x00003cf4      0x144 /opt/st/stm32cubeide_1.16.1/plugins/com.st.stm32cube.ide.mcu.externaltools.gnu-tools-for-stm32.12.3.rel1.linux64_1.0.200.202406132123/tools/bin/../lib/gcc/arm-none-eabi/12.3.1/../../../../arm-none-eabi/lib/thumb/v7e-m+fp/hard/libc_nano.a(libc_a-findfp.o)
 .debug_frame   0x00003e38       0x34 /opt/st/stm32cubeide_1.16.1/plugins/com.st.stm32cube.ide.mcu.externaltools.gnu-tools-for-stm32.12.3.rel1.linux64_1.0.200.202406132123/tools/bin/../lib/gcc/arm-none-eabi/12.3.1/../../../../arm-none-eabi/lib/thumb/v7e-m+fp/hard/libc_nano.a(libc_a-fwalk.o)
 .debug_frame   0x00003e6c       0x6c /opt/st/stm32cubeide_1.16.1/plugins/com.st.stm32cube.ide.mcu.externaltools.gnu-tools-for-stm32.12.3.rel1.linux64_1.0.200.202406132123/tools/bin/../lib/gcc/arm-none-eabi/12.3.1/../../../../arm-none-eabi/lib/thumb/v7e-m+fp/hard/libc_nano.a(libc_a-printf.o)
 .debug_frame   0x00003ed8       0x88 /opt/st/stm32cubeide_1.16.1/plugins/com.st.stm32cube.ide.mcu.externaltools.gnu-tools-for-stm32.12.3.rel1.linux64_1.0.200.202406132123/tools/bin/../lib/gcc/arm-none-eabi/12.3.1/../../../../arm-none-eabi/lib/thumb/v7e-m+fp/hard/libc_nano.a(libc_a-stdio.o)
 .debug_frame   0x00003f60       0x20 /opt/st/stm32cubeide_1.16.1/plugins/com.st.stm32cube.ide.mcu.externaltools.gnu-tools-for-stm32.12.3.rel1.linux64_1.0.200.202406132123/tools/bin/../lib/gcc/arm-none-eabi/12.3.1/../../../../arm-none-eabi/lib/thumb/v7e-m+fp/hard/libc_nano.a(libc_a-memset.o)
 .debug_frame   0x00003f80       0x2c /opt/st/stm32cubeide_1.16.1/plugins/com.st.stm32cube.ide.mcu.externaltools.gnu-tools-for-stm32.12.3.rel1.linux64_1.0.200.202406132123/tools/bin/../lib/gcc/arm-none-eabi/12.3.1/../../../../arm-none-eabi/lib/thumb/v7e-m+fp/hard/libc_nano.a(libc_a-closer.o)
 .debug_frame   0x00003fac       0x38 /opt/st/stm32cubeide_1.16.1/plugins/com.st.stm32cube.ide.mcu.externaltools.gnu-tools-for-stm32.12.3.rel1.linux64_1.0.200.202406132123/tools/bin/../lib/gcc/arm-none-eabi/12.3.1/../../../../arm-none-eabi/lib/thumb/v7e-m+fp/hard/libc_nano.a(libc_a-reent.o)