Archive member included to satisfy reference by file (symbol)

/opt/st/stm32cubeide_1.16.1/plugins/com.st.stm32cube.ide.mcu.externaltools.gnu-tools-for-stm32.12.3.rel1.linux64_1.0.200.202406132123/tools/bin/../lib/gcc/arm-none-eabi/12.3.1/../../../../arm-none-eabi/lib/thumb/v7e-m+fp/hard/libc_nano.a(libc_a-exit.o)
                              /opt/st/stm32cubeide_1.16.1/plugins/com.st.stm32cube.ide.mcu.externaltools.gnu-tools-for-stm32.12.3.rel1.linux64_1.0.200.202406132123/tools/bin/../lib/gcc/arm-none-eabi/12.3.1/../../../../arm-none-eabi/lib/thumb/v7e-m+fp/hard/crt0.o (exit)
/opt/st/stm32cubeide_1.16.1/plugins/com.st.stm32cube.ide.mcu.externaltools.gnu-tools-for-stm32.12.3.rel1.linux64_1.0.200.202406132123/tools/bin/../lib/gcc/arm-none-eabi/12.3.1/../../../../arm-none-eabi/lib/thumb/v7e-m+fp/hard/libc_nano.a(libc_a-findfp.o)
                              /opt/st/stm32cubeide_1.16.1/plugins/com.st.stm32cube.ide.mcu.externaltools.gnu-tools-for-stm32.12.3.rel1.linux64_1.0.200.202406132123/tools/bin/../lib/gcc/arm-none-eabi/12.3.1/../../../../arm-none-eabi/lib/thumb/v7e-m+fp/hard/libc_nano.a(libc_a-exit.o) (__stdio_exit_handler)
/opt/st/stm32cubeide_1.16.1/plugins/com.st.stm32cube.ide.mcu.externaltools.gnu-tools-for-stm32.12.3.rel1.linux64_1.0.200.202406132123/tools/bin/../lib/gcc/arm-none-eabi/12.3.1/../../../../arm-none-eabi/lib/thumb/v7e-m+fp/hard/libc_nano.a(libc_a-fwalk.o)
                              /opt/st/stm32cubeide_1.16.1/plugins/com.st.stm32cube.ide.mcu.externaltools.gnu-tools-for-stm32.12.3.rel1.linux64_1.0.200.202406132123/tools/bin/../lib/gcc/arm-none-eabi/12.3.1/../../../../arm-none-eabi/lib/thumb/v7e-m+fp/hard/libc_nano.a(libc_a-findfp.o) (_fwalk_sglue)
/opt/st/stm32cubeide_1.16.1/plugins/com.st.stm32cube.ide.mcu.externaltools.gnu-tools-for-stm32.12.3.rel1.linux64_1.0.200.202406132123/tools/bin/../lib/gcc/arm-none-eabi/12.3.1/../../../../arm-none-eabi/lib/thumb/v7e-m+fp/hard/libc_nano.a(libc_a-stdio.o)
                              /opt/st/stm32cubeide_1.16.1/plugins/com.st.stm32cube.ide.mcu.externaltools.gnu-tools-for-stm32.12.3.rel1.linux64_1.0.200.202406132123/tools/bin/../lib/gcc/arm-none-eabi/12.3.1/../../../../arm-none-eabi/lib/thumb/v7e-m+fp/hard/libc_nano.a(libc_a-findfp.o) (__sread)
/opt/st/stm32cubeide_1.16.1/plugins/com.st.stm32cube.ide.mcu.externaltools.gnu-tools-for-stm32.12.3.rel1.linux64_1.0.200.202406132123/tools/bin/../lib/gcc/arm-none-eabi/12.3.1/../../../../arm-none-eabi/lib/thumb/v7e-m+fp/hard/libc_nano.a(libc_a-memset.o)
                              /opt/st/stm32cubeide_1.16.1/plugins/com.st.stm32cube.ide.mcu.externaltools.gnu-tools-for-stm32.12.3.rel1.linux64_1.0.200.202406132123/tools/bin/../lib/gcc/arm-none-eabi/12.3.1/../../../../arm-none-eabi/lib/thumb/v7e-m+fp/hard/crt0.o (memset)
/opt/st/stm32cubeide_1.16.1/plugins/com.st.stm32cube.ide.mcu.externaltools.gnu-tools-for-stm32.12.3.rel1.linux64_1.0.200.202406132123/tools/bin/../lib/gcc/arm-none-eabi/12.3.1/../../../../arm-none-eabi/lib/thumb/v7e-m+fp/hard/libc_nano.a(libc_a-closer.o)
                              /opt/st/stm32cubeide_1.16.1/plugins/com.st.stm32cube.ide.mcu.externaltools.gnu-tools-for-stm32.12.3.rel1.linux64_1.0.200.202406132123/tools/bin/../lib/gcc/arm-none-eabi/12.3.1/../../../../arm-none-eabi/lib/thumb/v7e-m+fp/hard/libc_nano.a(libc_a-stdio.o) (_close_r)
/opt/st/stm32cubeide_1.16.1/plugins/com.st.stm32cube.ide.mcu.externaltools.gnu-tools-for-stm32.12.3.rel1.linux64_1.0.200.202406132123/tools/bin/../lib/gcc/arm-none-eabi/12.3.1/../../../../arm-none-eabi/lib/thumb/v7e-m+fp/hard/libc_nano.a(libc_a-reent.o)
                              /opt/st/stm32cubeide_1.16.1/plugins/com.st.stm32cube.ide.mcu.externaltools.gnu-tools-for-stm32.12.3.rel1.linux64_1.0.200.202406132123/tools/bin/../lib/gcc/arm-none-eabi/12.3.1/../../../../arm-none-eabi/lib/thumb/v7e-m+fp/hard/libc_nano.a(libc_a-closer.o) (errno)
/opt/st/stm32cubeide_1.16.1/plugins/com.st.stm32cube.ide.mcu.externaltools.gnu-tools-for-stm32.12.3.rel1.linux64_1.0.200.202406132123/tools/bin/../lib/gcc/arm-none-eabi/12.3.1/../../../../arm-none-eabi/lib/thumb/v7e-m+fp/hard/libc_nano.a(libc_a-impure.o)
                              /opt/st/stm32cubeide_1.16.1/plugins/com.st.stm32cube.ide.mcu.externaltools.gnu-tools-for-stm32.12.3.rel1.linux64_1.0.200.202406132123/tools/bin/../lib/gcc/arm-none-eabi/12.3.1/../../../../arm-none-eabi/lib/thumb/v7e-m+fp/hard/libc_nano.a(libc_a-reent.o) (_impure_ptr)
/opt/st/stm32cubeide_1.16.1/plugins/com.st.stm32cube.ide.mcu.externaltools.gnu-tools-for-stm32.12.3.rel1.linux64_1.0.200.202406132123/tools/bin/../lib/gcc/arm-none-eabi/12.3.1/../../../../arm-none-eabi/lib/thumb/v7e-m+fp/hard/libc_nano.a(libc_a-lseekr.o)
                              /opt/st/stm32cubeide_1.16.1/plugins/com.st.stm32cube.ide.mcu.externaltools.gnu-tools-for-stm32.12.3.rel1.linux64_1.0.200.202406132123/tools/bin/../lib/gcc/arm-none-eabi/12.3.1/../../../../arm-none-eabi/lib/thumb/v7e-m+fp/hard/libc_nano.a(libc_a-stdio.o) (_lseek_r)
[...]
Memory Configuration

Name             Origin             Length             Attributes
RAM              0x20000000         0x00010000         xrw
FLASH            0x08000000         0x00040000         xr
*default*        0x00000000         0xffffffff

Linker script and memory map

LOAD /opt/st/stm32cubeide_1.16.1/plugins/com.st.stm32cube.ide.mcu.externaltools.gnu-tools-for-stm32.12.3.rel1.linux64_1.0.200.202406132123/tools/bin/../lib/gcc/arm-none-eabi/12.3.1/thumb/v7e-m+fp/hard/crti.o
LOAD /opt/st/stm32cubeide_1.16.1/plugins/com.st.stm32cube.ide.mcu.externaltools.gnu-tools-for-stm32.12.3.rel1.linux64_1.0.200.202406132123/tools/bin/../lib/gcc/arm-none-eabi/12.3.1/thumb/v7e-m+fp/hard/crtbegin.o
LOAD /opt/st/stm32cubeide_1.16.1/plugins/com.st.stm32cube.ide.mcu.externaltools.gnu-tools-for-stm32.12.3.rel1.linux64_1.0.200.202406132123/tools/bin/../lib/gcc/arm-none-eabi/12.3.1/../../../../arm-none-eabi/lib/thumb/v7e-m+fp/hard/crt0.o
LOAD ./Core/Src/main.o
LOAD ./Core/Src/stm32f4xx_hal_msp.o
LOAD ./Core/Src/stm32f4xx_hal_timebase_tim.o
LOAD ./Core/Src/stm32f4xx_it.o
LOAD ./Core/Src/syscalls.o
LOAD ./Core/Src/system_stm32f4xx.o
LOAD ./Core/Startup/startup_stm32f401ccux.o
LOAD ./Drivers/STM32F4xx_HAL_Driver/Src/stm32f4xx_hal.o
LOAD ./Drivers/STM32F4xx_HAL_Driver/Src/stm32f4xx_hal_cortex.o
LOAD ./Drivers/STM32F4xx_HAL_Driver/Src/stm32f4xx_hal_dma.o
LOAD ./Drivers/STM32F4xx_HAL_Driver/Src/stm32f4xx_hal_dma_ex.o
LOAD ./Drivers/STM32F4xx_HAL_Driver/Src/stm32f4xx_hal_exti.o
LOAD ./Drivers/STM32F4xx_HAL_Driver/Src/stm32f4xx_hal_flash.o
LOAD ./Drivers/STM32F4xx_HAL_Driver/Src/stm32f4xx_hal_flash_ex.o
LOAD ./Drivers/STM32F4xx_HAL_Driver/Src/stm32f4xx_hal_flash_ramfunc.o
LOAD ./Drivers/STM32F4xx_HAL_Driver/Src/stm32f4xx_hal_gpio.o
LOAD ./Drivers/STM32F4xx_HAL_Driver/Src/stm32f4xx_hal_pwr.o
LOAD ./Drivers/STM32F4xx_HAL_Driver/Src/stm32f4xx_hal_pwr_ex.o
LOAD ./Drivers/STM32F4xx_HAL_Driver/Src/stm32f4xx_hal_rcc.o
LOAD ./Drivers/STM32F4xx_HAL_Driver/Src/stm32f4xx_hal_rcc_ex.o
LOAD ./Drivers/STM32F4xx_HAL_Driver/Src/stm32f4xx_hal_tim.o
LOAD ./Drivers/STM32F4xx_HAL_Driver/Src/stm32f4xx_hal_tim_ex.o
LOAD ./FreeRTOS/croutine.o
LOAD ./FreeRTOS/event_groups.o
LOAD ./FreeRTOS/list.o
LOAD ./FreeRTOS/queue.o
LOAD ./FreeRTOS/stream_buffer.o
LOAD ./FreeRTOS/tasks.o
LOAD ./FreeRTOS/timers.o
LOAD ./FreeRTOS/portable/GCC/ARM_CM4F/port.o
LOAD ./FreeRTOS/portable/MemMang/heap_4.o
START GROUP
LOAD /opt/st/stm32cubeide_1.16.1/plugins/com.st.stm32cube.ide.mcu.externaltools.gnu-tools-for-stm32.12.3.rel1.linux64_1.0.200.202406132123/tools/bin/../lib/gcc/arm-none-eabi/12.3.1/../../../../arm-none-eabi/lib/thumb/v7e-m+fp/hard/libc_nano.a
LOAD /opt/st/stm32cubeide_1.16.1/plugins/com.st.stm32cube.ide.mcu.externaltools.gnu-tools-for-stm32.12.3.rel1.linux64_1.0.200.202406132123/tools/bin/../lib/gcc/arm-none-eabi/12.3.1/../../../../arm-none-eabi/lib/thumb/v7e-m+fp/hard/libm.a
END GROUP
START GROUP
LOAD /opt/st/stm32cubeide_1.16.1/plugins/com.st.stm32cube.ide.mcu.externaltools.gnu-tools-for-stm32.12.3.rel1.linux64_1.0.200.202406132123/tools/bin/../lib/gcc/arm-none-eabi/12.3.1/thumb/v7e-m+fp/hard/libgcc.a
LOAD /opt/st/stm32cubeide_1.16.1/plugins/com.st.stm32cube.ide.mcu.externaltools.gnu-tools-for-stm32.12.3.rel1.linux64_1.0.200.202406132123/tools/bin/../lib/gcc/arm-none-eabi/12.3.1/../../../../arm-none-eabi/lib/thumb/v7e-m+fp/hard/libc_nano.a
END GROUP
START GROUP
LOAD /opt/st/stm32cubeide_1.16.1/plugins/com.st.stm32cube.ide.mcu.externaltools.gnu-tools-for-stm32.12.3.rel1.linux64_1.0.200.202406132123/tools/bin/../lib/gcc/arm-none-eabi/12.3.1/thumb/v7e-m+fp/hard/libgcc.a
LOAD /opt/st/stm32cubeide_1.16.1/plugins/com.st.stm32cube.ide.mcu.externaltools.gnu-tools-for-stm32.12.3.rel1.linux64_1.0.200.202406132123/tools/bin/../lib/gcc/arm-none-eabi/12.3.1/../../../../arm-none-eabi/lib/thumb/v7e-m+fp/hard/libc_nano.a
LOAD /opt/st/stm32cubeide_1.16.1/plugins/com.st.stm32cube.ide.mcu.externaltools.gnu-tools-for-stm32.12.3.rel1.linux64_1.0.200.202406132123/tools/bin/../lib/gcc/arm-none-eabi/12.3.1/../../../../arm-none-eabi/lib/thumb/v7e-m+fp/hard/libnosys.a
END GROUP
START GROUP
LOAD /opt/st/stm32cubeide_1.16.1/plugins/com.st.stm32cube.ide.mcu.externaltools.gnu-tools-for-stm32.12.3.rel1.linux64_1.0.200.202406132123/tools/bin/../lib/gcc/arm-none-eabi/12.3.1/thumb/v7e-m+fp/hard/libgcc.a
LOAD /opt/st/stm32cubeide_1.16.1/plugins/com.st.stm32cube.ide.mcu.externaltools.gnu-tools-for-stm32.12.3.rel1.linux64_1.0.200.202406132123/tools/bin/../lib/gcc/arm-none-eabi/12.3.1/../../../../arm-none-eabi/lib/thumb/v7e-m+fp/hard/libc_nano.a
LOAD /opt/st/stm32cubeide_1.16.1/plugins/com.st.stm32cube.ide.mcu.externaltools.gnu-tools-for-stm32.12.3.rel1.linux64_1.0.200.202406132123/tools/bin/../lib/gcc/arm-none-eabi/12.3.1/../../../../arm-none-eabi/lib/thumb/v7e-m+fp/hard/libnosys.a
END GROUP
LOAD /opt/st/stm32cubeide_1.16.1/plugins/com.st.stm32cube.ide.mcu.externaltools.gnu-tools-for-stm32.12.3.rel1.linux64_1.0.200.202406132123/tools/bin/../lib/gcc/arm-none-eabi/12.3.1/thumb/v7e-m+fp/hard/crtend.o
LOAD /opt/st/stm32cubeide_1.16.1/plugins/com.st.stm32cube.ide.mcu.externaltools.gnu-tools-for-stm32.12.3.rel1.linux64_1.0.200.202406132123/tools/bin/../lib/gcc/arm-none-eabi/12.3.1/thumb/v7e-m+fp/hard/crtn.o
                0x20010000                        _estack = (ORIGIN (RAM) + LENGTH (RAM))
                0x00000200                        _Min_Heap_Size = 0x200
                0x00000400                        _Min_Stack_Size = 0x400

.isr_vector     0x08000000      0x194
                0x08000000                        . = ALIGN (0x4)
 *(.isr_vector)
 .isr_vector    0x08000000      0x194 ./Core/Startup/startup_stm32f401ccux.o
                0x08000000                g_pfnVectors
                0x08000194                        . = ALIGN (0x4)

.text           0x080001a0     0x1aec
                0x080001a0                        . = ALIGN (0x4)
 *(.text)
 .text          0x080001a0       0x40 /opt/st/stm32cubeide_1.16.1/plugins/com.st.stm32cube.ide.mcu.externaltools.gnu-tools-for-stm32.12.3.rel1.linux64_1.0.200.202406132123/tools/bin/../lib/gcc/arm-none-eabi/12.3.1/thumb/v7e-m+fp/hard/crtbegin.o
 .text          0x080001e0       0x30 /opt/st/stm32cubeide_1.16.1/plugins/com.st.stm32cube.ide.mcu.externaltools.gnu-tools-for-stm32.12.3.rel1.linux64_1.0.200.202406132123/tools/bin/../lib/gcc/arm-none-eabi/12.3.1/thumb/v7e-m+fp/hard/libgcc.a(_aeabi_uldivmod.o)
                0x080001e0                __aeabi_uldivmod
 .text          0x08000210      0x2bc /opt/st/stm32cubeide_1.16.1/plugins/com.st.stm32cube.ide.mcu.externaltools.gnu-tools-for-stm32.12.3.rel1.linux64_1.0.200.202406132123/tools/bin/../lib/gcc/arm-none-eabi/12.3.1/thumb/v7e-m+fp/hard/libgcc.a(_udivmoddi4.o)
                0x08000210                __udivmoddi4
 .text          0x080004cc        0x4 /opt/st/stm32cubeide_1.16.1/plugins/com.st.stm32cube.ide.mcu.externaltools.gnu-tools-for-stm32.12.3.rel1.linux64_1.0.200.202406132123/tools/bin/../lib/gcc/arm-none-eabi/12.3.1/thumb/v7e-m+fp/hard/libgcc.a(_dvmd_tls.o)
                0x080004cc                __aeabi_ldiv0
                0x080004cc                __aeabi_idiv0
 *(.text*)
 .text.main     0x080004d0       0x14 ./Core/Src/main.o
                0x080004d0                main
 .text.SystemClock_Config
                0x080004e4       0xbc ./Core/Src/main.o
                0x080004e4                SystemClock_Config
 .text.MX_GPIO_Init
                0x080005a0       0x50 ./Core/Src/main.o
 .text.HAL_TIM_PeriodElapsedCallback
                0x080005f0       0x24 ./Core/Src/main.o
                0x080005f0                HAL_TIM_PeriodElapsedCallback
 .text.Error_Handler
                0x08000614        0xc ./Core/Src/main.o
                0x08000614                Error_Handler
 .text.HAL_MspInit
                0x08000620       0x50 ./Core/Src/stm32f4xx_hal_msp.o
                0x08000620                HAL_MspInit
 .text.HAL_InitTick
                0x08000670       0xe4 ./Core/Src/stm32f4xx_hal_timebase_tim.o
                0x08000670                HAL_InitTick
 .text.NMI_Handler
                0x08000754        0x8 ./Core/Src/stm32f4xx_it.o
                0x08000754                NMI_Handler
 .text.HardFault_Handler
                0x0800075c        0x8 ./Core/Src/stm32f4xx_it.o
                0x0800075c                HardFault_Handler
 .text.MemManage_Handler
                0x08000764        0x8 ./Core/Src/stm32f4xx_it.o
                0x08000764                MemManage_Handler
 .text.BusFault_Handler
                0x0800076c        0x8 ./Core/Src/stm32f4xx_it.o
                0x0800076c                BusFault_Handler
 .text.UsageFault_Handler
                0x08000774        0x8 ./Core/Src/stm32f4xx_it.o
                0x08000774                UsageFault_Handler
 .text.DebugMon_Handler
                0x0800077c        0xe ./Core/Src/stm32f4xx_it.o
                0x0800077c                DebugMon_Handler
 *fill*         0x0800078a        0x2 
 .text.TIM1_BRK_TIM9_IRQHandler
                0x0800078c       0x14 ./Core/Src/stm32f4xx_it.o
                0x0800078c                TIM1_BRK_TIM9_IRQHandler
 .text.SystemInit
                0x080007a0       0x24 ./Core/Src/system_stm32f4xx.o
                0x080007a0                SystemInit
 .text.Reset_Handler
                0x080007c4       0x50 ./Core/Startup/startup_stm32f401ccux.o
                0x080007c4                Reset_Handler
 .text.Default_Handler
                0x08000814        0x2 ./Core/Startup/startup_stm32f401ccux.o
                0x08000814                RTC_Alarm_IRQHandler
                0x08000814                EXTI2_IRQHandler
                0x08000814                SPI4_IRQHandler
                0x08000814                TIM1_CC_IRQHandler
                0x08000814                DMA2_Stream5_IRQHandler
                0x08000814                DMA1_Stream5_IRQHandler
                0x08000814                PVD_IRQHandler
                0x08000814                SDIO_IRQHandler
                0x08000814                TAMP_STAMP_IRQHandler
                0x08000814                EXTI3_IRQHandler
                0x08000814                TIM1_UP_TIM10_IRQHandler
                0x08000814                I2C3_ER_IRQHandler
                0x08000814                EXTI0_IRQHandler
                0x08000814                I2C2_EV_IRQHandler
                0x08000814                DMA1_Stream2_IRQHandler
                0x08000814                FPU_IRQHandler
                0x08000814                DMA2_Stream2_IRQHandler
                0x08000814                SPI1_IRQHandler
                0x08000814                DMA2_Stream3_IRQHandler
                0x08000814                USART6_IRQHandler
                0x08000814                DMA2_Stream0_IRQHandler
                0x08000814                TIM4_IRQHandler
                0x08000814                I2C1_EV_IRQHandler
                0x08000814                DMA1_Stream6_IRQHandler
                0x08000814                DMA1_Stream1_IRQHandler
                0x08000814                TIM3_IRQHandler
                0x08000814                RCC_IRQHandler
                0x08000814                Default_Handler
                0x08000814                EXTI15_10_IRQHandler
                0x08000814                ADC_IRQHandler
                0x08000814                DMA1_Stream7_IRQHandler
                0x08000814                TIM5_IRQHandler
                0x08000814                DMA2_Stream7_IRQHandler
                0x08000814                I2C3_EV_IRQHandler
                0x08000814                EXTI9_5_IRQHandler
                0x08000814                RTC_WKUP_IRQHandler
                0x08000814                SPI2_IRQHandler
                0x08000814                DMA1_Stream0_IRQHandler
                0x08000814                EXTI4_IRQHandler
                0x08000814                WWDG_IRQHandler
                0x08000814                TIM2_IRQHandler
                0x08000814                OTG_FS_WKUP_IRQHandler
                0x08000814                TIM1_TRG_COM_TIM11_IRQHandler
                0x08000814                EXTI1_IRQHandler
                0x08000814                USART2_IRQHandler
                0x08000814                I2C2_ER_IRQHandler
                0x08000814                DMA2_Stream1_IRQHandler
                0x08000814                FLASH_IRQHandler
                0x08000814                DMA2_Stream4_IRQHandler
                0x08000814                USART1_IRQHandler
                0x08000814                OTG_FS_IRQHandler
                0x08000814                SPI3_IRQHandler
                0x08000814                DMA1_Stream4_IRQHandler
                0x08000814                I2C1_ER_IRQHandler
                0x08000814                DMA2_Stream6_IRQHandler
                0x08000814                DMA1_Stream3_IRQHandler
 *fill*         0x08000816        0x2 
 .text.HAL_Init
                0x08000818       0x44 ./Drivers/STM32F4xx_HAL_Driver/Src/stm32f4xx_hal.o
                0x08000818                HAL_Init
 .text.HAL_IncTick
                0x0800085c       0x28 ./Drivers/STM32F4xx_HAL_Driver/Src/stm32f4xx_hal.o
                0x0800085c                HAL_IncTick
 .text.HAL_GetTick
                0x08000884       0x18 ./Drivers/STM32F4xx_HAL_Driver/Src/stm32f4xx_hal.o
                0x08000884                HAL_GetTick
 .text.__NVIC_SetPriorityGrouping
                0x0800089c       0x48 ./Drivers/STM32F4xx_HAL_Driver/Src/stm32f4xx_hal_cortex.o
 .text.__NVIC_GetPriorityGrouping
                0x080008e4       0x1c ./Drivers/STM32F4xx_HAL_Driver/Src/stm32f4xx_hal_cortex.o
 .text.__NVIC_EnableIRQ
                0x08000900       0x3c ./Drivers/STM32F4xx_HAL_Driver/Src/stm32f4xx_hal_cortex.o
 .text.__NVIC_SetPriority
                0x0800093c       0x54 ./Drivers/STM32F4xx_HAL_Driver/Src/stm32f4xx_hal_cortex.o
 .text.NVIC_EncodePriority
                0x08000990       0x66 ./Drivers/STM32F4xx_HAL_Driver/Src/stm32f4xx_hal_cortex.o
 .text.HAL_NVIC_SetPriorityGrouping
                0x080009f6       0x16 ./Drivers/STM32F4xx_HAL_Driver/Src/stm32f4xx_hal_cortex.o
                0x080009f6                HAL_NVIC_SetPriorityGrouping
 .text.HAL_NVIC_SetPriority
                0x08000a0c       0x38 ./Drivers/STM32F4xx_HAL_Driver/Src/stm32f4xx_hal_cortex.o
                0x08000a0c                HAL_NVIC_SetPriority
 .text.HAL_NVIC_EnableIRQ
                0x08000a44       0x1c ./Drivers/STM32F4xx_HAL_Driver/Src/stm32f4xx_hal_cortex.o
                0x08000a44                HAL_NVIC_EnableIRQ
 .text.HAL_RCC_OscConfig
                0x08000a60      0x4f0 ./Drivers/STM32F4xx_HAL_Driver/Src/stm32f4xx_hal_rcc.o
                0x08000a60                HAL_RCC_OscConfig
 .text.HAL_RCC_ClockConfig
                0x08000f50      0x1cc ./Drivers/STM32F4xx_HAL_Driver/Src/stm32f4xx_hal_rcc.o
                0x08000f50                HAL_RCC_ClockConfig
 .text.HAL_RCC_GetSysClockFreq
                0x0800111c      0x18c ./Drivers/STM32F4xx_HAL_Driver/Src/stm32f4xx_hal_rcc.o
                0x0800111c                HAL_RCC_GetSysClockFreq
 .text.HAL_RCC_GetHCLKFreq
                0x080012a8       0x18 ./Drivers/STM32F4xx_HAL_Driver/Src/stm32f4xx_hal_rcc.o
                0x080012a8                HAL_RCC_GetHCLKFreq
 .text.HAL_RCC_GetPCLK2Freq
                0x080012c0       0x28 ./Drivers/STM32F4xx_HAL_Driver/Src/stm32f4xx_hal_rcc.o
                0x080012c0                HAL_RCC_GetPCLK2Freq
 .text.HAL_RCC_GetClockConfig
                0x080012e8       0x64 ./Drivers/STM32F4xx_HAL_Driver/Src/stm32f4xx_hal_rcc.o
                0x080012e8                HAL_RCC_GetClockConfig
 .text.HAL_TIM_Base_Init
                0x0800134c       0x9e ./Drivers/STM32F4xx_HAL_Driver/Src/stm32f4xx_hal_tim.o
                0x0800134c                HAL_TIM_Base_Init
 .text.HAL_TIM_Base_MspInit
                0x080013ea       0x14 ./Drivers/STM32F4xx_HAL_Driver/Src/stm32f4xx_hal_tim.o
                0x080013ea                HAL_TIM_Base_MspInit
 *fill*         0x080013fe        0x2 
 .text.HAL_TIM_Base_Start_IT
                0x08001400       0xc4 ./Drivers/STM32F4xx_HAL_Driver/Src/stm32f4xx_hal_tim.o
                0x08001400                HAL_TIM_Base_Start_IT
 .text.HAL_TIM_IRQHandler
                0x080014c4      0x1e0 ./Drivers/STM32F4xx_HAL_Driver/Src/stm32f4xx_hal_tim.o
                0x080014c4                HAL_TIM_IRQHandler
 .text.HAL_TIM_OC_DelayElapsedCallback
                0x080016a4       0x14 ./Drivers/STM32F4xx_HAL_Driver/Src/stm32f4xx_hal_tim.o
                0x080016a4                HAL_TIM_OC_DelayElapsedCallback
 .text.HAL_TIM_IC_CaptureCallback
                0x080016b8       0x14 ./Drivers/STM32F4xx_HAL_Driver/Src/stm32f4xx_hal_tim.o
                0x080016b8                HAL_TIM_IC_CaptureCallback
 .text.HAL_TIM_PWM_PulseFinishedCallback
                0x080016cc       0x14 ./Drivers/STM32F4xx_HAL_Driver/Src/stm32f4xx_hal_tim.o
                0x080016cc                HAL_TIM_PWM_PulseFinishedCallback
 .text.HAL_TIM_TriggerCallback
                0x080016e0       0x14 ./Drivers/STM32F4xx_HAL_Driver/Src/stm32f4xx_hal_tim.o
                0x080016e0                HAL_TIM_TriggerCallback
 .text.TIM_Base_SetConfig
                0x080016f4      0x118 ./Drivers/STM32F4xx_HAL_Driver/Src/stm32f4xx_hal_tim.o
                0x080016f4                TIM_Base_SetConfig
 .text.HAL_TIMEx_CommutCallback
                0x0800180c       0x14 ./Drivers/STM32F4xx_HAL_Driver/Src/stm32f4xx_hal_tim_ex.o
                0x0800180c                HAL_TIMEx_CommutCallback
 .text.HAL_TIMEx_BreakCallback
                0x08001820       0x14 ./Drivers/STM32F4xx_HAL_Driver/Src/stm32f4xx_hal_tim_ex.o
                0x08001820                HAL_TIMEx_BreakCallback
 .text.vListInsertEnd
                0x08001834       0x48 ./FreeRTOS/list.o
                0x08001834                vListInsertEnd
 .text.uxListRemove
                0x0800187c       0x54 ./FreeRTOS/list.o
                0x0800187c                uxListRemove
 .text.xTaskIncrementTick
                0x080018d0      0x174 ./FreeRTOS/tasks.o
                0x080018d0                xTaskIncrementTick
 .text.vTaskSwitchContext
                0x08001a44       0xb8 ./FreeRTOS/tasks.o
                0x08001a44                vTaskSwitchContext
 .text.prvResetNextTaskUnblockTime
                0x08001afc       0x38 ./FreeRTOS/tasks.o
 *fill*         0x08001b34        0xc 
 .text.SVC_Handler
                0x08001b40       0x28 ./FreeRTOS/portable/GCC/ARM_CM4F/port.o
                0x08001b40                SVC_Handler
 *fill*         0x08001b68        0x8 
 .text.PendSV_Handler
                0x08001b70       0x68 ./FreeRTOS/portable/GCC/ARM_CM4F/port.o
                0x08001b70                PendSV_Handler
 .text.SysTick_Handler
                0x08001bd8       0x44 ./FreeRTOS/portable/GCC/ARM_CM4F/port.o
                0x08001bd8                SysTick_Handler
 .text.memset   0x08001c1c       0x10 /opt/st/stm32cubeide_1.16.1/plugins/com.st.stm32cube.ide.mcu.externaltools.gnu-tools-for-stm32.12.3.rel1.linux64_1.0.200.202406132123/tools/bin/../lib/gcc/arm-none-eabi/12.3.1/../../../../arm-none-eabi/lib/thumb/v7e-m+fp/hard/libc_nano.a(libc_a-memset.o)
                0x08001c1c                memset
 .text.__libc_init_array
                0x08001c2c       0x48 /opt/st/stm32cubeide_1.16.1/plugins/com.st.stm32cube.ide.mcu.externaltools.gnu-tools-for-stm32.12.3.rel1.linux64_1.0.200.202406132123/tools/bin/../lib/gcc/arm-none-eabi/12.3.1/../../../../arm-none-eabi/lib/thumb/v7e-m+fp/hard/libc_nano.a(libc_a-init.o)
                0x08001c2c                __libc_init_array
 *(.glue_7)
 .glue_7        0x08001c74        0x0 linker stubs
 *(.glue_7t)
 .glue_7t       0x08001c74        0x0 linker stubs
 *(.eh_frame)
 .eh_frame      0x08001c74        0x0 /opt/st/stm32cubeide_1.16.1/plugins/com.st.stm32cube.ide.mcu.externaltools.gnu-tools-for-stm32.12.3.rel1.linux64_1.0.200.202406132123/tools/bin/../lib/gcc/arm-none-eabi/12.3.1/thumb/v7e-m+fp/hard/crtbegin.o
 *(.init)
 .init          0x08001c74        0x4 /opt/st/stm32cubeide_1.16.1/plugins/com.st.stm32cube.ide.mcu.externaltools.gnu-tools-for-stm32.12.3.rel1.linux64_1.0.200.202406132123/tools/bin/../lib/gcc/arm-none-eabi/12.3.1/thumb/v7e-m+fp/hard/crti.o
                0x08001c74                _init
 .init          0x08001c78        0x8 /opt/st/stm32cubeide_1.16.1/plugins/com.st.stm32cube.ide.mcu.externaltools.gnu-tools-for-stm32.12.3.rel1.linux64_1.0.200.202406132123/tools/bin/../lib/gcc/arm-none-eabi/12.3.1/thumb/v7e-m+fp/hard/crtn.o
 *(.fini)
 .fini          0x08001c80        0x4 /opt/st/stm32cubeide_1.16.1/plugins/com.st.stm32cube.ide.mcu.externaltools.gnu-tools-for-stm32.12.3.rel1.linux64_1.0.200.202406132123/tools/bin/../lib/gcc/arm-none-eabi/12.3.1/thumb/v7e-m+fp/hard/crti.o
                0x08001c80                _fini
 .fini          0x08001c84        0x8 /opt/st/stm32cubeide_1.16.1/plugins/com.st.stm32cube.ide.mcu.externaltools.gnu-tools-for-stm32.12.3.rel1.linux64_1.0.200.202406132123/tools/bin/../lib/gcc/arm-none-eabi/12.3.1/thumb/v7e-m+fp/hard/crtn.o
                0x08001c8c                        . = ALIGN (0x4)
                0x08001c8c                        _etext = .

.vfp11_veneer   0x08001c8c        0x0
 .vfp11_veneer  0x08001c8c        0x0 linker stubs

.v4_bx          0x08001c8c        0x0
 .v4_bx         0x08001c8c        0x0 linker stubs

.iplt           0x08001c8c        0x0
 .iplt          0x08001c8c        0x0 /opt/st/stm32cubeide_1.16.1/plugins/com.st.stm32cube.ide.mcu.externaltools.gnu-tools-for-stm32.12.3.rel1.linux64_1.0.200.202406132123/tools/bin/../lib/gcc/arm-none-eabi/12.3.1/thumb/v7e-m+fp/hard/crtbegin.o

.rodata         0x08001c8c       0x18
                0x08001c8c                        . = ALIGN (0x4)
 *(.rodata)
 *(.rodata*)
 .rodata.AHBPrescTable
                0x08001c8c       0x10 ./Core/Src/system_stm32f4xx.o
                0x08001c8c                AHBPrescTable
 .rodata.APBPrescTable
                0x08001c9c        0x8 ./Core/Src/system_stm32f4xx.o
                0x08001c9c                APBPrescTable
                0x08001ca4                        . = ALIGN (0x4)

.ARM.extab      0x08001ca4        0x0
                0x08001ca4                        . = ALIGN (0x4)
 *(.ARM.extab* .gnu.linkonce.armextab.*)
                0x08001ca4                        . = ALIGN (0x4)

.ARM            0x08001ca4        0x8
                0x08001ca4                        . = ALIGN (0x4)
                0x08001ca4                        __exidx_start = .
 *(.ARM.exidx*)
 .ARM.exidx     0x08001ca4        0x8 /opt/st/stm32cubeide_1.16.1/plugins/com.st.stm32cube.ide.mcu.externaltools.gnu-tools-for-stm32.12.3.rel1.linux64_1.0.200.202406132123/tools/bin/../lib/gcc/arm-none-eabi/12.3.1/thumb/v7e-m+fp/hard/libgcc.a(_udivmoddi4.o)
                0x08001cac                        __exidx_end = .
                0x08001cac                        . = ALIGN (0x4)

.preinit_array  0x08001cac        0x0
                0x08001cac                        . = ALIGN (0x4)
                0x08001cac                        PROVIDE (__preinit_array_start = .)
 *(.preinit_array*)
                0x08001cac                        PROVIDE (__preinit_array_end = .)
                0x08001cac                        . = ALIGN (0x4)

.init_array     0x08001cac        0x4
                0x08001cac                        . = ALIGN (0x4)
                0x08001cac                        PROVIDE (__init_array_start = .)
 *(SORT_BY_NAME(.init_array.*))
 *(.init_array*)
 .init_array    0x08001cac        0x4 /opt/st/stm32cubeide_1.16.1/plugins/com.st.stm32cube.ide.mcu.externaltools.gnu-tools-for-stm32.12.3.rel1.linux64_1.0.200.202406132123/tools/bin/../lib/gcc/arm-none-eabi/12.3.1/thumb/v7e-m+fp/hard/crtbegin.o
                0x08001cb0                        PROVIDE (__init_array_end = .)
                0x08001cb0                        . = ALIGN (0x4)

.fini_array     0x08001cb0        0x4
                0x08001cb0                        . = ALIGN (0x4)
                [!provide]                        PROVIDE (__fini_array_start = .)
 *(SORT_BY_NAME(.fini_array.*))
 *(.fini_array*)
 .fini_array    0x08001cb0        0x4 /opt/st/stm32cubeide_1.16.1/plugins/com.st.stm32cube.ide.mcu.externaltools.gnu-tools-for-stm32.12.3.rel1.linux64_1.0.200.202406132123/tools/bin/../lib/gcc/arm-none-eabi/12.3.1/thumb/v7e-m+fp/hard/crtbegin.o
                [!provide]                        PROVIDE (__fini_array_end = .)
                0x08001cb4                        . = ALIGN (0x4)
                0x08001cb4                        _sidata = LOADADDR (.data)

.rel.dyn        0x08001cb4        0x0
 .rel.iplt      0x08001cb4        0x0 /opt/st/stm32cubeide_1.16.1/plugins/com.st.stm32cube.ide.mcu.externaltools.gnu-tools-for-stm32.12.3.rel1.linux64_1.0.200.202406132123/tools/bin/../lib/gcc/arm-none-eabi/12.3.1/thumb/v7e-m+fp/hard/crtbegin.o

.data           0x20000000        0xc load address 0x08001cb4
                0x20000000                        . = ALIGN (0x4)
                0x20000000                        _sdata = .
 *(.data)
 *(.data*)
 .data.SystemCoreClock
                0x20000000        0x4 ./Core/Src/system_stm32f4xx.o
                0x20000000                SystemCoreClock
 .data.uwTickPrio
                0x20000004        0x4 ./Drivers/STM32F4xx_HAL_Driver/Src/stm32f4xx_hal.o
                0x20000004                uwTickPrio
 .data.uwTickFreq
                0x20000008        0x1 ./Drivers/STM32F4xx_HAL_Driver/Src/stm32f4xx_hal.o
                0x20000008                uwTickFreq
 *(.RamFunc)
 *(.RamFunc*)
                0x2000000c                        . = ALIGN (0x4)
 *fill*         0x20000009        0x3 
                0x2000000c                        _edata = .

.igot.plt       0x2000000c        0x0 load address 0x08001cc0
 .igot.plt      0x2000000c        0x0 /opt/st/stm32cubeide_1.16.1/plugins/com.st.stm32cube.ide.mcu.externaltools.gnu-tools-for-stm32.12.3.rel1.linux64_1.0.200.202406132123/tools/bin/../lib/gcc/arm-none-eabi/12.3.1/thumb/v7e-m+fp/hard/crtbegin.o
                0x2000000c                        . = ALIGN (0x4)

.bss            0x2000000c       0xf4 load address 0x08001cc0
                0x2000000c                        _sbss = .
                0x2000000c                        __bss_start__ = _sbss
 *(.bss)
 .bss           0x2000000c       0x1c /opt/st/stm32cubeide_1.16.1/plugins/com.st.stm32cube.ide.mcu.externaltools.gnu-tools-for-stm32.12.3.rel1.linux64_1.0.200.202406132123/tools/bin/../lib/gcc/arm-none-eabi/12.3.1/thumb/v7e-m+fp/hard/crtbegin.o
 *(.bss*)
 .bss.htim9     0x20000028       0x48 ./Core/Src/stm32f4xx_hal_timebase_tim.o
                0x20000028                htim9
 .bss.uwTick    0x20000070        0x4 ./Drivers/STM32F4xx_HAL_Driver/Src/stm32f4xx_hal.o
                0x20000070                uwTick
 .bss.pxCurrentTCB
                0x20000074        0x4 ./FreeRTOS/tasks.o
                0x20000074                pxCurrentTCB
 .bss.pxReadyTasksLists
                0x20000078       0x64 ./FreeRTOS/tasks.o
 .bss.pxDelayedTaskList
                0x200000dc        0x4 ./FreeRTOS/tasks.o
 .bss.pxOverflowDelayedTaskList
                0x200000e0        0x4 ./FreeRTOS/tasks.o
 .bss.xTickCount
                0x200000e4        0x4 ./FreeRTOS/tasks.o
 .bss.uxTopReadyPriority
                0x200000e8        0x4 ./FreeRTOS/tasks.o
 .bss.xPendedTicks
                0x200000ec        0x4 ./FreeRTOS/tasks.o
 .bss.xYieldPending
                0x200000f0        0x4 ./FreeRTOS/tasks.o
 .bss.xNumOfOverflows
                0x200000f4        0x4 ./FreeRTOS/tasks.o
 .bss.xNextTaskUnblockTime
                0x200000f8        0x4 ./FreeRTOS/tasks.o
 .bss.uxSchedulerSuspended
                0x200000fc        0x4 ./FreeRTOS/tasks.o
 *(COMMON)
                0x20000100                        . = ALIGN (0x4)
                0x20000100                        _ebss = .
                0x20000100                        __bss_end__ = _ebss

._user_heap_stack
                0x20000100      0x600 load address 0x08001cc0
                0x20000100                        . = ALIGN (0x8)
                0x20000100                        PROVIDE (end = .)
                [!provide]                        PROVIDE (_end = .)
                0x20000300                        . = (. + _Min_Heap_Size)
 *fill*         0x20000100      0x200 
                0x20000700                        . = (. + _Min_Stack_Size)
 *fill*         0x20000300      0x400 
                0x20000700                        . = ALIGN (0x8)

/DISCARD/
 libc.a(*)
 libm.a(*)
 libgcc.a(*)

.ARM.attributes
                0x00000000       0x30
 *(.ARM.attributes)
 .ARM.attributes
                0x00000000       0x22 /opt/st/stm32cubeide_1.16.1/plugins/com.st.stm32cube.ide.mcu.externaltools.gnu-tools-for-stm32.12.3.rel1.linux64_1.0.200.202406132123/tools/bin/../lib/gcc/arm-none-eabi/12.3.1/thumb/v7e-m+fp/hard/crti.o
 .ARM.attributes
                0x00000022       0x34 /opt/st/stm32cubeide_1.16.1/plugins/com.st.stm32cube.ide.mcu.externaltools.gnu-tools-for-stm32.12.3.rel1.linux64_1.0.200.202406132123/tools/bin/../lib/gcc/arm-none-eabi/12.3.1/thumb/v7e-m+fp/hard/crtbegin.o
 .ARM.attributes
                0x00000056       0x34 ./Core/Src/main.o
 .ARM.attributes
                0x0000008a       0x34 ./Core/Src/stm32f4xx_hal_msp.o
 .ARM.attributes
                0x000000be       0x34 ./Core/Src/stm32f4xx_hal_timebase_tim.o
 .ARM.attributes
                0x000000f2       0x34 ./Core/Src/stm32f4xx_it.o
 .ARM.attributes
                0x00000126       0x34 ./Core/Src/system_stm32f4xx.o
 .ARM.attributes
                0x0000015a       0x21 ./Core/Startup/startup_stm32f401ccux.o
 .ARM.attributes
                0x0000017b       0x34 ./Drivers/STM32F4xx_HAL_Driver/Src/stm32f4xx_hal.o
 .ARM.attributes
                0x000001af       0x34 ./Drivers/STM32F4xx_HAL_Driver/Src/stm32f4xx_hal_cortex.o
 .ARM.attributes
                0x000001e3       0x34 ./Drivers/STM32F4xx_HAL_Driver/Src/stm32f4xx_hal_rcc.o
 .ARM.attributes
                0x00000217       0x34 ./Drivers/STM32F4xx_HAL_Driver/Src/stm32f4xx_hal_tim.o
 .ARM.attributes
                0x0000024b       0x34 ./Drivers/STM32F4xx_HAL_Driver/Src/stm32f4xx_hal_tim_ex.o
 .ARM.attributes
                0x0000027f       0x34 ./FreeRTOS/list.o
 .ARM.attributes
                0x000002b3       0x34 ./FreeRTOS/tasks.o
 .ARM.attributes
                0x000002e7       0x34 ./FreeRTOS/portable/GCC/ARM_CM4F/port.o
 .ARM.attributes
                0x0000031b       0x34 /opt/st/stm32cubeide_1.16.1/plugins/com.st.stm32cube.ide.mcu.externaltools.gnu-tools-for-stm32.12.3.rel1.linux64_1.0.200.202406132123/tools/bin/../lib/gcc/arm-none-eabi/12.3.1/../../../../arm-none-eabi/lib/thumb/v7e-m+fp/hard/libc_nano.a(libc_a-memset.o)
 .ARM.attributes
                0x0000034f       0x34 /opt/st/stm32cubeide_1.16.1/plugins/com.st.stm32cube.ide.mcu.externaltools.gnu-tools-for-stm32.12.3.rel1.linux64_1.0.200.202406132123/tools/bin/../lib/gcc/arm-none-eabi/12.3.1/../../../../arm-none-eabi/lib/thumb/v7e-m+fp/hard/libc_nano.a(libc_a-init.o)
 .ARM.attributes
                0x00000383       0x22 /opt/st/stm32cubeide_1.16.1/plugins/com.st.stm32cube.ide.mcu.externaltools.gnu-tools-for-stm32.12.3.rel1.linux64_1.0.200.202406132123/tools/bin/../lib/gcc/arm-none-eabi/12.3.1/thumb/v7e-m+fp/hard/libgcc.a(_aeabi_uldivmod.o)
 .ARM.attributes
                0x000003a5       0x34 /opt/st/stm32cubeide_1.16.1/plugins/com.st.stm32cube.ide.mcu.externaltools.gnu-tools-for-stm32.12.3.rel1.linux64_1.0.200.202406132123/tools/bin/../lib/gcc/arm-none-eabi/12.3.1/thumb/v7e-m+fp/hard/libgcc.a(_udivmoddi4.o)
 .ARM.attributes
                0x000003d9       0x22 /opt/st/stm32cubeide_1.16.1/plugins/com.st.stm32cube.ide.mcu.externaltools.gnu-tools-for-stm32.12.3.rel1.linux64_1.0.200.202406132123/tools/bin/../lib/gcc/arm-none-eabi/12.3.1/thumb/v7e-m+fp/hard/libgcc.a(_dvmd_tls.o)
 .ARM.attributes
                0x000003fb       0x22 /opt/st/stm32cubeide_1.16.1/plugins/com.st.stm32cube.ide.mcu.externaltools.gnu-tools-for-stm32.12.3.rel1.linux64_1.0.200.202406132123/tools/bin/../lib/gcc/arm-none-eabi/12.3.1/thumb/v7e-m+fp/hard/crtn.o
OUTPUT(Getting-Started.elf elf32-littlearm)
LOAD linker stubs
LOAD /opt/st/stm32cubeide_1.16.1/plugins/com.st.stm32cube.ide.mcu.externaltools.gnu-tools-for-stm32.12.3.rel1.linux64_1.0.200.202406132123/tools/bin/../lib/gcc/arm-none-eabi/12.3.1/../../../../arm-none-eabi/lib/thumb/v7e-m+fp/hard/libc.a
LOAD /opt/st/stm32cubeide_1.16.1/plugins/com.st.stm32cube.ide.mcu.externaltools.gnu-tools-for-stm32.12.3.rel1.linux64_1.0.200.202406132123/tools/bin/../lib/gcc/arm-none-eabi/12.3.1/../../../../arm-none-eabi/lib/thumb/v7e-m+fp/hard/libm.a
LOAD /opt/st/stm32cubeide_1.16.1/plugins/com.st.stm32cube.ide.mcu.externaltools.gnu-tools-for-stm32.12.3.rel1.linux64_1.0.200.202406132123/tools/bin/../lib/gcc/arm-none-eabi/12.3.1/thumb/v7e-m+fp/hard/libgcc.a

.debug_info     0x00000000     0xad3b
 .debug_info    0x00000000      0xb11 ./Core/Src/main.o
 .debug_info    0x00000b11      0x291 ./Core/Src/stm32f4xx_hal_msp.o
 .debug_info    0x00000da2      0xb6f ./Core/Src/stm32f4xx_hal_timebase_tim.o
 .debug_info    0x00001911      0x6a4 ./Core/Src/stm32f4xx_it.o
 .debug_info    0x00001fb5      0x53e ./Core/Src/system_stm32f4xx.o
 .debug_info    0x000024f3       0x30 ./Core/Startup/startup_stm32f401ccux.o
 .debug_info    0x00002523      0x8bb ./Drivers/STM32F4xx_HAL_Driver/Src/stm32f4xx_hal.o
 .debug_info    0x00002dde      0xcf6 ./Drivers/STM32F4xx_HAL_Driver/Src/stm32f4xx_hal_cortex.o
 .debug_info    0x00003ad4      0x8f1 ./Drivers/STM32F4xx_HAL_Driver/Src/stm32f4xx_hal_rcc.o
 .debug_info    0x000043c5     0x2996 ./Drivers/STM32F4xx_HAL_Driver/Src/stm32f4xx_hal_tim.o
 .debug_info    0x00006d5b     0x14d4 ./Drivers/STM32F4xx_HAL_Driver/Src/stm32f4xx_hal_tim_ex.o
 .debug_info    0x0000822f      0x2af ./FreeRTOS/list.o
 .debug_info    0x000084de     0x237c ./FreeRTOS/tasks.o
 .debug_info    0x0000a85a      0x4e1 ./FreeRTOS/portable/GCC/ARM_CM4F/port.o

.debug_abbrev   0x00000000     0x1c16
 .debug_abbrev  0x00000000      0x238 ./Core/Src/main.o
 .debug_abbrev  0x00000238       0xd8 ./Core/Src/stm32f4xx_hal_msp.o
 .debug_abbrev  0x00000310      0x207 ./Core/Src/stm32f4xx_hal_timebase_tim.o
 .debug_abbrev  0x00000517      0x190 ./Core/Src/stm32f4xx_it.o
 .debug_abbrev  0x000006a7      0x11a ./Core/Src/system_stm32f4xx.o
 .debug_abbrev  0x000007c1       0x24 ./Core/Startup/startup_stm32f401ccux.o
 .debug_abbrev  0x000007e5      0x24b ./Drivers/STM32F4xx_HAL_Driver/Src/stm32f4xx_hal.o
 .debug_abbrev  0x00000a30      0x31d ./Drivers/STM32F4xx_HAL_Driver/Src/stm32f4xx_hal_cortex.o
 .debug_abbrev  0x00000d4d      0x2b6 ./Drivers/STM32F4xx_HAL_Driver/Src/stm32f4xx_hal_rcc.o
 .debug_abbrev  0x00001003      0x28b ./Drivers/STM32F4xx_HAL_Driver/Src/stm32f4xx_hal_tim.o
 .debug_abbrev  0x0000128e      0x296 ./Drivers/STM32F4xx_HAL_Driver/Src/stm32f4xx_hal_tim_ex.o
 .debug_abbrev  0x00001524       0xf5 ./FreeRTOS/list.o
 .debug_abbrev  0x00001619      0x3a3 ./FreeRTOS/tasks.o
 .debug_abbrev  0x000019bc      0x25a ./FreeRTOS/portable/GCC/ARM_CM4F/port.o

.debug_aranges  0x00000000      0xbd0
 .debug_aranges
                0x00000000       0x40 ./Core/Src/main.o
 .debug_aranges
                0x00000040       0x20 ./Core/Src/stm32f4xx_hal_msp.o
 .debug_aranges
                0x00000060       0x30 ./Core/Src/stm32f4xx_hal_timebase_tim.o
 .debug_aranges
                0x00000090       0x50 ./Core/Src/stm32f4xx_it.o
 .debug_aranges
                0x000000e0       0x28 ./Core/Src/system_stm32f4xx.o
 .debug_aranges
                0x00000108       0x28 ./Core/Startup/startup_stm32f401ccux.o
 .debug_aranges
                0x00000130       0xf0 ./Drivers/STM32F4xx_HAL_Driver/Src/stm32f4xx_hal.o
 .debug_aranges
                0x00000220      0x130 ./Drivers/STM32F4xx_HAL_Driver/Src/stm32f4xx_hal_cortex.o
 .debug_aranges
                0x00000350       0x88 ./Drivers/STM32F4xx_HAL_Driver/Src/stm32f4xx_hal_rcc.o
 .debug_aranges
                0x000003d8      0x3d0 ./Drivers/STM32F4xx_HAL_Driver/Src/stm32f4xx_hal_tim.o
 .debug_aranges
                0x000007a8      0x168 ./Drivers/STM32F4xx_HAL_Driver/Src/stm32f4xx_hal_tim_ex.o
 .debug_aranges
                0x00000910       0x40 ./FreeRTOS/list.o
 .debug_aranges
                0x00000950      0x200 ./FreeRTOS/tasks.o
 .debug_aranges
                0x00000b50       0x80 ./FreeRTOS/portable/GCC/ARM_CM4F/port.o

.debug_rnglists
                0x00000000      0x91f
 .debug_rnglists
                0x00000000       0x2c ./Core/Src/main.o
 .debug_rnglists
                0x0000002c       0x13 ./Core/Src/stm32f4xx_hal_msp.o
 .debug_rnglists
                0x0000003f       0x20 ./Core/Src/stm32f4xx_hal_timebase_tim.o
 .debug_rnglists
                0x0000005f       0x37 ./Core/Src/stm32f4xx_it.o
 .debug_rnglists
                0x00000096       0x1a ./Core/Src/system_stm32f4xx.o
 .debug_rnglists
                0x000000b0       0x19 ./Core/Startup/startup_stm32f401ccux.o
 .debug_rnglists
                0x000000c9       0xaf ./Drivers/STM32F4xx_HAL_Driver/Src/stm32f4xx_hal.o
 .debug_rnglists
                0x00000178       0xe0 ./Drivers/STM32F4xx_HAL_Driver/Src/stm32f4xx_hal_cortex.o
 .debug_rnglists
                0x00000258       0x66 ./Drivers/STM32F4xx_HAL_Driver/Src/stm32f4xx_hal_rcc.o
 .debug_rnglists
                0x000002be      0x31a ./Drivers/STM32F4xx_HAL_Driver/Src/stm32f4xx_hal_tim.o
 .debug_rnglists
                0x000005d8      0x125 ./Drivers/STM32F4xx_HAL_Driver/Src/stm32f4xx_hal_tim_ex.o
 .debug_rnglists
                0x000006fd       0x2b ./FreeRTOS/list.o
 .debug_rnglists
                0x00000728      0x19a ./FreeRTOS/tasks.o
 .debug_rnglists
                0x000008c2       0x5d ./FreeRTOS/portable/GCC/ARM_CM4F/port.o

.debug_macro    0x00000000    0x15539
 .debug_macro   0x00000000      0x1ce ./Core/Src/main.o
 .debug_macro   0x000001ce      0xab4 ./Core/Src/main.o
 .debug_macro   0x00000c82      0x295 ./Core/Src/main.o
 .debug_macro   0x00000f17       0x2e ./Core/Src/main.o
 .debug_macro   0x00000f45       0x28 ./Core/Src/main.o
 .debug_macro   0x00000f6d       0x22 ./Core/Src/main.o
 .debug_macro   0x00000f8f       0x8e ./Core/Src/main.o
 .debug_macro   0x0000101d       0x51 ./Core/Src/main.o
 .debug_macro   0x0000106e      0x103 ./Core/Src/main.o
 .debug_macro   0x00001171       0x6a ./Core/Src/main.o
 .debug_macro   0x000011db      0x1df ./Core/Src/main.o
 .debug_macro   0x000013ba       0x1c ./Core/Src/main.o
 .debug_macro   0x000013d6       0x22 ./Core/Src/main.o
 .debug_macro   0x000013f8       0xfb ./Core/Src/main.o
 .debug_macro   0x000014f3     0x1011 ./Core/Src/main.o
 .debug_macro   0x00002504      0x11f ./Core/Src/main.o
 .debug_macro   0x00002623     0xb86c ./Core/Src/main.o
 .debug_macro   0x0000de8f       0x6d ./Core/Src/main.o
 .debug_macro   0x0000defc     0x369a ./Core/Src/main.o
 .debug_macro   0x00011596      0x189 ./Core/Src/main.o
 .debug_macro   0x0001171f       0x5c ./Core/Src/main.o
 .debug_macro   0x0001177b      0x416 ./Core/Src/main.o
 .debug_macro   0x00011b91      0x9e9 ./Core/Src/main.o
 .debug_macro   0x0001257a      0x115 ./Core/Src/main.o
 .debug_macro   0x0001268f       0xf8 ./Core/Src/main.o
 .debug_macro   0x00012787       0xa5 ./Core/Src/main.o
 .debug_macro   0x0001282c      0x15f ./Core/Src/main.o
 .debug_macro   0x0001298b      0x287 ./Core/Src/main.o
 .debug_macro   0x00012c12       0x5f ./Core/Src/main.o
 .debug_macro   0x00012c71      0x236 ./Core/Src/main.o
 .debug_macro   0x00012ea7      0x132 ./Core/Src/main.o
 .debug_macro   0x00012fd9      0x23a ./Core/Src/main.o
 .debug_macro   0x00013213       0x2e ./Core/Src/main.o
 .debug_macro   0x00013241      0x127 ./Core/Src/main.o
 .debug_macro   0x00013368       0x85 ./Core/Src/main.o
 .debug_macro   0x000133ed       0x89 ./Core/Src/main.o
 .debug_macro   0x00013476      0x8ed ./Core/Src/main.o
 .debug_macro   0x00013d63       0x47 ./Core/Src/main.o
 .debug_macro   0x00013daa      0x126 ./Core/Src/main.o
 .debug_macro   0x00013ed0      0x1ce ./Core/Src/stm32f4xx_hal_msp.o
 .debug_macro   0x0001409e      0x1c4 ./Core/Src/stm32f4xx_hal_timebase_tim.o
 .debug_macro   0x00014262      0x1d8 ./Core/Src/stm32f4xx_it.o
 .debug_macro   0x0001443a      0x1c4 ./Core/Src/system_stm32f4xx.o
 .debug_macro   0x000145fe      0x224 ./Drivers/STM32F4xx_HAL_Driver/Src/stm32f4xx_hal.o
 .debug_macro   0x00014822      0x1c4 ./Drivers/STM32F4xx_HAL_Driver/Src/stm32f4xx_hal_cortex.o
 .debug_macro   0x000149e6      0x1e8 ./Drivers/STM32F4xx_HAL_Driver/Src/stm32f4xx_hal_rcc.o
 .debug_macro   0x00014bce      0x1c5 ./Drivers/STM32F4xx_HAL_Driver/Src/stm32f4xx_hal_tim.o
 .debug_macro   0x00014d93      0x1c4 ./Drivers/STM32F4xx_HAL_Driver/Src/stm32f4xx_hal_tim_ex.o
 .debug_macro   0x00014f57      0x1a3 ./FreeRTOS/list.o
 .debug_macro   0x000150fa      0x289 ./FreeRTOS/tasks.o
 .debug_macro   0x00015383       0x10 ./FreeRTOS/tasks.o
 .debug_macro   0x00015393      0x1a6 ./FreeRTOS/portable/GCC/ARM_CM4F/port.o

.debug_line     0x00000000     0xc18e
 .debug_line    0x00000000      0x71b ./Core/Src/main.o
 .debug_line    0x0000071b      0x67c ./Core/Src/stm32f4xx_hal_msp.o
 .debug_line    0x00000d97      0x6e9 ./Core/Src/stm32f4xx_hal_timebase_tim.o
 .debug_line    0x00001480      0x718 ./Core/Src/stm32f4xx_it.o
 .debug_line    0x00001b98      0x700 ./Core/Src/system_stm32f4xx.o
 .debug_line    0x00002298       0x7a ./Core/Startup/startup_stm32f401ccux.o
 .debug_line    0x00002312      0x969 ./Drivers/STM32F4xx_HAL_Driver/Src/stm32f4xx_hal.o
 .debug_line    0x00002c7b      0xc5b ./Drivers/STM32F4xx_HAL_Driver/Src/stm32f4xx_hal_cortex.o
 .debug_line    0x000038d6      0xcf2 ./Drivers/STM32F4xx_HAL_Driver/Src/stm32f4xx_hal_rcc.o
 .debug_line    0x000045c8     0x34e7 ./Drivers/STM32F4xx_HAL_Driver/Src/stm32f4xx_hal_tim.o
 .debug_line    0x00007aaf     0x18fa ./Drivers/STM32F4xx_HAL_Driver/Src/stm32f4xx_hal_tim_ex.o
 .debug_line    0x000093a9      0x793 ./FreeRTOS/list.o
 .debug_line    0x00009b3c     0x1dcd ./FreeRTOS/tasks.o
 .debug_line    0x0000b909      0x885 ./FreeRTOS/portable/GCC/ARM_CM4F/port.o

.debug_str      0x00000000    0x914cc
 .debug_str     0x00000000    0x849be ./Core/Src/main.o
                              0x84ceb (size before relaxing)
 .debug_str     0x000849be       0x2c ./Core/Src/stm32f4xx_hal_msp.o
                              0x845e0 (size before relaxing)
 .debug_str     0x000849ea      0x4b2 ./Core/Src/stm32f4xx_hal_timebase_tim.o
                              0x85015 (size before relaxing)
 .debug_str     0x00084e9c       0xbe ./Core/Src/stm32f4xx_it.o
                              0x84a84 (size before relaxing)
 .debug_str     0x00084f5a       0xdb ./Core/Src/system_stm32f4xx.o
                              0x84690 (size before relaxing)
 .debug_str     0x00085035       0x44 ./Core/Startup/startup_stm32f401ccux.o
                                 0x97 (size before relaxing)
 .debug_str     0x00085079      0x5d3 ./Drivers/STM32F4xx_HAL_Driver/Src/stm32f4xx_hal.o
                              0x850b2 (size before relaxing)
 .debug_str     0x0008564c      0x37f ./Drivers/STM32F4xx_HAL_Driver/Src/stm32f4xx_hal_cortex.o
                              0x84e1c (size before relaxing)
 .debug_str     0x000859cb      0x27e ./Drivers/STM32F4xx_HAL_Driver/Src/stm32f4xx_hal_rcc.o
                              0x84ac4 (size before relaxing)
 .debug_str     0x00085c49      0xe79 ./Drivers/STM32F4xx_HAL_Driver/Src/stm32f4xx_hal_tim.o
                              0x85a08 (size before relaxing)
 .debug_str     0x00086ac2      0x503 ./Drivers/STM32F4xx_HAL_Driver/Src/stm32f4xx_hal_tim_ex.o
                              0x85214 (size before relaxing)
 .debug_str     0x00086fc5     0x6c0b ./FreeRTOS/list.o
                               0xacf9 (size before relaxing)
 .debug_str     0x0008dbd0     0x31a0 ./FreeRTOS/tasks.o
                               0xdf3e (size before relaxing)
 .debug_str     0x00090d70      0x75c ./FreeRTOS/portable/GCC/ARM_CM4F/port.o
                               0x94bd (size before relaxing)

.comment        0x00000000       0x43
 .comment       0x00000000       0x43 ./Core/Src/main.o
                                 0x44 (size before relaxing)
 .comment       0x00000043       0x44 ./Core/Src/stm32f4xx_hal_msp.o
 .comment       0x00000043       0x44 ./Core/Src/stm32f4xx_hal_timebase_tim.o
 .comment       0x00000043       0x44 ./Core/Src/stm32f4xx_it.o
 .comment       0x00000043       0x44 ./Core/Src/system_stm32f4xx.o
 .comment       0x00000043       0x44 ./Drivers/STM32F4xx_HAL_Driver/Src/stm32f4xx_hal.o
 .comment       0x00000043       0x44 ./Drivers/STM32F4xx_HAL_Driver/Src/stm32f4xx_hal_cortex.o
 .comment       0x00000043       0x44 ./Drivers/STM32F4xx_HAL_Driver/Src/stm32f4xx_hal_rcc.o
 .comment       0x00000043       0x44 ./Drivers/STM32F4xx_HAL_Driver/Src/stm32f4xx_hal_tim.o
 .comment       0x00000043       0x44 ./Drivers/STM32F4xx_HAL_Driver/Src/stm32f4xx_hal_tim_ex.o
 .comment       0x00000043       0x44 ./FreeRTOS/list.o
 .comment       0x00000043       0x44 ./FreeRTOS/tasks.o
 .comment       0x00000043       0x44 ./FreeRTOS/portable/GCC/ARM_CM4F/port.o

.debug_frame    0x00000000     0x30cc
 .debug_frame   0x00000000       0xb4 ./Core/Src/main.o
 .debug_frame   0x000000b4       0x38 ./Core/Src/stm32f4xx_hal_msp.o
 .debug_frame   0x000000ec       0x74 ./Core/Src/stm32f4xx_hal_timebase_tim.o
 .debug_frame   0x00000160       0xc4 ./Core/Src/stm32f4xx_it.o
 .debug_frame   0x00000224       0x58 ./Core/Src/system_stm32f4xx.o
 .debug_frame   0x0000027c      0x374 ./Drivers/STM32F4xx_HAL_Driver/Src/stm32f4xx_hal.o
 .debug_frame   0x000005f0      0x508 ./Drivers/STM32F4xx_HAL_Driver/Src/stm32f4xx_hal_cortex.o
 .debug_frame   0x00000af8      0x1f4 ./Drivers/STM32F4xx_HAL_Driver/Src/stm32f4xx_hal_rcc.o
 .debug_frame   0x00000cec     0x11b8 ./Drivers/STM32F4xx_HAL_Driver/Src/stm32f4xx_hal_tim.o
 .debug_frame   0x00001ea4      0x638 ./Drivers/STM32F4xx_HAL_Driver/Src/stm32f4xx_hal_tim_ex.o
 .debug_frame   0x000024dc       0xd8 ./FreeRTOS/list.o
 .debug_frame   0x000025b4      0x8c4 ./FreeRTOS/tasks.o
 .debug_frame   0x00002e78      0x1a8 ./FreeRTOS/portable/GCC/ARM_CM4F/port.o
 .debug_frame   0x00003020       0x20 /opt/st/stm32cubeide_1.16.1/plugins/com.st.stm32cube.ide.mcu.externaltools.gnu-tools-for-stm32.12.3.rel1.linux64_1.0.200.202406132123/tools/bin/../lib/gcc/arm-none-eabi/12.3.1/../../../../arm-none-eabi/lib/thumb/v7e-m+fp/hard/libc_nano.a(libc_a-memset.o)
 .debug_frame   0x00003040       0x2c /opt/st/stm32cubeide_1.16.1/plugins/com.st.stm32cube.ide.mcu.externaltools.gnu-tools-for-stm32.12.3.rel1.linux64_1.0.200.202406132123/tools/bin/../lib/gcc/arm-none-eabi/12.3.1/../../../../arm-none-eabi/lib/thumb/v7e-m+fp/hard/libc_nano.a(libc_a-init.o)
 .debug_frame   0x0000306c       0x2c /opt/st/stm32cubeide_1.16.1/plugins/com.st.stm32cube.ide.mcu.externaltools.gnu-tools-for-stm32.12.3.rel1.linux64_1.0.200.202406132123/tools/bin/../lib/gcc/arm-none-eabi/12.3.1/thumb/v7e-m+fp/hard/libgcc.a(_aeabi_uldivmod.o)
 .debug_frame   0x00003098       0x34 /opt/st/stm32cubeide_1.16.1/plugins/com.st.stm32cube.ide.mcu.externaltools.gnu-tools-for-stm32.12.3.rel1.linux64_1.0.200.202406132123/tools/bin/../lib/gcc/arm-none-eabi/12.3.1/thumb/v7e-m+fp/hard/libgcc.a(_udivmoddi4.o)

.debug_line_str
                0x00000000       0x7b
 .debug_line_str
                0x00000000       0x7b ./Core/Startup/startup_stm32f401ccux.o
