15:30:05 **** Build of configuration Debug for project segger ****
make -j8 all 
arm-none-eabi-size  segger.elf 
   text	   data	    bss	    dec	    hex	filename
  25728	    112	  40800	  66640	  10450	segger.elf
Finished building: default.size.stdout
 
15:30:17 **** Incremental Build of configuration Debug for project segger ****
make -j8 all 
arm-none-eabi-size  segger.elf 
   text	   data	    bss	    dec	    hex	filename
  25728	    112	  40800	  66640	  10450	segger.elf
Finished building: default.size.stdout
 
15:36:45 **** Clean-only build of configuration Debug for project SeggerSystemView ****
make -j8 clean 
rm -rf ./SEGGER/SEGGER/Syscalls/SEGGER_RTT_Syscalls_GCC.cyclo ./SEGGER/SEGGER/Syscalls/SEGGER_RTT_Syscalls_GCC.d ./SEGGER/SEGGER/Syscalls/SEGGER_RTT_Syscalls_GCC.o ./SEGGER/SEGGER/Syscalls/SEGGER_RTT_Syscalls_GCC.su
rm -rf ./SEGGER/SEGGER/SEGGER_RTT.cyclo ./SEGGER/SEGGER/SEGGER_RTT.d ./SEGGER/SEGGER/SEGGER_RTT.o ./SEGGER/SEGGER/SEGGER_RTT.su ./SEGGER/SEGGER/SEGGER_RTT_ASM_ARMv7M.d ./SEGGER/SEGGER/SEGGER_RTT_ASM_ARMv7M.o ./SEGGER/SEGGER/SEGGER_RTT_printf.cyclo ./SEGGER/SEGGER/SEGGER_RTT_printf.d ./SEGGER/SEGGER/SEGGER_RTT_printf.o ./SEGGER/SEGGER/SEGGER_RTT_printf.su ./SEGGER/SEGGER/SEGGER_SYSVIEW.cyclo ./SEGGER/SEGGER/SEGGER_SYSVIEW.d ./SEGGER/SEGGER/SEGGER_SYSVIEW.o ./SEGGER/SEGGER/SEGGER_SYSVIEW.su
rm -rf ./SEGGER/OS/SEGGER_SYSVIEW_FreeRTOS.cyclo ./SEGGER/OS/SEGGER_SYSVIEW_FreeRTOS.d ./SEGGER/OS/SEGGER_SYSVIEW_FreeRTOS.o ./SEGGER/OS/SEGGER_SYSVIEW_FreeRTOS.su
rm -rf ./SEGGER/Config/SEGGER_SYSVIEW_Config_FreeRTOS.cyclo ./SEGGER/Config/SEGGER_SYSVIEW_Config_FreeRTOS.d ./SEGGER/Config/SEGGER_SYSVIEW_Config_FreeRTOS.o ./SEGGER/Config/SEGGER_SYSVIEW_Config_FreeRTOS.su
rm -rf ./FreeRTOS/portable/MemMang/heap_4.cyclo ./FreeRTOS/portable/MemMang/heap_4.d ./FreeRTOS/portable/MemMang/heap_4.o ./FreeRTOS/portable/MemMang/heap_4.su
rm -rf ./FreeRTOS/portable/GCC/ARM_CM4F/port.cyclo ./FreeRTOS/portable/GCC/ARM_CM4F/port.d ./FreeRTOS/portable/GCC/ARM_CM4F/port.o ./FreeRTOS/portable/GCC/ARM_CM4F/port.su
rm -rf ./FreeRTOS/croutine.cyclo ./FreeRTOS/croutine.d ./FreeRTOS/croutine.o ./FreeRTOS/croutine.su ./FreeRTOS/event_groups.cyclo ./FreeRTOS/event_groups.d ./FreeRTOS/event_groups.o ./FreeRTOS/event_groups.su ./FreeRTOS/list.cyclo ./FreeRTOS/list.d ./FreeRTOS/list.o ./FreeRTOS/list.su ./FreeRTOS/queue.cyclo ./FreeRTOS/queue.d ./FreeRTOS/queue.o ./FreeRTOS/queue.su ./FreeRTOS/stream_buffer.cyclo ./FreeRTOS/stream_buffer.d ./FreeRTOS/stream_buffer.o ./FreeRTOS/stream_buffer.su ./FreeRTOS/tasks.cyclo ./FreeRTOS/tasks.d ./FreeRTOS/tasks.o ./FreeRTOS/tasks.su ./FreeRTOS/timers.cyclo ./FreeRTOS/timers.d ./FreeRTOS/timers.o ./FreeRTOS/timers.su
rm -rf ./Drivers/STM32F4xx_HAL_Driver/Src/stm32f4xx_hal.cyclo ./Drivers/STM32F4xx_HAL_Driver/Src/stm32f4xx_hal.d ./Drivers/STM32F4xx_HAL_Driver/Src/stm32f4xx_hal.o ./Drivers/STM32F4xx_HAL_Driver/Src/stm32f4xx_hal.su ./Drivers/STM32F4xx_HAL_Driver/Src/stm32f4xx_hal_cortex.cyclo ./Drivers/STM32F4xx_HAL_Driver/Src/stm32f4xx_hal_cortex.d ./Drivers/STM32F4xx_HAL_Driver/Src/stm32f4xx_hal_cortex.o ./Drivers/STM32F4xx_HAL_Driver/Src/stm32f4xx_hal_cortex.su ./Drivers/STM32F4xx_HAL_Driver/Src/stm32f4xx_hal_dma.cyclo ./Drivers/STM32F4xx_HAL_Driver/Src/stm32f4xx_hal_dma.d ./Drivers/STM32F4xx_HAL_Driver/Src/stm32f4xx_hal_dma.o ./Drivers/STM32F4xx_HAL_Driver/Src/stm32f4xx_hal_dma.su ./Drivers/STM32F4xx_HAL_Driver/Src/stm32f4xx_hal_dma_ex.cyclo ./Drivers/STM32F4xx_HAL_Driver/Src/stm32f4xx_hal_dma_ex.d ./Drivers/STM32F4xx_HAL_Driver/Src/stm32f4xx_hal_dma_ex.o ./Drivers/STM32F4xx_HAL_Driver/Src/stm32f4xx_hal_dma_ex.su ./Drivers/STM32F4xx_HAL_Driver/Src/stm32f4xx_hal_exti.cyclo ./Drivers/STM32F4xx_HAL_Driver/Src/stm32f4xx_hal_exti.d ./Drivers/STM32F4xx_HAL_Driver/Src/stm32f4xx_hal_exti.o ./Drivers/STM32F4xx_HAL_Driver/Src/stm32f4xx_hal_exti.su ./Drivers/STM32F4xx_HAL_Driver/Src/stm32f4xx_hal_flash.cyclo ./Drivers/STM32F4xx_HAL_Driver/Src/stm32f4xx_hal_flash.d ./Drivers/STM32F4xx_HAL_Driver/Src/stm32f4xx_hal_flash.o ./Drivers/STM32F4xx_HAL_Driver/Src/stm32f4xx_hal_flash.su ./Drivers/STM32F4xx_HAL_Driver/Src/stm32f4xx_hal_flash_ex.cyclo ./Drivers/STM32F4xx_HAL_Driver/Src/stm32f4xx_hal_flash_ex.d ./Drivers/STM32F4xx_HAL_Driver/Src/stm32f4xx_hal_flash_ex.o ./Drivers/STM32F4xx_HAL_Driver/Src/stm32f4xx_hal_flash_ex.su ./Drivers/STM32F4xx_HAL_Driver/Src/stm32f4xx_hal_flash_ramfunc.cyclo ./Drivers/STM32F4xx_HAL_Driver/Src/stm32f4xx_hal_flash_ramfunc.d ./Drivers/STM32F4xx_HAL_Driver/Src/stm32f4xx_hal_flash_ramfunc.o ./Drivers/STM32F4xx_HAL_Driver/Src/stm32f4xx_hal_flash_ramfunc.su ./Drivers/STM32F4xx_HAL_Driver/Src/stm32f4xx_hal_gpio.cyclo ./Drivers/STM32F4xx_HAL_Driver/Src/stm32f4xx_hal_gpio.d ./Drivers/STM32F4xx_HAL_Driver/Src/stm32f4xx_hal_gpio.o ./Drivers/STM32F4xx_HAL_Driver/Src/stm32f4xx_hal_gpio.su ./Drivers/STM32F4xx_HAL_Driver/Src/stm32f4xx_hal_pwr.cyclo ./Drivers/STM32F4xx_HAL_Driver/Src/stm32f4xx_hal_pwr.d ./Drivers/STM32F4xx_HAL_Driver/Src/stm32f4xx_hal_pwr.o ./Drivers/STM32F4xx_HAL_Driver/Src/stm32f4xx_hal_pwr.su ./Drivers/STM32F4xx_HAL_Driver/Src/stm32f4xx_hal_pwr_ex.cyclo ./Drivers/STM32F4xx_HAL_Driver/Src/stm32f4xx_hal_pwr_ex.d ./Drivers/STM32F4xx_HAL_Driver/Src/stm32f4xx_hal_pwr_ex.o ./Drivers/STM32F4xx_HAL_Driver/Src/stm32f4xx_hal_pwr_ex.su ./Drivers/STM32F4xx_HAL_Driver/Src/stm32f4xx_hal_rcc.cyclo ./Drivers/STM32F4xx_HAL_Driver/Src/stm32f4xx_hal_rcc.d ./Drivers/STM32F4xx_HAL_Driver/Src/stm32f4xx_hal_rcc.o ./Drivers/STM32F4xx_HAL_Driver/Src/stm32f4xx_hal_rcc.su ./Drivers/STM32F4xx_HAL_Driver/Src/stm32f4xx_hal_rcc_ex.cyclo ./Drivers/STM32F4xx_HAL_Driver/Src/stm32f4xx_hal_rcc_ex.d ./Drivers/STM32F4xx_HAL_Driver/Src/stm32f4xx_hal_rcc_ex.o ./Drivers/STM32F4xx_HAL_Driver/Src/stm32f4xx_hal_rcc_ex.su ./Drivers/STM32F4xx_HAL_Driver/Src/stm32f4xx_hal_tim.cyclo ./Drivers/STM32F4xx_HAL_Driver/Src/stm32f4xx_hal_tim.d ./Drivers/STM32F4xx_HAL_Driver/Src/stm32f4xx_hal_tim.o ./Drivers/STM32F4xx_HAL_Driver/Src/stm32f4xx_hal_tim.su ./Drivers/STM32F4xx_HAL_Driver/Src/stm32f4xx_hal_tim_ex.cyclo ./Drivers/STM32F4xx_HAL_Driver/Src/stm32f4xx_hal_tim_ex.d ./Drivers/STM32F4xx_HAL_Driver/Src/stm32f4xx_hal_tim_ex.o ./Drivers/STM32F4xx_HAL_Driver/Src/stm32f4xx_hal_tim_ex.su
rm -rf ./Core/Startup/startup_stm32f401ccux.d ./Core/Startup/startup_stm32f401ccux.o
rm -rf ./Core/Src/main.cyclo ./Core/Src/main.d ./Core/Src/main.o ./Core/Src/main.su ./Core/Src/stm32f4xx_hal_msp.cyclo ./Core/Src/stm32f4xx_hal_msp.d ./Core/Src/stm32f4xx_hal_msp.o ./Core/Src/stm32f4xx_hal_msp.su ./Core/Src/stm32f4xx_hal_timebase_tim.cyclo ./Core/Src/stm32f4xx_hal_timebase_tim.d ./Core/Src/stm32f4xx_hal_timebase_tim.o ./Core/Src/stm32f4xx_hal_timebase_tim.su ./Core/Src/stm32f4xx_it.cyclo ./Core/Src/stm32f4xx_it.d ./Core/Src/stm32f4xx_it.o ./Core/Src/stm32f4xx_it.su ./Core/Src/syscalls.cyclo ./Core/Src/syscalls.d ./Core/Src/syscalls.o ./Core/Src/syscalls.su ./Core/Src/system_stm32f4xx.cyclo ./Core/Src/system_stm32f4xx.d ./Core/Src/system_stm32f4xx.o ./Core/Src/system_stm32f4xx.su
rm -rf SeggerSystemView.elf SeggerSystemView.list SeggerSystemView.map default.size.stdout
 
15:36:45 **** Incremental Build of configuration Debug for project SeggerSystemView ****
make -j8 all 
arm-none-eabi-gcc "../SEGGER/SEGGER/Syscalls/SEGGER_RTT_Syscalls_GCC.c" -mcpu=cortex-m4 -std=gnu11 -g3 -DDEBUG -DUSE_HAL_DRIVER -DSTM32F401xC -c -I../Core/Inc -I"/home/aizaz/devomech/learning/STM32-FreeRTOS/Segger Trace Tool/Segger-SystemView/FreeRTOS/include" -I"/home/aizaz/devomech/learning/STM32-FreeRTOS/Segger Trace Tool/Segger-SystemView/SEGGER/Config" -I"/home/aizaz/devomech/learning/STM32-FreeRTOS/Segger Trace Tool/Segger-SystemView/SEGGER/OS" -I"/home/aizaz/devomech/learning/STM32-FreeRTOS/Segger Trace Tool/Segger-SystemView/SEGGER/SEGGER" -I"/home/aizaz/devomech/learning/STM32-FreeRTOS/Segger Trace Tool/Segger-SystemView/FreeRTOS/portable/GCC/ARM_CM4F" -I"/home/aizaz/devomech/learning/STM32-FreeRTOS/Segger Trace Tool/Segger-SystemView/FreeRTOS" -I../Drivers/STM32F4xx_HAL_Driver/Inc -I../Drivers/STM32F4xx_HAL_Driver/Inc/Legacy -I../Drivers/CMSIS/Device/ST/STM32F4xx/Include -I../Drivers/CMSIS/Include -O0 -ffunction-sections -fdata-sections -Wall -fstack-usage -fcyclomatic-complexity -MMD -MP -MF"SEGGER/SEGGER/Syscalls/SEGGER_RTT_Syscalls_GCC.d" -MT"SEGGER/SEGGER/Syscalls/SEGGER_RTT_Syscalls_GCC.o" --specs=nano.specs -mfpu=fpv4-sp-d16 -mfloat-abi=hard -mthumb -o "SEGGER/SEGGER/Syscalls/SEGGER_RTT_Syscalls_GCC.o"
arm-none-eabi-gcc "../SEGGER/SEGGER/SEGGER_RTT.c" -mcpu=cortex-m4 -std=gnu11 -g3 -DDEBUG -DUSE_HAL_DRIVER -DSTM32F401xC -c -I../Core/Inc -I"/home/aizaz/devomech/learning/STM32-FreeRTOS/Segger Trace Tool/Segger-SystemView/FreeRTOS/include" -I"/home/aizaz/devomech/learning/STM32-FreeRTOS/Segger Trace Tool/Segger-SystemView/SEGGER/Config" -I"/home/aizaz/devomech/learning/STM32-FreeRTOS/Segger Trace Tool/Segger-SystemView/SEGGER/OS" -I"/home/aizaz/devomech/learning/STM32-FreeRTOS/Segger Trace Tool/Segger-SystemView/SEGGER/SEGGER" -I"/home/aizaz/devomech/learning/STM32-FreeRTOS/Segger Trace Tool/Segger-SystemView/FreeRTOS/portable/GCC/ARM_CM4F" -I"/home/aizaz/devomech/learning/STM32-FreeRTOS/Segger Trace Tool/Segger-SystemView/FreeRTOS" -I../Drivers/STM32F4xx_HAL_Driver/Inc -I../Drivers/STM32F4xx_HAL_Driver/Inc/Legacy -I../Drivers/CMSIS/Device/ST/STM32F4xx/Include -I../Drivers/CMSIS/Include -O0 -ffunction-sections -fdata-sections -Wall -fstack-usage -fcyclomatic-complexity -MMD -MP -MF"SEGGER/SEGGER/SEGGER_RTT.d" -MT"SEGGER/SEGGER/SEGGER_RTT.o" --specs=nano.specs -mfpu=fpv4-sp-d16 -mfloat-abi=hard -mthumb -o "SEGGER/SEGGER/SEGGER_RTT.o"
arm-none-eabi-gcc -mcpu=cortex-m4 -g3 -DDEBUG -c -I"/home/aizaz/devomech/learning/STM32-FreeRTOS/Segger Trace Tool/Segger-SystemView/SEGGER/Config" -x assembler-with-cpp -MMD -MP -MF"SEGGER/SEGGER/SEGGER_RTT_ASM_ARMv7M.d" -MT"SEGGER/SEGGER/SEGGER_RTT_ASM_ARMv7M.o" --specs=nano.specs -mfpu=fpv4-sp-d16 -mfloat-abi=hard -mthumb -o "SEGGER/SEGGER/SEGGER_RTT_ASM_ARMv7M.o" "../SEGGER/SEGGER/SEGGER_RTT_ASM_ARMv7M.S"
arm-none-eabi-gcc "../SEGGER/SEGGER/SEGGER_RTT_printf.c" -mcpu=cortex-m4 -std=gnu11 -g3 -DDEBUG -DUSE_HAL_DRIVER -DSTM32F401xC -c -I../Core/Inc -I"/home/aizaz/devomech/learning/STM32-FreeRTOS/Segger Trace Tool/Segger-SystemView/FreeRTOS/include" -I"/home/aizaz/devomech/learning/STM32-FreeRTOS/Segger Trace Tool/Segger-SystemView/SEGGER/Config" -I"/home/aizaz/devomech/learning/STM32-FreeRTOS/Segger Trace Tool/Segger-SystemView/SEGGER/OS" -I"/home/aizaz/devomech/learning/STM32-FreeRTOS/Segger Trace Tool/Segger-SystemView/SEGGER/SEGGER" -I"/home/aizaz/devomech/learning/STM32-FreeRTOS/Segger Trace Tool/Segger-SystemView/FreeRTOS/portable/GCC/ARM_CM4F" -I"/home/aizaz/devomech/learning/STM32-FreeRTOS/Segger Trace Tool/Segger-SystemView/FreeRTOS" -I../Drivers/STM32F4xx_HAL_Driver/Inc -I../Drivers/STM32F4xx_HAL_Driver/Inc/Legacy -I../Drivers/CMSIS/Device/ST/STM32F4xx/Include -I../Drivers/CMSIS/Include -O0 -ffunction-sections -fdata-sections -Wall -fstack-usage -fcyclomatic-complexity -MMD -MP -MF"SEGGER/SEGGER/SEGGER_RTT_printf.d" -MT"SEGGER/SEGGER/SEGGER_RTT_printf.o" --specs=nano.specs -mfpu=fpv4-sp-d16 -mfloat-abi=hard -mthumb -o "SEGGER/SEGGER/SEGGER_RTT_printf.o"
arm-none-eabi-gcc "../SEGGER/SEGGER/SEGGER_SYSVIEW.c" -mcpu=cortex-m4 -std=gnu11 -g3 -DDEBUG -DUSE_HAL_DRIVER -DSTM32F401xC -c -I../Core/Inc -I"/home/aizaz/devomech/learning/STM32-FreeRTOS/Segger Trace Tool/Segger-SystemView/FreeRTOS/include" -I"/home/aizaz/devomech/learning/STM32-FreeRTOS/Segger Trace Tool/Segger-SystemView/SEGGER/Config" -I"/home/aizaz/devomech/learning/STM32-FreeRTOS/Segger Trace Tool/Segger-SystemView/SEGGER/OS" -I"/home/aizaz/devomech/learning/STM32-FreeRTOS/Segger Trace Tool/Segger-SystemView/SEGGER/SEGGER" -I"/home/aizaz/devomech/learning/STM32-FreeRTOS/Segger Trace Tool/Segger-SystemView/FreeRTOS/portable/GCC/ARM_CM4F" -I"/home/aizaz/devomech/learning/STM32-FreeRTOS/Segger Trace Tool/Segger-SystemView/FreeRTOS" -I../Drivers/STM32F4xx_HAL_Driver/Inc -I../Drivers/STM32F4xx_HAL_Driver/Inc/Legacy -I../Drivers/CMSIS/Device/ST/STM32F4xx/Include -I../Drivers/CMSIS/Include -O0 -ffunction-sections -fdata-sections -Wall -fstack-usage -fcyclomatic-complexity -MMD -MP -MF"SEGGER/SEGGER/SEGGER_SYSVIEW.d" -MT"SEGGER/SEGGER/SEGGER_SYSVIEW.o" --specs=nano.specs -mfpu=fpv4-sp-d16 -mfloat-abi=hard -mthumb -o "SEGGER/SEGGER/SEGGER_SYSVIEW.o"
arm-none-eabi-gcc "../SEGGER/OS/SEGGER_SYSVIEW_FreeRTOS.c" -mcpu=cortex-m4 -std=gnu11 -g3 -DDEBUG -DUSE_HAL_DRIVER -DSTM32F401xC -c -I../Core/Inc -I"/home/aizaz/devomech/learning/STM32-FreeRTOS/Segger Trace Tool/Segger-SystemView/FreeRTOS/include" -I"/home/aizaz/devomech/learning/STM32-FreeRTOS/Segger Trace Tool/Segger-SystemView/SEGGER/Config" -I"/home/aizaz/devomech/learning/STM32-FreeRTOS/Segger Trace Tool/Segger-SystemView/SEGGER/OS" -I"/home/aizaz/devomech/learning/STM32-FreeRTOS/Segger Trace Tool/Segger-SystemView/SEGGER/SEGGER" -I"/home/aizaz/devomech/learning/STM32-FreeRTOS/Segger Trace Tool/Segger-SystemView/FreeRTOS/portable/GCC/ARM_CM4F" -I"/home/aizaz/devomech/learning/STM32-FreeRTOS/Segger Trace Tool/Segger-SystemView/FreeRTOS" -I../Drivers/STM32F4xx_HAL_Driver/Inc -I../Drivers/STM32F4xx_HAL_Driver/Inc/Legacy -I../Drivers/CMSIS/Device/ST/STM32F4xx/Include -I../Drivers/CMSIS/Include -O0 -ffunction-sections -fdata-sections -Wall -fstack-usage -fcyclomatic-complexity -MMD -MP -MF"SEGGER/OS/SEGGER_SYSVIEW_FreeRTOS.d" -MT"SEGGER/OS/SEGGER_SYSVIEW_FreeRTOS.o" --specs=nano.specs -mfpu=fpv4-sp-d16 -mfloat-abi=hard -mthumb -o "SEGGER/OS/SEGGER_SYSVIEW_FreeRTOS.o"
arm-none-eabi-gcc "../SEGGER/Config/SEGGER_SYSVIEW_Config_FreeRTOS.c" -mcpu=cortex-m4 -std=gnu11 -g3 -DDEBUG -DUSE_HAL_DRIVER -DSTM32F401xC -c -I../Core/Inc -I"/home/aizaz/devomech/learning/STM32-FreeRTOS/Segger Trace Tool/Segger-SystemView/FreeRTOS/include" -I"/home/aizaz/devomech/learning/STM32-FreeRTOS/Segger Trace Tool/Segger-SystemView/SEGGER/Config" -I"/home/aizaz/devomech/learning/STM32-FreeRTOS/Segger Trace Tool/Segger-SystemView/SEGGER/OS" -I"/home/aizaz/devomech/learning/STM32-FreeRTOS/Segger Trace Tool/Segger-SystemView/SEGGER/SEGGER" -I"/home/aizaz/devomech/learning/STM32-FreeRTOS/Segger Trace Tool/Segger-SystemView/FreeRTOS/portable/GCC/ARM_CM4F" -I"/home/aizaz/devomech/learning/STM32-FreeRTOS/Segger Trace Tool/Segger-SystemView/FreeRTOS" -I../Drivers/STM32F4xx_HAL_Driver/Inc -I../Drivers/STM32F4xx_HAL_Driver/Inc/Legacy -I../Drivers/CMSIS/Device/ST/STM32F4xx/Include -I../Drivers/CMSIS/Include -O0 -ffunction-sections -fdata-sections -Wall -fstack-usage -fcyclomatic-complexity -MMD -MP -MF"SEGGER/Config/SEGGER_SYSVIEW_Config_FreeRTOS.d" -MT"SEGGER/Config/SEGGER_SYSVIEW_Config_FreeRTOS.o" --specs=nano.specs -mfpu=fpv4-sp-d16 -mfloat-abi=hard -mthumb -o "SEGGER/Config/SEGGER_SYSVIEW_Config_FreeRTOS.o"
arm-none-eabi-gcc "../FreeRTOS/portable/MemMang/heap_4.c" -mcpu=cortex-m4 -std=gnu11 -g3 -DDEBUG -DUSE_HAL_DRIVER -DSTM32F401xC -c -I../Core/Inc -I"/home/aizaz/devomech/learning/STM32-FreeRTOS/Segger Trace Tool/Segger-SystemView/FreeRTOS/include" -I"/home/aizaz/devomech/learning/STM32-FreeRTOS/Segger Trace Tool/Segger-SystemView/SEGGER/Config" -I"/home/aizaz/devomech/learning/STM32-FreeRTOS/Segger Trace Tool/Segger-SystemView/SEGGER/OS" -I"/home/aizaz/devomech/learning/STM32-FreeRTOS/Segger Trace Tool/Segger-SystemView/SEGGER/SEGGER" -I"/home/aizaz/devomech/learning/STM32-FreeRTOS/Segger Trace Tool/Segger-SystemView/FreeRTOS/portable/GCC/ARM_CM4F" -I"/home/aizaz/devomech/learning/STM32-FreeRTOS/Segger Trace Tool/Segger-SystemView/FreeRTOS" -I../Drivers/STM32F4xx_HAL_Driver/Inc -I../Drivers/STM32F4xx_HAL_Driver/Inc/Legacy -I../Drivers/CMSIS/Device/ST/STM32F4xx/Include -I../Drivers/CMSIS/Include -O0 -ffunction-sections -fdata-sections -Wall -fstack-usage -fcyclomatic-complexity -MMD -MP -MF"FreeRTOS/portable/MemMang/heap_4.d" -MT"FreeRTOS/portable/MemMang/heap_4.o" --specs=nano.specs -mfpu=fpv4-sp-d16 -mfloat-abi=hard -mthumb -o "FreeRTOS/portable/MemMang/heap_4.o"
arm-none-eabi-gcc "../FreeRTOS/portable/GCC/ARM_CM4F/port.c" -mcpu=cortex-m4 -std=gnu11 -g3 -DDEBUG -DUSE_HAL_DRIVER -DSTM32F401xC -c -I../Core/Inc -I"/home/aizaz/devomech/learning/STM32-FreeRTOS/Segger Trace Tool/Segger-SystemView/FreeRTOS/include" -I"/home/aizaz/devomech/learning/STM32-FreeRTOS/Segger Trace Tool/Segger-SystemView/SEGGER/Config" -I"/home/aizaz/devomech/learning/STM32-FreeRTOS/Segger Trace Tool/Segger-SystemView/SEGGER/OS" -I"/home/aizaz/devomech/learning/STM32-FreeRTOS/Segger Trace Tool/Segger-SystemView/SEGGER/SEGGER" -I"/home/aizaz/devomech/learning/STM32-FreeRTOS/Segger Trace Tool/Segger-SystemView/FreeRTOS/portable/GCC/ARM_CM4F" -I"/home/aizaz/devomech/learning/STM32-FreeRTOS/Segger Trace Tool/Segger-SystemView/FreeRTOS" -I../Drivers/STM32F4xx_HAL_Driver/Inc -I../Drivers/STM32F4xx_HAL_Driver/Inc/Legacy -I../Drivers/CMSIS/Device/ST/STM32F4xx/Include -I../Drivers/CMSIS/Include -O0 -ffunction-sections -fdata-sections -Wall -fstack-usage -fcyclomatic-complexity -MMD -MP -MF"FreeRTOS/portable/GCC/ARM_CM4F/port.d" -MT"FreeRTOS/portable/GCC/ARM_CM4F/port.o" --specs=nano.specs -mfpu=fpv4-sp-d16 -mfloat-abi=hard -mthumb -o "FreeRTOS/portable/GCC/ARM_CM4F/port.o"
arm-none-eabi-gcc "../FreeRTOS/croutine.c" -mcpu=cortex-m4 -std=gnu11 -g3 -DDEBUG -DUSE_HAL_DRIVER -DSTM32F401xC -c -I../Core/Inc -I"/home/aizaz/devomech/learning/STM32-FreeRTOS/Segger Trace Tool/Segger-SystemView/FreeRTOS/include" -I"/home/aizaz/devomech/learning/STM32-FreeRTOS/Segger Trace Tool/Segger-SystemView/SEGGER/Config" -I"/home/aizaz/devomech/learning/STM32-FreeRTOS/Segger Trace Tool/Segger-SystemView/SEGGER/OS" -I"/home/aizaz/devomech/learning/STM32-FreeRTOS/Segger Trace Tool/Segger-SystemView/SEGGER/SEGGER" -I"/home/aizaz/devomech/learning/STM32-FreeRTOS/Segger Trace Tool/Segger-SystemView/FreeRTOS/portable/GCC/ARM_CM4F" -I"/home/aizaz/devomech/learning/STM32-FreeRTOS/Segger Trace Tool/Segger-SystemView/FreeRTOS" -I../Drivers/STM32F4xx_HAL_Driver/Inc -I../Drivers/STM32F4xx_HAL_Driver/Inc/Legacy -I../Drivers/CMSIS/Device/ST/STM32F4xx/Include -I../Drivers/CMSIS/Include -O0 -ffunction-sections -fdata-sections -Wall -fstack-usage -fcyclomatic-complexity -MMD -MP -MF"FreeRTOS/croutine.d" -MT"FreeRTOS/croutine.o" --specs=nano.specs -mfpu=fpv4-sp-d16 -mfloat-abi=hard -mthumb -o "FreeRTOS/croutine.o"
arm-none-eabi-gcc "../FreeRTOS/event_groups.c" -mcpu=cortex-m4 -std=gnu11 -g3 -DDEBUG -DUSE_HAL_DRIVER -DSTM32F401xC -c -I../Core/Inc -I"/home/aizaz/devomech/learning/STM32-FreeRTOS/Segger Trace Tool/Segger-SystemView/FreeRTOS/include" -I"/home/aizaz/devomech/learning/STM32-FreeRTOS/Segger Trace Tool/Segger-SystemView/SEGGER/Config" -I"/home/aizaz/devomech/learning/STM32-FreeRTOS/Segger Trace Tool/Segger-SystemView/SEGGER/OS" -I"/home/aizaz/devomech/learning/STM32-FreeRTOS/Segger Trace Tool/Segger-SystemView/SEGGER/SEGGER" -I"/home/aizaz/devomech/learning/STM32-FreeRTOS/Segger Trace Tool/Segger-SystemView/FreeRTOS/portable/GCC/ARM_CM4F" -I"/home/aizaz/devomech/learning/STM32-FreeRTOS/Segger Trace Tool/Segger-SystemView/FreeRTOS" -I../Drivers/STM32F4xx_HAL_Driver/Inc -I../Drivers/STM32F4xx_HAL_Driver/Inc/Legacy -I../Drivers/CMSIS/Device/ST/STM32F4xx/Include -I../Drivers/CMSIS/Include -O0 -ffunction-sections -fdata-sections -Wall -fstack-usage -fcyclomatic-complexity -MMD -MP -MF"FreeRTOS/event_groups.d" -MT"FreeRTOS/event_groups.o" --specs=nano.specs -mfpu=fpv4-sp-d16 -mfloat-abi=hard -mthumb -o "FreeRTOS/event_groups.o"
arm-none-eabi-gcc "../FreeRTOS/list.c" -mcpu=cortex-m4 -std=gnu11 -g3 -DDEBUG -DUSE_HAL_DRIVER -DSTM32F401xC -c -I../Core/Inc -I"/home/aizaz/devomech/learning/STM32-FreeRTOS/Segger Trace Tool/Segger-SystemView/FreeRTOS/include" -I"/home/aizaz/devomech/learning/STM32-FreeRTOS/Segger Trace Tool/Segger-SystemView/SEGGER/Config" -I"/home/aizaz/devomech/learning/STM32-FreeRTOS/Segger Trace Tool/Segger-SystemView/SEGGER/OS" -I"/home/aizaz/devomech/learning/STM32-FreeRTOS/Segger Trace Tool/Segger-SystemView/SEGGER/SEGGER" -I"/home/aizaz/devomech/learning/STM32-FreeRTOS/Segger Trace Tool/Segger-SystemView/FreeRTOS/portable/GCC/ARM_CM4F" -I"/home/aizaz/devomech/learning/STM32-FreeRTOS/Segger Trace Tool/Segger-SystemView/FreeRTOS" -I../Drivers/STM32F4xx_HAL_Driver/Inc -I../Drivers/STM32F4xx_HAL_Driver/Inc/Legacy -I../Drivers/CMSIS/Device/ST/STM32F4xx/Include -I../Drivers/CMSIS/Include -O0 -ffunction-sections -fdata-sections -Wall -fstack-usage -fcyclomatic-complexity -MMD -MP -MF"FreeRTOS/list.d" -MT"FreeRTOS/list.o" --specs=nano.specs -mfpu=fpv4-sp-d16 -mfloat-abi=hard -mthumb -o "FreeRTOS/list.o"
arm-none-eabi-gcc "../FreeRTOS/queue.c" -mcpu=cortex-m4 -std=gnu11 -g3 -DDEBUG -DUSE_HAL_DRIVER -DSTM32F401xC -c -I../Core/Inc -I"/home/aizaz/devomech/learning/STM32-FreeRTOS/Segger Trace Tool/Segger-SystemView/FreeRTOS/include" -I"/home/aizaz/devomech/learning/STM32-FreeRTOS/Segger Trace Tool/Segger-SystemView/SEGGER/Config" -I"/home/aizaz/devomech/learning/STM32-FreeRTOS/Segger Trace Tool/Segger-SystemView/SEGGER/OS" -I"/home/aizaz/devomech/learning/STM32-FreeRTOS/Segger Trace Tool/Segger-SystemView/SEGGER/SEGGER" -I"/home/aizaz/devomech/learning/STM32-FreeRTOS/Segger Trace Tool/Segger-SystemView/FreeRTOS/portable/GCC/ARM_CM4F" -I"/home/aizaz/devomech/learning/STM32-FreeRTOS/Segger Trace Tool/Segger-SystemView/FreeRTOS" -I../Drivers/STM32F4xx_HAL_Driver/Inc -I../Drivers/STM32F4xx_HAL_Driver/Inc/Legacy -I../Drivers/CMSIS/Device/ST/STM32F4xx/Include -I../Drivers/CMSIS/Include -O0 -ffunction-sections -fdata-sections -Wall -fstack-usage -fcyclomatic-complexity -MMD -MP -MF"FreeRTOS/queue.d" -MT"FreeRTOS/queue.o" --specs=nano.specs -mfpu=fpv4-sp-d16 -mfloat-abi=hard -mthumb -o "FreeRTOS/queue.o"
arm-none-eabi-gcc "../FreeRTOS/stream_buffer.c" -mcpu=cortex-m4 -std=gnu11 -g3 -DDEBUG -DUSE_HAL_DRIVER -DSTM32F401xC -c -I../Core/Inc -I"/home/aizaz/devomech/learning/STM32-FreeRTOS/Segger Trace Tool/Segger-SystemView/FreeRTOS/include" -I"/home/aizaz/devomech/learning/STM32-FreeRTOS/Segger Trace Tool/Segger-SystemView/SEGGER/Config" -I"/home/aizaz/devomech/learning/STM32-FreeRTOS/Segger Trace Tool/Segger-SystemView/SEGGER/OS" -I"/home/aizaz/devomech/learning/STM32-FreeRTOS/Segger Trace Tool/Segger-SystemView/SEGGER/SEGGER" -I"/home/aizaz/devomech/learning/STM32-FreeRTOS/Segger Trace Tool/Segger-SystemView/FreeRTOS/portable/GCC/ARM_CM4F" -I"/home/aizaz/devomech/learning/STM32-FreeRTOS/Segger Trace Tool/Segger-SystemView/FreeRTOS" -I../Drivers/STM32F4xx_HAL_Driver/Inc -I../Drivers/STM32F4xx_HAL_Driver/Inc/Legacy -I../Drivers/CMSIS/Device/ST/STM32F4xx/Include -I../Drivers/CMSIS/Include -O0 -ffunction-sections -fdata-sections -Wall -fstack-usage -fcyclomatic-complexity -MMD -MP -MF"FreeRTOS/stream_buffer.d" -MT"FreeRTOS/stream_buffer.o" --specs=nano.specs -mfpu=fpv4-sp-d16 -mfloat-abi=hard -mthumb -o "FreeRTOS/stream_buffer.o"
arm-none-eabi-gcc "../FreeRTOS/tasks.c" -mcpu=cortex-m4 -std=gnu11 -g3 -DDEBUG -DUSE_HAL_DRIVER -DSTM32F401xC -c -I../Core/Inc -I"/home/aizaz/devomech/learning/STM32-FreeRTOS/Segger Trace Tool/Segger-SystemView/FreeRTOS/include" -I"/home/aizaz/devomech/learning/STM32-FreeRTOS/Segger Trace Tool/Segger-SystemView/SEGGER/Config" -I"/home/aizaz/devomech/learning/STM32-FreeRTOS/Segger Trace Tool/Segger-SystemView/SEGGER/OS" -I"/home/aizaz/devomech/learning/STM32-FreeRTOS/Segger Trace Tool/Segger-SystemView/SEGGER/SEGGER" -I"/home/aizaz/devomech/learning/STM32-FreeRTOS/Segger Trace Tool/Segger-SystemView/FreeRTOS/portable/GCC/ARM_CM4F" -I"/home/aizaz/devomech/learning/STM32-FreeRTOS/Segger Trace Tool/Segger-SystemView/FreeRTOS" -I../Drivers/STM32F4xx_HAL_Driver/Inc -I../Drivers/STM32F4xx_HAL_Driver/Inc/Legacy -I../Drivers/CMSIS/Device/ST/STM32F4xx/Include -I../Drivers/CMSIS/Include -O0 -ffunction-sections -fdata-sections -Wall -fstack-usage -fcyclomatic-complexity -MMD -MP -MF"FreeRTOS/tasks.d" -MT"FreeRTOS/tasks.o" --specs=nano.specs -mfpu=fpv4-sp-d16 -mfloat-abi=hard -mthumb -o "FreeRTOS/tasks.o"
arm-none-eabi-gcc "../FreeRTOS/timers.c" -mcpu=cortex-m4 -std=gnu11 -g3 -DDEBUG -DUSE_HAL_DRIVER -DSTM32F401xC -c -I../Core/Inc -I"/home/aizaz/devomech/learning/STM32-FreeRTOS/Segger Trace Tool/Segger-SystemView/FreeRTOS/include" -I"/home/aizaz/devomech/learning/STM32-FreeRTOS/Segger Trace Tool/Segger-SystemView/SEGGER/Config" -I"/home/aizaz/devomech/learning/STM32-FreeRTOS/Segger Trace Tool/Segger-SystemView/SEGGER/OS" -I"/home/aizaz/devomech/learning/STM32-FreeRTOS/Segger Trace Tool/Segger-SystemView/SEGGER/SEGGER" -I"/home/aizaz/devomech/learning/STM32-FreeRTOS/Segger Trace Tool/Segger-SystemView/FreeRTOS/portable/GCC/ARM_CM4F" -I"/home/aizaz/devomech/learning/STM32-FreeRTOS/Segger Trace Tool/Segger-SystemView/FreeRTOS" -I../Drivers/STM32F4xx_HAL_Driver/Inc -I../Drivers/STM32F4xx_HAL_Driver/Inc/Legacy -I../Drivers/CMSIS/Device/ST/STM32F4xx/Include -I../Drivers/CMSIS/Include -O0 -ffunction-sections -fdata-sections -Wall -fstack-usage -fcyclomatic-complexity -MMD -MP -MF"FreeRTOS/timers.d" -MT"FreeRTOS/timers.o" --specs=nano.specs -mfpu=fpv4-sp-d16 -mfloat-abi=hard -mthumb -o "FreeRTOS/timers.o"
arm-none-eabi-gcc "../Drivers/STM32F4xx_HAL_Driver/Src/stm32f4xx_hal.c" -mcpu=cortex-m4 -std=gnu11 -g3 -DDEBUG -DUSE_HAL_DRIVER -DSTM32F401xC -c -I../Core/Inc -I"/home/aizaz/devomech/learning/STM32-FreeRTOS/Segger Trace Tool/Segger-SystemView/FreeRTOS/include" -I"/home/aizaz/devomech/learning/STM32-FreeRTOS/Segger Trace Tool/Segger-SystemView/SEGGER/Config" -I"/home/aizaz/devomech/learning/STM32-FreeRTOS/Segger Trace Tool/Segger-SystemView/SEGGER/OS" -I"/home/aizaz/devomech/learning/STM32-FreeRTOS/Segger Trace Tool/Segger-SystemView/SEGGER/SEGGER" -I"/home/aizaz/devomech/learning/STM32-FreeRTOS/Segger Trace Tool/Segger-SystemView/FreeRTOS/portable/GCC/ARM_CM4F" -I"/home/aizaz/devomech/learning/STM32-FreeRTOS/Segger Trace Tool/Segger-SystemView/FreeRTOS" -I../Drivers/STM32F4xx_HAL_Driver/Inc -I../Drivers/STM32F4xx_HAL_Driver/Inc/Legacy -I../Drivers/CMSIS/Device/ST/STM32F4xx/Include -I../Drivers/CMSIS/Include -O0 -ffunction-sections -fdata-sections -Wall -fstack-usage -fcyclomatic-complexity -MMD -MP -MF"Drivers/STM32F4xx_HAL_Driver/Src/stm32f4xx_hal.d" -MT"Drivers/STM32F4xx_HAL_Driver/Src/stm32f4xx_hal.o" --specs=nano.specs -mfpu=fpv4-sp-d16 -mfloat-abi=hard -mthumb -o "Drivers/STM32F4xx_HAL_Driver/Src/stm32f4xx_hal.o"
arm-none-eabi-gcc "../Drivers/STM32F4xx_HAL_Driver/Src/stm32f4xx_hal_cortex.c" -mcpu=cortex-m4 -std=gnu11 -g3 -DDEBUG -DUSE_HAL_DRIVER -DSTM32F401xC -c -I../Core/Inc -I"/home/aizaz/devomech/learning/STM32-FreeRTOS/Segger Trace Tool/Segger-SystemView/FreeRTOS/include" -I"/home/aizaz/devomech/learning/STM32-FreeRTOS/Segger Trace Tool/Segger-SystemView/SEGGER/Config" -I"/home/aizaz/devomech/learning/STM32-FreeRTOS/Segger Trace Tool/Segger-SystemView/SEGGER/OS" -I"/home/aizaz/devomech/learning/STM32-FreeRTOS/Segger Trace Tool/Segger-SystemView/SEGGER/SEGGER" -I"/home/aizaz/devomech/learning/STM32-FreeRTOS/Segger Trace Tool/Segger-SystemView/FreeRTOS/portable/GCC/ARM_CM4F" -I"/home/aizaz/devomech/learning/STM32-FreeRTOS/Segger Trace Tool/Segger-SystemView/FreeRTOS" -I../Drivers/STM32F4xx_HAL_Driver/Inc -I../Drivers/STM32F4xx_HAL_Driver/Inc/Legacy -I../Drivers/CMSIS/Device/ST/STM32F4xx/Include -I../Drivers/CMSIS/Include -O0 -ffunction-sections -fdata-sections -Wall -fstack-usage -fcyclomatic-complexity -MMD -MP -MF"Drivers/STM32F4xx_HAL_Driver/Src/stm32f4xx_hal_cortex.d" -MT"Drivers/STM32F4xx_HAL_Driver/Src/stm32f4xx_hal_cortex.o" --specs=nano.specs -mfpu=fpv4-sp-d16 -mfloat-abi=hard -mthumb -o "Drivers/STM32F4xx_HAL_Driver/Src/stm32f4xx_hal_cortex.o"
arm-none-eabi-gcc "../Drivers/STM32F4xx_HAL_Driver/Src/stm32f4xx_hal_dma.c" -mcpu=cortex-m4 -std=gnu11 -g3 -DDEBUG -DUSE_HAL_DRIVER -DSTM32F401xC -c -I../Core/Inc -I"/home/aizaz/devomech/learning/STM32-FreeRTOS/Segger Trace Tool/Segger-SystemView/FreeRTOS/include" -I"/home/aizaz/devomech/learning/STM32-FreeRTOS/Segger Trace Tool/Segger-SystemView/SEGGER/Config" -I"/home/aizaz/devomech/learning/STM32-FreeRTOS/Segger Trace Tool/Segger-SystemView/SEGGER/OS" -I"/home/aizaz/devomech/learning/STM32-FreeRTOS/Segger Trace Tool/Segger-SystemView/SEGGER/SEGGER" -I"/home/aizaz/devomech/learning/STM32-FreeRTOS/Segger Trace Tool/Segger-SystemView/FreeRTOS/portable/GCC/ARM_CM4F" -I"/home/aizaz/devomech/learning/STM32-FreeRTOS/Segger Trace Tool/Segger-SystemView/FreeRTOS" -I../Drivers/STM32F4xx_HAL_Driver/Inc -I../Drivers/STM32F4xx_HAL_Driver/Inc/Legacy -I../Drivers/CMSIS/Device/ST/STM32F4xx/Include -I../Drivers/CMSIS/Include -O0 -ffunction-sections -fdata-sections -Wall -fstack-usage -fcyclomatic-complexity -MMD -MP -MF"Drivers/STM32F4xx_HAL_Driver/Src/stm32f4xx_hal_dma.d" -MT"Drivers/STM32F4xx_HAL_Driver/Src/stm32f4xx_hal_dma.o" --specs=nano.specs -mfpu=fpv4-sp-d16 -mfloat-abi=hard -mthumb -o "Drivers/STM32F4xx_HAL_Driver/Src/stm32f4xx_hal_dma.o"
arm-none-eabi-gcc "../Drivers/STM32F4xx_HAL_Driver/Src/stm32f4xx_hal_dma_ex.c" -mcpu=cortex-m4 -std=gnu11 -g3 -DDEBUG -DUSE_HAL_DRIVER -DSTM32F401xC -c -I../Core/Inc -I"/home/aizaz/devomech/learning/STM32-FreeRTOS/Segger Trace Tool/Segger-SystemView/FreeRTOS/include" -I"/home/aizaz/devomech/learning/STM32-FreeRTOS/Segger Trace Tool/Segger-SystemView/SEGGER/Config" -I"/home/aizaz/devomech/learning/STM32-FreeRTOS/Segger Trace Tool/Segger-SystemView/SEGGER/OS" -I"/home/aizaz/devomech/learning/STM32-FreeRTOS/Segger Trace Tool/Segger-SystemView/SEGGER/SEGGER" -I"/home/aizaz/devomech/learning/STM32-FreeRTOS/Segger Trace Tool/Segger-SystemView/FreeRTOS/portable/GCC/ARM_CM4F" -I"/home/aizaz/devomech/learning/STM32-FreeRTOS/Segger Trace Tool/Segger-SystemView/FreeRTOS" -I../Drivers/STM32F4xx_HAL_Driver/Inc -I../Drivers/STM32F4xx_HAL_Driver/Inc/Legacy -I../Drivers/CMSIS/Device/ST/STM32F4xx/Include -I../Drivers/CMSIS/Include -O0 -ffunction-sections -fdata-sections -Wall -fstack-usage -fcyclomatic-complexity -MMD -MP -MF"Drivers/STM32F4xx_HAL_Driver/Src/stm32f4xx_hal_dma_ex.d" -MT"Drivers/STM32F4xx_HAL_Driver/Src/stm32f4xx_hal_dma_ex.o" --specs=nano.specs -mfpu=fpv4-sp-d16 -mfloat-abi=hard -mthumb -o "Drivers/STM32F4xx_HAL_Driver/Src/stm32f4xx_hal_dma_ex.o"
arm-none-eabi-gcc "../Drivers/STM32F4xx_HAL_Driver/Src/stm32f4xx_hal_exti.c" -mcpu=cortex-m4 -std=gnu11 -g3 -DDEBUG -DUSE_HAL_DRIVER -DSTM32F401xC -c -I../Core/Inc -I"/home/aizaz/devomech/learning/STM32-FreeRTOS/Segger Trace Tool/Segger-SystemView/FreeRTOS/include" -I"/home/aizaz/devomech/learning/STM32-FreeRTOS/Segger Trace Tool/Segger-SystemView/SEGGER/Config" -I"/home/aizaz/devomech/learning/STM32-FreeRTOS/Segger Trace Tool/Segger-SystemView/SEGGER/OS" -I"/home/aizaz/devomech/learning/STM32-FreeRTOS/Segger Trace Tool/Segger-SystemView/SEGGER/SEGGER" -I"/home/aizaz/devomech/learning/STM32-FreeRTOS/Segger Trace Tool/Segger-SystemView/FreeRTOS/portable/GCC/ARM_CM4F" -I"/home/aizaz/devomech/learning/STM32-FreeRTOS/Segger Trace Tool/Segger-SystemView/FreeRTOS" -I../Drivers/STM32F4xx_HAL_Driver/Inc -I../Drivers/STM32F4xx_HAL_Driver/Inc/Legacy -I../Drivers/CMSIS/Device/ST/STM32F4xx/Include -I../Drivers/CMSIS/Include -O0 -ffunction-sections -fdata-sections -Wall -fstack-usage -fcyclomatic-complexity -MMD -MP -MF"Drivers/STM32F4xx_HAL_Driver/Src/stm32f4xx_hal_exti.d" -MT"Drivers/STM32F4xx_HAL_Driver/Src/stm32f4xx_hal_exti.o" --specs=nano.specs -mfpu=fpv4-sp-d16 -mfloat-abi=hard -mthumb -o "Drivers/STM32F4xx_HAL_Driver/Src/stm32f4xx_hal_exti.o"
arm-none-eabi-gcc "../Drivers/STM32F4xx_HAL_Driver/Src/stm32f4xx_hal_flash.c" -mcpu=cortex-m4 -std=gnu11 -g3 -DDEBUG -DUSE_HAL_DRIVER -DSTM32F401xC -c -I../Core/Inc -I"/home/aizaz/devomech/learning/STM32-FreeRTOS/Segger Trace Tool/Segger-SystemView/FreeRTOS/include" -I"/home/aizaz/devomech/learning/STM32-FreeRTOS/Segger Trace Tool/Segger-SystemView/SEGGER/Config" -I"/home/aizaz/devomech/learning/STM32-FreeRTOS/Segger Trace Tool/Segger-SystemView/SEGGER/OS" -I"/home/aizaz/devomech/learning/STM32-FreeRTOS/Segger Trace Tool/Segger-SystemView/SEGGER/SEGGER" -I"/home/aizaz/devomech/learning/STM32-FreeRTOS/Segger Trace Tool/Segger-SystemView/FreeRTOS/portable/GCC/ARM_CM4F" -I"/home/aizaz/devomech/learning/STM32-FreeRTOS/Segger Trace Tool/Segger-SystemView/FreeRTOS" -I../Drivers/STM32F4xx_HAL_Driver/Inc -I../Drivers/STM32F4xx_HAL_Driver/Inc/Legacy -I../Drivers/CMSIS/Device/ST/STM32F4xx/Include -I../Drivers/CMSIS/Include -O0 -ffunction-sections -fdata-sections -Wall -fstack-usage -fcyclomatic-complexity -MMD -MP -MF"Drivers/STM32F4xx_HAL_Driver/Src/stm32f4xx_hal_flash.d" -MT"Drivers/STM32F4xx_HAL_Driver/Src/stm32f4xx_hal_flash.o" --specs=nano.specs -mfpu=fpv4-sp-d16 -mfloat-abi=hard -mthumb -o "Drivers/STM32F4xx_HAL_Driver/Src/stm32f4xx_hal_flash.o"
arm-none-eabi-gcc "../Drivers/STM32F4xx_HAL_Driver/Src/stm32f4xx_hal_flash_ex.c" -mcpu=cortex-m4 -std=gnu11 -g3 -DDEBUG -DUSE_HAL_DRIVER -DSTM32F401xC -c -I../Core/Inc -I"/home/aizaz/devomech/learning/STM32-FreeRTOS/Segger Trace Tool/Segger-SystemView/FreeRTOS/include" -I"/home/aizaz/devomech/learning/STM32-FreeRTOS/Segger Trace Tool/Segger-SystemView/SEGGER/Config" -I"/home/aizaz/devomech/learning/STM32-FreeRTOS/Segger Trace Tool/Segger-SystemView/SEGGER/OS" -I"/home/aizaz/devomech/learning/STM32-FreeRTOS/Segger Trace Tool/Segger-SystemView/SEGGER/SEGGER" -I"/home/aizaz/devomech/learning/STM32-FreeRTOS/Segger Trace Tool/Segger-SystemView/FreeRTOS/portable/GCC/ARM_CM4F" -I"/home/aizaz/devomech/learning/STM32-FreeRTOS/Segger Trace Tool/Segger-SystemView/FreeRTOS" -I../Drivers/STM32F4xx_HAL_Driver/Inc -I../Drivers/STM32F4xx_HAL_Driver/Inc/Legacy -I../Drivers/CMSIS/Device/ST/STM32F4xx/Include -I../Drivers/CMSIS/Include -O0 -ffunction-sections -fdata-sections -Wall -fstack-usage -fcyclomatic-complexity -MMD -MP -MF"Drivers/STM32F4xx_HAL_Driver/Src/stm32f4xx_hal_flash_ex.d" -MT"Drivers/STM32F4xx_HAL_Driver/Src/stm32f4xx_hal_flash_ex.o" --specs=nano.specs -mfpu=fpv4-sp-d16 -mfloat-abi=hard -mthumb -o "Drivers/STM32F4xx_HAL_Driver/Src/stm32f4xx_hal_flash_ex.o"
arm-none-eabi-gcc "../Drivers/STM32F4xx_HAL_Driver/Src/stm32f4xx_hal_flash_ramfunc.c" -mcpu=cortex-m4 -std=gnu11 -g3 -DDEBUG -DUSE_HAL_DRIVER -DSTM32F401xC -c -I../Core/Inc -I"/home/aizaz/devomech/learning/STM32-FreeRTOS/Segger Trace Tool/Segger-SystemView/FreeRTOS/include" -I"/home/aizaz/devomech/learning/STM32-FreeRTOS/Segger Trace Tool/Segger-SystemView/SEGGER/Config" -I"/home/aizaz/devomech/learning/STM32-FreeRTOS/Segger Trace Tool/Segger-SystemView/SEGGER/OS" -I"/home/aizaz/devomech/learning/STM32-FreeRTOS/Segger Trace Tool/Segger-SystemView/SEGGER/SEGGER" -I"/home/aizaz/devomech/learning/STM32-FreeRTOS/Segger Trace Tool/Segger-SystemView/FreeRTOS/portable/GCC/ARM_CM4F" -I"/home/aizaz/devomech/learning/STM32-FreeRTOS/Segger Trace Tool/Segger-SystemView/FreeRTOS" -I../Drivers/STM32F4xx_HAL_Driver/Inc -I../Drivers/STM32F4xx_HAL_Driver/Inc/Legacy -I../Drivers/CMSIS/Device/ST/STM32F4xx/Include -I../Drivers/CMSIS/Include -O0 -ffunction-sections -fdata-sections -Wall -fstack-usage -fcyclomatic-complexity -MMD -MP -MF"Drivers/STM32F4xx_HAL_Driver/Src/stm32f4xx_hal_flash_ramfunc.d" -MT"Drivers/STM32F4xx_HAL_Driver/Src/stm32f4xx_hal_flash_ramfunc.o" --specs=nano.specs -mfpu=fpv4-sp-d16 -mfloat-abi=hard -mthumb -o "Drivers/STM32F4xx_HAL_Driver/Src/stm32f4xx_hal_flash_ramfunc.o"
arm-none-eabi-gcc "../Drivers/STM32F4xx_HAL_Driver/Src/stm32f4xx_hal_gpio.c" -mcpu=cortex-m4 -std=gnu11 -g3 -DDEBUG -DUSE_HAL_DRIVER -DSTM32F401xC -c -I../Core/Inc -I"/home/aizaz/devomech/learning/STM32-FreeRTOS/Segger Trace Tool/Segger-SystemView/FreeRTOS/include" -I"/home/aizaz/devomech/learning/STM32-FreeRTOS/Segger Trace Tool/Segger-SystemView/SEGGER/Config" -I"/home/aizaz/devomech/learning/STM32-FreeRTOS/Segger Trace Tool/Segger-SystemView/SEGGER/OS" -I"/home/aizaz/devomech/learning/STM32-FreeRTOS/Segger Trace Tool/Segger-SystemView/SEGGER/SEGGER" -I"/home/aizaz/devomech/learning/STM32-FreeRTOS/Segger Trace Tool/Segger-SystemView/FreeRTOS/portable/GCC/ARM_CM4F" -I"/home/aizaz/devomech/learning/STM32-FreeRTOS/Segger Trace Tool/Segger-SystemView/FreeRTOS" -I../Drivers/STM32F4xx_HAL_Driver/Inc -I../Drivers/STM32F4xx_HAL_Driver/Inc/Legacy -I../Drivers/CMSIS/Device/ST/STM32F4xx/Include -I../Drivers/CMSIS/Include -O0 -ffunction-sections -fdata-sections -Wall -fstack-usage -fcyclomatic-complexity -MMD -MP -MF"Drivers/STM32F4xx_HAL_Driver/Src/stm32f4xx_hal_gpio.d" -MT"Drivers/STM32F4xx_HAL_Driver/Src/stm32f4xx_hal_gpio.o" --specs=nano.specs -mfpu=fpv4-sp-d16 -mfloat-abi=hard -mthumb -o "Drivers/STM32F4xx_HAL_Driver/Src/stm32f4xx_hal_gpio.o"
arm-none-eabi-gcc "../Drivers/STM32F4xx_HAL_Driver/Src/stm32f4xx_hal_pwr.c" -mcpu=cortex-m4 -std=gnu11 -g3 -DDEBUG -DUSE_HAL_DRIVER -DSTM32F401xC -c -I../Core/Inc -I"/home/aizaz/devomech/learning/STM32-FreeRTOS/Segger Trace Tool/Segger-SystemView/FreeRTOS/include" -I"/home/aizaz/devomech/learning/STM32-FreeRTOS/Segger Trace Tool/Segger-SystemView/SEGGER/Config" -I"/home/aizaz/devomech/learning/STM32-FreeRTOS/Segger Trace Tool/Segger-SystemView/SEGGER/OS" -I"/home/aizaz/devomech/learning/STM32-FreeRTOS/Segger Trace Tool/Segger-SystemView/SEGGER/SEGGER" -I"/home/aizaz/devomech/learning/STM32-FreeRTOS/Segger Trace Tool/Segger-SystemView/FreeRTOS/portable/GCC/ARM_CM4F" -I"/home/aizaz/devomech/learning/STM32-FreeRTOS/Segger Trace Tool/Segger-SystemView/FreeRTOS" -I../Drivers/STM32F4xx_HAL_Driver/Inc -I../Drivers/STM32F4xx_HAL_Driver/Inc/Legacy -I../Drivers/CMSIS/Device/ST/STM32F4xx/Include -I../Drivers/CMSIS/Include -O0 -ffunction-sections -fdata-sections -Wall -fstack-usage -fcyclomatic-complexity -MMD -MP -MF"Drivers/STM32F4xx_HAL_Driver/Src/stm32f4xx_hal_pwr.d" -MT"Drivers/STM32F4xx_HAL_Driver/Src/stm32f4xx_hal_pwr.o" --specs=nano.specs -mfpu=fpv4-sp-d16 -mfloat-abi=hard -mthumb -o "Drivers/STM32F4xx_HAL_Driver/Src/stm32f4xx_hal_pwr.o"
arm-none-eabi-gcc "../Drivers/STM32F4xx_HAL_Driver/Src/stm32f4xx_hal_pwr_ex.c" -mcpu=cortex-m4 -std=gnu11 -g3 -DDEBUG -DUSE_HAL_DRIVER -DSTM32F401xC -c -I../Core/Inc -I"/home/aizaz/devomech/learning/STM32-FreeRTOS/Segger Trace Tool/Segger-SystemView/FreeRTOS/include" -I"/home/aizaz/devomech/learning/STM32-FreeRTOS/Segger Trace Tool/Segger-SystemView/SEGGER/Config" -I"/home/aizaz/devomech/learning/STM32-FreeRTOS/Segger Trace Tool/Segger-SystemView/SEGGER/OS" -I"/home/aizaz/devomech/learning/STM32-FreeRTOS/Segger Trace Tool/Segger-SystemView/SEGGER/SEGGER" -I"/home/aizaz/devomech/learning/STM32-FreeRTOS/Segger Trace Tool/Segger-SystemView/FreeRTOS/portable/GCC/ARM_CM4F" -I"/home/aizaz/devomech/learning/STM32-FreeRTOS/Segger Trace Tool/Segger-SystemView/FreeRTOS" -I../Drivers/STM32F4xx_HAL_Driver/Inc -I../Drivers/STM32F4xx_HAL_Driver/Inc/Legacy -I../Drivers/CMSIS/Device/ST/STM32F4xx/Include -I../Drivers/CMSIS/Include -O0 -ffunction-sections -fdata-sections -Wall -fstack-usage -fcyclomatic-complexity -MMD -MP -MF"Drivers/STM32F4xx_HAL_Driver/Src/stm32f4xx_hal_pwr_ex.d" -MT"Drivers/STM32F4xx_HAL_Driver/Src/stm32f4xx_hal_pwr_ex.o" --specs=nano.specs -mfpu=fpv4-sp-d16 -mfloat-abi=hard -mthumb -o "Drivers/STM32F4xx_HAL_Driver/Src/stm32f4xx_hal_pwr_ex.o"
arm-none-eabi-gcc "../Drivers/STM32F4xx_HAL_Driver/Src/stm32f4xx_hal_rcc.c" -mcpu=cortex-m4 -std=gnu11 -g3 -DDEBUG -DUSE_HAL_DRIVER -DSTM32F401xC -c -I../Core/Inc -I"/home/aizaz/devomech/learning/STM32-FreeRTOS/Segger Trace Tool/Segger-SystemView/FreeRTOS/include" -I"/home/aizaz/devomech/learning/STM32-FreeRTOS/Segger Trace Tool/Segger-SystemView/SEGGER/Config" -I"/home/aizaz/devomech/learning/STM32-FreeRTOS/Segger Trace Tool/Segger-SystemView/SEGGER/OS" -I"/home/aizaz/devomech/learning/STM32-FreeRTOS/Segger Trace Tool/Segger-SystemView/SEGGER/SEGGER" -I"/home/aizaz/devomech/learning/STM32-FreeRTOS/Segger Trace Tool/Segger-SystemView/FreeRTOS/portable/GCC/ARM_CM4F" -I"/home/aizaz/devomech/learning/STM32-FreeRTOS/Segger Trace Tool/Segger-SystemView/FreeRTOS" -I../Drivers/STM32F4xx_HAL_Driver/Inc -I../Drivers/STM32F4xx_HAL_Driver/Inc/Legacy -I../Drivers/CMSIS/Device/ST/STM32F4xx/Include -I../Drivers/CMSIS/Include -O0 -ffunction-sections -fdata-sections -Wall -fstack-usage -fcyclomatic-complexity -MMD -MP -MF"Drivers/STM32F4xx_HAL_Driver/Src/stm32f4xx_hal_rcc.d" -MT"Drivers/STM32F4xx_HAL_Driver/Src/stm32f4xx_hal_rcc.o" --specs=nano.specs -mfpu=fpv4-sp-d16 -mfloat-abi=hard -mthumb -o "Drivers/STM32F4xx_HAL_Driver/Src/stm32f4xx_hal_rcc.o"
arm-none-eabi-gcc "../Drivers/STM32F4xx_HAL_Driver/Src/stm32f4xx_hal_rcc_ex.c" -mcpu=cortex-m4 -std=gnu11 -g3 -DDEBUG -DUSE_HAL_DRIVER -DSTM32F401xC -c -I../Core/Inc -I"/home/aizaz/devomech/learning/STM32-FreeRTOS/Segger Trace Tool/Segger-SystemView/FreeRTOS/include" -I"/home/aizaz/devomech/learning/STM32-FreeRTOS/Segger Trace Tool/Segger-SystemView/SEGGER/Config" -I"/home/aizaz/devomech/learning/STM32-FreeRTOS/Segger Trace Tool/Segger-SystemView/SEGGER/OS" -I"/home/aizaz/devomech/learning/STM32-FreeRTOS/Segger Trace Tool/Segger-SystemView/SEGGER/SEGGER" -I"/home/aizaz/devomech/learning/STM32-FreeRTOS/Segger Trace Tool/Segger-SystemView/FreeRTOS/portable/GCC/ARM_CM4F" -I"/home/aizaz/devomech/learning/STM32-FreeRTOS/Segger Trace Tool/Segger-SystemView/FreeRTOS" -I../Drivers/STM32F4xx_HAL_Driver/Inc -I../Drivers/STM32F4xx_HAL_Driver/Inc/Legacy -I../Drivers/CMSIS/Device/ST/STM32F4xx/Include -I../Drivers/CMSIS/Include -O0 -ffunction-sections -fdata-sections -Wall -fstack-usage -fcyclomatic-complexity -MMD -MP -MF"Drivers/STM32F4xx_HAL_Driver/Src/stm32f4xx_hal_rcc_ex.d" -MT"Drivers/STM32F4xx_HAL_Driver/Src/stm32f4xx_hal_rcc_ex.o" --specs=nano.specs -mfpu=fpv4-sp-d16 -mfloat-abi=hard -mthumb -o "Drivers/STM32F4xx_HAL_Driver/Src/stm32f4xx_hal_rcc_ex.o"
arm-none-eabi-gcc "../Drivers/STM32F4xx_HAL_Driver/Src/stm32f4xx_hal_tim.c" -mcpu=cortex-m4 -std=gnu11 -g3 -DDEBUG -DUSE_HAL_DRIVER -DSTM32F401xC -c -I../Core/Inc -I"/home/aizaz/devomech/learning/STM32-FreeRTOS/Segger Trace Tool/Segger-SystemView/FreeRTOS/include" -I"/home/aizaz/devomech/learning/STM32-FreeRTOS/Segger Trace Tool/Segger-SystemView/SEGGER/Config" -I"/home/aizaz/devomech/learning/STM32-FreeRTOS/Segger Trace Tool/Segger-SystemView/SEGGER/OS" -I"/home/aizaz/devomech/learning/STM32-FreeRTOS/Segger Trace Tool/Segger-SystemView/SEGGER/SEGGER" -I"/home/aizaz/devomech/learning/STM32-FreeRTOS/Segger Trace Tool/Segger-SystemView/FreeRTOS/portable/GCC/ARM_CM4F" -I"/home/aizaz/devomech/learning/STM32-FreeRTOS/Segger Trace Tool/Segger-SystemView/FreeRTOS" -I../Drivers/STM32F4xx_HAL_Driver/Inc -I../Drivers/STM32F4xx_HAL_Driver/Inc/Legacy -I../Drivers/CMSIS/Device/ST/STM32F4xx/Include -I../Drivers/CMSIS/Include -O0 -ffunction-sections -fdata-sections -Wall -fstack-usage -fcyclomatic-complexity -MMD -MP -MF"Drivers/STM32F4xx_HAL_Driver/Src/stm32f4xx_hal_tim.d" -MT"Drivers/STM32F4xx_HAL_Driver/Src/stm32f4xx_hal_tim.o" --specs=nano.specs -mfpu=fpv4-sp-d16 -mfloat-abi=hard -mthumb -o "Drivers/STM32F4xx_HAL_Driver/Src/stm32f4xx_hal_tim.o"
arm-none-eabi-gcc "../Drivers/STM32F4xx_HAL_Driver/Src/stm32f4xx_hal_tim_ex.c" -mcpu=cortex-m4 -std=gnu11 -g3 -DDEBUG -DUSE_HAL_DRIVER -DSTM32F401xC -c -I../Core/Inc -I"/home/aizaz/devomech/learning/STM32-FreeRTOS/Segger Trace Tool/Segger-SystemView/FreeRTOS/include" -I"/home/aizaz/devomech/learning/STM32-FreeRTOS/Segger Trace Tool/Segger-SystemView/SEGGER/Config" -I"/home/aizaz/devomech/learning/STM32-FreeRTOS/Segger Trace Tool/Segger-SystemView/SEGGER/OS" -I"/home/aizaz/devomech/learning/STM32-FreeRTOS/Segger Trace Tool/Segger-SystemView/SEGGER/SEGGER" -I"/home/aizaz/devomech/learning/STM32-FreeRTOS/Segger Trace Tool/Segger-SystemView/FreeRTOS/portable/GCC/ARM_CM4F" -I"/home/aizaz/devomech/learning/STM32-FreeRTOS/Segger Trace Tool/Segger-SystemView/FreeRTOS" -I../Drivers/STM32F4xx_HAL_Driver/Inc -I../Drivers/STM32F4xx_HAL_Driver/Inc/Legacy -I../Drivers/CMSIS/Device/ST/STM32F4xx/Include -I../Drivers/CMSIS/Include -O0 -ffunction-sections -fdata-sections -Wall -fstack-usage -fcyclomatic-complexity -MMD -MP -MF"Drivers/STM32F4xx_HAL_Driver/Src/stm32f4xx_hal_tim_ex.d" -MT"Drivers/STM32F4xx_HAL_Driver/Src/stm32f4xx_hal_tim_ex.o" --specs=nano.specs -mfpu=fpv4-sp-d16 -mfloat-abi=hard -mthumb -o "Drivers/STM32F4xx_HAL_Driver/Src/stm32f4xx_hal_tim_ex.o"
arm-none-eabi-gcc -mcpu=cortex-m4 -g3 -DDEBUG -c -I"/home/aizaz/devomech/learning/STM32-FreeRTOS/Segger Trace Tool/Segger-SystemView/SEGGER/Config" -x assembler-with-cpp -MMD -MP -MF"Core/Startup/startup_stm32f401ccux.d" -MT"Core/Startup/startup_stm32f401ccux.o" --specs=nano.specs -mfpu=fpv4-sp-d16 -mfloat-abi=hard -mthumb -o "Core/Startup/startup_stm32f401ccux.o" "../Core/Startup/startup_stm32f401ccux.s"
arm-none-eabi-gcc "../Core/Src/main.c" -mcpu=cortex-m4 -std=gnu11 -g3 -DDEBUG -DUSE_HAL_DRIVER -DSTM32F401xC -c -I../Core/Inc -I"/home/aizaz/devomech/learning/STM32-FreeRTOS/Segger Trace Tool/Segger-SystemView/FreeRTOS/include" -I"/home/aizaz/devomech/learning/STM32-FreeRTOS/Segger Trace Tool/Segger-SystemView/SEGGER/Config" -I"/home/aizaz/devomech/learning/STM32-FreeRTOS/Segger Trace Tool/Segger-SystemView/SEGGER/OS" -I"/home/aizaz/devomech/learning/STM32-FreeRTOS/Segger Trace Tool/Segger-SystemView/SEGGER/SEGGER" -I"/home/aizaz/devomech/learning/STM32-FreeRTOS/Segger Trace Tool/Segger-SystemView/FreeRTOS/portable/GCC/ARM_CM4F" -I"/home/aizaz/devomech/learning/STM32-FreeRTOS/Segger Trace Tool/Segger-SystemView/FreeRTOS" -I../Drivers/STM32F4xx_HAL_Driver/Inc -I../Drivers/STM32F4xx_HAL_Driver/Inc/Legacy -I../Drivers/CMSIS/Device/ST/STM32F4xx/Include -I../Drivers/CMSIS/Include -O0 -ffunction-sections -fdata-sections -Wall -fstack-usage -fcyclomatic-complexity -MMD -MP -MF"Core/Src/main.d" -MT"Core/Src/main.o" --specs=nano.specs -mfpu=fpv4-sp-d16 -mfloat-abi=hard -mthumb -o "Core/Src/main.o"
arm-none-eabi-gcc "../Core/Src/stm32f4xx_hal_msp.c" -mcpu=cortex-m4 -std=gnu11 -g3 -DDEBUG -DUSE_HAL_DRIVER -DSTM32F401xC -c -I../Core/Inc -I"/home/aizaz/devomech/learning/STM32-FreeRTOS/Segger Trace Tool/Segger-SystemView/FreeRTOS/include" -I"/home/aizaz/devomech/learning/STM32-FreeRTOS/Segger Trace Tool/Segger-SystemView/SEGGER/Config" -I"/home/aizaz/devomech/learning/STM32-FreeRTOS/Segger Trace Tool/Segger-SystemView/SEGGER/OS" -I"/home/aizaz/devomech/learning/STM32-FreeRTOS/Segger Trace Tool/Segger-SystemView/SEGGER/SEGGER" -I"/home/aizaz/devomech/learning/STM32-FreeRTOS/Segger Trace Tool/Segger-SystemView/FreeRTOS/portable/GCC/ARM_CM4F" -I"/home/aizaz/devomech/learning/STM32-FreeRTOS/Segger Trace Tool/Segger-SystemView/FreeRTOS" -I../Drivers/STM32F4xx_HAL_Driver/Inc -I../Drivers/STM32F4xx_HAL_Driver/Inc/Legacy -I../Drivers/CMSIS/Device/ST/STM32F4xx/Include -I../Drivers/CMSIS/Include -O0 -ffunction-sections -fdata-sections -Wall -fstack-usage -fcyclomatic-complexity -MMD -MP -MF"Core/Src/stm32f4xx_hal_msp.d" -MT"Core/Src/stm32f4xx_hal_msp.o" --specs=nano.specs -mfpu=fpv4-sp-d16 -mfloat-abi=hard -mthumb -o "Core/Src/stm32f4xx_hal_msp.o"
arm-none-eabi-gcc "../Core/Src/stm32f4xx_hal_timebase_tim.c" -mcpu=cortex-m4 -std=gnu11 -g3 -DDEBUG -DUSE_HAL_DRIVER -DSTM32F401xC -c -I../Core/Inc -I"/home/aizaz/devomech/learning/STM32-FreeRTOS/Segger Trace Tool/Segger-SystemView/FreeRTOS/include" -I"/home/aizaz/devomech/learning/STM32-FreeRTOS/Segger Trace Tool/Segger-SystemView/SEGGER/Config" -I"/home/aizaz/devomech/learning/STM32-FreeRTOS/Segger Trace Tool/Segger-SystemView/SEGGER/OS" -I"/home/aizaz/devomech/learning/STM32-FreeRTOS/Segger Trace Tool/Segger-SystemView/SEGGER/SEGGER" -I"/home/aizaz/devomech/learning/STM32-FreeRTOS/Segger Trace Tool/Segger-SystemView/FreeRTOS/portable/GCC/ARM_CM4F" -I"/home/aizaz/devomech/learning/STM32-FreeRTOS/Segger Trace Tool/Segger-SystemView/FreeRTOS" -I../Drivers/STM32F4xx_HAL_Driver/Inc -I../Drivers/STM32F4xx_HAL_Driver/Inc/Legacy -I../Drivers/CMSIS/Device/ST/STM32F4xx/Include -I../Drivers/CMSIS/Include -O0 -ffunction-sections -fdata-sections -Wall -fstack-usage -fcyclomatic-complexity -MMD -MP -MF"Core/Src/stm32f4xx_hal_timebase_tim.d" -MT"Core/Src/stm32f4xx_hal_timebase_tim.o" --specs=nano.specs -mfpu=fpv4-sp-d16 -mfloat-abi=hard -mthumb -o "Core/Src/stm32f4xx_hal_timebase_tim.o"
arm-none-eabi-gcc "../Core/Src/stm32f4xx_it.c" -mcpu=cortex-m4 -std=gnu11 -g3 -DDEBUG -DUSE_HAL_DRIVER -DSTM32F401xC -c -I../Core/Inc -I"/home/aizaz/devomech/learning/STM32-FreeRTOS/Segger Trace Tool/Segger-SystemView/FreeRTOS/include" -I"/home/aizaz/devomech/learning/STM32-FreeRTOS/Segger Trace Tool/Segger-SystemView/SEGGER/Config" -I"/home/aizaz/devomech/learning/STM32-FreeRTOS/Segger Trace Tool/Segger-SystemView/SEGGER/OS" -I"/home/aizaz/devomech/learning/STM32-FreeRTOS/Segger Trace Tool/Segger-SystemView/SEGGER/SEGGER" -I"/home/aizaz/devomech/learning/STM32-FreeRTOS/Segger Trace Tool/Segger-SystemView/FreeRTOS/portable/GCC/ARM_CM4F" -I"/home/aizaz/devomech/learning/STM32-FreeRTOS/Segger Trace Tool/Segger-SystemView/FreeRTOS" -I../Drivers/STM32F4xx_HAL_Driver/Inc -I../Drivers/STM32F4xx_HAL_Driver/Inc/Legacy -I../Drivers/CMSIS/Device/ST/STM32F4xx/Include -I../Drivers/CMSIS/Include -O0 -ffunction-sections -fdata-sections -Wall -fstack-usage -fcyclomatic-complexity -MMD -MP -MF"Core/Src/stm32f4xx_it.d" -MT"Core/Src/stm32f4xx_it.o" --specs=nano.specs -mfpu=fpv4-sp-d16 -mfloat-abi=hard -mthumb -o "Core/Src/stm32f4xx_it.o"
arm-none-eabi-gcc "../Core/Src/syscalls.c" -mcpu=cortex-m4 -std=gnu11 -g3 -DDEBUG -DUSE_HAL_DRIVER -DSTM32F401xC -c -I../Core/Inc -I"/home/aizaz/devomech/learning/STM32-FreeRTOS/Segger Trace Tool/Segger-SystemView/FreeRTOS/include" -I"/home/aizaz/devomech/learning/STM32-FreeRTOS/Segger Trace Tool/Segger-SystemView/SEGGER/Config" -I"/home/aizaz/devomech/learning/STM32-FreeRTOS/Segger Trace Tool/Segger-SystemView/SEGGER/OS" -I"/home/aizaz/devomech/learning/STM32-FreeRTOS/Segger Trace Tool/Segger-SystemView/SEGGER/SEGGER" -I"/home/aizaz/devomech/learning/STM32-FreeRTOS/Segger Trace Tool/Segger-SystemView/FreeRTOS/portable/GCC/ARM_CM4F" -I"/home/aizaz/devomech/learning/STM32-FreeRTOS/Segger Trace Tool/Segger-SystemView/FreeRTOS" -I../Drivers/STM32F4xx_HAL_Driver/Inc -I../Drivers/STM32F4xx_HAL_Driver/Inc/Legacy -I../Drivers/CMSIS/Device/ST/STM32F4xx/Include -I../Drivers/CMSIS/Include -O0 -ffunction-sections -fdata-sections -Wall -fstack-usage -fcyclomatic-complexity -MMD -MP -MF"Core/Src/syscalls.d" -MT"Core/Src/syscalls.o" --specs=nano.specs -mfpu=fpv4-sp-d16 -mfloat-abi=hard -mthumb -o "Core/Src/syscalls.o"
arm-none-eabi-gcc "../Core/Src/system_stm32f4xx.c" -mcpu=cortex-m4 -std=gnu11 -g3 -DDEBUG -DUSE_HAL_DRIVER -DSTM32F401xC -c -I../Core/Inc -I"/home/aizaz/devomech/learning/STM32-FreeRTOS/Segger Trace Tool/Segger-SystemView/FreeRTOS/include" -I"/home/aizaz/devomech/learning/STM32-FreeRTOS/Segger Trace Tool/Segger-SystemView/SEGGER/Config" -I"/home/aizaz/devomech/learning/STM32-FreeRTOS/Segger Trace Tool/Segger-SystemView/SEGGER/OS" -I"/home/aizaz/devomech/learning/STM32-FreeRTOS/Segger Trace Tool/Segger-SystemView/SEGGER/SEGGER" -I"/home/aizaz/devomech/learning/STM32-FreeRTOS/Segger Trace Tool/Segger-SystemView/FreeRTOS/portable/GCC/ARM_CM4F" -I"/home/aizaz/devomech/learning/STM32-FreeRTOS/Segger Trace Tool/Segger-SystemView/FreeRTOS" -I../Drivers/STM32F4xx_HAL_Driver/Inc -I../Drivers/STM32F4xx_HAL_Driver/Inc/Legacy -I../Drivers/CMSIS/Device/ST/STM32F4xx/Include -I../Drivers/CMSIS/Include -O0 -ffunction-sections -fdata-sections -Wall -fstack-usage -fcyclomatic-complexity -MMD -MP -MF"Core/Src/system_stm32f4xx.d" -MT"Core/Src/system_stm32f4xx.o" --specs=nano.specs -mfpu=fpv4-sp-d16 -mfloat-abi=hard -mthumb -o "Core/Src/system_stm32f4xx.o"
arm-none-eabi-gcc -o "SeggerSystemView.elf" @"objects.list"   -mcpu=cortex-m4 -T"/home/aizaz/devomech/learning/STM32-FreeRTOS/Segger Trace Tool/Segger-SystemView/STM32F401CCUX_FLASH.ld" --specs=nosys.specs -Wl,-Map="SeggerSystemView.map" -Wl,--gc-sections -static --specs=nano.specs -mfpu=fpv4-sp-d16 -mfloat-abi=hard -mthumb -Wl,--start-group -lc -lm -Wl,--end-group
Finished building target: SeggerSystemView.elf
 
arm-none-eabi-size  SeggerSystemView.elf 
arm-none-eabi-objdump -h -S SeggerSystemView.elf  > "SeggerSystemView.list"
   text	   data	    bss	    dec	    hex	filename
  23112	    112	  40792	  64016	   fa10	SeggerSystemView.elf
Finished building: default.size.stdout
 
Finished building: SeggerSystemView.list
 
15:38:27 **** Incremental Build of configuration Debug for project SeggerSystemView ****
make -j8 all 
arm-none-eabi-gcc "../FreeRTOS/tasks.c" -mcpu=cortex-m4 -std=gnu11 -g3 -DDEBUG -DUSE_HAL_DRIVER -DSTM32F401xC -c -I../Core/Inc -I"/home/aizaz/devomech/learning/STM32-FreeRTOS/Segger Trace Tool/Segger-SystemView/FreeRTOS/include" -I"/home/aizaz/devomech/learning/STM32-FreeRTOS/Segger Trace Tool/Segger-SystemView/SEGGER/Config" -I"/home/aizaz/devomech/learning/STM32-FreeRTOS/Segger Trace Tool/Segger-SystemView/SEGGER/OS" -I"/home/aizaz/devomech/learning/STM32-FreeRTOS/Segger Trace Tool/Segger-SystemView/SEGGER/SEGGER" -I"/home/aizaz/devomech/learning/STM32-FreeRTOS/Segger Trace Tool/Segger-SystemView/FreeRTOS/portable/GCC/ARM_CM4F" -I"/home/aizaz/devomech/learning/STM32-FreeRTOS/Segger Trace Tool/Segger-SystemView/FreeRTOS" -I../Drivers/STM32F4xx_HAL_Driver/Inc -I../Drivers/STM32F4xx_HAL_Driver/Inc/Legacy -I../Drivers/CMSIS/Device/ST/STM32F4xx/Include -I../Drivers/CMSIS/Include -O0 -ffunction-sections -fdata-sections -Wall -fstack-usage -fcyclomatic-complexity -MMD -MP -MF"FreeRTOS/tasks.d" -MT"FreeRTOS/tasks.o" --specs=nano.specs -mfpu=fpv4-sp-d16 -mfloat-abi=hard -mthumb -o "FreeRTOS/tasks.o"
../FreeRTOS/tasks.c: In function 'xTaskPriorityInherit':
../FreeRTOS/tasks.c:4126:21: warning: implicit declaration of function 'prvReaddTaskToReadyList'; did you mean 'prvAddTaskToReadyList'? [-Wimplicit-function-declaration]
 4126 |                     prvReaddTaskToReadyList( pxMutexHolderTCB );
      |                     ^~~~~~~~~~~~~~~~~~~~~~~
      |                     prvAddTaskToReadyList
arm-none-eabi-gcc -o "SeggerSystemView.elf" @"objects.list"   -mcpu=cortex-m4 -T"/home/aizaz/devomech/learning/STM32-FreeRTOS/Segger Trace Tool/Segger-SystemView/STM32F401CCUX_FLASH.ld" --specs=nosys.specs -Wl,-Map="SeggerSystemView.map" -Wl,--gc-sections -static --specs=nano.specs -mfpu=fpv4-sp-d16 -mfloat-abi=hard -mthumb -Wl,--start-group -lc -lm -Wl,--end-group
Finished building target: SeggerSystemView.elf
 
arm-none-eabi-size  SeggerSystemView.elf 
arm-none-eabi-objdump -h -S SeggerSystemView.elf  > "SeggerSystemView.list"
   text	   data	    bss	    dec	    hex	filename
  23112	    112	  40792	  64016	   fa10	SeggerSystemView.elf
Finished building: default.size.stdout
 
Finished building: SeggerSystemView.list
 
15:40:19 **** Incremental Build of configuration Debug for project SeggerSystemView ****
make -j8 all 
arm-none-eabi-gcc "../SEGGER/OS/SEGGER_SYSVIEW_FreeRTOS.c" -mcpu=cortex-m4 -std=gnu11 -g3 -DDEBUG -DUSE_HAL_DRIVER -DSTM32F401xC -c -I../Core/Inc -I"/home/aizaz/devomech/learning/STM32-FreeRTOS/Segger Trace Tool/Segger-SystemView/FreeRTOS/include" -I"/home/aizaz/devomech/learning/STM32-FreeRTOS/Segger Trace Tool/Segger-SystemView/SEGGER/Config" -I"/home/aizaz/devomech/learning/STM32-FreeRTOS/Segger Trace Tool/Segger-SystemView/SEGGER/OS" -I"/home/aizaz/devomech/learning/STM32-FreeRTOS/Segger Trace Tool/Segger-SystemView/SEGGER/SEGGER" -I"/home/aizaz/devomech/learning/STM32-FreeRTOS/Segger Trace Tool/Segger-SystemView/FreeRTOS/portable/GCC/ARM_CM4F" -I"/home/aizaz/devomech/learning/STM32-FreeRTOS/Segger Trace Tool/Segger-SystemView/FreeRTOS" -I../Drivers/STM32F4xx_HAL_Driver/Inc -I../Drivers/STM32F4xx_HAL_Driver/Inc/Legacy -I../Drivers/CMSIS/Device/ST/STM32F4xx/Include -I../Drivers/CMSIS/Include -O0 -ffunction-sections -fdata-sections -Wall -fstack-usage -fcyclomatic-complexity -MMD -MP -MF"SEGGER/OS/SEGGER_SYSVIEW_FreeRTOS.d" -MT"SEGGER/OS/SEGGER_SYSVIEW_FreeRTOS.o" --specs=nano.specs -mfpu=fpv4-sp-d16 -mfloat-abi=hard -mthumb -o "SEGGER/OS/SEGGER_SYSVIEW_FreeRTOS.o"
arm-none-eabi-gcc "../SEGGER/Config/SEGGER_SYSVIEW_Config_FreeRTOS.c" -mcpu=cortex-m4 -std=gnu11 -g3 -DDEBUG -DUSE_HAL_DRIVER -DSTM32F401xC -c -I../Core/Inc -I"/home/aizaz/devomech/learning/STM32-FreeRTOS/Segger Trace Tool/Segger-SystemView/FreeRTOS/include" -I"/home/aizaz/devomech/learning/STM32-FreeRTOS/Segger Trace Tool/Segger-SystemView/SEGGER/Config" -I"/home/aizaz/devomech/learning/STM32-FreeRTOS/Segger Trace Tool/Segger-SystemView/SEGGER/OS" -I"/home/aizaz/devomech/learning/STM32-FreeRTOS/Segger Trace Tool/Segger-SystemView/SEGGER/SEGGER" -I"/home/aizaz/devomech/learning/STM32-FreeRTOS/Segger Trace Tool/Segger-SystemView/FreeRTOS/portable/GCC/ARM_CM4F" -I"/home/aizaz/devomech/learning/STM32-FreeRTOS/Segger Trace Tool/Segger-SystemView/FreeRTOS" -I../Drivers/STM32F4xx_HAL_Driver/Inc -I../Drivers/STM32F4xx_HAL_Driver/Inc/Legacy -I../Drivers/CMSIS/Device/ST/STM32F4xx/Include -I../Drivers/CMSIS/Include -O0 -ffunction-sections -fdata-sections -Wall -fstack-usage -fcyclomatic-complexity -MMD -MP -MF"SEGGER/Config/SEGGER_SYSVIEW_Config_FreeRTOS.d" -MT"SEGGER/Config/SEGGER_SYSVIEW_Config_FreeRTOS.o" --specs=nano.specs -mfpu=fpv4-sp-d16 -mfloat-abi=hard -mthumb -o "SEGGER/Config/SEGGER_SYSVIEW_Config_FreeRTOS.o"
arm-none-eabi-gcc "../FreeRTOS/portable/MemMang/heap_4.c" -mcpu=cortex-m4 -std=gnu11 -g3 -DDEBUG -DUSE_HAL_DRIVER -DSTM32F401xC -c -I../Core/Inc -I"/home/aizaz/devomech/learning/STM32-FreeRTOS/Segger Trace Tool/Segger-SystemView/FreeRTOS/include" -I"/home/aizaz/devomech/learning/STM32-FreeRTOS/Segger Trace Tool/Segger-SystemView/SEGGER/Config" -I"/home/aizaz/devomech/learning/STM32-FreeRTOS/Segger Trace Tool/Segger-SystemView/SEGGER/OS" -I"/home/aizaz/devomech/learning/STM32-FreeRTOS/Segger Trace Tool/Segger-SystemView/SEGGER/SEGGER" -I"/home/aizaz/devomech/learning/STM32-FreeRTOS/Segger Trace Tool/Segger-SystemView/FreeRTOS/portable/GCC/ARM_CM4F" -I"/home/aizaz/devomech/learning/STM32-FreeRTOS/Segger Trace Tool/Segger-SystemView/FreeRTOS" -I../Drivers/STM32F4xx_HAL_Driver/Inc -I../Drivers/STM32F4xx_HAL_Driver/Inc/Legacy -I../Drivers/CMSIS/Device/ST/STM32F4xx/Include -I../Drivers/CMSIS/Include -O0 -ffunction-sections -fdata-sections -Wall -fstack-usage -fcyclomatic-complexity -MMD -MP -MF"FreeRTOS/portable/MemMang/heap_4.d" -MT"FreeRTOS/portable/MemMang/heap_4.o" --specs=nano.specs -mfpu=fpv4-sp-d16 -mfloat-abi=hard -mthumb -o "FreeRTOS/portable/MemMang/heap_4.o"
arm-none-eabi-gcc "../FreeRTOS/portable/GCC/ARM_CM4F/port.c" -mcpu=cortex-m4 -std=gnu11 -g3 -DDEBUG -DUSE_HAL_DRIVER -DSTM32F401xC -c -I../Core/Inc -I"/home/aizaz/devomech/learning/STM32-FreeRTOS/Segger Trace Tool/Segger-SystemView/FreeRTOS/include" -I"/home/aizaz/devomech/learning/STM32-FreeRTOS/Segger Trace Tool/Segger-SystemView/SEGGER/Config" -I"/home/aizaz/devomech/learning/STM32-FreeRTOS/Segger Trace Tool/Segger-SystemView/SEGGER/OS" -I"/home/aizaz/devomech/learning/STM32-FreeRTOS/Segger Trace Tool/Segger-SystemView/SEGGER/SEGGER" -I"/home/aizaz/devomech/learning/STM32-FreeRTOS/Segger Trace Tool/Segger-SystemView/FreeRTOS/portable/GCC/ARM_CM4F" -I"/home/aizaz/devomech/learning/STM32-FreeRTOS/Segger Trace Tool/Segger-SystemView/FreeRTOS" -I../Drivers/STM32F4xx_HAL_Driver/Inc -I../Drivers/STM32F4xx_HAL_Driver/Inc/Legacy -I../Drivers/CMSIS/Device/ST/STM32F4xx/Include -I../Drivers/CMSIS/Include -O0 -ffunction-sections -fdata-sections -Wall -fstack-usage -fcyclomatic-complexity -MMD -MP -MF"FreeRTOS/portable/GCC/ARM_CM4F/port.d" -MT"FreeRTOS/portable/GCC/ARM_CM4F/port.o" --specs=nano.specs -mfpu=fpv4-sp-d16 -mfloat-abi=hard -mthumb -o "FreeRTOS/portable/GCC/ARM_CM4F/port.o"
arm-none-eabi-gcc "../FreeRTOS/croutine.c" -mcpu=cortex-m4 -std=gnu11 -g3 -DDEBUG -DUSE_HAL_DRIVER -DSTM32F401xC -c -I../Core/Inc -I"/home/aizaz/devomech/learning/STM32-FreeRTOS/Segger Trace Tool/Segger-SystemView/FreeRTOS/include" -I"/home/aizaz/devomech/learning/STM32-FreeRTOS/Segger Trace Tool/Segger-SystemView/SEGGER/Config" -I"/home/aizaz/devomech/learning/STM32-FreeRTOS/Segger Trace Tool/Segger-SystemView/SEGGER/OS" -I"/home/aizaz/devomech/learning/STM32-FreeRTOS/Segger Trace Tool/Segger-SystemView/SEGGER/SEGGER" -I"/home/aizaz/devomech/learning/STM32-FreeRTOS/Segger Trace Tool/Segger-SystemView/FreeRTOS/portable/GCC/ARM_CM4F" -I"/home/aizaz/devomech/learning/STM32-FreeRTOS/Segger Trace Tool/Segger-SystemView/FreeRTOS" -I../Drivers/STM32F4xx_HAL_Driver/Inc -I../Drivers/STM32F4xx_HAL_Driver/Inc/Legacy -I../Drivers/CMSIS/Device/ST/STM32F4xx/Include -I../Drivers/CMSIS/Include -O0 -ffunction-sections -fdata-sections -Wall -fstack-usage -fcyclomatic-complexity -MMD -MP -MF"FreeRTOS/croutine.d" -MT"FreeRTOS/croutine.o" --specs=nano.specs -mfpu=fpv4-sp-d16 -mfloat-abi=hard -mthumb -o "FreeRTOS/croutine.o"
arm-none-eabi-gcc "../FreeRTOS/event_groups.c" -mcpu=cortex-m4 -std=gnu11 -g3 -DDEBUG -DUSE_HAL_DRIVER -DSTM32F401xC -c -I../Core/Inc -I"/home/aizaz/devomech/learning/STM32-FreeRTOS/Segger Trace Tool/Segger-SystemView/FreeRTOS/include" -I"/home/aizaz/devomech/learning/STM32-FreeRTOS/Segger Trace Tool/Segger-SystemView/SEGGER/Config" -I"/home/aizaz/devomech/learning/STM32-FreeRTOS/Segger Trace Tool/Segger-SystemView/SEGGER/OS" -I"/home/aizaz/devomech/learning/STM32-FreeRTOS/Segger Trace Tool/Segger-SystemView/SEGGER/SEGGER" -I"/home/aizaz/devomech/learning/STM32-FreeRTOS/Segger Trace Tool/Segger-SystemView/FreeRTOS/portable/GCC/ARM_CM4F" -I"/home/aizaz/devomech/learning/STM32-FreeRTOS/Segger Trace Tool/Segger-SystemView/FreeRTOS" -I../Drivers/STM32F4xx_HAL_Driver/Inc -I../Drivers/STM32F4xx_HAL_Driver/Inc/Legacy -I../Drivers/CMSIS/Device/ST/STM32F4xx/Include -I../Drivers/CMSIS/Include -O0 -ffunction-sections -fdata-sections -Wall -fstack-usage -fcyclomatic-complexity -MMD -MP -MF"FreeRTOS/event_groups.d" -MT"FreeRTOS/event_groups.o" --specs=nano.specs -mfpu=fpv4-sp-d16 -mfloat-abi=hard -mthumb -o "FreeRTOS/event_groups.o"
arm-none-eabi-gcc "../FreeRTOS/list.c" -mcpu=cortex-m4 -std=gnu11 -g3 -DDEBUG -DUSE_HAL_DRIVER -DSTM32F401xC -c -I../Core/Inc -I"/home/aizaz/devomech/learning/STM32-FreeRTOS/Segger Trace Tool/Segger-SystemView/FreeRTOS/include" -I"/home/aizaz/devomech/learning/STM32-FreeRTOS/Segger Trace Tool/Segger-SystemView/SEGGER/Config" -I"/home/aizaz/devomech/learning/STM32-FreeRTOS/Segger Trace Tool/Segger-SystemView/SEGGER/OS" -I"/home/aizaz/devomech/learning/STM32-FreeRTOS/Segger Trace Tool/Segger-SystemView/SEGGER/SEGGER" -I"/home/aizaz/devomech/learning/STM32-FreeRTOS/Segger Trace Tool/Segger-SystemView/FreeRTOS/portable/GCC/ARM_CM4F" -I"/home/aizaz/devomech/learning/STM32-FreeRTOS/Segger Trace Tool/Segger-SystemView/FreeRTOS" -I../Drivers/STM32F4xx_HAL_Driver/Inc -I../Drivers/STM32F4xx_HAL_Driver/Inc/Legacy -I../Drivers/CMSIS/Device/ST/STM32F4xx/Include -I../Drivers/CMSIS/Include -O0 -ffunction-sections -fdata-sections -Wall -fstack-usage -fcyclomatic-complexity -MMD -MP -MF"FreeRTOS/list.d" -MT"FreeRTOS/list.o" --specs=nano.specs -mfpu=fpv4-sp-d16 -mfloat-abi=hard -mthumb -o "FreeRTOS/list.o"
arm-none-eabi-gcc "../FreeRTOS/queue.c" -mcpu=cortex-m4 -std=gnu11 -g3 -DDEBUG -DUSE_HAL_DRIVER -DSTM32F401xC -c -I../Core/Inc -I"/home/aizaz/devomech/learning/STM32-FreeRTOS/Segger Trace Tool/Segger-SystemView/FreeRTOS/include" -I"/home/aizaz/devomech/learning/STM32-FreeRTOS/Segger Trace Tool/Segger-SystemView/SEGGER/Config" -I"/home/aizaz/devomech/learning/STM32-FreeRTOS/Segger Trace Tool/Segger-SystemView/SEGGER/OS" -I"/home/aizaz/devomech/learning/STM32-FreeRTOS/Segger Trace Tool/Segger-SystemView/SEGGER/SEGGER" -I"/home/aizaz/devomech/learning/STM32-FreeRTOS/Segger Trace Tool/Segger-SystemView/FreeRTOS/portable/GCC/ARM_CM4F" -I"/home/aizaz/devomech/learning/STM32-FreeRTOS/Segger Trace Tool/Segger-SystemView/FreeRTOS" -I../Drivers/STM32F4xx_HAL_Driver/Inc -I../Drivers/STM32F4xx_HAL_Driver/Inc/Legacy -I../Drivers/CMSIS/Device/ST/STM32F4xx/Include -I../Drivers/CMSIS/Include -O0 -ffunction-sections -fdata-sections -Wall -fstack-usage -fcyclomatic-complexity -MMD -MP -MF"FreeRTOS/queue.d" -MT"FreeRTOS/queue.o" --specs=nano.specs -mfpu=fpv4-sp-d16 -mfloat-abi=hard -mthumb -o "FreeRTOS/queue.o"
arm-none-eabi-gcc "../FreeRTOS/stream_buffer.c" -mcpu=cortex-m4 -std=gnu11 -g3 -DDEBUG -DUSE_HAL_DRIVER -DSTM32F401xC -c -I../Core/Inc -I"/home/aizaz/devomech/learning/STM32-FreeRTOS/Segger Trace Tool/Segger-SystemView/FreeRTOS/include" -I"/home/aizaz/devomech/learning/STM32-FreeRTOS/Segger Trace Tool/Segger-SystemView/SEGGER/Config" -I"/home/aizaz/devomech/learning/STM32-FreeRTOS/Segger Trace Tool/Segger-SystemView/SEGGER/OS" -I"/home/aizaz/devomech/learning/STM32-FreeRTOS/Segger Trace Tool/Segger-SystemView/SEGGER/SEGGER" -I"/home/aizaz/devomech/learning/STM32-FreeRTOS/Segger Trace Tool/Segger-SystemView/FreeRTOS/portable/GCC/ARM_CM4F" -I"/home/aizaz/devomech/learning/STM32-FreeRTOS/Segger Trace Tool/Segger-SystemView/FreeRTOS" -I../Drivers/STM32F4xx_HAL_Driver/Inc -I../Drivers/STM32F4xx_HAL_Driver/Inc/Legacy -I../Drivers/CMSIS/Device/ST/STM32F4xx/Include -I../Drivers/CMSIS/Include -O0 -ffunction-sections -fdata-sections -Wall -fstack-usage -fcyclomatic-complexity -MMD -MP -MF"FreeRTOS/stream_buffer.d" -MT"FreeRTOS/stream_buffer.o" --specs=nano.specs -mfpu=fpv4-sp-d16 -mfloat-abi=hard -mthumb -o "FreeRTOS/stream_buffer.o"
arm-none-eabi-gcc "../FreeRTOS/tasks.c" -mcpu=cortex-m4 -std=gnu11 -g3 -DDEBUG -DUSE_HAL_DRIVER -DSTM32F401xC -c -I../Core/Inc -I"/home/aizaz/devomech/learning/STM32-FreeRTOS/Segger Trace Tool/Segger-SystemView/FreeRTOS/include" -I"/home/aizaz/devomech/learning/STM32-FreeRTOS/Segger Trace Tool/Segger-SystemView/SEGGER/Config" -I"/home/aizaz/devomech/learning/STM32-FreeRTOS/Segger Trace Tool/Segger-SystemView/SEGGER/OS" -I"/home/aizaz/devomech/learning/STM32-FreeRTOS/Segger Trace Tool/Segger-SystemView/SEGGER/SEGGER" -I"/home/aizaz/devomech/learning/STM32-FreeRTOS/Segger Trace Tool/Segger-SystemView/FreeRTOS/portable/GCC/ARM_CM4F" -I"/home/aizaz/devomech/learning/STM32-FreeRTOS/Segger Trace Tool/Segger-SystemView/FreeRTOS" -I../Drivers/STM32F4xx_HAL_Driver/Inc -I../Drivers/STM32F4xx_HAL_Driver/Inc/Legacy -I../Drivers/CMSIS/Device/ST/STM32F4xx/Include -I../Drivers/CMSIS/Include -O0 -ffunction-sections -fdata-sections -Wall -fstack-usage -fcyclomatic-complexity -MMD -MP -MF"FreeRTOS/tasks.d" -MT"FreeRTOS/tasks.o" --specs=nano.specs -mfpu=fpv4-sp-d16 -mfloat-abi=hard -mthumb -o "FreeRTOS/tasks.o"
arm-none-eabi-gcc "../FreeRTOS/timers.c" -mcpu=cortex-m4 -std=gnu11 -g3 -DDEBUG -DUSE_HAL_DRIVER -DSTM32F401xC -c -I../Core/Inc -I"/home/aizaz/devomech/learning/STM32-FreeRTOS/Segger Trace Tool/Segger-SystemView/FreeRTOS/include" -I"/home/aizaz/devomech/learning/STM32-FreeRTOS/Segger Trace Tool/Segger-SystemView/SEGGER/Config" -I"/home/aizaz/devomech/learning/STM32-FreeRTOS/Segger Trace Tool/Segger-SystemView/SEGGER/OS" -I"/home/aizaz/devomech/learning/STM32-FreeRTOS/Segger Trace Tool/Segger-SystemView/SEGGER/SEGGER" -I"/home/aizaz/devomech/learning/STM32-FreeRTOS/Segger Trace Tool/Segger-SystemView/FreeRTOS/portable/GCC/ARM_CM4F" -I"/home/aizaz/devomech/learning/STM32-FreeRTOS/Segger Trace Tool/Segger-SystemView/FreeRTOS" -I../Drivers/STM32F4xx_HAL_Driver/Inc -I../Drivers/STM32F4xx_HAL_Driver/Inc/Legacy -I../Drivers/CMSIS/Device/ST/STM32F4xx/Include -I../Drivers/CMSIS/Include -O0 -ffunction-sections -fdata-sections -Wall -fstack-usage -fcyclomatic-complexity -MMD -MP -MF"FreeRTOS/timers.d" -MT"FreeRTOS/timers.o" --specs=nano.specs -mfpu=fpv4-sp-d16 -mfloat-abi=hard -mthumb -o "FreeRTOS/timers.o"
arm-none-eabi-gcc "../Drivers/STM32F4xx_HAL_Driver/Src/stm32f4xx_hal.c" -mcpu=cortex-m4 -std=gnu11 -g3 -DDEBUG -DUSE_HAL_DRIVER -DSTM32F401xC -c -I../Core/Inc -I"/home/aizaz/devomech/learning/STM32-FreeRTOS/Segger Trace Tool/Segger-SystemView/FreeRTOS/include" -I"/home/aizaz/devomech/learning/STM32-FreeRTOS/Segger Trace Tool/Segger-SystemView/SEGGER/Config" -I"/home/aizaz/devomech/learning/STM32-FreeRTOS/Segger Trace Tool/Segger-SystemView/SEGGER/OS" -I"/home/aizaz/devomech/learning/STM32-FreeRTOS/Segger Trace Tool/Segger-SystemView/SEGGER/SEGGER" -I"/home/aizaz/devomech/learning/STM32-FreeRTOS/Segger Trace Tool/Segger-SystemView/FreeRTOS/portable/GCC/ARM_CM4F" -I"/home/aizaz/devomech/learning/STM32-FreeRTOS/Segger Trace Tool/Segger-SystemView/FreeRTOS" -I../Drivers/STM32F4xx_HAL_Driver/Inc -I../Drivers/STM32F4xx_HAL_Driver/Inc/Legacy -I../Drivers/CMSIS/Device/ST/STM32F4xx/Include -I../Drivers/CMSIS/Include -O0 -ffunction-sections -fdata-sections -Wall -fstack-usage -fcyclomatic-complexity -MMD -MP -MF"Drivers/STM32F4xx_HAL_Driver/Src/stm32f4xx_hal.d" -MT"Drivers/STM32F4xx_HAL_Driver/Src/stm32f4xx_hal.o" --specs=nano.specs -mfpu=fpv4-sp-d16 -mfloat-abi=hard -mthumb -o "Drivers/STM32F4xx_HAL_Driver/Src/stm32f4xx_hal.o"
arm-none-eabi-gcc "../Drivers/STM32F4xx_HAL_Driver/Src/stm32f4xx_hal_cortex.c" -mcpu=cortex-m4 -std=gnu11 -g3 -DDEBUG -DUSE_HAL_DRIVER -DSTM32F401xC -c -I../Core/Inc -I"/home/aizaz/devomech/learning/STM32-FreeRTOS/Segger Trace Tool/Segger-SystemView/FreeRTOS/include" -I"/home/aizaz/devomech/learning/STM32-FreeRTOS/Segger Trace Tool/Segger-SystemView/SEGGER/Config" -I"/home/aizaz/devomech/learning/STM32-FreeRTOS/Segger Trace Tool/Segger-SystemView/SEGGER/OS" -I"/home/aizaz/devomech/learning/STM32-FreeRTOS/Segger Trace Tool/Segger-SystemView/SEGGER/SEGGER" -I"/home/aizaz/devomech/learning/STM32-FreeRTOS/Segger Trace Tool/Segger-SystemView/FreeRTOS/portable/GCC/ARM_CM4F" -I"/home/aizaz/devomech/learning/STM32-FreeRTOS/Segger Trace Tool/Segger-SystemView/FreeRTOS" -I../Drivers/STM32F4xx_HAL_Driver/Inc -I../Drivers/STM32F4xx_HAL_Driver/Inc/Legacy -I../Drivers/CMSIS/Device/ST/STM32F4xx/Include -I../Drivers/CMSIS/Include -O0 -ffunction-sections -fdata-sections -Wall -fstack-usage -fcyclomatic-complexity -MMD -MP -MF"Drivers/STM32F4xx_HAL_Driver/Src/stm32f4xx_hal_cortex.d" -MT"Drivers/STM32F4xx_HAL_Driver/Src/stm32f4xx_hal_cortex.o" --specs=nano.specs -mfpu=fpv4-sp-d16 -mfloat-abi=hard -mthumb -o "Drivers/STM32F4xx_HAL_Driver/Src/stm32f4xx_hal_cortex.o"
arm-none-eabi-gcc "../Drivers/STM32F4xx_HAL_Driver/Src/stm32f4xx_hal_dma.c" -mcpu=cortex-m4 -std=gnu11 -g3 -DDEBUG -DUSE_HAL_DRIVER -DSTM32F401xC -c -I../Core/Inc -I"/home/aizaz/devomech/learning/STM32-FreeRTOS/Segger Trace Tool/Segger-SystemView/FreeRTOS/include" -I"/home/aizaz/devomech/learning/STM32-FreeRTOS/Segger Trace Tool/Segger-SystemView/SEGGER/Config" -I"/home/aizaz/devomech/learning/STM32-FreeRTOS/Segger Trace Tool/Segger-SystemView/SEGGER/OS" -I"/home/aizaz/devomech/learning/STM32-FreeRTOS/Segger Trace Tool/Segger-SystemView/SEGGER/SEGGER" -I"/home/aizaz/devomech/learning/STM32-FreeRTOS/Segger Trace Tool/Segger-SystemView/FreeRTOS/portable/GCC/ARM_CM4F" -I"/home/aizaz/devomech/learning/STM32-FreeRTOS/Segger Trace Tool/Segger-SystemView/FreeRTOS" -I../Drivers/STM32F4xx_HAL_Driver/Inc -I../Drivers/STM32F4xx_HAL_Driver/Inc/Legacy -I../Drivers/CMSIS/Device/ST/STM32F4xx/Include -I../Drivers/CMSIS/Include -O0 -ffunction-sections -fdata-sections -Wall -fstack-usage -fcyclomatic-complexity -MMD -MP -MF"Drivers/STM32F4xx_HAL_Driver/Src/stm32f4xx_hal_dma.d" -MT"Drivers/STM32F4xx_HAL_Driver/Src/stm32f4xx_hal_dma.o" --specs=nano.specs -mfpu=fpv4-sp-d16 -mfloat-abi=hard -mthumb -o "Drivers/STM32F4xx_HAL_Driver/Src/stm32f4xx_hal_dma.o"
arm-none-eabi-gcc "../Drivers/STM32F4xx_HAL_Driver/Src/stm32f4xx_hal_dma_ex.c" -mcpu=cortex-m4 -std=gnu11 -g3 -DDEBUG -DUSE_HAL_DRIVER -DSTM32F401xC -c -I../Core/Inc -I"/home/aizaz/devomech/learning/STM32-FreeRTOS/Segger Trace Tool/Segger-SystemView/FreeRTOS/include" -I"/home/aizaz/devomech/learning/STM32-FreeRTOS/Segger Trace Tool/Segger-SystemView/SEGGER/Config" -I"/home/aizaz/devomech/learning/STM32-FreeRTOS/Segger Trace Tool/Segger-SystemView/SEGGER/OS" -I"/home/aizaz/devomech/learning/STM32-FreeRTOS/Segger Trace Tool/Segger-SystemView/SEGGER/SEGGER" -I"/home/aizaz/devomech/learning/STM32-FreeRTOS/Segger Trace Tool/Segger-SystemView/FreeRTOS/portable/GCC/ARM_CM4F" -I"/home/aizaz/devomech/learning/STM32-FreeRTOS/Segger Trace Tool/Segger-SystemView/FreeRTOS" -I../Drivers/STM32F4xx_HAL_Driver/Inc -I../Drivers/STM32F4xx_HAL_Driver/Inc/Legacy -I../Drivers/CMSIS/Device/ST/STM32F4xx/Include -I../Drivers/CMSIS/Include -O0 -ffunction-sections -fdata-sections -Wall -fstack-usage -fcyclomatic-complexity -MMD -MP -MF"Drivers/STM32F4xx_HAL_Driver/Src/stm32f4xx_hal_dma_ex.d" -MT"Drivers/STM32F4xx_HAL_Driver/Src/stm32f4xx_hal_dma_ex.o" --specs=nano.specs -mfpu=fpv4-sp-d16 -mfloat-abi=hard -mthumb -o "Drivers/STM32F4xx_HAL_Driver/Src/stm32f4xx_hal_dma_ex.o"
../FreeRTOS/tasks.c: In function 'xTaskPriorityInherit':
../FreeRTOS/tasks.c:4126:21: warning: implicit declaration of function 'prvReaddTaskToReadyList'; did you mean 'prvAddTaskToReadyList'? [-Wimplicit-function-declaration]
 4126 |                     prvReaddTaskToReadyList( pxMutexHolderTCB );
      |                     ^~~~~~~~~~~~~~~~~~~~~~~
      |                     prvAddTaskToReadyList
arm-none-eabi-gcc "../Drivers/STM32F4xx_HAL_Driver/Src/stm32f4xx_hal_exti.c" -mcpu=cortex-m4 -std=gnu11 -g3 -DDEBUG -DUSE_HAL_DRIVER -DSTM32F401xC -c -I../Core/Inc -I"/home/aizaz/devomech/learning/STM32-FreeRTOS/Segger Trace Tool/Segger-SystemView/FreeRTOS/include" -I"/home/aizaz/devomech/learning/STM32-FreeRTOS/Segger Trace Tool/Segger-SystemView/SEGGER/Config" -I"/home/aizaz/devomech/learning/STM32-FreeRTOS/Segger Trace Tool/Segger-SystemView/SEGGER/OS" -I"/home/aizaz/devomech/learning/STM32-FreeRTOS/Segger Trace Tool/Segger-SystemView/SEGGER/SEGGER" -I"/home/aizaz/devomech/learning/STM32-FreeRTOS/Segger Trace Tool/Segger-SystemView/FreeRTOS/portable/GCC/ARM_CM4F" -I"/home/aizaz/devomech/learning/STM32-FreeRTOS/Segger Trace Tool/Segger-SystemView/FreeRTOS" -I../Drivers/STM32F4xx_HAL_Driver/Inc -I../Drivers/STM32F4xx_HAL_Driver/Inc/Legacy -I../Drivers/CMSIS/Device/ST/STM32F4xx/Include -I../Drivers/CMSIS/Include -O0 -ffunction-sections -fdata-sections -Wall -fstack-usage -fcyclomatic-complexity -MMD -MP -MF"Drivers/STM32F4xx_HAL_Driver/Src/stm32f4xx_hal_exti.d" -MT"Drivers/STM32F4xx_HAL_Driver/Src/stm32f4xx_hal_exti.o" --specs=nano.specs -mfpu=fpv4-sp-d16 -mfloat-abi=hard -mthumb -o "Drivers/STM32F4xx_HAL_Driver/Src/stm32f4xx_hal_exti.o"
arm-none-eabi-gcc "../Drivers/STM32F4xx_HAL_Driver/Src/stm32f4xx_hal_flash.c" -mcpu=cortex-m4 -std=gnu11 -g3 -DDEBUG -DUSE_HAL_DRIVER -DSTM32F401xC -c -I../Core/Inc -I"/home/aizaz/devomech/learning/STM32-FreeRTOS/Segger Trace Tool/Segger-SystemView/FreeRTOS/include" -I"/home/aizaz/devomech/learning/STM32-FreeRTOS/Segger Trace Tool/Segger-SystemView/SEGGER/Config" -I"/home/aizaz/devomech/learning/STM32-FreeRTOS/Segger Trace Tool/Segger-SystemView/SEGGER/OS" -I"/home/aizaz/devomech/learning/STM32-FreeRTOS/Segger Trace Tool/Segger-SystemView/SEGGER/SEGGER" -I"/home/aizaz/devomech/learning/STM32-FreeRTOS/Segger Trace Tool/Segger-SystemView/FreeRTOS/portable/GCC/ARM_CM4F" -I"/home/aizaz/devomech/learning/STM32-FreeRTOS/Segger Trace Tool/Segger-SystemView/FreeRTOS" -I../Drivers/STM32F4xx_HAL_Driver/Inc -I../Drivers/STM32F4xx_HAL_Driver/Inc/Legacy -I../Drivers/CMSIS/Device/ST/STM32F4xx/Include -I../Drivers/CMSIS/Include -O0 -ffunction-sections -fdata-sections -Wall -fstack-usage -fcyclomatic-complexity -MMD -MP -MF"Drivers/STM32F4xx_HAL_Driver/Src/stm32f4xx_hal_flash.d" -MT"Drivers/STM32F4xx_HAL_Driver/Src/stm32f4xx_hal_flash.o" --specs=nano.specs -mfpu=fpv4-sp-d16 -mfloat-abi=hard -mthumb -o "Drivers/STM32F4xx_HAL_Driver/Src/stm32f4xx_hal_flash.o"
arm-none-eabi-gcc "../Drivers/STM32F4xx_HAL_Driver/Src/stm32f4xx_hal_flash_ex.c" -mcpu=cortex-m4 -std=gnu11 -g3 -DDEBUG -DUSE_HAL_DRIVER -DSTM32F401xC -c -I../Core/Inc -I"/home/aizaz/devomech/learning/STM32-FreeRTOS/Segger Trace Tool/Segger-SystemView/FreeRTOS/include" -I"/home/aizaz/devomech/learning/STM32-FreeRTOS/Segger Trace Tool/Segger-SystemView/SEGGER/Config" -I"/home/aizaz/devomech/learning/STM32-FreeRTOS/Segger Trace Tool/Segger-SystemView/SEGGER/OS" -I"/home/aizaz/devomech/learning/STM32-FreeRTOS/Segger Trace Tool/Segger-SystemView/SEGGER/SEGGER" -I"/home/aizaz/devomech/learning/STM32-FreeRTOS/Segger Trace Tool/Segger-SystemView/FreeRTOS/portable/GCC/ARM_CM4F" -I"/home/aizaz/devomech/learning/STM32-FreeRTOS/Segger Trace Tool/Segger-SystemView/FreeRTOS" -I../Drivers/STM32F4xx_HAL_Driver/Inc -I../Drivers/STM32F4xx_HAL_Driver/Inc/Legacy -I../Drivers/CMSIS/Device/ST/STM32F4xx/Include -I../Drivers/CMSIS/Include -O0 -ffunction-sections -fdata-sections -Wall -fstack-usage -fcyclomatic-complexity -MMD -MP -MF"Drivers/STM32F4xx_HAL_Driver/Src/stm32f4xx_hal_flash_ex.d" -MT"Drivers/STM32F4xx_HAL_Driver/Src/stm32f4xx_hal_flash_ex.o" --specs=nano.specs -mfpu=fpv4-sp-d16 -mfloat-abi=hard -mthumb -o "Drivers/STM32F4xx_HAL_Driver/Src/stm32f4xx_hal_flash_ex.o"
arm-none-eabi-gcc "../Drivers/STM32F4xx_HAL_Driver/Src/stm32f4xx_hal_flash_ramfunc.c" -mcpu=cortex-m4 -std=gnu11 -g3 -DDEBUG -DUSE_HAL_DRIVER -DSTM32F401xC -c -I../Core/Inc -I"/home/aizaz/devomech/learning/STM32-FreeRTOS/Segger Trace Tool/Segger-SystemView/FreeRTOS/include" -I"/home/aizaz/devomech/learning/STM32-FreeRTOS/Segger Trace Tool/Segger-SystemView/SEGGER/Config" -I"/home/aizaz/devomech/learning/STM32-FreeRTOS/Segger Trace Tool/Segger-SystemView/SEGGER/OS" -I"/home/aizaz/devomech/learning/STM32-FreeRTOS/Segger Trace Tool/Segger-SystemView/SEGGER/SEGGER" -I"/home/aizaz/devomech/learning/STM32-FreeRTOS/Segger Trace Tool/Segger-SystemView/FreeRTOS/portable/GCC/ARM_CM4F" -I"/home/aizaz/devomech/learning/STM32-FreeRTOS/Segger Trace Tool/Segger-SystemView/FreeRTOS" -I../Drivers/STM32F4xx_HAL_Driver/Inc -I../Drivers/STM32F4xx_HAL_Driver/Inc/Legacy -I../Drivers/CMSIS/Device/ST/STM32F4xx/Include -I../Drivers/CMSIS/Include -O0 -ffunction-sections -fdata-sections -Wall -fstack-usage -fcyclomatic-complexity -MMD -MP -MF"Drivers/STM32F4xx_HAL_Driver/Src/stm32f4xx_hal_flash_ramfunc.d" -MT"Drivers/STM32F4xx_HAL_Driver/Src/stm32f4xx_hal_flash_ramfunc.o" --specs=nano.specs -mfpu=fpv4-sp-d16 -mfloat-abi=hard -mthumb -o "Drivers/STM32F4xx_HAL_Driver/Src/stm32f4xx_hal_flash_ramfunc.o"
arm-none-eabi-gcc "../Drivers/STM32F4xx_HAL_Driver/Src/stm32f4xx_hal_gpio.c" -mcpu=cortex-m4 -std=gnu11 -g3 -DDEBUG -DUSE_HAL_DRIVER -DSTM32F401xC -c -I../Core/Inc -I"/home/aizaz/devomech/learning/STM32-FreeRTOS/Segger Trace Tool/Segger-SystemView/FreeRTOS/include" -I"/home/aizaz/devomech/learning/STM32-FreeRTOS/Segger Trace Tool/Segger-SystemView/SEGGER/Config" -I"/home/aizaz/devomech/learning/STM32-FreeRTOS/Segger Trace Tool/Segger-SystemView/SEGGER/OS" -I"/home/aizaz/devomech/learning/STM32-FreeRTOS/Segger Trace Tool/Segger-SystemView/SEGGER/SEGGER" -I"/home/aizaz/devomech/learning/STM32-FreeRTOS/Segger Trace Tool/Segger-SystemView/FreeRTOS/portable/GCC/ARM_CM4F" -I"/home/aizaz/devomech/learning/STM32-FreeRTOS/Segger Trace Tool/Segger-SystemView/FreeRTOS" -I../Drivers/STM32F4xx_HAL_Driver/Inc -I../Drivers/STM32F4xx_HAL_Driver/Inc/Legacy -I../Drivers/CMSIS/Device/ST/STM32F4xx/Include -I../Drivers/CMSIS/Include -O0 -ffunction-sections -fdata-sections -Wall -fstack-usage -fcyclomatic-complexity -MMD -MP -MF"Drivers/STM32F4xx_HAL_Driver/Src/stm32f4xx_hal_gpio.d" -MT"Drivers/STM32F4xx_HAL_Driver/Src/stm32f4xx_hal_gpio.o" --specs=nano.specs -mfpu=fpv4-sp-d16 -mfloat-abi=hard -mthumb -o "Drivers/STM32F4xx_HAL_Driver/Src/stm32f4xx_hal_gpio.o"
arm-none-eabi-gcc "../Drivers/STM32F4xx_HAL_Driver/Src/stm32f4xx_hal_pwr.c" -mcpu=cortex-m4 -std=gnu11 -g3 -DDEBUG -DUSE_HAL_DRIVER -DSTM32F401xC -c -I../Core/Inc -I"/home/aizaz/devomech/learning/STM32-FreeRTOS/Segger Trace Tool/Segger-SystemView/FreeRTOS/include" -I"/home/aizaz/devomech/learning/STM32-FreeRTOS/Segger Trace Tool/Segger-SystemView/SEGGER/Config" -I"/home/aizaz/devomech/learning/STM32-FreeRTOS/Segger Trace Tool/Segger-SystemView/SEGGER/OS" -I"/home/aizaz/devomech/learning/STM32-FreeRTOS/Segger Trace Tool/Segger-SystemView/SEGGER/SEGGER" -I"/home/aizaz/devomech/learning/STM32-FreeRTOS/Segger Trace Tool/Segger-SystemView/FreeRTOS/portable/GCC/ARM_CM4F" -I"/home/aizaz/devomech/learning/STM32-FreeRTOS/Segger Trace Tool/Segger-SystemView/FreeRTOS" -I../Drivers/STM32F4xx_HAL_Driver/Inc -I../Drivers/STM32F4xx_HAL_Driver/Inc/Legacy -I../Drivers/CMSIS/Device/ST/STM32F4xx/Include -I../Drivers/CMSIS/Include -O0 -ffunction-sections -fdata-sections -Wall -fstack-usage -fcyclomatic-complexity -MMD -MP -MF"Drivers/STM32F4xx_HAL_Driver/Src/stm32f4xx_hal_pwr.d" -MT"Drivers/STM32F4xx_HAL_Driver/Src/stm32f4xx_hal_pwr.o" --specs=nano.specs -mfpu=fpv4-sp-d16 -mfloat-abi=hard -mthumb -o "Drivers/STM32F4xx_HAL_Driver/Src/stm32f4xx_hal_pwr.o"
[...]
arm-none-eabi-gcc "../Drivers/STM32F4xx_HAL_Driver/Src/stm32f4xx_hal_tim.c" -mcpu=cortex-m4 -std=gnu11 -g3 -DDEBUG -DUSE_HAL_DRIVER -DSTM32F401xC -c -I../Core/Inc -I"/home/aizaz/devomech/learning/STM32-FreeRTOS/Segger Trace Tool/Segger-SystemView/FreeRTOS/include" -I"/home/aizaz/devomech/learning/STM32-FreeRTOS/Segger Trace Tool/Segger-SystemView/SEGGER/Config" -I"/home/aizaz/devomech/learning/STM32-FreeRTOS/Segger Trace Tool/Segger-SystemView/SEGGER/OS" -I"/home/aizaz/devomech/learning/STM32-FreeRTOS/Segger Trace Tool/Segger-SystemView/SEGGER/SEGGER" -I"/home/aizaz/devomech/learning/STM32-FreeRTOS/Segger Trace Tool/Segger-SystemView/FreeRTOS/portable/GCC/ARM_CM4F" -I"/home/aizaz/devomech/learning/STM32-FreeRTOS/Segger Trace Tool/Segger-SystemView/FreeRTOS" -I../Drivers/STM32F4xx_HAL_Driver/Inc -I../Drivers/STM32F4xx_HAL_Driver/Inc/Legacy -I../Drivers/CMSIS/Device/ST/STM32F4xx/Include -I../Drivers/CMSIS/Include -O0 -ffunction-sections -fdata-sections -Wall -fstack-usage -fcyclomatic-complexity -MMD -MP -MF"Drivers/STM32F4xx_HAL_Driver/Src/stm32f4xx_hal_tim.d" -MT"Drivers/STM32F4xx_HAL_Driver/Src/stm32f4xx_hal_tim.o" --specs=nano.specs -mfpu=fpv4-sp-d16 -mfloat-abi=hard -mthumb -o "Drivers/STM32F4xx_HAL_Driver/Src/stm32f4xx_hal_tim.o"
arm-none-eabi-gcc "../Drivers/STM32F4xx_HAL_Driver/Src/stm32f4xx_hal_tim_ex.c" -mcpu=cortex-m4 -std=gnu11 -g3 -DDEBUG -DUSE_HAL_DRIVER -DSTM32F401xC -c -I../Core/Inc -I"/home/aizaz/devomech/learning/STM32-FreeRTOS/Segger Trace Tool/Segger-SystemView/FreeRTOS/include" -I"/home/aizaz/devomech/learning/STM32-FreeRTOS/Segger Trace Tool/Segger-SystemView/SEGGER/Config" -I"/home/aizaz/devomech/learning/STM32-FreeRTOS/Segger Trace Tool/Segger-SystemView/SEGGER/OS" -I"/home/aizaz/devomech/learning/STM32-FreeRTOS/Segger Trace Tool/Segger-SystemView/SEGGER/SEGGER" -I"/home/aizaz/devomech/learning/STM32-FreeRTOS/Segger Trace Tool/Segger-SystemView/FreeRTOS/portable/GCC/ARM_CM4F" -I"/home/aizaz/devomech/learning/STM32-FreeRTOS/Segger Trace Tool/Segger-SystemView/FreeRTOS" -I../Drivers/STM32F4xx_HAL_Driver/Inc -I../Drivers/STM32F4xx_HAL_Driver/Inc/Legacy -I../Drivers/CMSIS/Device/ST/STM32F4xx/Include -I../Drivers/CMSIS/Include -O0 -ffunction-sections -fdata-sections -Wall -fstack-usage -fcyclomatic-complexity -MMD -MP -MF"Drivers/STM32F4xx_HAL_Driver/Src/stm32f4xx_hal_tim_ex.d" -MT"Drivers/STM32F4xx_HAL_Driver/Src/stm32f4xx_hal_tim_ex.o" --specs=nano.specs -mfpu=fpv4-sp-d16 -mfloat-abi=hard -mthumb -o "Drivers/STM32F4xx_HAL_Driver/Src/stm32f4xx_hal_tim_ex.o"
arm-none-eabi-gcc "../Core/Src/main.c" -mcpu=cortex-m4 -std=gnu11 -g3 -DDEBUG -DUSE_HAL_DRIVER -DSTM32F401xC -c -I../Core/Inc -I"/home/aizaz/devomech/learning/STM32-FreeRTOS/Segger Trace Tool/Segger-SystemView/FreeRTOS/include" -I"/home/aizaz/devomech/learning/STM32-FreeRTOS/Segger Trace Tool/Segger-SystemView/SEGGER/Config" -I"/home/aizaz/devomech/learning/STM32-FreeRTOS/Segger Trace Tool/Segger-SystemView/SEGGER/OS" -I"/home/aizaz/devomech/learning/STM32-FreeRTOS/Segger Trace Tool/Segger-SystemView/SEGGER/SEGGER" -I"/home/aizaz/devomech/learning/STM32-FreeRTOS/Segger Trace Tool/Segger-SystemView/FreeRTOS/portable/GCC/ARM_CM4F" -I"/home/aizaz/devomech/learning/STM32-FreeRTOS/Segger Trace Tool/Segger-SystemView/FreeRTOS" -I../Drivers/STM32F4xx_HAL_Driver/Inc -I../Drivers/STM32F4xx_HAL_Driver/Inc/Legacy -I../Drivers/CMSIS/Device/ST/STM32F4xx/Include -I../Drivers/CMSIS/Include -O0 -ffunction-sections -fdata-sections -Wall -fstack-usage -fcyclomatic-complexity -MMD -MP -MF"Core/Src/main.d" -MT"Core/Src/main.o" --specs=nano.specs -mfpu=fpv4-sp-d16 -mfloat-abi=hard -mthumb -o "Core/Src/main.o"
arm-none-eabi-gcc "../Core/Src/stm32f4xx_hal_msp.c" -mcpu=cortex-m4 -std=gnu11 -g3 -DDEBUG -DUSE_HAL_DRIVER -DSTM32F401xC -c -I../Core/Inc -I"/home/aizaz/devomech/learning/STM32-FreeRTOS/Segger Trace Tool/Segger-SystemView/FreeRTOS/include" -I"/home/aizaz/devomech/learning/STM32-FreeRTOS/Segger Trace Tool/Segger-SystemView/SEGGER/Config" -I"/home/aizaz/devomech/learning/STM32-FreeRTOS/Segger Trace Tool/Segger-SystemView/SEGGER/OS" -I"/home/aizaz/devomech/learning/STM32-FreeRTOS/Segger Trace Tool/Segger-SystemView/SEGGER/SEGGER" -I"/home/aizaz/devomech/learning/STM32-FreeRTOS/Segger Trace Tool/Segger-SystemView/FreeRTOS/portable/GCC/ARM_CM4F" -I"/home/aizaz/devomech/learning/STM32-FreeRTOS/Segger Trace Tool/Segger-SystemView/FreeRTOS" -I../Drivers/STM32F4xx_HAL_Driver/Inc -I../Drivers/STM32F4xx_HAL_Driver/Inc/Legacy -I../Drivers/CMSIS/Device/ST/STM32F4xx/Include -I../Drivers/CMSIS/Include -O0 -ffunction-sections -fdata-sections -Wall -fstack-usage -fcyclomatic-complexity -MMD -MP -MF"Core/Src/stm32f4xx_hal_msp.d" -MT"Core/Src/stm32f4xx_hal_msp.o" --specs=nano.specs -mfpu=fpv4-sp-d16 -mfloat-abi=hard -mthumb -o "Core/Src/stm32f4xx_hal_msp.o"
arm-none-eabi-gcc "../Core/Src/stm32f4xx_hal_timebase_tim.c" -mcpu=cortex-m4 -std=gnu11 -g3 -DDEBUG -DUSE_HAL_DRIVER -DSTM32F401xC -c -I../Core/Inc -I"/home/aizaz/devomech/learning/STM32-FreeRTOS/Segger Trace Tool/Segger-SystemView/FreeRTOS/include" -I"/home/aizaz/devomech/learning/STM32-FreeRTOS/Segger Trace Tool/Segger-SystemView/SEGGER/Config" -I"/home/aizaz/devomech/learning/STM32-FreeRTOS/Segger Trace Tool/Segger-SystemView/SEGGER/OS" -I"/home/aizaz/devomech/learning/STM32-FreeRTOS/Segger Trace Tool/Segger-SystemView/SEGGER/SEGGER" -I"/home/aizaz/devomech/learning/STM32-FreeRTOS/Segger Trace Tool/Segger-SystemView/FreeRTOS/portable/GCC/ARM_CM4F" -I"/home/aizaz/devomech/learning/STM32-FreeRTOS/Segger Trace Tool/Segger-SystemView/FreeRTOS" -I../Drivers/STM32F4xx_HAL_Driver/Inc -I../Drivers/STM32F4xx_HAL_Driver/Inc/Legacy -I../Drivers/CMSIS/Device/ST/STM32F4xx/Include -I../Drivers/CMSIS/Include -O0 -ffunction-sections -fdata-sections -Wall -fstack-usage -fcyclomatic-complexity -MMD -MP -MF"Core/Src/stm32f4xx_hal_timebase_tim.d" -MT"Core/Src/stm32f4xx_hal_timebase_tim.o" --specs=nano.specs -mfpu=fpv4-sp-d16 -mfloat-abi=hard -mthumb -o "Core/Src/stm32f4xx_hal_timebase_tim.o"
arm-none-eabi-gcc "../Core/Src/stm32f4xx_it.c" -mcpu=cortex-m4 -std=gnu11 -g3 -DDEBUG -DUSE_HAL_DRIVER -DSTM32F401xC -c -I../Core/Inc -I"/home/aizaz/devomech/learning/STM32-FreeRTOS/Segger Trace Tool/Segger-SystemView/FreeRTOS/include" -I"/home/aizaz/devomech/learning/STM32-FreeRTOS/Segger Trace Tool/Segger-SystemView/SEGGER/Config" -I"/home/aizaz/devomech/learning/STM32-FreeRTOS/Segger Trace Tool/Segger-SystemView/SEGGER/OS" -I"/home/aizaz/devomech/learning/STM32-FreeRTOS/Segger Trace Tool/Segger-SystemView/SEGGER/SEGGER" -I"/home/aizaz/devomech/learning/STM32-FreeRTOS/Segger Trace Tool/Segger-SystemView/FreeRTOS/portable/GCC/ARM_CM4F" -I"/home/aizaz/devomech/learning/STM32-FreeRTOS/Segger Trace Tool/Segger-SystemView/FreeRTOS" -I../Drivers/STM32F4xx_HAL_Driver/Inc -I../Drivers/STM32F4xx_HAL_Driver/Inc/Legacy -I../Drivers/CMSIS/Device/ST/STM32F4xx/Include -I../Drivers/CMSIS/Include -O0 -ffunction-sections -fdata-sections -Wall -fstack-usage -fcyclomatic-complexity -MMD -MP -MF"Core/Src/stm32f4xx_it.d" -MT"Core/Src/stm32f4xx_it.o" --specs=nano.specs -mfpu=fpv4-sp-d16 -mfloat-abi=hard -mthumb -o "Core/Src/stm32f4xx_it.o"
arm-none-eabi-gcc "../Core/Src/system_stm32f4xx.c" -mcpu=cortex-m4 -std=gnu11 -g3 -DDEBUG -DUSE_HAL_DRIVER -DSTM32F401xC -c -I../Core/Inc -I"/home/aizaz/devomech/learning/STM32-FreeRTOS/Segger Trace Tool/Segger-SystemView/FreeRTOS/include" -I"/home/aizaz/devomech/learning/STM32-FreeRTOS/Segger Trace Tool/Segger-SystemView/SEGGER/Config" -I"/home/aizaz/devomech/learning/STM32-FreeRTOS/Segger Trace Tool/Segger-SystemView/SEGGER/OS" -I"/home/aizaz/devomech/learning/STM32-FreeRTOS/Segger Trace Tool/Segger-SystemView/SEGGER/SEGGER" -I"/home/aizaz/devomech/learning/STM32-FreeRTOS/Segger Trace Tool/Segger-SystemView/FreeRTOS/portable/GCC/ARM_CM4F" -I"/home/aizaz/devomech/learning/STM32-FreeRTOS/Segger Trace Tool/Segger-SystemView/FreeRTOS" -I../Drivers/STM32F4xx_HAL_Driver/Inc -I../Drivers/STM32F4xx_HAL_Driver/Inc/Legacy -I../Drivers/CMSIS/Device/ST/STM32F4xx/Include -I../Drivers/CMSIS/Include -O0 -ffunction-sections -fdata-sections -Wall -fstack-usage -fcyclomatic-complexity -MMD -MP -MF"Core/Src/system_stm32f4xx.d" -MT"Core/Src/system_stm32f4xx.o" --specs=nano.specs -mfpu=fpv4-sp-d16 -mfloat-abi=hard -mthumb -o "Core/Src/system_stm32f4xx.o"
arm-none-eabi-gcc -o "SeggerSystemView.elf" @"objects.list"   -mcpu=cortex-m4 -T"/home/aizaz/devomech/learning/STM32-FreeRTOS/Segger Trace Tool/Segger-SystemView/STM32F401CCUX_FLASH.ld" --specs=nosys.specs -Wl,-Map="SeggerSystemView.map" -Wl,--gc-sections -static --specs=nano.specs -mfpu=fpv4-sp-d16 -mfloat-abi=hard -mthumb -Wl,--start-group -lc -lm -Wl,--end-group
Finished building target: SeggerSystemView.elf
 
arm-none-eabi-size  SeggerSystemView.elf 
arm-none-eabi-objdump -h -S SeggerSystemView.elf  > "SeggerSystemView.list"
   text	   data	    bss	    dec	    hex	filename
  23144	    112	  40792	  64048	   fa30	SeggerSystemView.elf
Finished building: default.size.stdout
 
Finished building: SeggerSystemView.list
 
15:41:02 **** Build of configuration Debug for project segger ****
make -j8 all 
arm-none-eabi-size  segger.elf 
   text	   data	    bss	    dec	    hex	filename
  25728	    112	  40800	  66640	  10450	segger.elf
Finished building: default.size.stdout
 
15:43:16 **** Incremental Build of configuration Debug for project SeggerSystemView ****
make -j8 all 
arm-none-eabi-gcc "../SEGGER/SEGGER/SEGGER_SYSVIEW.c" -mcpu=cortex-m4 -std=gnu11 -g3 -DDEBUG -DUSE_HAL_DRIVER -DSTM32F401xC -c -I../Core/Inc -I"/home/aizaz/devomech/learning/STM32-FreeRTOS/Segger Trace Tool/Segger-SystemView/FreeRTOS/include" -I"/home/aizaz/devomech/learning/STM32-FreeRTOS/Segger Trace Tool/Segger-SystemView/SEGGER/Config" -I"/home/aizaz/devomech/learning/STM32-FreeRTOS/Segger Trace Tool/Segger-SystemView/SEGGER/OS" -I"/home/aizaz/devomech/learning/STM32-FreeRTOS/Segger Trace Tool/Segger-SystemView/SEGGER/SEGGER" -I"/home/aizaz/devomech/learning/STM32-FreeRTOS/Segger Trace Tool/Segger-SystemView/FreeRTOS/portable/GCC/ARM_CM4F" -I"/home/aizaz/devomech/learning/STM32-FreeRTOS/Segger Trace Tool/Segger-SystemView/FreeRTOS" -I../Drivers/STM32F4xx_HAL_Driver/Inc -I../Drivers/STM32F4xx_HAL_Driver/Inc/Legacy -I../Drivers/CMSIS/Device/ST/STM32F4xx/Include -I../Drivers/CMSIS/Include -O0 -ffunction-sections -fdata-sections -Wall -fstack-usage -fcyclomatic-complexity -MMD -MP -MF"SEGGER/SEGGER/SEGGER_SYSVIEW.d" -MT"SEGGER/SEGGER/SEGGER_SYSVIEW.o" --specs=nano.specs -mfpu=fpv4-sp-d16 -mfloat-abi=hard -mthumb -o "SEGGER/SEGGER/SEGGER_SYSVIEW.o"
arm-none-eabi-gcc -o "SeggerSystemView.elf" @"objects.list"   -mcpu=cortex-m4 -T"/home/aizaz/devomech/learning/STM32-FreeRTOS/Segger Trace Tool/Segger-SystemView/STM32F401CCUX_FLASH.ld" --specs=nosys.specs -Wl,-Map="SeggerSystemView.map" -Wl,--gc-sections -static --specs=nano.specs -mfpu=fpv4-sp-d16 -mfloat-abi=hard -mthumb -Wl,--start-group -lc -lm -Wl,--end-group
Finished building target: SeggerSystemView.elf
 
arm-none-eabi-size  SeggerSystemView.elf 
arm-none-eabi-objdump -h -S SeggerSystemView.elf  > "SeggerSystemView.list"
   text	   data	    bss	    dec	    hex	filename
  23144	    112	  40792	  64048	   fa30	SeggerSystemView.elf
Finished building: default.size.stdout
 
Finished building: SeggerSystemView.list
 
15:45:02 **** Incremental Build of configuration Debug for project SeggerSystemView ****
make -j8 all 
arm-none-eabi-gcc "../Core/Src/main.c" -mcpu=cortex-m4 -std=gnu11 -g3 -DDEBUG -DUSE_HAL_DRIVER -DSTM32F401xC -c -I../Core/Inc -I"/home/aizaz/devomech/learning/STM32-FreeRTOS/Segger Trace Tool/Segger-SystemView/FreeRTOS/include" -I"/home/aizaz/devomech/learning/STM32-FreeRTOS/Segger Trace Tool/Segger-SystemView/SEGGER/Config" -I"/home/aizaz/devomech/learning/STM32-FreeRTOS/Segger Trace Tool/Segger-SystemView/SEGGER/OS" -I"/home/aizaz/devomech/learning/STM32-FreeRTOS/Segger Trace Tool/Segger-SystemView/SEGGER/SEGGER" -I"/home/aizaz/devomech/learning/STM32-FreeRTOS/Segger Trace Tool/Segger-SystemView/FreeRTOS/portable/GCC/ARM_CM4F" -I"/home/aizaz/devomech/learning/STM32-FreeRTOS/Segger Trace Tool/Segger-SystemView/FreeRTOS" -I../Drivers/STM32F4xx_HAL_Driver/Inc -I../Drivers/STM32F4xx_HAL_Driver/Inc/Legacy -I../Drivers/CMSIS/Device/ST/STM32F4xx/Include -I../Drivers/CMSIS/Include -O0 -ffunction-sections -fdata-sections -Wall -fstack-usage -fcyclomatic-complexity -MMD -MP -MF"Core/Src/main.d" -MT"Core/Src/main.o" --specs=nano.specs -mfpu=fpv4-sp-d16 -mfloat-abi=hard -mthumb -o "Core/Src/main.o"
arm-none-eabi-gcc -o "SeggerSystemView.elf" @"objects.list"   -mcpu=cortex-m4 -T"/home/aizaz/devomech/learning/STM32-FreeRTOS/Segger Trace Tool/Segger-SystemView/STM32F401CCUX_FLASH.ld" --specs=nosys.specs -Wl,-Map="SeggerSystemView.map" -Wl,--gc-sections -static --specs=nano.specs -mfpu=fpv4-sp-d16 -mfloat-abi=hard -mthumb -Wl,--start-group -lc -lm -Wl,--end-group
Finished building target: SeggerSystemView.elf
 
arm-none-eabi-size  SeggerSystemView.elf 
arm-none-eabi-objdump -h -S SeggerSystemView.elf  > "SeggerSystemView.list"
   text	   data	    bss	    dec	    hex	filename
  25728	    112	  40800	  66640	  10450	SeggerSystemView.elf
Finished building: default.size.stdout
 
Finished building: SeggerSystemView.list
 
15:46:21 **** Incremental Build of configuration Debug for project SeggerSystemView ****
make -j8 all 
arm-none-eabi-gcc "../Core/Src/main.c" -mcpu=cortex-m4 -std=gnu11 -g3 -DDEBUG -DUSE_HAL_DRIVER -DSTM32F401xC -c -I../Core/Inc -I"/home/aizaz/devomech/learning/STM32-FreeRTOS/Segger Trace Tool/Segger-SystemView/FreeRTOS/include" -I"/home/aizaz/devomech/learning/STM32-FreeRTOS/Segger Trace Tool/Segger-SystemView/SEGGER/Config" -I"/home/aizaz/devomech/learning/STM32-FreeRTOS/Segger Trace Tool/Segger-SystemView/SEGGER/OS" -I"/home/aizaz/devomech/learning/STM32-FreeRTOS/Segger Trace Tool/Segger-SystemView/SEGGER/SEGGER" -I"/home/aizaz/devomech/learning/STM32-FreeRTOS/Segger Trace Tool/Segger-SystemView/FreeRTOS/portable/GCC/ARM_CM4F" -I"/home/aizaz/devomech/learning/STM32-FreeRTOS/Segger Trace Tool/Segger-SystemView/FreeRTOS" -I../Drivers/STM32F4xx_HAL_Driver/Inc -I../Drivers/STM32F4xx_HAL_Driver/Inc/Legacy -I../Drivers/CMSIS/Device/ST/STM32F4xx/Include -I../Drivers/CMSIS/Include -O0 -ffunction-sections -fdata-sections -Wall -fstack-usage -fcyclomatic-complexity -MMD -MP -MF"Core/Src/main.d" -MT"Core/Src/main.o" --specs=nano.specs -mfpu=fpv4-sp-d16 -mfloat-abi=hard -mthumb -o "Core/Src/main.o"
arm-none-eabi-gcc -o "SeggerSystemView.elf" @"objects.list"   -mcpu=cortex-m4 -T"/home/aizaz/devomech/learning/STM32-FreeRTOS/Segger Trace Tool/Segger-SystemView/STM32F401CCUX_FLASH.ld" --specs=nosys.specs -Wl,-Map="SeggerSystemView.map" -Wl,--gc-sections -static --specs=nano.specs -mfpu=fpv4-sp-d16 -mfloat-abi=hard -mthumb -Wl,--start-group -lc -lm -Wl,--end-group
Finished building target: SeggerSystemView.elf
 
arm-none-eabi-size  SeggerSystemView.elf 
arm-none-eabi-objdump -h -S SeggerSystemView.elf  > "SeggerSystemView.list"
   text	   data	    bss	    dec	    hex	filename
  23144	    112	  40792	  64048	   fa30	SeggerSystemView.elf
Finished building: default.size.stdout
 
Finished building: SeggerSystemView.list
 
15:47:39 **** Incremental Build of configuration Debug for project SeggerSystemView ****
make -j8 all 
arm-none-eabi-gcc "../Core/Src/main.c" -mcpu=cortex-m4 -std=gnu11 -g3 -DDEBUG -DUSE_HAL_DRIVER -DSTM32F401xC -c -I../Core/Inc -I"/home/aizaz/devomech/learning/STM32-FreeRTOS/Segger Trace Tool/Segger-SystemView/FreeRTOS/include" -I"/home/aizaz/devomech/learning/STM32-FreeRTOS/Segger Trace Tool/Segger-SystemView/SEGGER/Config" -I"/home/aizaz/devomech/learning/STM32-FreeRTOS/Segger Trace Tool/Segger-SystemView/SEGGER/OS" -I"/home/aizaz/devomech/learning/STM32-FreeRTOS/Segger Trace Tool/Segger-SystemView/SEGGER/SEGGER" -I"/home/aizaz/devomech/learning/STM32-FreeRTOS/Segger Trace Tool/Segger-SystemView/FreeRTOS/portable/GCC/ARM_CM4F" -I"/home/aizaz/devomech/learning/STM32-FreeRTOS/Segger Trace Tool/Segger-SystemView/FreeRTOS" -I../Drivers/STM32F4xx_HAL_Driver/Inc -I../Drivers/STM32F4xx_HAL_Driver/Inc/Legacy -I../Drivers/CMSIS/Device/ST/STM32F4xx/Include -I../Drivers/CMSIS/Include -O0 -ffunction-sections -fdata-sections -Wall -fstack-usage -fcyclomatic-complexity -MMD -MP -MF"Core/Src/main.d" -MT"Core/Src/main.o" --specs=nano.specs -mfpu=fpv4-sp-d16 -mfloat-abi=hard -mthumb -o "Core/Src/main.o"
arm-none-eabi-gcc -o "SeggerSystemView.elf" @"objects.list"   -mcpu=cortex-m4 -T"/home/aizaz/devomech/learning/STM32-FreeRTOS/Segger Trace Tool/Segger-SystemView/STM32F401CCUX_FLASH.ld" --specs=nosys.specs -Wl,-Map="SeggerSystemView.map" -Wl,--gc-sections -static --specs=nano.specs -mfpu=fpv4-sp-d16 -mfloat-abi=hard -mthumb -Wl,--start-group -lc -lm -Wl,--end-group
Finished building target: SeggerSystemView.elf
 
arm-none-eabi-size  SeggerSystemView.elf 
arm-none-eabi-objdump -h -S SeggerSystemView.elf  > "SeggerSystemView.list"
   text	   data	    bss	    dec	    hex	filename
  23144	    112	  40800	  64056	   fa38	SeggerSystemView.elf
Finished building: default.size.stdout
 
Finished building: SeggerSystemView.list
 
15:49:01 **** Incremental Build of configuration Debug for project SeggerSystemView ****
make -j8 all 
arm-none-eabi-gcc "../Core/Src/main.c" -mcpu=cortex-m4 -std=gnu11 -g3 -DDEBUG -DUSE_HAL_DRIVER -DSTM32F401xC -c -I../Core/Inc -I"/home/aizaz/devomech/learning/STM32-FreeRTOS/Segger Trace Tool/Segger-SystemView/FreeRTOS/include" -I"/home/aizaz/devomech/learning/STM32-FreeRTOS/Segger Trace Tool/Segger-SystemView/SEGGER/Config" -I"/home/aizaz/devomech/learning/STM32-FreeRTOS/Segger Trace Tool/Segger-SystemView/SEGGER/OS" -I"/home/aizaz/devomech/learning/STM32-FreeRTOS/Segger Trace Tool/Segger-SystemView/SEGGER/SEGGER" -I"/home/aizaz/devomech/learning/STM32-FreeRTOS/Segger Trace Tool/Segger-SystemView/FreeRTOS/portable/GCC/ARM_CM4F" -I"/home/aizaz/devomech/learning/STM32-FreeRTOS/Segger Trace Tool/Segger-SystemView/FreeRTOS" -I../Drivers/STM32F4xx_HAL_Driver/Inc -I../Drivers/STM32F4xx_HAL_Driver/Inc/Legacy -I../Drivers/CMSIS/Device/ST/STM32F4xx/Include -I../Drivers/CMSIS/Include -O0 -ffunction-sections -fdata-sections -Wall -fstack-usage -fcyclomatic-complexity -MMD -MP -MF"Core/Src/main.d" -MT"Core/Src/main.o" --specs=nano.specs -mfpu=fpv4-sp-d16 -mfloat-abi=hard -mthumb -o "Core/Src/main.o"
arm-none-eabi-gcc -o "SeggerSystemView.elf" @"objects.list"   -mcpu=cortex-m4 -T"/home/aizaz/devomech/learning/STM32-FreeRTOS/Segger Trace Tool/Segger-SystemView/STM32F401CCUX_FLASH.ld" --specs=nosys.specs -Wl,-Map="SeggerSystemView.map" -Wl,--gc-sections -static --specs=nano.specs -mfpu=fpv4-sp-d16 -mfloat-abi=hard -mthumb -Wl,--start-group -lc -lm -Wl,--end-group
Finished building target: SeggerSystemView.elf
 
arm-none-eabi-size  SeggerSystemView.elf 
arm-none-eabi-objdump -h -S SeggerSystemView.elf  > "SeggerSystemView.list"
   text	   data	    bss	    dec	    hex	filename
  23144	    112	  40800	  64056	   fa38	SeggerSystemView.elf
Finished building: default.size.stdout
 
Finished building: SeggerSystemView.list
 
15:57:29 **** Incremental Build of configuration Debug for project SeggerSystemView ****
make -j8 all 
arm-none-eabi-size  SeggerSystemView.elf 
   text	   data	    bss	    dec	    hex	filename
  23144	    112	  40800	  64056	   fa38	SeggerSystemView.elf
Finished building: default.size.stdout
 
